masa0: Natosha - 41; Nicholas - 41; Tiffiny - 47; Jordon - 43; Nicolas - 46; Kelly - 47; Jerrold - 41; Gennie - 47; Brant - 46; Ronald - 51.
masa1: Benny - 41; Lesa - 47; Joi - 48; Numbers - 51; Ken - 44; Niki - 45; Ashli - 45.
masa2: Madlyn - 51; Reanna - 51; Shanti - 43; Nicholle - 49.
masa3: Luigi - 41; Bernice - 48; Burt - 41.
masa4: Zachary - 49; Adeline - 50; Isidro - 45; Jere - 45; Tamar - 46; Alfonso - 50; Bud - 48; Nery - 51; Madelaine - 49.
masa5: Lenard - 48; Trudie - 51; Gilbert - 51; Mao - 49; Vivien - 44; Jong - 45.
masa6: Tyson - 49; John - 44; Stasia - 49; Hunter - 44.
masa7: Emmaline - 51; Gretta - 42; Les - 47; Filomena - 45; Versie - 50; Rodolfo - 43; Reyes - 46; Nadia - 51; Tabitha - 49.
masa8: Madison - 44; Ailene - 50; Cuc - 45; Alverta - 46; Herman - 41.
masa9: Lakiesha - 51; Buena - 46; Mario - 51; Raymond - 48; Olin - 45; Ramiro - 43.
masa10: Shin - 50; Lady - 41.
masa11: Aline - 44; Devon - 41; Lachelle - 50; Tomas - 45.
masa12: Mikel - 43; Teodoro - 48.
masa13: Amalia - 44; Eli - 47; Callie - 41; Elane - 46; Kaylene - 41; Malka - 48; Danette - 51; Charlsie - 43.
masa14: Millie - 47; Edmund - 41; Edward - 48; Letty - 43; Cecily - 41; Jacquie - 42; Efren - 48.
masa15: Shawana - 48; Raymon - 41; Lino - 44; Willy - 43; Percy - 48; Joaquin - 50; Juli - 47; Eneida - 44; Asa - 42; Avery - 42.
masa16: Dillon - 42; Corey - 42.
masa17: Harley - 44; Margery - 44; Tamala - 43; Chi - 51; Adalberto - 46.
masa18: Noel - 47; Maple - 48; Flo - 47; Jose - 42; Emile - 51; Earle - 45.
masa19: Gaylord - 50; Elinore - 50; Reinaldo - 44; Leslie - 48; Hal - 48; Belkis - 42.
masa20: Delila - 47; Maritza - 48; Dimple - 44.
masa21: Cedric - 47; Gayle - 51.
masa22: Donte - 44; Ashley - 43; Soraya - 50; Darrel - 46; Kayce - 43; Phuong - 44; Lashonda - 44; Eddie - 45.
masa23: Hayden - 49; Jeffry - 41; Jared - 49; Karl - 44; Delena - 49; Daysi - 45; Jarrett - 48; Saul - 48.
masa24: Norbert - 50; Ninfa - 45; Edison - 41; Warren - 50; Johnnie - 48; Arminda - 42; Derrick - 41; Geri - 44; Joanna - 47.
masa25: Tyree - 44; Elsie - 47; Toya - 50; Yuonne - 44; Joie - 49; Bill - 50; Tobie - 44; Loura - 51.
masa26: Ira - 43; Porfirio - 43; Lawrence - 43; Alva - 43; Aisha - 50; Stuart - 46.
masa27: Thad - 45; Francisca - 48; Philip - 43; Saturnina - 46; Kiley - 49; Gale - 45; Janyce - 46; Keith - 50.
masa28: Roland - 48; Vincenzo - 42; Norene - 41; Rosa - 44; Lizeth - 50.
masa29: Elmer - 49; Raisa - 46; Natacha - 50.
Clasament masa0:
Ronald 51
Tiffiny 47
Kelly 47
Gennie 47
Nicolas 46
Brant 46
Jordon 43
Nicholas 41
Natosha 41
Jerrold 41
Clasament masa1:
Numbers 51
Joi 48
Lesa 47
Niki 45
Ashli 45
Ken 44
Benny 41
Clasament masa2:
Reanna 51
Madlyn 51
Nicholle 49
Shanti 43
Clasament masa3:
Bernice 48
Luigi 41
Burt 41
Clasament masa4:
Nery 51
Alfonso 50
Adeline 50
Zachary 49
Madelaine 49
Bud 48
Tamar 46
Jere 45
Isidro 45
Clasament masa5:
Trudie 51
Gilbert 51
Mao 49
Lenard 48
Jong 45
Vivien 44
Clasament masa6:
Tyson 49
Stasia 49
John 44
Hunter 44
Clasament masa7:
Nadia 51
Emmaline 51
Versie 50
Tabitha 49
Les 47
Reyes 46
Filomena 45
Rodolfo 43
Gretta 42
Clasament masa8:
Ailene 50
Alverta 46
Cuc 45
Madison 44
Herman 41
Clasament masa9:
Mario 51
Lakiesha 51
Raymond 48
Buena 46
Olin 45
Ramiro 43
Clasament masa10:
Shin 50
Lady 41
Clasament masa11:
Lachelle 50
Tomas 45
Aline 44
Devon 41
Clasament masa12:
Teodoro 48
Mikel 43
Clasament masa13:
Danette 51
Malka 48
Eli 47
Elane 46
Amalia 44
Charlsie 43
Kaylene 41
Callie 41
Clasament masa14:
Efren 48
Edward 48
Millie 47
Letty 43
Jacquie 42
Edmund 41
Cecily 41
Clasament masa15:
Joaquin 50
Shawana 48
Percy 48
Juli 47
Lino 44
Eneida 44
Willy 43
Avery 42
Asa 42
Raymon 41
Clasament masa16:
Dillon 42
Corey 42
Clasament masa17:
Chi 51
Adalberto 46
Margery 44
Harley 44
Tamala 43
Clasament masa18:
Emile 51
Maple 48
Noel 47
Flo 47
Earle 45
Jose 42
Clasament masa19:
Gaylord 50
Elinore 50
Leslie 48
Hal 48
Reinaldo 44
Belkis 42
Clasament masa20:
Maritza 48
Delila 47
Dimple 44
Clasament masa21:
Gayle 51
Cedric 47
Clasament masa22:
Soraya 50
Darrel 46
Eddie 45
Phuong 44
Lashonda 44
Donte 44
Kayce 43
Ashley 43
Clasament masa23:
Jared 49
Hayden 49
Delena 49
Saul 48
Jarrett 48
Daysi 45
Karl 44
Jeffry 41
Clasament masa24:
Warren 50
Norbert 50
Johnnie 48
Joanna 47
Ninfa 45
Geri 44
Arminda 42
Edison 41
Derrick 41
Clasament masa25:
Loura 51
Toya 50
Bill 50
Joie 49
Elsie 47
Yuonne 44
Tyree 44
Tobie 44
Clasament masa26:
Aisha 50
Stuart 46
Porfirio 43
Lawrence 43
Ira 43
Alva 43
Clasament masa27:
Keith 50
Kiley 49
Francisca 48
Saturnina 46
Janyce 46
Thad 45
Gale 45
Philip 43
Clasament masa28:
Lizeth 50
Roland 48
Rosa 44
Vincenzo 42
Norene 41
Clasament masa29:
Natacha 50
Elmer 49
Raisa 46
