masa0: Staci - 35; Lachelle - 33; Sandra - 30; Everett - 45; Tarra - 50; Timmy - 12.
masa1: Mikel - 30; Alfonso - 22; Vannesa - 22; Nelly - 26; Jordon - 28; Shasta - 40; Lyla - 32; Bruce - 32; Barney - 32; Fernanda - 45.
masa2: Debrah - 49; Consuela - 39; Jesus - 49; Elayne - 50; Merna - 46; Arleen - 47; Gabriele - 50; Latasha - 25; Bud - 39; Augustus - 10.
masa3: Lynn - 34; Jamar - 29; Janett - 24; Adrien - 50; Ignacio - 42; Ozie - 44; Kerry - 40; Simon - 45.
masa4: Hubert - 40; Noel - 22; Devon - 34; Bettye - 42; Janella - 39; Sophie - 22; Chi - 37; Janean - 23; Adalberto - 30; Roland - 44.
masa5: Tamar - 47; Jordan - 44; Delmer - 25; Vicki - 51; Dean - 50.
masa6: Chantay - 48; Gennie - 36; Tuyet - 50; Nathaniel - 39; Heidi - 31; Stuart - 49; Leif - 40; Joannie - 50; Rocco - 25.
masa7: Mac - 42; Lanora - 42; Milo - 3; Cortez - 24.
masa8: Alva - 23; Elvina - 22; Wiley - 41; Kip - 24; Hunter - 47; Kieth - 26; Kalyn - 33; Pei - 38.
masa9: Jeffrey - 47; Cicely - 29; Samuel - 12.
masa10: Raymon - 30; Kemberly - 32.
masa11: Pam - 24; Hung - 44; Lawanda - 33; Sherill - 41; Michiko - 24; Eduardo - 40; Farah - 28; Horacio - 23; Genevive - 9.
masa12: Caroline - 45; Bobbi - 36; Candance - 49; Jose - 28; Yan - 22; Sammy - 26; Jared - 47; Norbert - 8.
masa13: Leandro - 21; Joie - 29; Darrel - 37; Soraya - 30; Sherri - 24.
masa14: Danuta - 27; Jada - 47; Ciera - 27; Bill - 28; Pat - 37; Tamala - 33; Leopoldo - 24; Lawrence - 32; Clarinda - 43.
masa15: Jeannie - 45; Benny - 31.
masa16: Rita - 28; Jacklyn - 34; Gus - 27; Burt - 32.
masa17: Chaya - 45; Juli - 14.
masa18: Sang - 25; Renna - 14.
masa19: Domenic - 25; Ronald - 33.
masa0: Tarra - 46; Timmy - 8; Staci - 31; Lachelle - 29; Sandra - 26; Everett - 41.
masa1: Jordon - 24; Shasta - 36; Lyla - 28; Bruce - 28; Barney - 28; Fernanda - 41; Mikel - 26; Alfonso - 18; Vannesa - 18; Nelly - 22.
masa2: Merna - 42; Arleen - 43; Gabriele - 46; Latasha - 21; Bud - 35; Augustus - 6; Debrah - 45; Consuela - 35; Jesus - 45; Elayne - 46.
masa3: Ignacio - 38; Ozie - 40; Kerry - 36; Simon - 41; Lynn - 30; Jamar - 25; Janett - 20; Adrien - 46.
masa4: Janella - 35; Sophie - 18; Chi - 33; Janean - 19; Adalberto - 26; Roland - 40; Hubert - 36; Noel - 18; Devon - 30; Bettye - 38.
masa5: Dean - 46; Tamar - 43; Jordan - 40; Delmer - 21; Vicki - 47.
masa6: Heidi - 27; Stuart - 45; Leif - 36; Joannie - 46; Rocco - 21; Chantay - 44; Gennie - 32; Tuyet - 46; Nathaniel - 35.
masa7: Mac - 38; Lanora - 38; Cortez - 20.
masa8: Hunter - 43; Kieth - 22; Kalyn - 29; Pei - 34; Alva - 19; Elvina - 18; Wiley - 37; Kip - 20.
masa9: Cicely - 25; Samuel - 8; Jeffrey - 43.
masa10: Raymon - 26; Kemberly - 28.
masa11: Michiko - 20; Eduardo - 36; Farah - 24; Horacio - 19; Genevive - 5; Pam - 20; Hung - 40; Lawanda - 29; Sherill - 37.
masa12: Yan - 18; Sammy - 22; Jared - 43; Norbert - 4; Caroline - 41; Bobbi - 32; Candance - 45; Jose - 24.
masa13: Sherri - 20; Leandro - 17; Joie - 25; Darrel - 33; Soraya - 26.
masa14: Pat - 33; Tamala - 29; Leopoldo - 20; Lawrence - 28; Clarinda - 39; Danuta - 23; Jada - 43; Ciera - 23; Bill - 24.
masa15: Jeannie - 41; Benny - 27.
masa16: Rita - 24; Jacklyn - 30; Gus - 23; Burt - 28.
masa17: Chaya - 41; Juli - 10.
masa18: Sang - 21; Renna - 10.
masa19: Domenic - 21; Ronald - 29.
masa0: Sandra - 22; Everett - 37; Tarra - 42; Timmy - 4; Staci - 27; Lachelle - 25.
masa1: Barney - 24; Fernanda - 37; Mikel - 22; Alfonso - 14; Vannesa - 14; Nelly - 18; Jordon - 20; Shasta - 32; Lyla - 24; Bruce - 24.
masa2: Bud - 31; Augustus - 2; Debrah - 41; Consuela - 31; Jesus - 41; Elayne - 42; Merna - 38; Arleen - 39; Gabriele - 42; Latasha - 17.
masa3: Lynn - 26; Jamar - 21; Janett - 16; Adrien - 42; Ignacio - 34; Ozie - 36; Kerry - 32; Simon - 37.
masa4: Adalberto - 22; Roland - 36; Hubert - 32; Noel - 14; Devon - 26; Bettye - 34; Janella - 31; Sophie - 14; Chi - 29; Janean - 15.
masa5: Vicki - 43; Dean - 42; Tamar - 39; Jordan - 36; Delmer - 17.
masa6: Rocco - 17; Chantay - 40; Gennie - 28; Tuyet - 42; Nathaniel - 31; Heidi - 23; Stuart - 41; Leif - 32; Joannie - 42.
masa7: Lanora - 34; Cortez - 16; Mac - 34.
masa8: Alva - 15; Elvina - 14; Wiley - 33; Kip - 16; Hunter - 39; Kieth - 18; Kalyn - 25; Pei - 30.
masa9: Samuel - 4; Jeffrey - 39; Cicely - 21.
masa10: Raymon - 22; Kemberly - 24.
masa11: Genevive - 1; Pam - 16; Hung - 36; Lawanda - 25; Sherill - 33; Michiko - 16; Eduardo - 32; Farah - 20; Horacio - 15.
masa12: Caroline - 37; Bobbi - 28; Candance - 41; Jose - 20; Yan - 14; Sammy - 18; Jared - 39.
masa13: Soraya - 22; Sherri - 16; Leandro - 13; Joie - 21; Darrel - 29.
masa14: Clarinda - 35; Danuta - 19; Jada - 39; Ciera - 19; Bill - 20; Pat - 29; Tamala - 25; Leopoldo - 16; Lawrence - 24.
masa15: Jeannie - 37; Benny - 23.
masa16: Rita - 20; Jacklyn - 26; Gus - 19; Burt - 24.
masa17: Chaya - 37; Juli - 6.
masa18: Sang - 17; Renna - 6.
masa19: Domenic - 17; Ronald - 25.
masa0: Staci - 23; Lachelle - 21; Sandra - 18; Everett - 33; Tarra - 38.
masa1: Vannesa - 10; Nelly - 14; Jordon - 16; Shasta - 28; Lyla - 20; Bruce - 20; Barney - 20; Fernanda - 33; Mikel - 18; Alfonso - 10.
masa2: Jesus - 37; Elayne - 38; Merna - 34; Arleen - 35; Gabriele - 38; Latasha - 13; Bud - 27; Debrah - 37; Consuela - 27.
masa3: Ignacio - 30; Ozie - 32; Kerry - 28; Simon - 33; Lynn - 22; Jamar - 17; Janett - 12; Adrien - 38.
masa4: Devon - 22; Bettye - 30; Janella - 27; Sophie - 10; Chi - 25; Janean - 11; Adalberto - 18; Roland - 32; Hubert - 28; Noel - 10.
masa5: Delmer - 13; Vicki - 39; Dean - 38; Tamar - 35; Jordan - 32.
masa6: Nathaniel - 27; Heidi - 19; Stuart - 37; Leif - 28; Joannie - 38; Rocco - 13; Chantay - 36; Gennie - 24; Tuyet - 38.
masa7: Cortez - 12; Mac - 30; Lanora - 30.
masa8: Hunter - 35; Kieth - 14; Kalyn - 21; Pei - 26; Alva - 11; Elvina - 10; Wiley - 29; Kip - 12.
masa9: Jeffrey - 35; Cicely - 17.
masa10: Raymon - 18; Kemberly - 20.
masa11: Sherill - 29; Michiko - 12; Eduardo - 28; Farah - 16; Horacio - 11; Pam - 12; Hung - 32; Lawanda - 21.
masa12: Yan - 10; Sammy - 14; Jared - 35; Caroline - 33; Bobbi - 24; Candance - 37; Jose - 16.
masa13: Darrel - 25; Soraya - 18; Sherri - 12; Leandro - 9; Joie - 17.
masa14: Bill - 16; Pat - 25; Tamala - 21; Leopoldo - 12; Lawrence - 20; Clarinda - 31; Danuta - 15; Jada - 35; Ciera - 15.
masa15: Jeannie - 33; Benny - 19.
masa16: Rita - 16; Jacklyn - 22; Gus - 15; Burt - 20.
masa17: Chaya - 33; Juli - 2.
masa18: Sang - 13; Renna - 2.
masa19: Domenic - 13; Ronald - 21.
masa0: Tarra - 34; Staci - 19; Lachelle - 17; Sandra - 14; Everett - 29.
masa1: Lyla - 16; Bruce - 16; Barney - 16; Fernanda - 29; Mikel - 14; Alfonso - 6; Vannesa - 6; Nelly - 10; Jordon - 12; Shasta - 24.
masa2: Gabriele - 34; Latasha - 9; Bud - 23; Debrah - 33; Consuela - 23; Jesus - 33; Elayne - 34; Merna - 30; Arleen - 31.
masa3: Lynn - 18; Jamar - 13; Janett - 8; Adrien - 34; Ignacio - 26; Ozie - 28; Kerry - 24; Simon - 29.
masa4: Chi - 21; Janean - 7; Adalberto - 14; Roland - 28; Hubert - 24; Noel - 6; Devon - 18; Bettye - 26; Janella - 23; Sophie - 6.
masa5: Jordan - 28; Delmer - 9; Vicki - 35; Dean - 34; Tamar - 31.
masa6: Joannie - 34; Rocco - 9; Chantay - 32; Gennie - 20; Tuyet - 34; Nathaniel - 23; Heidi - 15; Stuart - 33; Leif - 24.
masa7: Mac - 26; Lanora - 26; Cortez - 8.
masa8: Alva - 7; Elvina - 6; Wiley - 25; Kip - 8; Hunter - 31; Kieth - 10; Kalyn - 17; Pei - 22.
masa9: Jeffrey - 31; Cicely - 13.
masa10: Raymon - 14; Kemberly - 16.
masa11: Horacio - 7; Pam - 8; Hung - 28; Lawanda - 17; Sherill - 25; Michiko - 8; Eduardo - 24; Farah - 12.
masa12: Bobbi - 20; Candance - 33; Jose - 12; Yan - 6; Sammy - 10; Jared - 31; Caroline - 29.
masa13: Joie - 13; Darrel - 21; Soraya - 14; Sherri - 8; Leandro - 5.
masa14: Lawrence - 16; Clarinda - 27; Danuta - 11; Jada - 31; Ciera - 11; Bill - 12; Pat - 21; Tamala - 17; Leopoldo - 8.
masa15: Jeannie - 29; Benny - 15.
masa16: Rita - 12; Jacklyn - 18; Gus - 11; Burt - 16.
masa17: Chaya - 29.
masa18: Sang - 9.
masa19: Domenic - 9; Ronald - 17.
masa0: Sandra - 11; Everett - 26; Tarra - 31; Staci - 16; Lachelle - 14.
masa1: Fernanda - 26; Mikel - 11; Alfonso - 3; Vannesa - 3; Nelly - 7; Jordon - 9; Shasta - 21; Lyla - 13; Bruce - 13; Barney - 13.
masa2: Debrah - 30; Consuela - 20; Jesus - 30; Elayne - 31; Merna - 27; Arleen - 28; Gabriele - 31; Latasha - 6; Bud - 20.
masa3: Adrien - 31; Ignacio - 23; Ozie - 25; Kerry - 21; Simon - 26; Lynn - 15; Jamar - 10; Janett - 5.
masa4: Roland - 25; Hubert - 21; Noel - 3; Devon - 15; Bettye - 23; Janella - 20; Sophie - 3; Chi - 18; Janean - 4; Adalberto - 11.
masa5: Dean - 31; Tamar - 28; Jordan - 25; Delmer - 6; Vicki - 32.
masa6: Gennie - 17; Tuyet - 31; Nathaniel - 20; Heidi - 12; Stuart - 30; Leif - 21; Joannie - 31; Rocco - 6; Chantay - 29.
masa7: Mac - 23; Lanora - 23; Cortez - 5.
masa8: Kip - 5; Hunter - 28; Kieth - 7; Kalyn - 14; Pei - 19; Alva - 4; Elvina - 3; Wiley - 22.
masa9: Cicely - 10; Jeffrey - 28.
masa10: Kemberly - 13; Raymon - 11.
masa11: Lawanda - 14; Sherill - 22; Michiko - 5; Eduardo - 21; Farah - 9; Horacio - 4; Pam - 5; Hung - 25.
masa12: Yan - 3; Sammy - 7; Jared - 28; Caroline - 26; Bobbi - 17; Candance - 30; Jose - 9.
masa13: Sherri - 5; Leandro - 2; Joie - 10; Darrel - 18; Soraya - 11.
masa14: Jada - 28; Ciera - 8; Bill - 9; Pat - 18; Tamala - 14; Leopoldo - 5; Lawrence - 13; Clarinda - 24; Danuta - 8.
masa15: Benny - 12; Jeannie - 26.
masa16: Burt - 13; Rita - 9; Jacklyn - 15; Gus - 8.
masa17: Chaya - 26.
masa18: Sang - 6.
masa19: Ronald - 14; Domenic - 6.
