masa0: Jordon - 25; Kandis - 24; Pauline - 29; Alex - 23; Tomas - 30; Rocco - 22; Luigi - 26.
masa1: Josue - 48; Elmer - 49; Shanti - 45.
masa2: Ozie - 28; Arturo - 47; Hai - 30; Lanora - 47; Elizabeth - 50; Charley - 21; Janett - 44; Philip - 35; Cecily - 35.
masa3: Elinore - 48; Collette - 44; Toya - 42.
masa4: Alesia - 49; Domenic - 42.
masa5: Ricki - 34; Trudie - 51; Venus - 46; Shawn - 23; Rodolfo - 47; Burt - 41; Elvina - 40; Darryl - 44; Joi - 50.
masa6: Jose - 46; Randall - 43; Mary - 27.
masa7: Elizebeth - 43; Janella - 38; Leta - 50; Lesa - 29; Alan - 36; Eli - 31; Collin - 24.
masa8: Myrtle - 23; Nadia - 41; Eduardo - 29; Demetrius - 48; Cedric - 40; Felice - 29; Karla - 28; Tabitha - 40; Ted - 46.
masa9: Rufus - 29; Mechelle - 28; Efren - 33; Arminda - 30; Jada - 30; Randal - 41; Sharleen - 35.
masa10: Earl - 41; Jermaine - 27; Josiah - 45; Zachery - 33; Tamara - 32.
masa11: Kip - 47; Nickole - 23.
masa12: Candance - 33; Devin - 33; Eboni - 35; Lenard - 25; Blake - 43; Greta - 32; Dallas - 40; Malcolm - 27.
masa13: Luciano - 25; Chantay - 27; Conchita - 51; Harley - 35; Rikki - 43; Lesley - 29; Babette - 35; Coleman - 36; Alane - 21; Cuc - 23.
masa14: Chan - 33; Dimple - 28; Minh - 37; Roland - 44; Fernanda - 50; Dean - 30; Raymond - 35; Mirna - 25; Natosha - 43.
masa15: Tamar - 48; Jenell - 29.
masa16: Nicholas - 23; Anne - 25; Hassan - 33; Duane - 31; Lakiesha - 27; Corey - 43; Gregory - 40.
masa17: Eryn - 49; Nicholle - 43; Dessie - 49; Ira - 30; Maile - 42; Gaylord - 36; Jessica - 28; Lakesha - 37.
masa18: Mai - 51; Stan - 44; Keven - 45; Melody - 25; Heriberto - 40; Lashonda - 38; Lynda - 30; Elayne - 27.
masa19: Alfonso - 38; Brigette - 33; Hubert - 40; Marissa - 38; Amina - 50; Helena - 28; Trinity - 25; Mao - 38; Earle - 37; Shawana - 38.
masa20: Tyson - 26; Buster - 50; Latasha - 51; Willian - 41; Jorge - 22; Jeannie - 39; Flo - 41; Filomena - 33; Ricky - 43; Rosaria - 33.
masa21: Cleo - 49; Stephanie - 45; Grayce - 49; Samella - 26; Echo - 40; Shemeka - 26; Heidi - 21.
masa22: Loretta - 50; Derrick - 25; Emiko - 28; Camellia - 29; Sydney - 33; Denver - 28.
masa23: Delena - 29; Morris - 30; Anibal - 22; Devon - 42; Karry - 21; Kraig - 36.
masa24: Virgil - 29; Michiko - 21; Kristeen - 39; Yuonne - 49; Lawerence - 45; Brant - 49; Rosario - 43; Percy - 51; Kaylene - 29; Mariann - 48.
masa25: Ivy - 40; Shirlee - 28; Lianne - 29.
masa26: Valentin - 38; Tamala - 41; Andy - 34; Johnnie - 25; Hiram - 27; Milda - 36; Kamilah - 46; Edison - 21; Sharlene - 39.
masa27: Pearlene - 50; Yan - 30; Augustus - 42; Johnny - 25; Jacklyn - 29; Kellie - 46; Lois - 41; Lawanda - 43; Ernie - 40.
masa28: Cecelia - 25; Brett - 35; Gregorio - 44; Natacha - 47; Tera - 35.
masa29: Daine - 36; Abe - 37.
masa30: Jere - 37; Asa - 49; Colene - 34; Hugo - 23; Malia - 47; Jaunita - 38; Brianne - 36; Levi - 30.
masa31: Wilmer - 27; Jackie - 40; Herb - 40; Takako - 22; Hayden - 28; Cleveland - 21; Nathaniel - 33.
masa32: Jayson - 32; Hershel - 26; Evelyn - 30; Lyla - 49.
masa33: Edmund - 35; Renaldo - 47; Matthew - 32; Willy - 27; Vivien - 27; Leopoldo - 47; Gabriel - 22; Loura - 39; Tuyet - 22; Johnette - 49.
masa34: Lourdes - 42; Kristen - 28; Theodora - 41; Kemberly - 29; Kendall - 37; Maris - 49; Kourtney - 30; Ignacio - 38; Catarina - 44; Tonda - 45.
masa35: Ramiro - 36; Santo - 39; Jesus - 39; Darline - 45; Hong - 42; Shannon - 30; Lynn - 23.
masa36: Angel - 44; Farah - 38; Carlee - 46; Nery - 43; Shakia - 30; Harold - 26; Madelaine - 21; Phillip - 39; Pei - 26.
masa37: Hans - 30; Emile - 40; Ashley - 37; Alva - 50; Bertram - 29; Walton - 25.
masa38: Horacio - 44; Manual - 32; Mervin - 28; Timmy - 34; Janean - 33.
masa39: Troy - 33; Fidel - 47; Eddie - 34; Granville - 24.
masa40: Norbert - 51; Bobbie - 48; Claudine - 27; Gilbert - 49.
masa41: Keith - 22; Paulina - 49; Kiley - 38; Nelly - 33; Isidro - 41.
masa42: Efrain - 27; Evelia - 39; Cicely - 38; Danette - 49; Saturnina - 42.
masa43: Dana - 29; Warren - 46; Ken - 22; Sophie - 24; Gennie - 24; Maple - 22.
masa44: Twila - 49; Vicki - 27; Versie - 27; Harriette - 45; Edda - 21; Caroline - 50; Delila - 22; Jeremiah - 49; Sheryl - 48.
masa45: Oretha - 100; Milan - 27; Herman - 35.
masa46: Coreen - 51; Leslie - 29.
masa47: Jeffrey - 29; Jamar - 27; Shad - 39; Darleen - 50; Debrah - 43; Charlsie - 23; Belkis - 27; Mac - 47; Otto - 22.
masa48: Eneida - 39; Arnulfo - 45; Emmaline - 25.
masa49: Veta - 43; Avery - 25; Danial - 42; Gracie - 24; Alita - 49; Lizzie - 35; Mohammed - 23; Jordan - 40.
masa50: Sammie - 50; Ailene - 24; Livia - 33.
masa51: Forest - 39; Claudio - 24; Graig - 24.
masa52: Lawrence - 33; Adrien - 43; Gus - 41.
masa53: Matilda - 51; Reita - 41; Staci - 21.
masa54: Gertrudis - 36; Man - 38; Geri - 38; Christeen - 48; Charlie - 50.
masa55: Clifton - 36; Elsie - 49; Genevive - 26; Kayce - 29; King - 21; Nicolas - 40; Oswaldo - 50.
masa56: Emmitt - 33; Sage - 29; Bud - 32; Madison - 25; Dixie - 38; Sterling - 41; Milo - 28; Cecile - 24; Saul - 50; Samuel - 33.
masa57: Kieth - 31; Gayle - 33; Raymon - 25; Tarra - 22; Bart - 24; Fausto - 50; Mack - 37; Jesse - 25; Melvin - 51.
masa58: Kerry - 42; Tilda - 26.
masa59: Aldo - 26; Janae - 37; Sherly - 49; Margery - 29; Jared - 42; Arnold - 47; Edward - 51; Barney - 46; Giuseppe - 47.
masa60: Yong - 38; Reanna - 40; Johnathan - 24; Tobias - 40; Abram - 48.
masa61: Berna - 44; Sang - 39; Lizeth - 31; Joannie - 41; Melda - 43; Maryjane - 37; Alonso - 24.
masa62: Thomas - 37; Wiley - 35; Gala - 24; Adeline - 33; Cythia - 45; Magali - 50.
masa63: Joaquin - 41; Pam - 27; Gale - 30; Elden - 26.
masa64: Gretta - 27; Terica - 45; Vincenzo - 23; Chaya - 50; Hosea - 42; Lacey - 36; Pat - 41; Bradley - 29; Ligia - 48.
masa65: Letty - 39; Nana - 43; Sonia - 29; Emery - 26; Lady - 27; Buena - 41; Omer - 34.
masa66: Homer - 45; Bruna - 27; Mario - 30; Everett - 31; Numbers - 27; Madlyn - 48; Emilio - 23; Lynette - 51; Sammy - 22.
masa67: Danuta - 42; Consuela - 21; Iesha - 26; Dwana - 31; Adalberto - 38.
masa68: Damon - 26; Sandra - 23; Michel - 28; Colin - 44; Simon - 21; Carmina - 45; Aline - 38; Les - 44.
masa69: Tiffiny - 41; Ronald - 28; Linn - 28; Rosa - 23; Shelley - 30; Kurt - 38; Russel - 38; Roscoe - 42.
masa0: Rocco - 17; Luigi - 21; Jordon - 20; Kandis - 19; Pauline - 24; Alex - 18; Tomas - 25.
masa1: Shanti - 40; Josue - 43; Elmer - 44.
masa2: Charley - 16; Janett - 39; Philip - 30; Cecily - 30; Ozie - 23; Arturo - 42; Hai - 25; Lanora - 42; Elizabeth - 45.
masa3: Toya - 37; Elinore - 43; Collette - 39.
masa4: Domenic - 37; Alesia - 44.
masa5: Burt - 36; Elvina - 35; Darryl - 39; Joi - 45; Ricki - 29; Trudie - 46; Venus - 41; Shawn - 18; Rodolfo - 42.
masa6: Mary - 22; Jose - 41; Randall - 38.
masa7: Eli - 26; Collin - 19; Elizebeth - 38; Janella - 33; Leta - 45; Lesa - 24; Alan - 31.
masa8: Felice - 24; Karla - 23; Tabitha - 35; Ted - 41; Myrtle - 18; Nadia - 36; Eduardo - 24; Demetrius - 43; Cedric - 35.
masa9: Randal - 36; Sharleen - 30; Rufus - 24; Mechelle - 23; Efren - 28; Arminda - 25; Jada - 25.
masa10: Earl - 36; Jermaine - 22; Josiah - 40; Zachery - 28; Tamara - 27.
masa11: Nickole - 18; Kip - 42.
masa12: Greta - 27; Dallas - 35; Malcolm - 22; Candance - 28; Devin - 28; Eboni - 30; Lenard - 20; Blake - 38.
masa13: Lesley - 24; Babette - 30; Coleman - 31; Alane - 16; Cuc - 18; Luciano - 20; Chantay - 22; Conchita - 46; Harley - 30; Rikki - 38.
masa14: Dean - 25; Raymond - 30; Mirna - 20; Natosha - 38; Chan - 28; Dimple - 23; Minh - 32; Roland - 39; Fernanda - 45.
masa15: Jenell - 24; Tamar - 43.
masa16: Corey - 38; Gregory - 35; Nicholas - 18; Anne - 20; Hassan - 28; Duane - 26; Lakiesha - 22.
masa17: Gaylord - 31; Jessica - 23; Lakesha - 32; Eryn - 44; Nicholle - 38; Dessie - 44; Ira - 25; Maile - 37.
masa18: Lashonda - 33; Lynda - 25; Elayne - 22; Mai - 46; Stan - 39; Keven - 40; Melody - 20; Heriberto - 35.
masa19: Helena - 23; Trinity - 20; Mao - 33; Earle - 32; Shawana - 33; Alfonso - 33; Brigette - 28; Hubert - 35; Marissa - 33; Amina - 45.
masa20: Jeannie - 34; Flo - 36; Filomena - 28; Ricky - 38; Rosaria - 28; Tyson - 21; Buster - 45; Latasha - 46; Willian - 36; Jorge - 17.
masa21: Shemeka - 21; Heidi - 16; Cleo - 44; Stephanie - 40; Grayce - 44; Samella - 21; Echo - 35.
masa22: Denver - 23; Loretta - 45; Derrick - 20; Emiko - 23; Camellia - 24; Sydney - 28.
masa23: Kraig - 31; Delena - 24; Morris - 25; Anibal - 17; Devon - 37; Karry - 16.
masa24: Brant - 44; Rosario - 38; Percy - 46; Kaylene - 24; Mariann - 43; Virgil - 24; Michiko - 16; Kristeen - 34; Yuonne - 44; Lawerence - 40.
masa25: Lianne - 24; Ivy - 35; Shirlee - 23.
masa26: Milda - 31; Kamilah - 41; Edison - 16; Sharlene - 34; Valentin - 33; Tamala - 36; Andy - 29; Johnnie - 20; Hiram - 22.
masa27: Kellie - 41; Lois - 36; Lawanda - 38; Ernie - 35; Pearlene - 45; Yan - 25; Augustus - 37; Johnny - 20; Jacklyn - 24.
masa28: Cecelia - 20; Brett - 30; Gregorio - 39; Natacha - 42; Tera - 30.
masa29: Abe - 32; Daine - 31.
masa30: Jaunita - 33; Brianne - 31; Levi - 25; Jere - 32; Asa - 44; Colene - 29; Hugo - 18; Malia - 42.
masa31: Cleveland - 16; Nathaniel - 28; Wilmer - 22; Jackie - 35; Herb - 35; Takako - 17; Hayden - 23.
masa32: Hershel - 21; Evelyn - 25; Lyla - 44; Jayson - 27.
masa33: Leopoldo - 42; Gabriel - 17; Loura - 34; Tuyet - 17; Johnette - 44; Edmund - 30; Renaldo - 42; Matthew - 27; Willy - 22; Vivien - 22.
masa34: Maris - 44; Kourtney - 25; Ignacio - 33; Catarina - 39; Tonda - 40; Lourdes - 37; Kristen - 23; Theodora - 36; Kemberly - 24; Kendall - 32.
masa35: Shannon - 25; Lynn - 18; Ramiro - 31; Santo - 34; Jesus - 34; Darline - 40; Hong - 37.
masa36: Harold - 21; Madelaine - 16; Phillip - 34; Pei - 21; Angel - 39; Farah - 33; Carlee - 41; Nery - 38; Shakia - 25.
masa37: Walton - 20; Hans - 25; Emile - 35; Ashley - 32; Alva - 45; Bertram - 24.
masa38: Horacio - 39; Manual - 27; Mervin - 23; Timmy - 29; Janean - 28.
masa39: Fidel - 42; Eddie - 29; Granville - 19; Troy - 28.
masa40: Bobbie - 43; Claudine - 22; Gilbert - 44; Norbert - 46.
masa41: Keith - 17; Paulina - 44; Kiley - 33; Nelly - 28; Isidro - 36.
masa42: Efrain - 22; Evelia - 34; Cicely - 33; Danette - 44; Saturnina - 37.
masa43: Maple - 17; Dana - 24; Warren - 41; Ken - 17; Sophie - 19; Gennie - 19.
masa44: Caroline - 45; Delila - 17; Jeremiah - 44; Sheryl - 43; Twila - 44; Vicki - 22; Versie - 22; Harriette - 40; Edda - 16.
masa45: Herman - 30; Oretha - 95; Milan - 22.
masa46: Leslie - 24; Coreen - 46.
masa47: Charlsie - 18; Belkis - 22; Mac - 42; Otto - 17; Jeffrey - 24; Jamar - 22; Shad - 34; Darleen - 45; Debrah - 38.
masa48: Emmaline - 20; Eneida - 34; Arnulfo - 40.
masa49: Lizzie - 30; Mohammed - 18; Jordan - 35; Veta - 38; Avery - 20; Danial - 37; Gracie - 19; Alita - 44.
masa50: Livia - 28; Sammie - 45; Ailene - 19.
masa51: Graig - 19; Forest - 34; Claudio - 19.
masa52: Gus - 36; Lawrence - 28; Adrien - 38.
masa53: Staci - 16; Matilda - 46; Reita - 36.
masa54: Gertrudis - 31; Man - 33; Geri - 33; Christeen - 43; Charlie - 45.
masa55: Nicolas - 35; Oswaldo - 45; Clifton - 31; Elsie - 44; Genevive - 21; Kayce - 24; King - 16.
masa56: Sterling - 36; Milo - 23; Cecile - 19; Saul - 45; Samuel - 28; Emmitt - 28; Sage - 24; Bud - 27; Madison - 20; Dixie - 33.
masa57: Fausto - 45; Mack - 32; Jesse - 20; Melvin - 46; Kieth - 26; Gayle - 28; Raymon - 20; Tarra - 17; Bart - 19.
masa58: Tilda - 21; Kerry - 37.
masa59: Arnold - 42; Edward - 46; Barney - 41; Giuseppe - 42; Aldo - 21; Janae - 32; Sherly - 44; Margery - 24; Jared - 37.
masa60: Yong - 33; Reanna - 35; Johnathan - 19; Tobias - 35; Abram - 43.
masa61: Maryjane - 32; Alonso - 19; Berna - 39; Sang - 34; Lizeth - 26; Joannie - 36; Melda - 38.
masa62: Magali - 45; Thomas - 32; Wiley - 30; Gala - 19; Adeline - 28; Cythia - 40.
masa63: Pam - 22; Gale - 25; Elden - 21; Joaquin - 36.
masa64: Lacey - 31; Pat - 36; Bradley - 24; Ligia - 43; Gretta - 22; Terica - 40; Vincenzo - 18; Chaya - 45; Hosea - 37.
masa65: Buena - 36; Omer - 29; Letty - 34; Nana - 38; Sonia - 24; Emery - 21; Lady - 22.
masa66: Madlyn - 43; Emilio - 18; Lynette - 46; Sammy - 17; Homer - 40; Bruna - 22; Mario - 25; Everett - 26; Numbers - 22.
masa67: Danuta - 37; Consuela - 16; Iesha - 21; Dwana - 26; Adalberto - 33.
masa68: Carmina - 40; Aline - 33; Les - 39; Damon - 21; Sandra - 18; Michel - 23; Colin - 39; Simon - 16.
masa69: Kurt - 33; Russel - 33; Roscoe - 37; Tiffiny - 36; Ronald - 23; Linn - 23; Rosa - 18; Shelley - 25.
masa0: Alex - 13; Tomas - 20; Rocco - 12; Luigi - 16; Jordon - 15; Kandis - 14; Pauline - 19.
masa1: Elmer - 39; Shanti - 35; Josue - 38.
masa2: Arturo - 37; Hai - 20; Lanora - 37; Elizabeth - 40; Charley - 11; Janett - 34; Philip - 25; Cecily - 25; Ozie - 18.
masa3: Collette - 34; Toya - 32; Elinore - 38.
masa4: Alesia - 39; Domenic - 32.
masa5: Trudie - 41; Venus - 36; Shawn - 13; Rodolfo - 37; Burt - 31; Elvina - 30; Darryl - 34; Joi - 40; Ricki - 24.
masa6: Randall - 33; Mary - 17; Jose - 36.
masa7: Lesa - 19; Alan - 26; Eli - 21; Collin - 14; Elizebeth - 33; Janella - 28; Leta - 40.
masa8: Nadia - 31; Eduardo - 19; Demetrius - 38; Cedric - 30; Felice - 19; Karla - 18; Tabitha - 30; Ted - 36; Myrtle - 13.
masa9: Arminda - 20; Jada - 20; Randal - 31; Sharleen - 25; Rufus - 19; Mechelle - 18; Efren - 23.
masa10: Earl - 31; Jermaine - 17; Josiah - 35; Zachery - 23; Tamara - 22.
masa11: Kip - 37; Nickole - 13.
masa12: Eboni - 25; Lenard - 15; Blake - 33; Greta - 22; Dallas - 30; Malcolm - 17; Candance - 23; Devin - 23.
masa13: Luciano - 15; Chantay - 17; Conchita - 41; Harley - 25; Rikki - 33; Lesley - 19; Babette - 25; Coleman - 26; Alane - 11; Cuc - 13.
masa14: Dimple - 18; Minh - 27; Roland - 34; Fernanda - 40; Dean - 20; Raymond - 25; Mirna - 15; Natosha - 33; Chan - 23.
masa15: Tamar - 38; Jenell - 19.
masa16: Duane - 21; Lakiesha - 17; Corey - 33; Gregory - 30; Nicholas - 13; Anne - 15; Hassan - 23.
masa17: Dessie - 39; Ira - 20; Maile - 32; Gaylord - 26; Jessica - 18; Lakesha - 27; Eryn - 39; Nicholle - 33.
masa18: Keven - 35; Melody - 15; Heriberto - 30; Lashonda - 28; Lynda - 20; Elayne - 17; Mai - 41; Stan - 34.
masa19: Alfonso - 28; Brigette - 23; Hubert - 30; Marissa - 28; Amina - 40; Helena - 18; Trinity - 15; Mao - 28; Earle - 27; Shawana - 28.
masa20: Tyson - 16; Buster - 40; Latasha - 41; Willian - 31; Jorge - 12; Jeannie - 29; Flo - 31; Filomena - 23; Ricky - 33; Rosaria - 23.
masa21: Samella - 16; Echo - 30; Shemeka - 16; Heidi - 11; Cleo - 39; Stephanie - 35; Grayce - 39.
masa22: Sydney - 23; Denver - 18; Loretta - 40; Derrick - 15; Emiko - 18; Camellia - 19.
masa23: Karry - 11; Kraig - 26; Delena - 19; Morris - 20; Anibal - 12; Devon - 32.
masa24: Virgil - 19; Michiko - 11; Kristeen - 29; Yuonne - 39; Lawerence - 35; Brant - 39; Rosario - 33; Percy - 41; Kaylene - 19; Mariann - 38.
masa25: Shirlee - 18; Lianne - 19; Ivy - 30.
masa26: Tamala - 31; Andy - 24; Johnnie - 15; Hiram - 17; Milda - 26; Kamilah - 36; Edison - 11; Sharlene - 29; Valentin - 28.
masa27: Yan - 20; Augustus - 32; Johnny - 15; Jacklyn - 19; Kellie - 36; Lois - 31; Lawanda - 33; Ernie - 30; Pearlene - 40.
masa28: Cecelia - 15; Brett - 25; Gregorio - 34; Natacha - 37; Tera - 25.
masa29: Daine - 26; Abe - 27.
masa30: Colene - 24; Hugo - 13; Malia - 37; Jaunita - 28; Brianne - 26; Levi - 20; Jere - 27; Asa - 39.
masa31: Takako - 12; Hayden - 18; Cleveland - 11; Nathaniel - 23; Wilmer - 17; Jackie - 30; Herb - 30.
masa32: Evelyn - 20; Lyla - 39; Jayson - 22; Hershel - 16.
masa33: Edmund - 25; Renaldo - 37; Matthew - 22; Willy - 17; Vivien - 17; Leopoldo - 37; Gabriel - 12; Loura - 29; Tuyet - 12; Johnette - 39.
masa34: Lourdes - 32; Kristen - 18; Theodora - 31; Kemberly - 19; Kendall - 27; Maris - 39; Kourtney - 20; Ignacio - 28; Catarina - 34; Tonda - 35.
masa35: Darline - 35; Hong - 32; Shannon - 20; Lynn - 13; Ramiro - 26; Santo - 29; Jesus - 29.
masa36: Farah - 28; Carlee - 36; Nery - 33; Shakia - 20; Harold - 16; Madelaine - 11; Phillip - 29; Pei - 16; Angel - 34.
masa37: Bertram - 19; Walton - 15; Hans - 20; Emile - 30; Ashley - 27; Alva - 40.
masa38: Horacio - 34; Manual - 22; Mervin - 18; Timmy - 24; Janean - 23.
masa39: Eddie - 24; Granville - 14; Troy - 23; Fidel - 37.
masa40: Claudine - 17; Gilbert - 39; Norbert - 41; Bobbie - 38.
masa41: Keith - 12; Paulina - 39; Kiley - 28; Nelly - 23; Isidro - 31.
masa42: Efrain - 17; Evelia - 29; Cicely - 28; Danette - 39; Saturnina - 32.
masa43: Gennie - 14; Maple - 12; Dana - 19; Warren - 36; Ken - 12; Sophie - 14.
masa44: Vicki - 17; Versie - 17; Harriette - 35; Edda - 11; Caroline - 40; Delila - 12; Jeremiah - 39; Sheryl - 38; Twila - 39.
masa45: Milan - 17; Herman - 25; Oretha - 90.
masa46: Coreen - 41; Leslie - 19.
masa47: Jamar - 17; Shad - 29; Darleen - 40; Debrah - 33; Charlsie - 13; Belkis - 17; Mac - 37; Otto - 12; Jeffrey - 19.
masa48: Arnulfo - 35; Emmaline - 15; Eneida - 29.
masa49: Danial - 32; Gracie - 14; Alita - 39; Lizzie - 25; Mohammed - 13; Jordan - 30; Veta - 33; Avery - 15.
masa50: Ailene - 14; Livia - 23; Sammie - 40.
masa51: Claudio - 14; Graig - 14; Forest - 29.
masa52: Adrien - 33; Gus - 31; Lawrence - 23.
masa53: Reita - 31; Staci - 11; Matilda - 41.
masa54: Gertrudis - 26; Man - 28; Geri - 28; Christeen - 38; Charlie - 40.
masa55: Kayce - 19; King - 11; Nicolas - 30; Oswaldo - 40; Clifton - 26; Elsie - 39; Genevive - 16.
masa56: Emmitt - 23; Sage - 19; Bud - 22; Madison - 15; Dixie - 28; Sterling - 31; Milo - 18; Cecile - 14; Saul - 40; Samuel - 23.
masa57: Gayle - 23; Raymon - 15; Tarra - 12; Bart - 14; Fausto - 40; Mack - 27; Jesse - 15; Melvin - 41; Kieth - 21.
masa58: Kerry - 32; Tilda - 16.
masa59: Janae - 27; Sherly - 39; Margery - 19; Jared - 32; Arnold - 37; Edward - 41; Barney - 36; Giuseppe - 37; Aldo - 16.
masa60: Yong - 28; Reanna - 30; Johnathan - 14; Tobias - 30; Abram - 38.
masa61: Joannie - 31; Melda - 33; Maryjane - 27; Alonso - 14; Berna - 34; Sang - 29; Lizeth - 21.
masa62: Cythia - 35; Magali - 40; Thomas - 27; Wiley - 25; Gala - 14; Adeline - 23.
masa63: Gale - 20; Elden - 16; Joaquin - 31; Pam - 17.
masa64: Terica - 35; Vincenzo - 13; Chaya - 40; Hosea - 32; Lacey - 26; Pat - 31; Bradley - 19; Ligia - 38; Gretta - 17.
masa65: Emery - 16; Lady - 17; Buena - 31; Omer - 24; Letty - 29; Nana - 33; Sonia - 19.
masa66: Bruna - 17; Mario - 20; Everett - 21; Numbers - 17; Madlyn - 38; Emilio - 13; Lynette - 41; Sammy - 12; Homer - 35.
masa67: Danuta - 32; Consuela - 11; Iesha - 16; Dwana - 21; Adalberto - 28.
masa68: Michel - 18; Colin - 34; Simon - 11; Carmina - 35; Aline - 28; Les - 34; Damon - 16; Sandra - 13.
masa69: Linn - 18; Rosa - 13; Shelley - 20; Kurt - 28; Russel - 28; Roscoe - 32; Tiffiny - 31; Ronald - 18.
masa0: Kandis - 9; Pauline - 14; Alex - 8; Tomas - 15; Rocco - 7; Luigi - 11; Jordon - 10.
masa1: Josue - 33; Elmer - 34; Shanti - 30.
masa2: Janett - 29; Philip - 20; Cecily - 20; Ozie - 13; Arturo - 32; Hai - 15; Lanora - 32; Elizabeth - 35; Charley - 6.
masa3: Elinore - 33; Collette - 29; Toya - 27.
masa4: Domenic - 27; Alesia - 34.
masa5: Elvina - 25; Darryl - 29; Joi - 35; Ricki - 19; Trudie - 36; Venus - 31; Shawn - 8; Rodolfo - 32; Burt - 26.
masa6: Jose - 31; Randall - 28; Mary - 12.
masa7: Janella - 23; Leta - 35; Lesa - 14; Alan - 21; Eli - 16; Collin - 9; Elizebeth - 28.
masa8: Karla - 13; Tabitha - 25; Ted - 31; Myrtle - 8; Nadia - 26; Eduardo - 14; Demetrius - 33; Cedric - 25; Felice - 14.
masa9: Mechelle - 13; Efren - 18; Arminda - 15; Jada - 15; Randal - 26; Sharleen - 20; Rufus - 14.
masa10: Earl - 26; Jermaine - 12; Josiah - 30; Zachery - 18; Tamara - 17.
masa11: Nickole - 8; Kip - 32.
masa12: Malcolm - 12; Candance - 18; Devin - 18; Eboni - 20; Lenard - 10; Blake - 28; Greta - 17; Dallas - 25.
masa13: Lesley - 14; Babette - 20; Coleman - 21; Alane - 6; Cuc - 8; Luciano - 10; Chantay - 12; Conchita - 36; Harley - 20; Rikki - 28.
masa14: Raymond - 20; Mirna - 10; Natosha - 28; Chan - 18; Dimple - 13; Minh - 22; Roland - 29; Fernanda - 35; Dean - 15.
masa15: Jenell - 14; Tamar - 33.
masa16: Anne - 10; Hassan - 18; Duane - 16; Lakiesha - 12; Corey - 28; Gregory - 25; Nicholas - 8.
masa17: Lakesha - 22; Eryn - 34; Nicholle - 28; Dessie - 34; Ira - 15; Maile - 27; Gaylord - 21; Jessica - 13.
masa18: Elayne - 12; Mai - 36; Stan - 29; Keven - 30; Melody - 10; Heriberto - 25; Lashonda - 23; Lynda - 15.
masa19: Helena - 13; Trinity - 10; Mao - 23; Earle - 22; Shawana - 23; Alfonso - 23; Brigette - 18; Hubert - 25; Marissa - 23; Amina - 35.
masa20: Jeannie - 24; Flo - 26; Filomena - 18; Ricky - 28; Rosaria - 18; Tyson - 11; Buster - 35; Latasha - 36; Willian - 26; Jorge - 7.
masa21: Stephanie - 30; Grayce - 34; Samella - 11; Echo - 25; Shemeka - 11; Heidi - 6; Cleo - 34.
masa22: Camellia - 14; Sydney - 18; Denver - 13; Loretta - 35; Derrick - 10; Emiko - 13.
masa23: Devon - 27; Karry - 6; Kraig - 21; Delena - 14; Morris - 15; Anibal - 7.
masa24: Brant - 34; Rosario - 28; Percy - 36; Kaylene - 14; Mariann - 33; Virgil - 14; Michiko - 6; Kristeen - 24; Yuonne - 34; Lawerence - 30.
masa25: Ivy - 25; Shirlee - 13; Lianne - 14.
masa26: Kamilah - 31; Edison - 6; Sharlene - 24; Valentin - 23; Tamala - 26; Andy - 19; Johnnie - 10; Hiram - 12; Milda - 21.
masa27: Lois - 26; Lawanda - 28; Ernie - 25; Pearlene - 35; Yan - 15; Augustus - 27; Johnny - 10; Jacklyn - 14; Kellie - 31.
masa28: Cecelia - 10; Brett - 20; Gregorio - 29; Natacha - 32; Tera - 20.
masa29: Abe - 22; Daine - 21.
masa30: Levi - 15; Jere - 22; Asa - 34; Colene - 19; Hugo - 8; Malia - 32; Jaunita - 23; Brianne - 21.
masa31: Jackie - 25; Herb - 25; Takako - 7; Hayden - 13; Cleveland - 6; Nathaniel - 18; Wilmer - 12.
masa32: Lyla - 34; Jayson - 17; Hershel - 11; Evelyn - 15.
masa33: Leopoldo - 32; Gabriel - 7; Loura - 24; Tuyet - 7; Johnette - 34; Edmund - 20; Renaldo - 32; Matthew - 17; Willy - 12; Vivien - 12.
masa34: Maris - 34; Kourtney - 15; Ignacio - 23; Catarina - 29; Tonda - 30; Lourdes - 27; Kristen - 13; Theodora - 26; Kemberly - 14; Kendall - 22.
masa35: Santo - 24; Jesus - 24; Darline - 30; Hong - 27; Shannon - 15; Lynn - 8; Ramiro - 21.
masa36: Madelaine - 6; Phillip - 24; Pei - 11; Angel - 29; Farah - 23; Carlee - 31; Nery - 28; Shakia - 15; Harold - 11.
masa37: Alva - 35; Bertram - 14; Walton - 10; Hans - 15; Emile - 25; Ashley - 22.
masa38: Horacio - 29; Manual - 17; Mervin - 13; Timmy - 19; Janean - 18.
masa39: Granville - 9; Troy - 18; Fidel - 32; Eddie - 19.
masa40: Gilbert - 34; Norbert - 36; Bobbie - 33; Claudine - 12.
masa41: Keith - 7; Paulina - 34; Kiley - 23; Nelly - 18; Isidro - 26.
masa42: Efrain - 12; Evelia - 24; Cicely - 23; Danette - 34; Saturnina - 27.
masa43: Sophie - 9; Gennie - 9; Maple - 7; Dana - 14; Warren - 31; Ken - 7.
masa44: Delila - 7; Jeremiah - 34; Sheryl - 33; Twila - 34; Vicki - 12; Versie - 12; Harriette - 30; Edda - 6; Caroline - 35.
masa45: Oretha - 85; Milan - 12; Herman - 20.
masa46: Leslie - 14; Coreen - 36.
masa47: Belkis - 12; Mac - 32; Otto - 7; Jeffrey - 14; Jamar - 12; Shad - 24; Darleen - 35; Debrah - 28; Charlsie - 8.
masa48: Eneida - 24; Arnulfo - 30; Emmaline - 10.
masa49: Jordan - 25; Veta - 28; Avery - 10; Danial - 27; Gracie - 9; Alita - 34; Lizzie - 20; Mohammed - 8.
masa50: Sammie - 35; Ailene - 9; Livia - 18.
masa51: Forest - 24; Claudio - 9; Graig - 9.
masa52: Lawrence - 18; Adrien - 28; Gus - 26.
masa53: Matilda - 36; Reita - 26; Staci - 6.
masa54: Gertrudis - 21; Man - 23; Geri - 23; Christeen - 33; Charlie - 35.
masa55: Elsie - 34; Genevive - 11; Kayce - 14; King - 6; Nicolas - 25; Oswaldo - 35; Clifton - 21.
masa56: Sterling - 26; Milo - 13; Cecile - 9; Saul - 35; Samuel - 18; Emmitt - 18; Sage - 14; Bud - 17; Madison - 10; Dixie - 23.
masa57: Mack - 22; Jesse - 10; Melvin - 36; Kieth - 16; Gayle - 18; Raymon - 10; Tarra - 7; Bart - 9; Fausto - 35.
masa58: Tilda - 11; Kerry - 27.
masa59: Edward - 36; Barney - 31; Giuseppe - 32; Aldo - 11; Janae - 22; Sherly - 34; Margery - 14; Jared - 27; Arnold - 32.
masa60: Yong - 23; Reanna - 25; Johnathan - 9; Tobias - 25; Abram - 33.
masa61: Sang - 24; Lizeth - 16; Joannie - 26; Melda - 28; Maryjane - 22; Alonso - 9; Berna - 29.
masa62: Adeline - 18; Cythia - 30; Magali - 35; Thomas - 22; Wiley - 20; Gala - 9.
masa63: Elden - 11; Joaquin - 26; Pam - 12; Gale - 15.
masa64: Pat - 26; Bradley - 14; Ligia - 33; Gretta - 12; Terica - 30; Vincenzo - 8; Chaya - 35; Hosea - 27; Lacey - 21.
masa65: Nana - 28; Sonia - 14; Emery - 11; Lady - 12; Buena - 26; Omer - 19; Letty - 24.
masa66: Emilio - 8; Lynette - 36; Sammy - 7; Homer - 30; Bruna - 12; Mario - 15; Everett - 16; Numbers - 12; Madlyn - 33.
masa67: Danuta - 27; Consuela - 6; Iesha - 11; Dwana - 16; Adalberto - 23.
masa68: Les - 29; Damon - 11; Sandra - 8; Michel - 13; Colin - 29; Simon - 6; Carmina - 30; Aline - 23.
masa69: Roscoe - 27; Tiffiny - 26; Ronald - 13; Linn - 13; Rosa - 8; Shelley - 15; Kurt - 23; Russel - 23.
masa0: Luigi - 6; Jordon - 5; Kandis - 4; Pauline - 9; Alex - 3; Tomas - 10; Rocco - 2.
masa1: Shanti - 25; Josue - 28; Elmer - 29.
masa2: Hai - 10; Lanora - 27; Elizabeth - 30; Charley - 1; Janett - 24; Philip - 15; Cecily - 15; Ozie - 8; Arturo - 27.
masa3: Toya - 22; Elinore - 28; Collette - 24.
masa4: Alesia - 29; Domenic - 22.
masa5: Venus - 26; Shawn - 3; Rodolfo - 27; Burt - 21; Elvina - 20; Darryl - 24; Joi - 30; Ricki - 14; Trudie - 31.
masa6: Mary - 7; Jose - 26; Randall - 23.
masa7: Collin - 4; Elizebeth - 23; Janella - 18; Leta - 30; Lesa - 9; Alan - 16; Eli - 11.
masa8: Eduardo - 9; Demetrius - 28; Cedric - 20; Felice - 9; Karla - 8; Tabitha - 20; Ted - 26; Myrtle - 3; Nadia - 21.
masa9: Sharleen - 15; Rufus - 9; Mechelle - 8; Efren - 13; Arminda - 10; Jada - 10; Randal - 21.
masa10: Earl - 21; Jermaine - 7; Josiah - 25; Zachery - 13; Tamara - 12.
masa11: Kip - 27; Nickole - 3.
masa12: Blake - 23; Greta - 12; Dallas - 20; Malcolm - 7; Candance - 13; Devin - 13; Eboni - 15; Lenard - 5.
masa13: Luciano - 5; Chantay - 7; Conchita - 31; Harley - 15; Rikki - 23; Lesley - 9; Babette - 15; Coleman - 16; Alane - 1; Cuc - 3.
masa14: Minh - 17; Roland - 24; Fernanda - 30; Dean - 10; Raymond - 15; Mirna - 5; Natosha - 23; Chan - 13; Dimple - 8.
masa15: Tamar - 28; Jenell - 9.
masa16: Gregory - 20; Nicholas - 3; Anne - 5; Hassan - 13; Duane - 11; Lakiesha - 7; Corey - 23.
masa17: Maile - 22; Gaylord - 16; Jessica - 8; Lakesha - 17; Eryn - 29; Nicholle - 23; Dessie - 29; Ira - 10.
masa18: Heriberto - 20; Lashonda - 18; Lynda - 10; Elayne - 7; Mai - 31; Stan - 24; Keven - 25; Melody - 5.
masa19: Alfonso - 18; Brigette - 13; Hubert - 20; Marissa - 18; Amina - 30; Helena - 8; Trinity - 5; Mao - 18; Earle - 17; Shawana - 18.
masa20: Tyson - 6; Buster - 30; Latasha - 31; Willian - 21; Jorge - 2; Jeannie - 19; Flo - 21; Filomena - 13; Ricky - 23; Rosaria - 13.
masa21: Heidi - 1; Cleo - 29; Stephanie - 25; Grayce - 29; Samella - 6; Echo - 20; Shemeka - 6.
masa22: Emiko - 8; Camellia - 9; Sydney - 13; Denver - 8; Loretta - 30; Derrick - 5.
masa23: Anibal - 2; Devon - 22; Karry - 1; Kraig - 16; Delena - 9; Morris - 10.
masa24: Virgil - 9; Michiko - 1; Kristeen - 19; Yuonne - 29; Lawerence - 25; Brant - 29; Rosario - 23; Percy - 31; Kaylene - 9; Mariann - 28.
masa25: Lianne - 9; Ivy - 20; Shirlee - 8.
masa26: Andy - 14; Johnnie - 5; Hiram - 7; Milda - 16; Kamilah - 26; Edison - 1; Sharlene - 19; Valentin - 18; Tamala - 21.
masa27: Augustus - 22; Johnny - 5; Jacklyn - 9; Kellie - 26; Lois - 21; Lawanda - 23; Ernie - 20; Pearlene - 30; Yan - 10.
masa28: Cecelia - 5; Brett - 15; Gregorio - 24; Natacha - 27; Tera - 15.
masa29: Daine - 16; Abe - 17.
masa30: Malia - 27; Jaunita - 18; Brianne - 16; Levi - 10; Jere - 17; Asa - 29; Colene - 14; Hugo - 3.
masa31: Nathaniel - 13; Wilmer - 7; Jackie - 20; Herb - 20; Takako - 2; Hayden - 8; Cleveland - 1.
masa32: Jayson - 12; Hershel - 6; Evelyn - 10; Lyla - 29.
masa33: Edmund - 15; Renaldo - 27; Matthew - 12; Willy - 7; Vivien - 7; Leopoldo - 27; Gabriel - 2; Loura - 19; Tuyet - 2; Johnette - 29.
masa34: Lourdes - 22; Kristen - 8; Theodora - 21; Kemberly - 9; Kendall - 17; Maris - 29; Kourtney - 10; Ignacio - 18; Catarina - 24; Tonda - 25.
masa35: Lynn - 3; Ramiro - 16; Santo - 19; Jesus - 19; Darline - 25; Hong - 22; Shannon - 10.
masa36: Carlee - 26; Nery - 23; Shakia - 10; Harold - 6; Madelaine - 1; Phillip - 19; Pei - 6; Angel - 24; Farah - 18.
masa37: Ashley - 17; Alva - 30; Bertram - 9; Walton - 5; Hans - 10; Emile - 20.
masa38: Horacio - 24; Manual - 12; Mervin - 8; Timmy - 14; Janean - 13.
masa39: Troy - 13; Fidel - 27; Eddie - 14; Granville - 4.
masa40: Norbert - 31; Bobbie - 28; Claudine - 7; Gilbert - 29.
masa41: Keith - 2; Paulina - 29; Kiley - 18; Nelly - 13; Isidro - 21.
masa42: Efrain - 7; Evelia - 19; Cicely - 18; Danette - 29; Saturnina - 22.
masa43: Ken - 2; Sophie - 4; Gennie - 4; Maple - 2; Dana - 9; Warren - 26.
masa44: Versie - 7; Harriette - 25; Edda - 1; Caroline - 30; Delila - 2; Jeremiah - 29; Sheryl - 28; Twila - 29; Vicki - 7.
masa45: Herman - 15; Oretha - 80; Milan - 7.
masa46: Coreen - 31; Leslie - 9.
masa47: Shad - 19; Darleen - 30; Debrah - 23; Charlsie - 3; Belkis - 7; Mac - 27; Otto - 2; Jeffrey - 9; Jamar - 7.
masa48: Emmaline - 5; Eneida - 19; Arnulfo - 25.
masa49: Alita - 29; Lizzie - 15; Mohammed - 3; Jordan - 20; Veta - 23; Avery - 5; Danial - 22; Gracie - 4.
masa50: Livia - 13; Sammie - 30; Ailene - 4.
masa51: Graig - 4; Forest - 19; Claudio - 4.
masa52: Gus - 21; Lawrence - 13; Adrien - 23.
masa53: Staci - 1; Matilda - 31; Reita - 21.
masa54: Gertrudis - 16; Man - 18; Geri - 18; Christeen - 28; Charlie - 30.
masa55: Oswaldo - 30; Clifton - 16; Elsie - 29; Genevive - 6; Kayce - 9; King - 1; Nicolas - 20.
masa56: Emmitt - 13; Sage - 9; Bud - 12; Madison - 5; Dixie - 18; Sterling - 21; Milo - 8; Cecile - 4; Saul - 30; Samuel - 13.
masa57: Raymon - 5; Tarra - 2; Bart - 4; Fausto - 30; Mack - 17; Jesse - 5; Melvin - 31; Kieth - 11; Gayle - 13.
masa58: Kerry - 22; Tilda - 6.
masa59: Sherly - 29; Margery - 9; Jared - 22; Arnold - 27; Edward - 31; Barney - 26; Giuseppe - 27; Aldo - 6; Janae - 17.
masa60: Yong - 18; Reanna - 20; Johnathan - 4; Tobias - 20; Abram - 28.
masa61: Alonso - 4; Berna - 24; Sang - 19; Lizeth - 11; Joannie - 21; Melda - 23; Maryjane - 17.
masa62: Gala - 4; Adeline - 13; Cythia - 25; Magali - 30; Thomas - 17; Wiley - 15.
masa63: Joaquin - 21; Pam - 7; Gale - 10; Elden - 6.
masa64: Vincenzo - 3; Chaya - 30; Hosea - 22; Lacey - 16; Pat - 21; Bradley - 9; Ligia - 28; Gretta - 7; Terica - 25.
masa65: Omer - 14; Letty - 19; Nana - 23; Sonia - 9; Emery - 6; Lady - 7; Buena - 21.
masa66: Mario - 10; Everett - 11; Numbers - 7; Madlyn - 28; Emilio - 3; Lynette - 31; Sammy - 2; Homer - 25; Bruna - 7.
masa67: Danuta - 22; Consuela - 1; Iesha - 6; Dwana - 11; Adalberto - 18.
masa68: Simon - 1; Carmina - 25; Aline - 18; Les - 24; Damon - 6; Sandra - 3; Michel - 8; Colin - 24.
masa69: Shelley - 10; Kurt - 18; Russel - 18; Roscoe - 22; Tiffiny - 21; Ronald - 8; Linn - 8; Rosa - 3.
masa0: Luigi - 1; Pauline - 4; Tomas - 5.
masa1: Elmer - 24; Shanti - 20; Josue - 23.
masa2: Cecily - 10; Ozie - 3; Arturo - 22; Hai - 5; Lanora - 22; Elizabeth - 25; Janett - 19; Philip - 10.
masa3: Collette - 19; Toya - 17; Elinore - 23.
masa4: Domenic - 17; Alesia - 24.
masa5: Darryl - 19; Joi - 25; Ricki - 9; Trudie - 26; Venus - 21; Rodolfo - 22; Burt - 16; Elvina - 15.
masa6: Randall - 18; Mary - 2; Jose - 21.
masa7: Alan - 11; Eli - 6; Elizebeth - 18; Janella - 13; Leta - 25; Lesa - 4.
masa8: Tabitha - 15; Ted - 21; Nadia - 16; Eduardo - 4; Demetrius - 23; Cedric - 15; Felice - 4; Karla - 3.
masa9: Jada - 5; Randal - 16; Sharleen - 10; Rufus - 4; Mechelle - 3; Efren - 8; Arminda - 5.
masa10: Earl - 16; Jermaine - 2; Josiah - 20; Zachery - 8; Tamara - 7.
masa11: Kip - 22.
masa12: Devin - 8; Eboni - 10; Blake - 18; Greta - 7; Dallas - 15; Malcolm - 2; Candance - 8.
masa13: Lesley - 4; Babette - 10; Coleman - 11; Chantay - 2; Conchita - 26; Harley - 10; Rikki - 18.
masa14: Natosha - 18; Chan - 8; Dimple - 3; Minh - 12; Roland - 19; Fernanda - 25; Dean - 5; Raymond - 10.
masa15: Jenell - 4; Tamar - 23.
masa16: Lakiesha - 2; Corey - 18; Gregory - 15; Hassan - 8; Duane - 6.
masa17: Nicholle - 18; Dessie - 24; Ira - 5; Maile - 17; Gaylord - 11; Jessica - 3; Lakesha - 12; Eryn - 24.
masa18: Stan - 19; Keven - 20; Heriberto - 15; Lashonda - 13; Lynda - 5; Elayne - 2; Mai - 26.
masa19: Helena - 3; Mao - 13; Earle - 12; Shawana - 13; Alfonso - 13; Brigette - 8; Hubert - 15; Marissa - 13; Amina - 25.
masa20: Flo - 16; Filomena - 8; Ricky - 18; Rosaria - 8; Tyson - 1; Buster - 25; Latasha - 26; Willian - 16; Jeannie - 14.
masa21: Echo - 15; Shemeka - 1; Cleo - 24; Stephanie - 20; Grayce - 24; Samella - 1.
masa22: Emiko - 3; Camellia - 4; Sydney - 8; Denver - 3; Loretta - 25.
masa23: Devon - 17; Kraig - 11; Delena - 4; Morris - 5.
masa24: Rosario - 18; Percy - 26; Kaylene - 4; Mariann - 23; Virgil - 4; Kristeen - 14; Yuonne - 24; Lawerence - 20; Brant - 24.
masa25: Shirlee - 3; Lianne - 4; Ivy - 15.
masa26: Sharlene - 14; Valentin - 13; Tamala - 16; Andy - 9; Hiram - 2; Milda - 11; Kamilah - 21.
masa27: Lawanda - 18; Ernie - 15; Pearlene - 25; Yan - 5; Augustus - 17; Jacklyn - 4; Kellie - 21; Lois - 16.
masa28: Brett - 10; Gregorio - 19; Natacha - 22; Tera - 10.
masa29: Abe - 12; Daine - 11.
masa30: Asa - 24; Colene - 9; Malia - 22; Jaunita - 13; Brianne - 11; Levi - 5; Jere - 12.
masa31: Nathaniel - 8; Wilmer - 2; Jackie - 15; Herb - 15; Hayden - 3.
masa32: Hershel - 1; Evelyn - 5; Lyla - 24; Jayson - 7.
masa33: Leopoldo - 22; Loura - 14; Johnette - 24; Edmund - 10; Renaldo - 22; Matthew - 7; Willy - 2; Vivien - 2.
masa34: Maris - 24; Kourtney - 5; Ignacio - 13; Catarina - 19; Tonda - 20; Lourdes - 17; Kristen - 3; Theodora - 16; Kemberly - 4; Kendall - 12.
masa35: Hong - 17; Shannon - 5; Ramiro - 11; Santo - 14; Jesus - 14; Darline - 20.
masa36: Pei - 1; Angel - 19; Farah - 13; Carlee - 21; Nery - 18; Shakia - 5; Harold - 1; Phillip - 14.
masa37: Emile - 15; Ashley - 12; Alva - 25; Bertram - 4; Hans - 5.
masa38: Horacio - 19; Manual - 7; Mervin - 3; Timmy - 9; Janean - 8.
masa39: Fidel - 22; Eddie - 9; Troy - 8.
masa40: Bobbie - 23; Claudine - 2; Gilbert - 24; Norbert - 26.
masa41: Paulina - 24; Kiley - 13; Nelly - 8; Isidro - 16.
masa42: Efrain - 2; Evelia - 14; Cicely - 13; Danette - 24; Saturnina - 17.
masa43: Dana - 4; Warren - 21.
masa44: Twila - 24; Vicki - 2; Versie - 2; Harriette - 20; Caroline - 25; Jeremiah - 24; Sheryl - 23.
masa45: Milan - 2; Herman - 10; Oretha - 75.
masa46: Leslie - 4; Coreen - 26.
masa47: Jeffrey - 4; Jamar - 2; Shad - 14; Darleen - 25; Debrah - 18; Belkis - 2; Mac - 22.
masa48: Arnulfo - 20; Eneida - 14.
masa49: Danial - 17; Alita - 24; Lizzie - 10; Jordan - 15; Veta - 18.
masa50: Livia - 8; Sammie - 25.
masa51: Forest - 14.
masa52: Adrien - 18; Gus - 16; Lawrence - 8.
masa53: Matilda - 26; Reita - 16.
masa54: Gertrudis - 11; Man - 13; Geri - 13; Christeen - 23; Charlie - 25.
masa55: Nicolas - 15; Oswaldo - 25; Clifton - 11; Elsie - 24; Genevive - 1; Kayce - 4.
masa56: Sterling - 16; Milo - 3; Saul - 25; Samuel - 8; Emmitt - 8; Sage - 4; Bud - 7; Dixie - 13.
masa57: Melvin - 26; Kieth - 6; Gayle - 8; Fausto - 25; Mack - 12.
masa58: Tilda - 1; Kerry - 17.
masa59: Barney - 21; Giuseppe - 22; Aldo - 1; Janae - 12; Sherly - 24; Margery - 4; Jared - 17; Arnold - 22; Edward - 26.
masa60: Yong - 13; Reanna - 15; Tobias - 15; Abram - 23.
masa61: Melda - 18; Maryjane - 12; Berna - 19; Sang - 14; Lizeth - 6; Joannie - 16.
masa62: Wiley - 10; Adeline - 8; Cythia - 20; Magali - 25; Thomas - 12.
masa63: Pam - 2; Gale - 5; Elden - 1; Joaquin - 16.
masa64: Bradley - 4; Ligia - 23; Gretta - 2; Terica - 20; Chaya - 25; Hosea - 17; Lacey - 11; Pat - 16.
masa65: Lady - 2; Buena - 16; Omer - 9; Letty - 14; Nana - 18; Sonia - 4; Emery - 1.
masa66: Homer - 20; Bruna - 2; Mario - 5; Everett - 6; Numbers - 2; Madlyn - 23; Lynette - 26.
masa67: Iesha - 1; Dwana - 6; Adalberto - 13; Danuta - 17.
masa68: Michel - 3; Colin - 19; Carmina - 20; Aline - 13; Les - 19; Damon - 1.
masa69: Ronald - 3; Linn - 3; Shelley - 5; Kurt - 13; Russel - 13; Roscoe - 17; Tiffiny - 16.
masa1: Josue - 18; Elmer - 19; Shanti - 15.
masa2: Elizabeth - 20; Janett - 14; Philip - 5; Cecily - 5; Arturo - 17; Lanora - 17.
masa3: Elinore - 18; Collette - 14; Toya - 12.
masa4: Alesia - 19; Domenic - 12.
masa5: Rodolfo - 17; Burt - 11; Elvina - 10; Darryl - 14; Joi - 20; Ricki - 4; Trudie - 21; Venus - 16.
masa6: Randall - 13; Jose - 16.
masa7: Alan - 6; Eli - 1; Elizebeth - 13; Janella - 8; Leta - 20.
masa8: Cedric - 10; Tabitha - 10; Ted - 16; Nadia - 11; Demetrius - 18.
masa9: Randal - 11; Sharleen - 5; Efren - 3.
masa10: Earl - 11; Josiah - 15; Zachery - 3; Tamara - 2.
masa11: Kip - 17.
masa12: Candance - 3; Devin - 3; Eboni - 5; Blake - 13; Greta - 2; Dallas - 10.
masa13: Rikki - 13; Babette - 5; Coleman - 6; Conchita - 21; Harley - 5.
masa14: Fernanda - 20; Raymond - 5; Natosha - 13; Chan - 3; Minh - 7; Roland - 14.
masa15: Tamar - 18.
masa16: Corey - 13; Gregory - 10; Hassan - 3; Duane - 1.
masa17: Lakesha - 7; Eryn - 19; Nicholle - 13; Dessie - 19; Maile - 12; Gaylord - 6.
masa18: Mai - 21; Stan - 14; Keven - 15; Heriberto - 10; Lashonda - 8.
masa19: Brigette - 3; Hubert - 10; Marissa - 8; Amina - 20; Mao - 8; Earle - 7; Shawana - 8; Alfonso - 8.
masa20: Latasha - 21; Willian - 11; Jeannie - 9; Flo - 11; Filomena - 3; Ricky - 13; Rosaria - 3; Buster - 20.
masa21: Cleo - 19; Stephanie - 15; Grayce - 19; Echo - 10.
masa22: Loretta - 20; Sydney - 3.
masa23: Kraig - 6; Devon - 12.
masa24: Yuonne - 19; Lawerence - 15; Brant - 19; Rosario - 13; Percy - 21; Mariann - 18; Kristeen - 9.
masa25: Ivy - 10.
masa26: Kamilah - 16; Sharlene - 9; Valentin - 8; Tamala - 11; Andy - 4; Milda - 6.
masa27: Kellie - 16; Lois - 11; Lawanda - 13; Ernie - 10; Pearlene - 20; Augustus - 12.
masa28: Gregorio - 14; Natacha - 17; Tera - 5; Brett - 5.
masa29: Daine - 6; Abe - 7.
masa30: Jere - 7; Asa - 19; Colene - 4; Malia - 17; Jaunita - 8; Brianne - 6.
masa31: Jackie - 10; Herb - 10; Nathaniel - 3.
masa32: Lyla - 19; Jayson - 2.
masa33: Matthew - 2; Leopoldo - 17; Loura - 9; Johnette - 19; Edmund - 5; Renaldo - 17.
masa34: Lourdes - 12; Theodora - 11; Kendall - 7; Maris - 19; Ignacio - 8; Catarina - 14; Tonda - 15.
masa35: Darline - 15; Hong - 12; Ramiro - 6; Santo - 9; Jesus - 9.
masa36: Phillip - 9; Angel - 14; Farah - 8; Carlee - 16; Nery - 13.
masa37: Emile - 10; Ashley - 7; Alva - 20.
masa38: Horacio - 14; Manual - 2; Timmy - 4; Janean - 3.
masa39: Troy - 3; Fidel - 17; Eddie - 4.
masa40: Gilbert - 19; Norbert - 21; Bobbie - 18.
masa41: Kiley - 8; Nelly - 3; Isidro - 11; Paulina - 19.
masa42: Evelia - 9; Cicely - 8; Danette - 19; Saturnina - 12.
masa43: Warren - 16.
masa44: Sheryl - 18; Twila - 19; Harriette - 15; Caroline - 20; Jeremiah - 19.
masa45: Herman - 5; Oretha - 70.
masa46: Coreen - 21.
masa47: Mac - 17; Shad - 9; Darleen - 20; Debrah - 13.
masa48: Eneida - 9; Arnulfo - 15.
masa49: Danial - 12; Alita - 19; Lizzie - 5; Jordan - 10; Veta - 13.
masa50: Sammie - 20; Livia - 3.
masa51: Forest - 9.
masa52: Lawrence - 3; Adrien - 13; Gus - 11.
masa53: Reita - 11; Matilda - 21.
masa54: Gertrudis - 6; Man - 8; Geri - 8; Christeen - 18; Charlie - 20.
masa55: Oswaldo - 20; Clifton - 6; Elsie - 19; Nicolas - 10.
masa56: Bud - 2; Dixie - 8; Sterling - 11; Saul - 20; Samuel - 3; Emmitt - 3.
masa57: Melvin - 21; Kieth - 1; Gayle - 3; Fausto - 20; Mack - 7.
masa58: Kerry - 12.
masa59: Arnold - 17; Edward - 21; Barney - 16; Giuseppe - 17; Janae - 7; Sherly - 19; Jared - 12.
masa60: Reanna - 10; Tobias - 10; Abram - 18; Yong - 8.
masa61: Joannie - 11; Melda - 13; Maryjane - 7; Berna - 14; Sang - 9; Lizeth - 1.
masa62: Wiley - 5; Adeline - 3; Cythia - 15; Magali - 20; Thomas - 7.
masa63: Joaquin - 11.
masa64: Lacey - 6; Pat - 11; Ligia - 18; Terica - 15; Chaya - 20; Hosea - 12.
masa65: Buena - 11; Omer - 4; Letty - 9; Nana - 13.
masa66: Lynette - 21; Homer - 15; Everett - 1; Madlyn - 18.
masa67: Adalberto - 8; Danuta - 12; Dwana - 1.
masa68: Colin - 14; Carmina - 15; Aline - 8; Les - 14.
masa69: Roscoe - 12; Tiffiny - 11; Kurt - 8; Russel - 8.
masa1: Shanti - 10; Josue - 13; Elmer - 14.
masa2: Lanora - 12; Elizabeth - 15; Janett - 9; Arturo - 12.
masa3: Toya - 7; Elinore - 13; Collette - 9.
masa4: Domenic - 7; Alesia - 14.
masa5: Trudie - 16; Venus - 11; Rodolfo - 12; Burt - 6; Elvina - 5; Darryl - 9; Joi - 15.
masa6: Jose - 11; Randall - 8.
masa7: Elizebeth - 8; Janella - 3; Leta - 15; Alan - 1.
masa8: Cedric - 5; Tabitha - 5; Ted - 11; Nadia - 6; Demetrius - 13.
masa9: Randal - 6.
masa10: Earl - 6; Josiah - 10.
masa11: Kip - 12.
masa12: Blake - 8; Dallas - 5.
masa13: Rikki - 8; Coleman - 1; Conchita - 16.
masa14: Fernanda - 15; Natosha - 8; Minh - 2; Roland - 9.
masa15: Tamar - 13.
masa16: Corey - 8; Gregory - 5.
masa17: Gaylord - 1; Lakesha - 2; Eryn - 14; Nicholle - 8; Dessie - 14; Maile - 7.
masa18: Mai - 16; Stan - 9; Keven - 10; Heriberto - 5; Lashonda - 3.
masa19: Earle - 2; Shawana - 3; Alfonso - 3; Hubert - 5; Marissa - 3; Amina - 15; Mao - 3.
masa20: Buster - 15; Latasha - 16; Willian - 6; Jeannie - 4; Flo - 6; Ricky - 8.
masa21: Stephanie - 10; Grayce - 14; Echo - 5; Cleo - 14.
masa22: Loretta - 15.
masa23: Devon - 7; Kraig - 1.
masa24: Mariann - 13; Kristeen - 4; Yuonne - 14; Lawerence - 10; Brant - 14; Rosario - 8; Percy - 16.
masa25: Ivy - 5.
masa26: Kamilah - 11; Sharlene - 4; Valentin - 3; Tamala - 6; Milda - 1.
masa27: Augustus - 7; Kellie - 11; Lois - 6; Lawanda - 8; Ernie - 5; Pearlene - 15.
masa28: Natacha - 12; Gregorio - 9.
masa29: Abe - 2; Daine - 1.
masa30: Brianne - 1; Jere - 2; Asa - 14; Malia - 12; Jaunita - 3.
masa31: Jackie - 5; Herb - 5.
masa32: Lyla - 14.
masa33: Renaldo - 12; Leopoldo - 12; Loura - 4; Johnette - 14.
masa34: Catarina - 9; Tonda - 10; Lourdes - 7; Theodora - 6; Kendall - 2; Maris - 14; Ignacio - 3.
masa35: Darline - 10; Hong - 7; Ramiro - 1; Santo - 4; Jesus - 4.
masa36: Phillip - 4; Angel - 9; Farah - 3; Carlee - 11; Nery - 8.
masa37: Alva - 15; Emile - 5; Ashley - 2.
masa38: Horacio - 9.
masa39: Fidel - 12.
masa40: Bobbie - 13; Gilbert - 14; Norbert - 16.
masa41: Isidro - 6; Paulina - 14; Kiley - 3.
masa42: Cicely - 3; Danette - 14; Saturnina - 7; Evelia - 4.
masa43: Warren - 11.
masa44: Sheryl - 13; Twila - 14; Harriette - 10; Caroline - 15; Jeremiah - 14.
masa45: Oretha - 65.
masa46: Coreen - 16.
masa47: Shad - 4; Darleen - 15; Debrah - 8; Mac - 12.
masa48: Arnulfo - 10; Eneida - 4.
masa49: Danial - 7; Alita - 14; Jordan - 5; Veta - 8.
masa50: Sammie - 15.
masa51: Forest - 4.
masa52: Adrien - 8; Gus - 6.
masa53: Matilda - 16; Reita - 6.
masa54: Gertrudis - 1; Man - 3; Geri - 3; Christeen - 13; Charlie - 15.
masa55: Clifton - 1; Elsie - 14; Nicolas - 5; Oswaldo - 15.
masa56: Sterling - 6; Saul - 15; Dixie - 3.
masa57: Fausto - 15; Mack - 2; Melvin - 16.
masa58: Kerry - 7.
masa59: Sherly - 14; Jared - 7; Arnold - 12; Edward - 16; Barney - 11; Giuseppe - 12; Janae - 2.
masa60: Tobias - 5; Abram - 13; Yong - 3; Reanna - 5.
masa61: Joannie - 6; Melda - 8; Maryjane - 2; Berna - 9; Sang - 4.
masa62: Cythia - 10; Magali - 15; Thomas - 2.
masa63: Joaquin - 6.
masa64: Hosea - 7; Lacey - 1; Pat - 6; Ligia - 13; Terica - 10; Chaya - 15.
masa65: Letty - 4; Nana - 8; Buena - 6.
masa66: Madlyn - 13; Lynette - 16; Homer - 10.
masa67: Danuta - 7; Adalberto - 3.
masa68: Carmina - 10; Aline - 3; Les - 9; Colin - 9.
masa69: Tiffiny - 6; Kurt - 3; Russel - 3; Roscoe - 7.
