masa0: Troy - 37; Vivien - 49; Joannie - 45; Malcolm - 30.
masa1: Shanti - 48; Timmy - 28; Efrain - 17; Samella - 22; Shemeka - 32.
masa2: Sherly - 18; Keven - 36; Walton - 48; Jerome - 15; Gretta - 31.
masa3: Berna - 40; Emmitt - 21.
masa4: Jung - 34; Dessie - 6; Reita - 13; Aisha - 29; Wyatt - 22; Manual - 32.
masa5: Heidi - 48; Darren - 19; Elida - 20; Cecelia - 44; Ted - 19; Hiram - 8; Shirlee - 43.
masa6: Kellie - 9; Iesha - 30; Lizeth - 43; Shaquana - 29.
masa7: Candance - 31; Amalia - 18; Darleen - 5; Oneida - 43; Bruna - 38; Ramiro - 33.
masa8: Flo - 13; Jarrett - 19; Elane - 12; Misha - 9; Kiley - 48; Alonso - 44; Karl - 45.
masa9: Merna - 29; Helena - 11; Charley - 14.
masa10: Tamara - 10; Augustus - 33; Kelly - 18.
masa11: Melvin - 51; Modesto - 37; Karla - 9; Twyla - 29; Lourdes - 51; Minh - 15; Arnulfo - 12.
masa12: Filomena - 10; Elinore - 10; Trudie - 50; Greta - 43; Bernice - 38.
masa13: Reinaldo - 14; Sherri - 48; Lawerence - 12; Sammie - 36; Derrick - 35.
masa14: Val - 37; Jeni - 51.
masa15: Otto - 46; Graig - 16.
masa16: Jay - 39; Reyes - 10; Clement - 7; Stuart - 31.
masa17: Jessica - 20; Nadia - 6; Margery - 42; Alane - 8; Vannesa - 34.
masa18: Florentino - 16; Kemberly - 24; Vincenzo - 44; Geri - 39; Alesia - 13.
masa19: Mary - 39; Farrah - 34.
masa20: Claudine - 23; Myrtle - 20; Nathaniel - 42.
masa21: Dean - 48; Gilbert - 10.
masa22: Marcelo - 18; Matilda - 49.
masa23: Weldon - 4; Michel - 34; Dillon - 25; Lyla - 33.
masa24: Wilson - 8; Leta - 17.
masa25: Carmina - 45; Johnnie - 48; Jeremiah - 33; Leandro - 6; Randall - 8; Shin - 16; Dion - 35.
masa26: Hal - 24; Edmund - 5; Malka - 28; Markus - 19.
masa27: Porfirio - 26; Barney - 51.
masa28: Stan - 47; Twila - 37; Jamar - 18; Lynn - 15.
masa29: Raisa - 40; Emile - 19.
masa30: Lachelle - 45; Janyce - 24.
masa31: Hershel - 34; Horacio - 34; Joanna - 46; Camellia - 20; Olin - 37.
masa32: Janean - 48; Clifton - 49; Zina - 17; Caroline - 10; Janella - 41; Rodolfo - 46.
masa33: Abram - 29; Elizebeth - 12; Tyson - 6; Renna - 11; Abe - 50.
masa34: Damon - 35; Gus - 50; Staci - 28.
masa35: Lanora - 21; Gwendolyn - 49; Chantay - 49; Emiko - 43.
masa36: Genevive - 26; Bertram - 38; Colin - 27.
masa37: Kieth - 15; Alita - 18; Joie - 30; Elsie - 9; Darrel - 7; Alverta - 6.
masa38: Malia - 22; Mac - 21; Charlyn - 25; Shawn - 16; Mack - 17; Arline - 38.
masa39: Phuong - 35; Joaquina - 13.
masa40: Julietta - 9; Philip - 50; Leif - 48; Bart - 43; Josiah - 15; Eli - 50; Jacquie - 18.
masa41: Irwin - 45; Danuta - 11; Mervin - 4; Devin - 41.
masa42: Leslie - 9; Elena - 15; Melda - 49; Gabriel - 16.
masa43: Burl - 20; Bradley - 39; Asa - 10; Parker - 15.
masa44: Christy - 22; Kamilah - 4; Bobbi - 34; Howard - 48; Samuel - 42; Sonia - 14.
masa45: Alpha - 15; Christeen - 22; Janett - 51.
masa46: Lakesha - 14; Rufus - 29.
masa47: Mao - 7; Jordan - 25.
masa48: Consuela - 18; Pauline - 13; Joanie - 40; Marshall - 4; Gennie - 18; Clarinda - 49; Jewel - 30.
masa49: Yan - 21; Heriberto - 18; Efren - 4; Oretha - 26; Loura - 18; Omer - 5; Filiberto - 45.
masa50: Leland - 30; Belkis - 36; Santo - 24.
masa51: Elmer - 30; Milan - 29; Amos - 15.
masa52: Evelyne - 48; Norbert - 51; Natosha - 31.
masa53: Delila - 19; Ricki - 15; Kip - 6; Everett - 39; Emmaline - 10.
masa54: Walker - 22; Sterling - 22; Jayson - 31; Takako - 22.
masa55: Zachery - 25; Marissa - 34; Rosaria - 11; Rikki - 18; Buena - 18; Levi - 46; Hubert - 33.
masa56: Jared - 21; Jeffrey - 45; Brianne - 44; Morton - 4.
masa57: Danial - 49; Virgil - 10; Grayce - 35; Linn - 18.
masa58: Anne - 50; Callie - 40; Burt - 17; Janae - 17; Soraya - 11; Shannon - 33; Chaya - 37.
masa59: Babette - 25; Adalberto - 6.
masa60: Sage - 12; Lesa - 48; Elizabeth - 47; Hosea - 5; Adrien - 51; Willy - 33; Dwana - 4.
masa61: Nana - 40; Argelia - 16; Cythia - 38; Elvina - 41; Roscoe - 50.
masa62: Ulysses - 28; Lisbeth - 30; Thomas - 38; Pei - 26.
masa63: King - 42; Chan - 51; Duane - 21; Lacey - 51.
masa64: Dallas - 6; Adeline - 21.
masa65: Hong - 48; Stasia - 24; Hugo - 30; Kalyn - 45; Karry - 42; Jong - 36; Darryl - 19.
masa66: Zachary - 9; Alan - 30; Harriette - 8.
masa67: Santiago - 23; Kurtis - 5.
masa68: Dixie - 51; Elayne - 13.
masa69: Saturnina - 11; Madelaine - 7; Johnette - 8; Amina - 29; Jackie - 23.
masa0: Vivien - 48; Joannie - 44; Malcolm - 29; Troy - 36.
masa1: Timmy - 27; Efrain - 16; Samella - 21; Shemeka - 31; Shanti - 47.
masa2: Keven - 35; Walton - 47; Jerome - 14; Gretta - 30; Sherly - 17.
masa3: Emmitt - 20; Berna - 39.
masa4: Dessie - 5; Reita - 12; Aisha - 28; Wyatt - 21; Manual - 31; Jung - 33.
masa5: Darren - 18; Elida - 19; Cecelia - 43; Ted - 18; Hiram - 7; Shirlee - 42; Heidi - 47.
masa6: Iesha - 29; Lizeth - 42; Shaquana - 28; Kellie - 8.
masa7: Amalia - 17; Darleen - 4; Oneida - 42; Bruna - 37; Ramiro - 32; Candance - 30.
masa8: Jarrett - 18; Elane - 11; Misha - 8; Kiley - 47; Alonso - 43; Karl - 44; Flo - 12.
masa9: Helena - 10; Charley - 13; Merna - 28.
masa10: Tamara - 10; Augustus - 33; Kelly - 18.
masa11: Melvin - 51; Modesto - 37; Karla - 9; Twyla - 29; Lourdes - 51; Minh - 15; Arnulfo - 12.
masa12: Filomena - 10; Elinore - 10; Trudie - 50; Greta - 43; Bernice - 38.
masa13: Reinaldo - 14; Sherri - 48; Lawerence - 12; Sammie - 36; Derrick - 35.
masa14: Val - 37; Jeni - 51.
masa15: Otto - 46; Graig - 16.
masa16: Jay - 39; Reyes - 10; Clement - 7; Stuart - 31.
masa17: Jessica - 20; Nadia - 6; Margery - 42; Alane - 8; Vannesa - 34.
masa18: Florentino - 16; Kemberly - 24; Vincenzo - 44; Geri - 39; Alesia - 13.
masa19: Mary - 39; Farrah - 34.
masa20: Claudine - 23; Myrtle - 20; Nathaniel - 42.
masa21: Dean - 48; Gilbert - 10.
masa22: Marcelo - 18; Matilda - 49.
masa23: Weldon - 4; Michel - 34; Dillon - 25; Lyla - 33.
masa24: Wilson - 8; Leta - 17.
masa25: Carmina - 45; Johnnie - 48; Jeremiah - 33; Leandro - 6; Randall - 8; Shin - 16; Dion - 35.
masa26: Hal - 24; Edmund - 5; Malka - 28; Markus - 19.
masa27: Porfirio - 26; Barney - 51.
masa28: Stan - 47; Twila - 37; Jamar - 18; Lynn - 15.
masa29: Raisa - 40; Emile - 19.
masa30: Lachelle - 45; Janyce - 24.
masa31: Hershel - 34; Horacio - 34; Joanna - 46; Camellia - 20; Olin - 37.
masa32: Janean - 48; Clifton - 49; Zina - 17; Caroline - 10; Janella - 41; Rodolfo - 46.
masa33: Abram - 29; Elizebeth - 12; Tyson - 6; Renna - 11; Abe - 50.
masa34: Damon - 35; Gus - 50; Staci - 28.
masa35: Lanora - 21; Gwendolyn - 49; Chantay - 49; Emiko - 43.
masa36: Genevive - 26; Bertram - 38; Colin - 27.
masa37: Kieth - 15; Alita - 18; Joie - 30; Elsie - 9; Darrel - 7; Alverta - 6.
masa38: Malia - 22; Mac - 21; Charlyn - 25; Shawn - 16; Mack - 17; Arline - 38.
masa39: Phuong - 35; Joaquina - 13.
masa40: Julietta - 9; Philip - 50; Leif - 48; Bart - 43; Josiah - 15; Eli - 50; Jacquie - 18.
masa41: Irwin - 45; Danuta - 11; Mervin - 4; Devin - 41.
masa42: Leslie - 9; Elena - 15; Melda - 49; Gabriel - 16.
masa43: Burl - 20; Bradley - 39; Asa - 10; Parker - 15.
masa44: Christy - 22; Kamilah - 4; Bobbi - 34; Howard - 48; Samuel - 42; Sonia - 14.
masa45: Alpha - 15; Christeen - 22; Janett - 51.
masa46: Lakesha - 14; Rufus - 29.
masa47: Mao - 7; Jordan - 25.
masa48: Consuela - 18; Pauline - 13; Joanie - 40; Marshall - 4; Gennie - 18; Clarinda - 49; Jewel - 30.
masa49: Yan - 21; Heriberto - 18; Efren - 4; Oretha - 26; Loura - 18; Omer - 5; Filiberto - 45.
masa50: Leland - 30; Belkis - 36; Santo - 24.
masa51: Elmer - 30; Milan - 29; Amos - 15.
masa52: Evelyne - 48; Norbert - 51; Natosha - 31.
masa53: Delila - 19; Ricki - 15; Kip - 6; Everett - 39; Emmaline - 10.
masa54: Walker - 22; Sterling - 22; Jayson - 31; Takako - 22.
masa55: Zachery - 25; Marissa - 34; Rosaria - 11; Rikki - 18; Buena - 18; Levi - 46; Hubert - 33.
masa56: Jared - 21; Jeffrey - 45; Brianne - 44; Morton - 4.
masa57: Danial - 49; Virgil - 10; Grayce - 35; Linn - 18.
masa58: Anne - 50; Callie - 40; Burt - 17; Janae - 17; Soraya - 11; Shannon - 33; Chaya - 37.
masa59: Babette - 25; Adalberto - 6.
masa60: Sage - 12; Lesa - 48; Elizabeth - 47; Hosea - 5; Adrien - 51; Willy - 33; Dwana - 4.
masa61: Nana - 40; Argelia - 16; Cythia - 38; Elvina - 41; Roscoe - 50.
masa62: Ulysses - 28; Lisbeth - 30; Thomas - 38; Pei - 26.
masa63: King - 42; Chan - 51; Duane - 21; Lacey - 51.
masa64: Dallas - 6; Adeline - 21.
masa65: Hong - 48; Stasia - 24; Hugo - 30; Kalyn - 45; Karry - 42; Jong - 36; Darryl - 19.
masa66: Zachary - 9; Alan - 30; Harriette - 8.
masa67: Santiago - 23; Kurtis - 5.
masa68: Dixie - 51; Elayne - 13.
masa69: Madelaine - 1; Johnette - 2; Amina - 23; Jackie - 17; Saturnina - 5.
masa0: Vivien - 48; Joannie - 44; Malcolm - 29; Troy - 36.
masa1: Timmy - 27; Efrain - 16; Samella - 21; Shemeka - 31; Shanti - 47.
masa2: Keven - 35; Walton - 47; Jerome - 14; Gretta - 30; Sherly - 17.
masa3: Emmitt - 20; Berna - 39.
masa4: Dessie - 5; Reita - 12; Aisha - 28; Wyatt - 21; Manual - 31; Jung - 33.
masa5: Darren - 18; Elida - 19; Cecelia - 43; Ted - 18; Hiram - 7; Shirlee - 42; Heidi - 47.
masa6: Iesha - 29; Lizeth - 42; Shaquana - 28; Kellie - 8.
masa7: Amalia - 17; Darleen - 4; Oneida - 42; Bruna - 37; Ramiro - 32; Candance - 30.
masa8: Jarrett - 18; Elane - 11; Misha - 8; Kiley - 47; Alonso - 43; Karl - 44; Flo - 12.
masa9: Helena - 10; Charley - 13; Merna - 28.
masa10: Augustus - 32; Kelly - 17; Tamara - 9.
masa11: Modesto - 36; Karla - 8; Twyla - 28; Lourdes - 50; Minh - 14; Arnulfo - 11; Melvin - 50.
masa12: Elinore - 9; Trudie - 49; Greta - 42; Bernice - 37; Filomena - 9.
masa13: Sherri - 47; Lawerence - 11; Sammie - 35; Derrick - 34; Reinaldo - 13.
masa14: Jeni - 50; Val - 36.
masa15: Graig - 15; Otto - 45.
masa16: Reyes - 9; Clement - 6; Stuart - 30; Jay - 38.
masa17: Nadia - 5; Margery - 41; Alane - 7; Vannesa - 33; Jessica - 19.
masa18: Kemberly - 23; Vincenzo - 43; Geri - 38; Alesia - 12; Florentino - 15.
masa19: Farrah - 33; Mary - 38.
masa20: Claudine - 23; Myrtle - 20; Nathaniel - 42.
masa21: Dean - 48; Gilbert - 10.
masa22: Marcelo - 18; Matilda - 49.
masa23: Weldon - 4; Michel - 34; Dillon - 25; Lyla - 33.
masa24: Wilson - 8; Leta - 17.
masa25: Carmina - 45; Johnnie - 48; Jeremiah - 33; Leandro - 6; Randall - 8; Shin - 16; Dion - 35.
masa26: Hal - 24; Edmund - 5; Malka - 28; Markus - 19.
masa27: Porfirio - 26; Barney - 51.
masa28: Stan - 47; Twila - 37; Jamar - 18; Lynn - 15.
masa29: Raisa - 40; Emile - 19.
masa30: Lachelle - 45; Janyce - 24.
masa31: Hershel - 34; Horacio - 34; Joanna - 46; Camellia - 20; Olin - 37.
masa32: Janean - 48; Clifton - 49; Zina - 17; Caroline - 10; Janella - 41; Rodolfo - 46.
masa33: Abram - 29; Elizebeth - 12; Tyson - 6; Renna - 11; Abe - 50.
masa34: Damon - 35; Gus - 50; Staci - 28.
masa35: Lanora - 21; Gwendolyn - 49; Chantay - 49; Emiko - 43.
masa36: Genevive - 26; Bertram - 38; Colin - 27.
masa37: Kieth - 15; Alita - 18; Joie - 30; Elsie - 9; Darrel - 7; Alverta - 6.
masa38: Malia - 22; Mac - 21; Charlyn - 25; Shawn - 16; Mack - 17; Arline - 38.
masa39: Phuong - 35; Joaquina - 13.
masa40: Julietta - 9; Philip - 50; Leif - 48; Bart - 43; Josiah - 15; Eli - 50; Jacquie - 18.
masa41: Irwin - 45; Danuta - 11; Mervin - 4; Devin - 41.
masa42: Leslie - 9; Elena - 15; Melda - 49; Gabriel - 16.
masa43: Burl - 20; Bradley - 39; Asa - 10; Parker - 15.
masa44: Christy - 22; Kamilah - 4; Bobbi - 34; Howard - 48; Samuel - 42; Sonia - 14.
masa45: Alpha - 15; Christeen - 22; Janett - 51.
masa46: Lakesha - 14; Rufus - 29.
masa47: Mao - 7; Jordan - 25.
masa48: Consuela - 18; Pauline - 13; Joanie - 40; Marshall - 4; Gennie - 18; Clarinda - 49; Jewel - 30.
masa49: Yan - 21; Heriberto - 18; Efren - 4; Oretha - 26; Loura - 18; Omer - 5; Filiberto - 45.
masa50: Leland - 30; Belkis - 36; Santo - 24.
masa51: Elmer - 30; Milan - 29; Amos - 15.
masa52: Evelyne - 48; Norbert - 51; Natosha - 31.
masa53: Delila - 19; Ricki - 15; Kip - 6; Everett - 39; Emmaline - 10.
masa54: Walker - 22; Sterling - 22; Jayson - 31; Takako - 22.
masa55: Zachery - 25; Marissa - 34; Rosaria - 11; Rikki - 18; Buena - 18; Levi - 46; Hubert - 33.
masa56: Jared - 21; Jeffrey - 45; Brianne - 44; Morton - 4.
masa57: Danial - 49; Virgil - 10; Grayce - 35; Linn - 18.
masa58: Anne - 50; Callie - 40; Burt - 17; Janae - 17; Soraya - 11; Shannon - 33; Chaya - 37.
masa59: Babette - 25; Adalberto - 6.
masa60: Sage - 12; Lesa - 48; Elizabeth - 47; Hosea - 5; Adrien - 51; Willy - 33; Dwana - 4.
masa61: Nana - 40; Argelia - 16; Cythia - 38; Elvina - 41; Roscoe - 50.
masa62: Ulysses - 28; Lisbeth - 30; Thomas - 38; Pei - 26.
masa63: King - 42; Chan - 51; Duane - 21; Lacey - 51.
masa64: Dallas - 6; Adeline - 21.
masa65: Hong - 48; Stasia - 24; Hugo - 30; Kalyn - 45; Karry - 42; Jong - 36; Darryl - 19.
masa66: Zachary - 9; Alan - 30; Harriette - 8.
masa67: Santiago - 23; Kurtis - 5.
masa68: Dixie - 51; Elayne - 13.
masa69: Amina - 18; Jackie - 12.
masa0: Vivien - 48; Joannie - 44; Malcolm - 29; Troy - 36.
masa1: Timmy - 27; Efrain - 16; Samella - 21; Shemeka - 31; Shanti - 47.
masa2: Keven - 35; Walton - 47; Jerome - 14; Gretta - 30; Sherly - 17.
masa3: Emmitt - 20; Berna - 39.
masa4: Dessie - 5; Reita - 12; Aisha - 28; Wyatt - 21; Manual - 31; Jung - 33.
masa5: Darren - 18; Elida - 19; Cecelia - 43; Ted - 18; Hiram - 7; Shirlee - 42; Heidi - 47.
masa6: Iesha - 29; Lizeth - 42; Shaquana - 28; Kellie - 8.
masa7: Amalia - 17; Darleen - 4; Oneida - 42; Bruna - 37; Ramiro - 32; Candance - 30.
masa8: Jarrett - 18; Elane - 11; Misha - 8; Kiley - 47; Alonso - 43; Karl - 44; Flo - 12.
masa9: Helena - 10; Charley - 13; Merna - 28.
masa10: Augustus - 32; Kelly - 17; Tamara - 9.
masa11: Modesto - 36; Karla - 8; Twyla - 28; Lourdes - 50; Minh - 14; Arnulfo - 11; Melvin - 50.
masa12: Elinore - 9; Trudie - 49; Greta - 42; Bernice - 37; Filomena - 9.
masa13: Sherri - 47; Lawerence - 11; Sammie - 35; Derrick - 34; Reinaldo - 13.
masa14: Jeni - 50; Val - 36.
masa15: Graig - 15; Otto - 45.
masa16: Reyes - 9; Clement - 6; Stuart - 30; Jay - 38.
masa17: Nadia - 5; Margery - 41; Alane - 7; Vannesa - 33; Jessica - 19.
masa18: Kemberly - 23; Vincenzo - 43; Geri - 38; Alesia - 12; Florentino - 15.
masa19: Farrah - 33; Mary - 38.
masa20: Myrtle - 19; Nathaniel - 41; Claudine - 22.
masa21: Gilbert - 9; Dean - 47.
masa22: Matilda - 48; Marcelo - 17.
masa23: Michel - 33; Dillon - 24; Lyla - 32; Weldon - 3.
masa24: Leta - 16; Wilson - 7.
masa25: Johnnie - 47; Jeremiah - 32; Leandro - 5; Randall - 7; Shin - 15; Dion - 34; Carmina - 44.
masa26: Edmund - 4; Malka - 27; Markus - 18; Hal - 23.
masa27: Barney - 50; Porfirio - 25.
masa28: Twila - 36; Jamar - 17; Lynn - 14; Stan - 46.
masa29: Emile - 18; Raisa - 39.
masa30: Lachelle - 45; Janyce - 24.
masa31: Hershel - 34; Horacio - 34; Joanna - 46; Camellia - 20; Olin - 37.
masa32: Janean - 48; Clifton - 49; Zina - 17; Caroline - 10; Janella - 41; Rodolfo - 46.
masa33: Abram - 29; Elizebeth - 12; Tyson - 6; Renna - 11; Abe - 50.
masa34: Damon - 35; Gus - 50; Staci - 28.
masa35: Lanora - 21; Gwendolyn - 49; Chantay - 49; Emiko - 43.
masa36: Genevive - 26; Bertram - 38; Colin - 27.
masa37: Kieth - 15; Alita - 18; Joie - 30; Elsie - 9; Darrel - 7; Alverta - 6.
masa38: Malia - 22; Mac - 21; Charlyn - 25; Shawn - 16; Mack - 17; Arline - 38.
masa39: Phuong - 35; Joaquina - 13.
masa40: Julietta - 9; Philip - 50; Leif - 48; Bart - 43; Josiah - 15; Eli - 50; Jacquie - 18.
masa41: Irwin - 45; Danuta - 11; Mervin - 4; Devin - 41.
masa42: Leslie - 9; Elena - 15; Melda - 49; Gabriel - 16.
masa43: Burl - 20; Bradley - 39; Asa - 10; Parker - 15.
masa44: Christy - 22; Kamilah - 4; Bobbi - 34; Howard - 48; Samuel - 42; Sonia - 14.
masa45: Alpha - 15; Christeen - 22; Janett - 51.
masa46: Lakesha - 14; Rufus - 29.
masa47: Mao - 7; Jordan - 25.
masa48: Consuela - 18; Pauline - 13; Joanie - 40; Marshall - 4; Gennie - 18; Clarinda - 49; Jewel - 30.
masa49: Yan - 21; Heriberto - 18; Efren - 4; Oretha - 26; Loura - 18; Omer - 5; Filiberto - 45.
masa50: Leland - 30; Belkis - 36; Santo - 24.
masa51: Elmer - 30; Milan - 29; Amos - 15.
masa52: Evelyne - 48; Norbert - 51; Natosha - 31.
masa53: Delila - 19; Ricki - 15; Kip - 6; Everett - 39; Emmaline - 10.
masa54: Walker - 22; Sterling - 22; Jayson - 31; Takako - 22.
masa55: Zachery - 25; Marissa - 34; Rosaria - 11; Rikki - 18; Buena - 18; Levi - 46; Hubert - 33.
masa56: Jared - 21; Jeffrey - 45; Brianne - 44; Morton - 4.
masa57: Danial - 49; Virgil - 10; Grayce - 35; Linn - 18.
masa58: Anne - 50; Callie - 40; Burt - 17; Janae - 17; Soraya - 11; Shannon - 33; Chaya - 37.
masa59: Babette - 25; Adalberto - 6.
masa60: Sage - 12; Lesa - 48; Elizabeth - 47; Hosea - 5; Adrien - 51; Willy - 33; Dwana - 4.
masa61: Nana - 40; Argelia - 16; Cythia - 38; Elvina - 41; Roscoe - 50.
masa62: Ulysses - 28; Lisbeth - 30; Thomas - 38; Pei - 26.
masa63: King - 42; Chan - 51; Duane - 21; Lacey - 51.
masa64: Dallas - 6; Adeline - 21.
masa65: Hong - 48; Stasia - 24; Hugo - 30; Kalyn - 45; Karry - 42; Jong - 36; Darryl - 19.
masa66: Zachary - 9; Alan - 30; Harriette - 8.
masa67: Santiago - 23; Kurtis - 5.
masa68: Dixie - 51; Elayne - 13.
masa69: Jackie - 7; Amina - 13.
masa0: Vivien - 48; Joannie - 44; Malcolm - 29; Troy - 36.
masa1: Timmy - 27; Efrain - 16; Samella - 21; Shemeka - 31; Shanti - 47.
masa2: Keven - 35; Walton - 47; Jerome - 14; Gretta - 30; Sherly - 17.
masa3: Emmitt - 20; Berna - 39.
masa4: Dessie - 5; Reita - 12; Aisha - 28; Wyatt - 21; Manual - 31; Jung - 33.
masa5: Darren - 18; Elida - 19; Cecelia - 43; Ted - 18; Hiram - 7; Shirlee - 42; Heidi - 47.
masa6: Iesha - 29; Lizeth - 42; Shaquana - 28; Kellie - 8.
masa7: Amalia - 17; Darleen - 4; Oneida - 42; Bruna - 37; Ramiro - 32; Candance - 30.
masa8: Jarrett - 18; Elane - 11; Misha - 8; Kiley - 47; Alonso - 43; Karl - 44; Flo - 12.
masa9: Helena - 10; Charley - 13; Merna - 28.
masa10: Augustus - 32; Kelly - 17; Tamara - 9.
masa11: Modesto - 36; Karla - 8; Twyla - 28; Lourdes - 50; Minh - 14; Arnulfo - 11; Melvin - 50.
masa12: Elinore - 9; Trudie - 49; Greta - 42; Bernice - 37; Filomena - 9.
masa13: Sherri - 47; Lawerence - 11; Sammie - 35; Derrick - 34; Reinaldo - 13.
masa14: Jeni - 50; Val - 36.
masa15: Graig - 15; Otto - 45.
masa16: Reyes - 9; Clement - 6; Stuart - 30; Jay - 38.
masa17: Nadia - 5; Margery - 41; Alane - 7; Vannesa - 33; Jessica - 19.
masa18: Kemberly - 23; Vincenzo - 43; Geri - 38; Alesia - 12; Florentino - 15.
masa19: Farrah - 33; Mary - 38.
masa20: Myrtle - 19; Nathaniel - 41; Claudine - 22.
masa21: Gilbert - 9; Dean - 47.
masa22: Matilda - 48; Marcelo - 17.
masa23: Michel - 33; Dillon - 24; Lyla - 32; Weldon - 3.
masa24: Leta - 16; Wilson - 7.
masa25: Johnnie - 47; Jeremiah - 32; Leandro - 5; Randall - 7; Shin - 15; Dion - 34; Carmina - 44.
masa26: Edmund - 4; Malka - 27; Markus - 18; Hal - 23.
masa27: Barney - 50; Porfirio - 25.
masa28: Twila - 36; Jamar - 17; Lynn - 14; Stan - 46.
masa29: Emile - 18; Raisa - 39.
masa30: Janyce - 23; Lachelle - 44.
masa31: Horacio - 33; Joanna - 45; Camellia - 19; Olin - 36; Hershel - 33.
masa32: Clifton - 48; Zina - 16; Caroline - 9; Janella - 40; Rodolfo - 45; Janean - 47.
masa33: Elizebeth - 11; Tyson - 5; Renna - 10; Abe - 49; Abram - 28.
masa34: Gus - 49; Staci - 27; Damon - 34.
masa35: Gwendolyn - 48; Chantay - 48; Emiko - 42; Lanora - 20.
masa36: Bertram - 37; Colin - 26; Genevive - 25.
masa37: Alita - 17; Joie - 29; Elsie - 8; Darrel - 6; Alverta - 5; Kieth - 14.
masa38: Mac - 20; Charlyn - 24; Shawn - 15; Mack - 16; Arline - 37; Malia - 21.
masa39: Joaquina - 12; Phuong - 34.
masa40: Julietta - 9; Philip - 50; Leif - 48; Bart - 43; Josiah - 15; Eli - 50; Jacquie - 18.
masa41: Irwin - 45; Danuta - 11; Mervin - 4; Devin - 41.
masa42: Leslie - 9; Elena - 15; Melda - 49; Gabriel - 16.
masa43: Burl - 20; Bradley - 39; Asa - 10; Parker - 15.
masa44: Christy - 22; Kamilah - 4; Bobbi - 34; Howard - 48; Samuel - 42; Sonia - 14.
masa45: Alpha - 15; Christeen - 22; Janett - 51.
masa46: Lakesha - 14; Rufus - 29.
masa47: Mao - 7; Jordan - 25.
masa48: Consuela - 18; Pauline - 13; Joanie - 40; Marshall - 4; Gennie - 18; Clarinda - 49; Jewel - 30.
masa49: Yan - 21; Heriberto - 18; Efren - 4; Oretha - 26; Loura - 18; Omer - 5; Filiberto - 45.
masa50: Leland - 30; Belkis - 36; Santo - 24.
masa51: Elmer - 30; Milan - 29; Amos - 15.
masa52: Evelyne - 48; Norbert - 51; Natosha - 31.
masa53: Delila - 19; Ricki - 15; Kip - 6; Everett - 39; Emmaline - 10.
masa54: Walker - 22; Sterling - 22; Jayson - 31; Takako - 22.
masa55: Zachery - 25; Marissa - 34; Rosaria - 11; Rikki - 18; Buena - 18; Levi - 46; Hubert - 33.
masa56: Jared - 21; Jeffrey - 45; Brianne - 44; Morton - 4.
masa57: Danial - 49; Virgil - 10; Grayce - 35; Linn - 18.
masa58: Anne - 50; Callie - 40; Burt - 17; Janae - 17; Soraya - 11; Shannon - 33; Chaya - 37.
masa59: Babette - 25; Adalberto - 6.
masa60: Sage - 12; Lesa - 48; Elizabeth - 47; Hosea - 5; Adrien - 51; Willy - 33; Dwana - 4.
masa61: Nana - 40; Argelia - 16; Cythia - 38; Elvina - 41; Roscoe - 50.
masa62: Ulysses - 28; Lisbeth - 30; Thomas - 38; Pei - 26.
masa63: King - 42; Chan - 51; Duane - 21; Lacey - 51.
masa64: Dallas - 6; Adeline - 21.
masa65: Hong - 48; Stasia - 24; Hugo - 30; Kalyn - 45; Karry - 42; Jong - 36; Darryl - 19.
masa66: Zachary - 9; Alan - 30; Harriette - 8.
masa67: Santiago - 23; Kurtis - 5.
masa68: Dixie - 51; Elayne - 13.
masa69: Amina - 8; Jackie - 2.
masa0: Vivien - 48; Joannie - 44; Malcolm - 29; Troy - 36.
masa1: Timmy - 27; Efrain - 16; Samella - 21; Shemeka - 31; Shanti - 47.
masa2: Keven - 35; Walton - 47; Jerome - 14; Gretta - 30; Sherly - 17.
masa3: Emmitt - 20; Berna - 39.
masa4: Dessie - 5; Reita - 12; Aisha - 28; Wyatt - 21; Manual - 31; Jung - 33.
masa5: Darren - 18; Elida - 19; Cecelia - 43; Ted - 18; Hiram - 7; Shirlee - 42; Heidi - 47.
masa6: Iesha - 29; Lizeth - 42; Shaquana - 28; Kellie - 8.
masa7: Amalia - 17; Darleen - 4; Oneida - 42; Bruna - 37; Ramiro - 32; Candance - 30.
masa8: Jarrett - 18; Elane - 11; Misha - 8; Kiley - 47; Alonso - 43; Karl - 44; Flo - 12.
masa9: Helena - 10; Charley - 13; Merna - 28.
masa10: Augustus - 32; Kelly - 17; Tamara - 9.
masa11: Modesto - 36; Karla - 8; Twyla - 28; Lourdes - 50; Minh - 14; Arnulfo - 11; Melvin - 50.
masa12: Elinore - 9; Trudie - 49; Greta - 42; Bernice - 37; Filomena - 9.
masa13: Sherri - 47; Lawerence - 11; Sammie - 35; Derrick - 34; Reinaldo - 13.
masa14: Jeni - 50; Val - 36.
masa15: Graig - 15; Otto - 45.
masa16: Reyes - 9; Clement - 6; Stuart - 30; Jay - 38.
masa17: Nadia - 5; Margery - 41; Alane - 7; Vannesa - 33; Jessica - 19.
masa18: Kemberly - 23; Vincenzo - 43; Geri - 38; Alesia - 12; Florentino - 15.
masa19: Farrah - 33; Mary - 38.
masa20: Myrtle - 19; Nathaniel - 41; Claudine - 22.
masa21: Gilbert - 9; Dean - 47.
masa22: Matilda - 48; Marcelo - 17.
masa23: Michel - 33; Dillon - 24; Lyla - 32; Weldon - 3.
masa24: Leta - 16; Wilson - 7.
masa25: Johnnie - 47; Jeremiah - 32; Leandro - 5; Randall - 7; Shin - 15; Dion - 34; Carmina - 44.
masa26: Edmund - 4; Malka - 27; Markus - 18; Hal - 23.
masa27: Barney - 50; Porfirio - 25.
masa28: Twila - 36; Jamar - 17; Lynn - 14; Stan - 46.
masa29: Emile - 18; Raisa - 39.
masa30: Janyce - 23; Lachelle - 44.
masa31: Horacio - 33; Joanna - 45; Camellia - 19; Olin - 36; Hershel - 33.
masa32: Clifton - 48; Zina - 16; Caroline - 9; Janella - 40; Rodolfo - 45; Janean - 47.
masa33: Elizebeth - 11; Tyson - 5; Renna - 10; Abe - 49; Abram - 28.
masa34: Gus - 49; Staci - 27; Damon - 34.
masa35: Gwendolyn - 48; Chantay - 48; Emiko - 42; Lanora - 20.
masa36: Bertram - 37; Colin - 26; Genevive - 25.
masa37: Alita - 17; Joie - 29; Elsie - 8; Darrel - 6; Alverta - 5; Kieth - 14.
masa38: Mac - 20; Charlyn - 24; Shawn - 15; Mack - 16; Arline - 37; Malia - 21.
masa39: Joaquina - 12; Phuong - 34.
masa40: Philip - 49; Leif - 47; Bart - 42; Josiah - 14; Eli - 49; Jacquie - 17; Julietta - 8.
masa41: Danuta - 10; Mervin - 3; Devin - 40; Irwin - 44.
masa42: Elena - 14; Melda - 48; Gabriel - 15; Leslie - 8.
masa43: Bradley - 38; Asa - 9; Parker - 14; Burl - 19.
masa44: Kamilah - 3; Bobbi - 33; Howard - 47; Samuel - 41; Sonia - 13; Christy - 21.
masa45: Christeen - 21; Janett - 50; Alpha - 14.
masa46: Rufus - 28; Lakesha - 13.
masa47: Jordan - 24; Mao - 6.
masa48: Pauline - 12; Joanie - 39; Marshall - 3; Gennie - 17; Clarinda - 48; Jewel - 29; Consuela - 17.
masa49: Heriberto - 17; Efren - 3; Oretha - 25; Loura - 17; Omer - 4; Filiberto - 44; Yan - 20.
masa50: Leland - 30; Belkis - 36; Santo - 24.
masa51: Elmer - 30; Milan - 29; Amos - 15.
masa52: Evelyne - 48; Norbert - 51; Natosha - 31.
masa53: Delila - 19; Ricki - 15; Kip - 6; Everett - 39; Emmaline - 10.
masa54: Walker - 22; Sterling - 22; Jayson - 31; Takako - 22.
masa55: Zachery - 25; Marissa - 34; Rosaria - 11; Rikki - 18; Buena - 18; Levi - 46; Hubert - 33.
masa56: Jared - 21; Jeffrey - 45; Brianne - 44; Morton - 4.
masa57: Danial - 49; Virgil - 10; Grayce - 35; Linn - 18.
masa58: Anne - 50; Callie - 40; Burt - 17; Janae - 17; Soraya - 11; Shannon - 33; Chaya - 37.
masa59: Babette - 25; Adalberto - 6.
masa60: Sage - 12; Lesa - 48; Elizabeth - 47; Hosea - 5; Adrien - 51; Willy - 33; Dwana - 4.
masa61: Nana - 40; Argelia - 16; Cythia - 38; Elvina - 41; Roscoe - 50.
masa62: Ulysses - 28; Lisbeth - 30; Thomas - 38; Pei - 26.
masa63: King - 42; Chan - 51; Duane - 21; Lacey - 51.
masa64: Dallas - 6; Adeline - 21.
masa65: Hong - 48; Stasia - 24; Hugo - 30; Kalyn - 45; Karry - 42; Jong - 36; Darryl - 19.
masa66: Zachary - 9; Alan - 30; Harriette - 8.
masa67: Santiago - 23; Kurtis - 5.
masa68: Dixie - 51; Elayne - 13.
masa69: Amina - 3.
masa0: Vivien - 48; Joannie - 44; Malcolm - 29; Troy - 36.
masa1: Timmy - 27; Efrain - 16; Samella - 21; Shemeka - 31; Shanti - 47.
masa2: Keven - 35; Walton - 47; Jerome - 14; Gretta - 30; Sherly - 17.
masa3: Emmitt - 20; Berna - 39.
masa4: Dessie - 5; Reita - 12; Aisha - 28; Wyatt - 21; Manual - 31; Jung - 33.
masa5: Darren - 18; Elida - 19; Cecelia - 43; Ted - 18; Hiram - 7; Shirlee - 42; Heidi - 47.
masa6: Iesha - 29; Lizeth - 42; Shaquana - 28; Kellie - 8.
masa7: Amalia - 17; Darleen - 4; Oneida - 42; Bruna - 37; Ramiro - 32; Candance - 30.
masa8: Jarrett - 18; Elane - 11; Misha - 8; Kiley - 47; Alonso - 43; Karl - 44; Flo - 12.
masa9: Helena - 10; Charley - 13; Merna - 28.
masa10: Augustus - 32; Kelly - 17; Tamara - 9.
masa11: Modesto - 36; Karla - 8; Twyla - 28; Lourdes - 50; Minh - 14; Arnulfo - 11; Melvin - 50.
masa12: Elinore - 9; Trudie - 49; Greta - 42; Bernice - 37; Filomena - 9.
masa13: Sherri - 47; Lawerence - 11; Sammie - 35; Derrick - 34; Reinaldo - 13.
masa14: Jeni - 50; Val - 36.
masa15: Graig - 15; Otto - 45.
masa16: Reyes - 9; Clement - 6; Stuart - 30; Jay - 38.
masa17: Nadia - 5; Margery - 41; Alane - 7; Vannesa - 33; Jessica - 19.
masa18: Kemberly - 23; Vincenzo - 43; Geri - 38; Alesia - 12; Florentino - 15.
masa19: Farrah - 33; Mary - 38.
masa20: Myrtle - 19; Nathaniel - 41; Claudine - 22.
masa21: Gilbert - 9; Dean - 47.
masa22: Matilda - 48; Marcelo - 17.
masa23: Michel - 33; Dillon - 24; Lyla - 32; Weldon - 3.
masa24: Leta - 16; Wilson - 7.
masa25: Johnnie - 47; Jeremiah - 32; Leandro - 5; Randall - 7; Shin - 15; Dion - 34; Carmina - 44.
masa26: Edmund - 4; Malka - 27; Markus - 18; Hal - 23.
masa27: Barney - 50; Porfirio - 25.
masa28: Twila - 36; Jamar - 17; Lynn - 14; Stan - 46.
masa29: Emile - 18; Raisa - 39.
masa30: Janyce - 23; Lachelle - 44.
masa31: Horacio - 33; Joanna - 45; Camellia - 19; Olin - 36; Hershel - 33.
masa32: Clifton - 48; Zina - 16; Caroline - 9; Janella - 40; Rodolfo - 45; Janean - 47.
masa33: Elizebeth - 11; Tyson - 5; Renna - 10; Abe - 49; Abram - 28.
masa34: Gus - 49; Staci - 27; Damon - 34.
masa35: Gwendolyn - 48; Chantay - 48; Emiko - 42; Lanora - 20.
masa36: Bertram - 37; Colin - 26; Genevive - 25.
masa37: Alita - 17; Joie - 29; Elsie - 8; Darrel - 6; Alverta - 5; Kieth - 14.
masa38: Mac - 20; Charlyn - 24; Shawn - 15; Mack - 16; Arline - 37; Malia - 21.
masa39: Joaquina - 12; Phuong - 34.
masa40: Philip - 49; Leif - 47; Bart - 42; Josiah - 14; Eli - 49; Jacquie - 17; Julietta - 8.
masa41: Danuta - 10; Mervin - 3; Devin - 40; Irwin - 44.
masa42: Elena - 14; Melda - 48; Gabriel - 15; Leslie - 8.
masa43: Bradley - 38; Asa - 9; Parker - 14; Burl - 19.
masa44: Kamilah - 3; Bobbi - 33; Howard - 47; Samuel - 41; Sonia - 13; Christy - 21.
masa45: Christeen - 21; Janett - 50; Alpha - 14.
masa46: Rufus - 28; Lakesha - 13.
masa47: Jordan - 24; Mao - 6.
masa48: Pauline - 12; Joanie - 39; Marshall - 3; Gennie - 17; Clarinda - 48; Jewel - 29; Consuela - 17.
masa49: Heriberto - 17; Efren - 3; Oretha - 25; Loura - 17; Omer - 4; Filiberto - 44; Yan - 20.
masa50: Belkis - 35; Santo - 23; Leland - 29.
masa51: Milan - 28; Amos - 14; Elmer - 29.
masa52: Norbert - 50; Natosha - 30; Evelyne - 47.
masa53: Ricki - 14; Kip - 5; Everett - 38; Emmaline - 9; Delila - 18.
masa54: Sterling - 21; Jayson - 30; Takako - 21; Walker - 21.
masa55: Marissa - 33; Rosaria - 10; Rikki - 17; Buena - 17; Levi - 45; Hubert - 32; Zachery - 24.
masa56: Jeffrey - 44; Brianne - 43; Morton - 3; Jared - 20.
masa57: Virgil - 9; Grayce - 34; Linn - 17; Danial - 48.
masa58: Anne - 50; Callie - 40; Burt - 17; Janae - 17; Soraya - 11; Shannon - 33; Chaya - 37.
masa59: Adalberto - 5; Babette - 24.
masa60: Sage - 12; Lesa - 48; Elizabeth - 47; Hosea - 5; Adrien - 51; Willy - 33; Dwana - 4.
masa61: Nana - 40; Argelia - 16; Cythia - 38; Elvina - 41; Roscoe - 50.
masa62: Ulysses - 28; Lisbeth - 30; Thomas - 38; Pei - 26.
masa63: King - 42; Chan - 51; Duane - 21; Lacey - 51.
masa64: Dallas - 6; Adeline - 21.
masa65: Hong - 48; Stasia - 24; Hugo - 30; Kalyn - 45; Karry - 42; Jong - 36; Darryl - 19.
masa66: Zachary - 9; Alan - 30; Harriette - 8.
masa67: Santiago - 23; Kurtis - 5.
masa68: Dixie - 51; Elayne - 13.
