masa0: Juli - 16; Jayson - 51; Elmer - 23; Randall - 41; Sherlene - 25; Geralyn - 19; Milan - 9; Jose - 11.
masa1: Jason - 42; Maple - 4; Malia - 49; Arline - 36; Ailene - 34; Leilani - 16; Vivien - 18; Lydia - 12; Madelaine - 18; Herb - 27; Man - 38; Lacey - 22.
masa2: Takako - 39; Clare - 39; Kip - 19; Alexis - 32; Vannesa - 29; Arturo - 27; Santo - 44; Garrett - 22; Hayden - 11; Darleen - 23; Kiley - 36; Joya - 16.
masa3: Sherlyn - 24; Olin - 4; Cristal - 9; Tyree - 18; Yong - 13; Meri - 32; Cecelia - 23; Alan - 12; Natosha - 40; Lino - 29; Simon - 28; Ignacio - 49; Judy - 40.
masa4: Hung - 27; Lizeth - 5; Corie - 7; Jorge - 44; Gretta - 42; Eddie - 28; Jamar - 25; Dione - 38; Ollie - 35; Kaylene - 11.
masa5: Noel - 4; Linn - 19; Shakia - 4; Ronald - 51; Shin - 20; Sharlene - 47; Wyatt - 15; Marguerite - 33; Rosario - 8.
masa6: Lawerence - 30; Sammy - 48; Wilmer - 44; Versie - 21; Shannon - 38; King - 3.
masa7: Charmaine - 49; Josie - 3; Hsiu - 31; Darren - 38; Delila - 14; Gregory - 44; Felice - 12; Loura - 50; Mai - 34; Bert - 18; Leslie - 5.
masa8: Lisbeth - 25; Kemberly - 25; Isidro - 39; Coleman - 44; Cammie - 4.
masa9: Trinity - 48; Tyler - 36; Kurtis - 11; Melvin - 43; Rodney - 37; Cleo - 49; Kathlyn - 48; Sherise - 35; Elane - 32; Alonso - 31; Annalisa - 33; Ta - 7.
masa10: Anne - 36; Jaunita - 38; Rhea - 20; Elena - 51; Aiko - 11; Grayce - 15; Gary - 13; Jermaine - 50.
masa11: Kandis - 19; Tera - 5; Arleen - 37; Rosaria - 24; Darrel - 14; Maritza - 11; Jada - 33; Reanna - 31; Harriette - 40.
masa12: Valentin - 6; Carmelita - 7; Merlene - 25; Nicholle - 9; Trish - 22; Alverta - 12; Lashonda - 15; Morton - 43; Pearlene - 27; Wilson - 36; Granville - 7; Kendall - 34.
masa13: Jessica - 25; Rikki - 36; Andy - 50; Augustus - 50; Lynda - 39; Iesha - 11; Giuseppe - 36; Edmund - 43.
masa14: Oswaldo - 8; Nina - 4; Charlie - 47; Kurt - 12; Terica - 43; Kristel - 3; Nydia - 20; Monica - 34; John - 37; Jeane - 38; Heidi - 18; Eli - 24.
masa15: Harley - 7; Emmaline - 41; Jerrold - 8; Mika - 9; Gaylord - 50; Emmitt - 7; Farrah - 46; Clarinda - 12; Wilhelmina - 7; Jackie - 35.
masa16: Dimple - 10; Leandro - 3; Hassan - 27; Marva - 33; Joannie - 3; Tilda - 34; Sharyl - 32; Ricky - 51; Dwana - 17; Cyndy - 42; Greta - 43; Chan - 36.
masa17: Ulysses - 12; Tamar - 41; Mario - 6; Bertram - 47; Gennie - 38; Seth - 7; Mervin - 11; Claudio - 12; Millard - 32; Kasi - 14; Gwendolyn - 8.
masa18: Reita - 35; Rashad - 23; Caitlin - 12; Alpha - 14; Hai - 3; Santiago - 48; Kieth - 44; Marin - 34; Raymon - 45; Concepcion - 41; Jared - 36; Aldo - 28; Elida - 17.
masa19: Adriana - 45; Kiyoko - 13; Catarina - 45; Ela - 20; Niki - 34; Margaretta - 23; Nicki - 50; Dia - 28; Jon - 26; Corliss - 28; Eboni - 32; Ashli - 37.
masa20: Lakenya - 39; Graig - 41; Tobias - 6; Raymond - 31; Jacquline - 33; Rita - 6; Cicely - 44; Jeni - 18; Joanna - 11; Cythia - 45.
masa21: Pat - 47; Yan - 39; Bill - 33; Nery - 26; Jay - 48; Vicki - 18; Kamilah - 48; Hiram - 25; Pam - 5; Lachelle - 40; Mirna - 50; Abe - 43.
masa22: Evelyn - 5; Riley - 33; Jordan - 18; Devin - 42; Jacquie - 10; Nathaniel - 21; Mariann - 13; Vince - 24; Arminda - 34; Chi - 36; Roland - 50.
masa23: Russel - 49; Shelli - 50; Randal - 45; Sherika - 34; Shizuko - 34; Renaldo - 22; Saul - 4.
masa24: Elinore - 38; Lindsay - 13; Letty - 9; Lynette - 12; Willian - 18; Merrill - 30; Chantay - 3.
masa25: Hunter - 30; Jeffrey - 34; Drusilla - 3; Dion - 28; Stan - 31; Collette - 11; Clement - 18; Edison - 39; Lourdes - 12; Kalyn - 11; Forest - 26; Bud - 20; Vicky - 31.
masa26: Jeffry - 26; Margherita - 49; Berry - 36; Helena - 50; Shasta - 18; Porfirio - 25; Cortez - 3.
masa27: Tomeka - 10; Jerome - 47; Nanci - 26; Dannie - 44; Brigette - 45; Oneida - 3; Callie - 29; Zina - 19; Livia - 8; Joanie - 36; Sharla - 38.
masa28: Lilly - 22; Kittie - 5; Adalberto - 49; Melynda - 22; Lourie - 13; Phillis - 22.
masa29: Trudie - 25; Domenic - 10; Babette - 14; Stasia - 21; Leland - 6; Edward - 3.
masa30: Jeannie - 46; Corey - 40; Brandi - 5; Willy - 27; Loretta - 51; Sandra - 38; Toya - 19; Cleveland - 13; Edda - 35; Daysi - 42; Edmundo - 16.
masa31: Geri - 16; Matthew - 36; Sherly - 30; Abram - 7; Jamel - 51.
masa32: Rosa - 51; Weldon - 47; Parker - 28; Fernanda - 32; Marissa - 36; Marcellus - 13; Joey - 38.
masa33: Sherill - 4; Cuc - 37; Josiah - 37; Mildred - 39; Kristen - 43; Hugo - 16.
masa34: Keven - 47; Coreen - 43; Gilbert - 30; Filiberto - 32; Julietta - 46; Karry - 4; Norene - 25; Floretta - 34; Shanti - 48; Brianne - 7; Cecile - 36; Emile - 15; Bobbie - 47.
masa35: Mack - 11; Melodi - 10; Lucien - 51; Betty - 26; Gregorio - 20; Marti - 11.
masa36: Sherri - 14; Pauline - 16; Tameika - 47; Jewel - 48; Pamella - 17; Lavona - 43; Violet - 27; Farah - 4; Stephanie - 47.
masa37: Elayne - 24; Maryanne - 15; Francisca - 37; Ninfa - 35; Lesa - 48; Antwan - 48; Evelia - 20; Charlsie - 15; Willodean - 27.
masa38: Horacio - 16; Natacha - 27; Vincenzo - 49; Adrien - 12; Flo - 32; Rodolfo - 43; Tamara - 26; Sydney - 27; Arnold - 38; Rodrick - 48; Mac - 30.
masa39: Danette - 12; Claudine - 43; Neva - 31; Collin - 40; Harold - 41; Malinda - 42; Damaris - 35; Jeanett - 33; Denver - 13; Milda - 16; Janyce - 18; Virgil - 11.
masa40: Sheryl - 33; Damon - 31; Oretha - 35; Ciera - 7; Melisa - 44; Donte - 19; Walton - 6.
masa41: Shelley - 37; Arnulfo - 46; Ken - 26; Angel - 14; Sonia - 44; Phuong - 35; Omer - 8; Asa - 19; Gabriel - 13; Kellie - 5.
masa42: Nicolas - 26; Keith - 22; Lavonia - 10; Zachary - 25; Arnoldo - 37; Lakesha - 34; Kitty - 23; Jackelyn - 13; Alex - 12; Veta - 45; Tina - 48.
masa43: Gia - 31; Vernice - 35; Markus - 14; Ellsworth - 18; Evelyne - 32; Aline - 10; Reinaldo - 51; Ebonie - 19; Staci - 37.
masa44: Kayleen - 21; Gertrudis - 19; Myrtle - 49; Caryn - 7; Amina - 9; Otto - 14; Matilda - 7; Bradley - 6; Johnette - 32.
masa45: Mary - 35; Raisa - 27; Maile - 51; Tonita - 15; Earl - 45; Earle - 7; Ozie - 20; Timmy - 47; Delmer - 31; Jenell - 38; Lizzie - 9; Corrin - 36.
masa46: Hal - 28; Jong - 5; Jacklyn - 20; Thomas - 48; Blake - 4; Tuyet - 47; Hans - 45; Brigitte - 9; Shawn - 29; Malika - 9; Shirlee - 36; Shawana - 12; Genevive - 38.
masa47: Aimee - 21; Homer - 14; Antonette - 30; Micaela - 26; Elsie - 49.
masa48: Buena - 44; Malka - 36; Levi - 47; Gabriele - 6; Tenesha - 10; Serafina - 46; Jamee - 36; Philip - 4; Kristeen - 20; Reyes - 24; Lyndsey - 45.
masa49: Ivy - 29; Kendrick - 9; Ernie - 42; Bart - 45; Marcelo - 6; Hershel - 38; Teodoro - 34.
masa50: Efren - 10; Emilio - 11; Lynn - 47; Beckie - 16; Jordon - 46; Elvina - 23; Wiley - 25; Heriberto - 9.
masa51: Lady - 23; Donnell - 19; Tamala - 33; Venus - 8; Carina - 18; Eduardo - 50; Cecily - 10; Jere - 26; Duane - 47; Gidget - 20; Debrah - 40.
masa52: Tyson - 43; Candis - 3; Nicol - 41; Daine - 48; Sharleen - 27; Benny - 44; Kraig - 46; Troy - 34.
masa53: Danuta - 22; Dessie - 50; Cyndi - 43; Johnny - 45; Bernice - 50; Lawrence - 38; Eulah - 48; Les - 43; Gilberto - 32; Thad - 4; Mao - 6; Ariana - 27.
masa54: Maryjane - 7; Roseline - 27; Sophie - 41; Josue - 32; Jeremiah - 30; Aisha - 12; Alfonso - 19; Emery - 11; Val - 35; Magali - 29; Monika - 10.
masa55: Eneida - 15; Thaddeus - 36; Elden - 51; Queen - 42; Hettie - 48.
masa56: Roslyn - 12; Twila - 33; Florentino - 21; Carlee - 30; Roscoe - 9; Darline - 46; Katina - 29; Karl - 33.
masa57: Milo - 16; Tonda - 28; Millie - 18; Joaquin - 49; Meghan - 30; Kayce - 6; Zachery - 49; Kenton - 19; Misha - 42; Brant - 12; Madison - 45; Burl - 5; Saturnina - 11.
masa58: Gala - 21; Nona - 28; Irwin - 8; Latasha - 24; Soraya - 13; Norbert - 13; Leopoldo - 9; Berna - 17; Tiffiny - 8; Christeen - 28; Elinor - 13.
masa59: Phillip - 27; Emiko - 6; Annabel - 12; Leif - 27; Twyla - 18; Brett - 39.
Clasament masa0:
Jayson 50
Randall 40
Sherlene 24
Elmer 22
Geralyn 18
Juli 15
Jose 10
Milan 8
Clasament masa1:
Malia 47
Jason 40
Man 36
Arline 34
Ailene 32
Herb 25
Lacey 20
Vivien 16
Madelaine 16
Leilani 14
Lydia 10
Maple 2
Clasament masa2:
Santo 41
Takako 36
Clare 36
Kiley 33
Alexis 29
Vannesa 26
Arturo 24
Darleen 20
Garrett 19
Kip 16
Joya 13
Hayden 8
Clasament masa3:
Ignacio 45
Natosha 36
Judy 36
Meri 28
Lino 25
Simon 24
Sherlyn 20
Cecelia 19
Tyree 14
Yong 9
Alan 8
Cristal 5
Clasament masa4:
Jorge 39
Gretta 37
Dione 33
Ollie 30
Eddie 23
Hung 22
Jamar 20
Kaylene 6
Corie 2
Clasament masa5:
Ronald 45
Sharlene 41
Marguerite 27
Shin 14
Linn 13
Wyatt 9
Rosario 2
Clasament masa6:
Sammy 41
Wilmer 37
Shannon 31
Lawerence 23
Versie 14
Clasament masa7:
Loura 42
Charmaine 41
Gregory 36
Darren 30
Mai 26
Hsiu 23
Bert 10
Delila 6
Felice 4
Clasament masa8:
Coleman 35
Isidro 30
Lisbeth 16
Kemberly 16
Clasament masa9:
Cleo 39
Trinity 38
Kathlyn 38
Melvin 33
Rodney 27
Tyler 26
Sherise 25
Annalisa 23
Elane 22
Alonso 21
Kurtis 1
Clasament masa10:
Elena 40
Jermaine 39
Jaunita 27
Anne 25
Rhea 9
Grayce 4
Gary 2
Clasament masa11:
Harriette 28
Arleen 25
Jada 21
Reanna 19
Rosaria 12
Kandis 7
Darrel 2
Masa masa60 nu exista!
masa13: Gregory - 21; Loura - 27; Mai - 11; Charmaine - 26; Hsiu - 8; Darren - 15; Giuseppe - 13; Edmund - 20; Jessica - 2; Rikki - 13; Andy - 27; Augustus - 27; Lynda - 16; Herb - 4; Man - 15; Jason - 19; Anne - 13; Elena - 28; Ronald - 28; Sharlene - 24.
masa14: Dione - 15; Ollie - 12; Hung - 4; Jorge - 21; Kemberly - 2; Isidro - 16; Coleman - 21; Lisbeth - 2; Monica - 11; John - 14; Jeane - 15; Eli - 1; Charlie - 24; Terica - 20; Eddie - 5; Jamar - 2; Takako - 16; Malia - 26; Kiley - 13.
masa15: Alexis - 9; Vannesa - 6; Arturo - 4; Emmaline - 18; Gaylord - 27; Farrah - 23; Jackie - 12; Gretta - 19; Jayson - 28; Randall - 18; Sherlene - 2; Clare - 16; Marguerite - 10; Melvin - 20; Rodney - 14; Cleo - 26; Kathlyn - 25; Sherise - 12.
masa16: Sharyl - 9; Ricky - 28; Cyndy - 19; Greta - 20; Chan - 13; Hassan - 4; Marva - 10; Tilda - 11; Elane - 9; Alonso - 8; Lawerence - 7; Jada - 10; Reanna - 8.
masa17: Tamar - 18; Bertram - 24; Gennie - 15; Millard - 9; Harriette - 17; Arleen - 14; Rosaria - 1; Meri - 9; Natosha - 17; Shannon - 15; Annalisa - 10; Tyler - 13; Santo - 21; Arline - 13; Simon - 5; Ignacio - 26; Judy - 17.
masa18: Santiago - 25; Kieth - 21; Marin - 11; Raymon - 22; Concepcion - 18; Jared - 13; Aldo - 5; Reita - 12; Morton - 20; Pearlene - 4; Wilson - 13; Kendall - 11; Merlene - 2; Sammy - 25; Wilmer - 21; Lino - 6; Ailene - 11; Sherlyn - 1.
masa19: Adriana - 22; Catarina - 22; Niki - 11; Nicki - 27; Dia - 5; Jon - 3; Corliss - 5; Eboni - 9; Ashli - 14; Jermaine - 27; Leif - 4; Brett - 16; Phillip - 4; Ivy - 6; Ernie - 19; Bart - 22.
masa20: Lakenya - 16; Graig - 18; Raymond - 8; Jacquline - 10; Cicely - 21; Cythia - 22; Hershel - 15; Teodoro - 11; Nona - 5; Latasha - 1; Christeen - 5; Reyes - 1; Lyndsey - 22; Buena - 21; Malka - 13; Levi - 24; Serafina - 23; Jamee - 13.
masa21: Yan - 16; Bill - 10; Nery - 3; Jay - 25; Kamilah - 25; Hiram - 2; Lachelle - 17; Mirna - 27; Abe - 20; Pat - 24; Antonette - 7; Micaela - 3; Elsie - 26; Hans - 22; Shawn - 6; Shirlee - 13; Genevive - 15; Hal - 5; Thomas - 25.
masa22: Chi - 13; Roland - 27; Riley - 10; Devin - 19; Vince - 1; Arminda - 11; Tuyet - 24; Maile - 28; Earl - 22; Timmy - 24; Delmer - 8; Jenell - 15; Corrin - 13; Mary - 12; Raisa - 4; Vernice - 12.
masa23: Russel - 26; Shelli - 27; Randal - 22; Sherika - 11; Shizuko - 11; Evelyne - 9; Reinaldo - 28; Staci - 14; Gia - 8; Myrtle - 26; Johnette - 9; Lakesha - 11; Veta - 22; Tina - 25.
masa24: Merrill - 7; Elinore - 15; Nicolas - 3; Zachary - 2; Arnoldo - 14; Ken - 3; Sonia - 21; Phuong - 12; Shelley - 14; Arnulfo - 23; Melisa - 21; Sheryl - 10; Damon - 8; Oretha - 12.
masa25: Dion - 5; Stan - 8; Edison - 16; Forest - 3; Vicky - 8; Hunter - 7; Jeffrey - 11.
masa26: Jeffry - 3; Margherita - 26; Berry - 13; Helena - 27; Porfirio - 2.
masa27: Joanie - 13; Sharla - 15; Jerome - 24; Nanci - 3; Dannie - 21; Brigette - 22; Callie - 6.
masa28: Adalberto - 26.
masa29: Trudie - 2.
masa30: Sandra - 15; Edda - 12; Daysi - 19; Jeannie - 23; Corey - 17; Willy - 4; Loretta - 28.
masa31: Matthew - 13; Sherly - 7; Jamel - 28.
masa32: Fernanda - 9; Marissa - 13; Joey - 15; Rosa - 28; Weldon - 24; Parker - 5.
masa33: Kristen - 20; Cuc - 14; Josiah - 14; Mildred - 16.
masa34: Gilbert - 7; Filiberto - 9; Julietta - 23; Norene - 2; Floretta - 11; Shanti - 25; Cecile - 13; Bobbie - 24; Keven - 24; Coreen - 20.
masa35: Betty - 3; Lucien - 28.
masa36: Lavona - 20; Violet - 4; Stephanie - 24; Tameika - 24; Jewel - 25.
masa37: Elayne - 1; Francisca - 14; Ninfa - 12; Lesa - 25; Antwan - 25; Willodean - 4.
masa38: Flo - 9; Rodolfo - 20; Tamara - 3; Sydney - 4; Arnold - 15; Rodrick - 25; Mac - 7; Natacha - 4; Vincenzo - 26.
masa39: Malinda - 19; Damaris - 12; Jeanett - 10; Claudine - 20; Neva - 8; Collin - 17; Harold - 18.
masa50: Lynn - 24; Jordon - 23; Wiley - 2.
masa51: Jere - 3; Duane - 24; Debrah - 17; Tamala - 10; Eduardo - 27.
masa52: Nicol - 18; Daine - 25; Sharleen - 4; Benny - 21; Kraig - 23; Troy - 11; Tyson - 20.
masa53: Johnny - 22; Bernice - 27; Lawrence - 15; Eulah - 25; Les - 20; Gilberto - 9; Ariana - 4; Dessie - 27; Cyndi - 20.
masa54: Roseline - 4; Sophie - 18; Josue - 9; Jeremiah - 7; Val - 12; Magali - 6.
masa55: Thaddeus - 13; Elden - 28; Queen - 19; Hettie - 25.
masa56: Darline - 23; Katina - 6; Karl - 10; Twila - 10; Carlee - 7.
masa57: Zachery - 26; Misha - 19; Madison - 22; Tonda - 5; Joaquin - 26; Meghan - 7.
masa13: Gregory - 21; Loura - 27; Mai - 11; Charmaine - 26; Hsiu - 8; Darren - 15; Giuseppe - 13; Edmund - 20; Jessica - 2; Rikki - 13; Andy - 27; Augustus - 27; Lynda - 16; Herb - 4; Man - 15; Jason - 19; Anne - 13; Elena - 28; Ronald - 28; Sharlene - 24.
masa14: Dione - 15; Ollie - 12; Hung - 4; Jorge - 21; Kemberly - 2; Isidro - 16; Coleman - 21; Lisbeth - 2; Monica - 11; John - 14; Jeane - 15; Eli - 1; Charlie - 24; Terica - 20; Eddie - 5; Jamar - 2; Takako - 16; Malia - 26; Kiley - 13.
masa15: Alexis - 9; Vannesa - 6; Arturo - 4; Emmaline - 18; Gaylord - 27; Farrah - 23; Jackie - 12; Gretta - 19; Jayson - 28; Randall - 18; Sherlene - 2; Clare - 16; Marguerite - 10; Melvin - 20; Rodney - 14; Cleo - 26; Kathlyn - 25; Sherise - 12.
masa16: Sharyl - 9; Ricky - 28; Cyndy - 19; Greta - 20; Chan - 13; Hassan - 4; Marva - 10; Tilda - 11; Elane - 9; Alonso - 8; Lawerence - 7; Jada - 10; Reanna - 8.
masa17: Tamar - 18; Bertram - 24; Gennie - 15; Millard - 9; Harriette - 17; Arleen - 14; Rosaria - 1; Meri - 9; Natosha - 17; Shannon - 15; Annalisa - 10; Tyler - 13; Santo - 21; Arline - 13; Simon - 5; Ignacio - 26; Judy - 17.
masa18: Santiago - 25; Kieth - 21; Marin - 11; Raymon - 22; Concepcion - 18; Jared - 13; Aldo - 5; Reita - 12; Morton - 20; Pearlene - 4; Wilson - 13; Kendall - 11; Merlene - 2; Sammy - 25; Wilmer - 21; Lino - 6; Ailene - 11; Sherlyn - 1.
masa19: Adriana - 22; Catarina - 22; Niki - 11; Nicki - 27; Dia - 5; Jon - 3; Corliss - 5; Eboni - 9; Ashli - 14; Jermaine - 27; Leif - 4; Brett - 16; Phillip - 4; Ivy - 6; Ernie - 19; Bart - 22.
masa20: Lakenya - 16; Graig - 18; Raymond - 8; Jacquline - 10; Cicely - 21; Cythia - 22; Hershel - 15; Teodoro - 11; Nona - 5; Latasha - 1; Christeen - 5; Reyes - 1; Lyndsey - 22; Buena - 21; Malka - 13; Levi - 24; Serafina - 23; Jamee - 13.
masa21: Yan - 16; Bill - 10; Nery - 3; Jay - 25; Kamilah - 25; Hiram - 2; Lachelle - 17; Mirna - 27; Abe - 20; Pat - 24; Antonette - 7; Micaela - 3; Elsie - 26; Hans - 22; Shawn - 6; Shirlee - 13; Genevive - 15; Hal - 5; Thomas - 25.
masa22: Chi - 13; Roland - 27; Riley - 10; Devin - 19; Vince - 1; Arminda - 11; Tuyet - 24; Maile - 28; Earl - 22; Timmy - 24; Delmer - 8; Jenell - 15; Corrin - 13; Mary - 12; Raisa - 4; Vernice - 12.
masa23: Russel - 26; Shelli - 27; Randal - 22; Sherika - 11; Shizuko - 11; Evelyne - 9; Reinaldo - 28; Staci - 14; Gia - 8; Myrtle - 26; Johnette - 9; Lakesha - 11; Veta - 22; Tina - 25.
masa24: Merrill - 7; Elinore - 15; Nicolas - 3; Zachary - 2; Arnoldo - 14; Ken - 3; Sonia - 21; Phuong - 12; Shelley - 14; Arnulfo - 23; Melisa - 21; Sheryl - 10; Damon - 8; Oretha - 12; Zachery - 26; Misha - 19.
masa25: Dion - 5; Stan - 8; Edison - 16; Forest - 3; Vicky - 8; Hunter - 7; Jeffrey - 11; Madison - 22; Tonda - 5; Joaquin - 26; Meghan - 7; Darline - 23; Katina - 6; Karl - 10; Twila - 10; Carlee - 7; Thaddeus - 13; Elden - 28; Queen - 19; Hettie - 25.
masa26: Jeffry - 3; Margherita - 26; Berry - 13; Helena - 27; Porfirio - 2; Roseline - 4; Sophie - 18; Josue - 9; Jeremiah - 7; Val - 12; Magali - 6; Johnny - 22; Bernice - 27; Lawrence - 15; Eulah - 25; Les - 20; Gilberto - 9.
masa27: Joanie - 13; Sharla - 15; Jerome - 24; Nanci - 3; Dannie - 21; Brigette - 22; Callie - 6; Ariana - 4; Dessie - 27; Cyndi - 20; Nicol - 18; Daine - 25; Sharleen - 4; Benny - 21; Kraig - 23; Troy - 11.
masa28: Adalberto - 26; Tyson - 20.
masa29: Trudie - 2.
masa30: Sandra - 15; Edda - 12; Daysi - 19; Jeannie - 23; Corey - 17; Willy - 4; Loretta - 28.
masa31: Matthew - 13; Sherly - 7; Jamel - 28.
masa32: Fernanda - 9; Marissa - 13; Joey - 15; Rosa - 28; Weldon - 24; Parker - 5.
masa33: Kristen - 20; Cuc - 14; Josiah - 14; Mildred - 16.
masa34: Gilbert - 7; Filiberto - 9; Julietta - 23; Norene - 2; Floretta - 11; Shanti - 25; Cecile - 13; Bobbie - 24; Keven - 24; Coreen - 20.
masa35: Betty - 3; Lucien - 28.
masa36: Lavona - 20; Violet - 4; Stephanie - 24; Tameika - 24; Jewel - 25.
masa37: Elayne - 1; Francisca - 14; Ninfa - 12; Lesa - 25; Antwan - 25; Willodean - 4.
masa38: Flo - 9; Rodolfo - 20; Tamara - 3; Sydney - 4; Arnold - 15; Rodrick - 25; Mac - 7; Natacha - 4; Vincenzo - 26.
masa39: Malinda - 19; Damaris - 12; Jeanett - 10; Claudine - 20; Neva - 8; Collin - 17; Harold - 18.
masa50: Lynn - 24; Jordon - 23; Wiley - 2.
masa51: Jere - 3; Duane - 24; Debrah - 17; Tamala - 10; Eduardo - 27.
masa13: Gregory - 21; Loura - 27; Mai - 11; Charmaine - 26; Hsiu - 8; Darren - 15; Giuseppe - 13; Edmund - 20; Jessica - 2; Rikki - 13; Andy - 27; Augustus - 27; Lynda - 16; Herb - 4; Man - 15; Jason - 19; Anne - 13; Elena - 28; Ronald - 28; Sharlene - 24.
masa14: Dione - 15; Ollie - 12; Hung - 4; Jorge - 21; Kemberly - 2; Isidro - 16; Coleman - 21; Lisbeth - 2; Monica - 11; John - 14; Jeane - 15; Eli - 1; Charlie - 24; Terica - 20; Eddie - 5; Jamar - 2; Takako - 16; Malia - 26; Kiley - 13.
masa15: Alexis - 9; Vannesa - 6; Arturo - 4; Emmaline - 18; Gaylord - 27; Farrah - 23; Jackie - 12; Gretta - 19; Jayson - 28; Randall - 18; Sherlene - 2; Clare - 16; Marguerite - 10; Melvin - 20; Rodney - 14; Cleo - 26; Kathlyn - 25; Sherise - 12.
masa16: Sharyl - 9; Ricky - 28; Cyndy - 19; Greta - 20; Chan - 13; Hassan - 4; Marva - 10; Tilda - 11; Elane - 9; Alonso - 8; Lawerence - 7; Jada - 10; Reanna - 8.
masa17: Tamar - 18; Bertram - 24; Gennie - 15; Millard - 9; Harriette - 17; Arleen - 14; Rosaria - 1; Meri - 9; Natosha - 17; Shannon - 15; Annalisa - 10; Tyler - 13; Santo - 21; Arline - 13; Simon - 5; Ignacio - 26; Judy - 17.
masa18: Santiago - 25; Kieth - 21; Marin - 11; Raymon - 22; Concepcion - 18; Jared - 13; Aldo - 5; Reita - 12; Morton - 20; Pearlene - 4; Wilson - 13; Kendall - 11; Merlene - 2; Sammy - 25; Wilmer - 21; Lino - 6; Ailene - 11; Sherlyn - 1.
masa19: Adriana - 22; Catarina - 22; Niki - 11; Nicki - 27; Dia - 5; Jon - 3; Corliss - 5; Eboni - 9; Ashli - 14; Jermaine - 27; Leif - 4; Brett - 16; Phillip - 4; Ivy - 6; Ernie - 19; Bart - 22.
masa20: Lakenya - 16; Graig - 18; Raymond - 8; Jacquline - 10; Cicely - 21; Cythia - 22; Hershel - 15; Teodoro - 11; Nona - 5; Latasha - 1; Christeen - 5; Reyes - 1; Lyndsey - 22; Buena - 21; Malka - 13; Levi - 24; Serafina - 23; Jamee - 13.
masa21: Yan - 16; Bill - 10; Nery - 3; Jay - 25; Kamilah - 25; Hiram - 2; Lachelle - 17; Mirna - 27; Abe - 20; Pat - 24; Antonette - 7; Micaela - 3; Elsie - 26; Hans - 22; Shawn - 6; Shirlee - 13; Genevive - 15; Hal - 5; Thomas - 25.
masa22: Chi - 13; Roland - 27; Riley - 10; Devin - 19; Vince - 1; Arminda - 11; Tuyet - 24; Maile - 28; Earl - 22; Timmy - 24; Delmer - 8; Jenell - 15; Corrin - 13; Mary - 12; Raisa - 4; Vernice - 12.
masa23: Russel - 26; Shelli - 27; Randal - 22; Sherika - 11; Shizuko - 11; Evelyne - 9; Reinaldo - 28; Staci - 14; Gia - 8; Myrtle - 26; Johnette - 9; Lakesha - 11; Veta - 22; Tina - 25.
masa24: Merrill - 7; Elinore - 15; Nicolas - 3; Zachary - 2; Arnoldo - 14; Ken - 3; Sonia - 21; Phuong - 12; Shelley - 14; Arnulfo - 23; Melisa - 21; Sheryl - 10; Damon - 8; Oretha - 12; Zachery - 26; Misha - 19.
masa25: Dion - 5; Stan - 8; Edison - 16; Forest - 3; Vicky - 8; Hunter - 7; Jeffrey - 11; Madison - 22; Tonda - 5; Joaquin - 26; Meghan - 7; Darline - 23; Katina - 6; Karl - 10; Twila - 10; Carlee - 7; Thaddeus - 13; Elden - 28; Queen - 19; Hettie - 25.
masa26: Jeffry - 3; Margherita - 26; Berry - 13; Helena - 27; Porfirio - 2; Roseline - 4; Sophie - 18; Josue - 9; Jeremiah - 7; Val - 12; Magali - 6; Johnny - 22; Bernice - 27; Lawrence - 15; Eulah - 25; Les - 20; Gilberto - 9.
masa27: Joanie - 13; Sharla - 15; Jerome - 24; Nanci - 3; Dannie - 21; Brigette - 22; Callie - 6; Ariana - 4; Dessie - 27; Cyndi - 20; Nicol - 18; Daine - 25; Sharleen - 4; Benny - 21; Kraig - 23; Troy - 11.
masa28: Adalberto - 26; Tyson - 20; Jere - 3; Duane - 24; Debrah - 17; Tamala - 10; Eduardo - 27; Lynn - 24; Jordon - 23; Wiley - 2; Malinda - 19; Damaris - 12; Jeanett - 10; Claudine - 20; Neva - 8; Collin - 17; Harold - 18.
masa29: Trudie - 2; Flo - 9; Rodolfo - 20; Tamara - 3; Sydney - 4; Arnold - 15; Rodrick - 25; Mac - 7; Natacha - 4; Vincenzo - 26; Elayne - 1; Francisca - 14; Ninfa - 12; Lesa - 25; Antwan - 25; Willodean - 4; Lavona - 20; Violet - 4; Stephanie - 24; Tameika - 24.
masa30: Sandra - 15; Edda - 12; Daysi - 19; Jeannie - 23; Corey - 17; Willy - 4; Loretta - 28; Jewel - 25; Betty - 3; Lucien - 28; Gilbert - 7; Filiberto - 9; Julietta - 23.
masa31: Matthew - 13; Sherly - 7; Jamel - 28; Norene - 2; Floretta - 11; Shanti - 25; Cecile - 13; Bobbie - 24; Keven - 24; Coreen - 20; Kristen - 20; Cuc - 14; Josiah - 14; Mildred - 16.
masa32: Fernanda - 9; Marissa - 13; Joey - 15; Rosa - 28; Weldon - 24; Parker - 5.
Nu exista suficiente locuri in sala!
masa13: Gregory - 21; Loura - 27; Mai - 11; Charmaine - 26; Hsiu - 8; Darren - 15; Giuseppe - 13; Edmund - 20; Jessica - 2; Rikki - 13; Andy - 27; Augustus - 27; Lynda - 16; Herb - 4; Man - 15; Jason - 19; Anne - 13; Elena - 28; Ronald - 28; Sharlene - 24.
masa14: Dione - 15; Ollie - 12; Hung - 4; Jorge - 21; Kemberly - 2; Isidro - 16; Coleman - 21; Lisbeth - 2; Monica - 11; John - 14; Jeane - 15; Eli - 1; Charlie - 24; Terica - 20; Eddie - 5; Jamar - 2; Takako - 16; Malia - 26; Kiley - 13.
masa15: Alexis - 9; Vannesa - 6; Arturo - 4; Emmaline - 18; Gaylord - 27; Farrah - 23; Jackie - 12; Gretta - 19; Jayson - 28; Randall - 18; Sherlene - 2; Clare - 16; Marguerite - 10; Melvin - 20; Rodney - 14; Cleo - 26; Kathlyn - 25; Sherise - 12.
masa16: Sharyl - 9; Ricky - 28; Cyndy - 19; Greta - 20; Chan - 13; Hassan - 4; Marva - 10; Tilda - 11; Elane - 9; Alonso - 8; Lawerence - 7; Jada - 10; Reanna - 8.
masa17: Tamar - 18; Bertram - 24; Gennie - 15; Millard - 9; Harriette - 17; Arleen - 14; Rosaria - 1; Meri - 9; Natosha - 17; Shannon - 15; Annalisa - 10; Tyler - 13; Santo - 21; Arline - 13; Simon - 5; Ignacio - 26; Judy - 17.
masa18: Santiago - 25; Kieth - 21; Marin - 11; Raymon - 22; Concepcion - 18; Jared - 13; Aldo - 5; Reita - 12; Morton - 20; Pearlene - 4; Wilson - 13; Kendall - 11; Merlene - 2; Sammy - 25; Wilmer - 21; Lino - 6; Ailene - 11; Sherlyn - 1.
masa19: Adriana - 22; Catarina - 22; Niki - 11; Nicki - 27; Dia - 5; Jon - 3; Corliss - 5; Eboni - 9; Ashli - 14; Jermaine - 27; Leif - 4; Brett - 16; Phillip - 4; Ivy - 6; Ernie - 19; Bart - 22.
masa20: Lakenya - 16; Graig - 18; Raymond - 8; Jacquline - 10; Cicely - 21; Cythia - 22; Hershel - 15; Teodoro - 11; Nona - 5; Latasha - 1; Christeen - 5; Reyes - 1; Lyndsey - 22; Buena - 21; Malka - 13; Levi - 24; Serafina - 23; Jamee - 13.
masa21: Yan - 16; Bill - 10; Nery - 3; Jay - 25; Kamilah - 25; Hiram - 2; Lachelle - 17; Mirna - 27; Abe - 20; Pat - 24; Antonette - 7; Micaela - 3; Elsie - 26; Hans - 22; Shawn - 6; Shirlee - 13; Genevive - 15; Hal - 5; Thomas - 25.
masa22: Chi - 13; Roland - 27; Riley - 10; Devin - 19; Vince - 1; Arminda - 11; Tuyet - 24; Maile - 28; Earl - 22; Timmy - 24; Delmer - 8; Jenell - 15; Corrin - 13; Mary - 12; Raisa - 4; Vernice - 12.
masa23: Russel - 26; Shelli - 27; Randal - 22; Sherika - 11; Shizuko - 11; Evelyne - 9; Reinaldo - 28; Staci - 14; Gia - 8; Myrtle - 26; Johnette - 9; Lakesha - 11; Veta - 22; Tina - 25.
masa24: Merrill - 7; Elinore - 15; Nicolas - 3; Zachary - 2; Arnoldo - 14; Ken - 3; Sonia - 21; Phuong - 12; Shelley - 14; Arnulfo - 23; Melisa - 21; Sheryl - 10; Damon - 8; Oretha - 12; Zachery - 26; Misha - 19.
masa25: Dion - 5; Stan - 8; Edison - 16; Forest - 3; Vicky - 8; Hunter - 7; Jeffrey - 11; Madison - 22; Tonda - 5; Joaquin - 26; Meghan - 7; Darline - 23; Katina - 6; Karl - 10; Twila - 10; Carlee - 7; Thaddeus - 13; Elden - 28; Queen - 19; Hettie - 25.
masa26: Jeffry - 3; Margherita - 26; Berry - 13; Helena - 27; Porfirio - 2; Roseline - 4; Sophie - 18; Josue - 9; Jeremiah - 7; Val - 12; Magali - 6; Johnny - 22; Bernice - 27; Lawrence - 15; Eulah - 25; Les - 20; Gilberto - 9.
masa27: Joanie - 13; Sharla - 15; Jerome - 24; Nanci - 3; Dannie - 21; Brigette - 22; Callie - 6; Ariana - 4; Dessie - 27; Cyndi - 20; Nicol - 18; Daine - 25; Sharleen - 4; Benny - 21; Kraig - 23; Troy - 11.
masa28: Adalberto - 26; Tyson - 20; Jere - 3; Duane - 24; Debrah - 17; Tamala - 10; Eduardo - 27; Lynn - 24; Jordon - 23; Wiley - 2; Malinda - 19; Damaris - 12; Jeanett - 10; Claudine - 20; Neva - 8; Collin - 17; Harold - 18.
masa29: Trudie - 2; Flo - 9; Rodolfo - 20; Tamara - 3; Sydney - 4; Arnold - 15; Rodrick - 25; Mac - 7; Natacha - 4; Vincenzo - 26; Elayne - 1; Francisca - 14; Ninfa - 12; Lesa - 25; Antwan - 25; Willodean - 4; Lavona - 20; Violet - 4; Stephanie - 24; Tameika - 24.
masa30: Sandra - 15; Edda - 12; Daysi - 19; Jeannie - 23; Corey - 17; Willy - 4; Loretta - 28; Jewel - 25; Betty - 3; Lucien - 28; Gilbert - 7; Filiberto - 9; Julietta - 23.
masa31: Matthew - 13; Sherly - 7; Jamel - 28; Norene - 2; Floretta - 11; Shanti - 25; Cecile - 13; Bobbie - 24; Keven - 24; Coreen - 20; Kristen - 20; Cuc - 14; Josiah - 14; Mildred - 16.
masa32: Fernanda - 9; Marissa - 13; Joey - 15; Rosa - 28; Weldon - 24; Parker - 5.
Clasament masa20:
Levi 23
Serafina 22
Lyndsey 21
Cythia 21
Cicely 20
Buena 20
Graig 17
Lakenya 15
Hershel 14
Malka 12
Jamee 12
Teodoro 10
Jacquline 9
Raymond 7
Nona 4
Christeen 4
Clasament masa21:
Mirna 25
Elsie 24
Thomas 23
Kamilah 23
Jay 23
Pat 22
Hans 20
Abe 18
Lachelle 15
Yan 14
Genevive 13
Shirlee 11
Bill 8
Antonette 5
Shawn 4
Hal 3
Nery 1
Micaela 1
Clasament masa22:
Maile 25
Roland 24
Tuyet 21
Timmy 21
Earl 19
Devin 16
Jenell 12
Corrin 10
Chi 10
Vernice 9
Mary 9
Arminda 8
Riley 7
Delmer 5
Raisa 1
Clasament masa23:
Reinaldo 24
Shelli 23
Russel 22
Myrtle 22
Tina 21
Veta 18
Randal 18
Staci 10
Shizuko 7
Sherika 7
Lakesha 7
Johnette 5
Evelyne 5
Gia 4
Clasament masa24:
Zachery 21
Arnulfo 18
Sonia 16
Melisa 16
Misha 14
Elinore 10
Shelley 9
Arnoldo 9
Phuong 7
Oretha 7
Sheryl 5
Damon 3
Merrill 2
Clasament masa25:
Elden 22
Joaquin 20
Hettie 19
Darline 17
Madison 16
Queen 13
Edison 10
Thaddeus 7
Jeffrey 5
Twila 4
Karl 4
Vicky 2
Stan 2
Meghan 1
Hunter 1
Carlee 1
Clasament masa26:
Helena 20
Bernice 20
Margherita 19
Eulah 18
Johnny 15
Les 13
Sophie 11
Lawrence 8
Berry 6
Val 5
Josue 2
Gilberto 2
Clasament masa27:
Dessie 19
Daine 17
Jerome 16
Kraig 15
Brigette 14
Dannie 13
Benny 13
Cyndi 12
Nicol 10
Sharla 7
Joanie 5
Troy 3
Clasament masa28:
Eduardo 18
Adalberto 17
Lynn 15
Duane 15
Jordon 14
Tyson 11
Claudine 11
Malinda 10
Harold 9
Debrah 8
Collin 8
Damaris 3
Tamala 1
Jeanett 1
Clasament masa29:
Vincenzo 16
Rodrick 15
Lesa 15
Antwan 15
Tameika 14
Stephanie 14
Rodolfo 10
Lavona 10
Arnold 5
Francisca 4
Ninfa 2
Clasament masa30:
Lucien 17
Loretta 17
Jewel 14
Julietta 12
Jeannie 12
Daysi 8
Corey 6
Sandra 4
Edda 1
Clasament masa31:
Jamel 16
Shanti 13
Keven 12
Bobbie 12
Kristen 8
Coreen 8
Mildred 4
Josiah 2
Cuc 2
Matthew 1
Cecile 1
Clasament masa32:
Rosa 15
Weldon 11
Joey 2
Masa masa33 nu exista!
Masa masa10 nu exista!
Clasament masa15:
Jayson 12
Gaylord 11
Cleo 10
Kathlyn 9
Farrah 7
Melvin 4
Gretta 3
Randall 2
Emmaline 2
masa13: Gregory - 4; Loura - 10; Charmaine - 9; Edmund - 3; Andy - 10; Augustus - 10; Jason - 2; Elena - 11; Ronald - 11; Sharlene - 7.
masa14: Charlie - 7; Terica - 3; Malia - 9; Jorge - 4; Coleman - 4.
masa15: Farrah - 6; Gretta - 2; Jayson - 11; Randall - 1; Melvin - 3; Cleo - 9; Kathlyn - 8; Emmaline - 1; Gaylord - 10.
masa16: Cyndy - 2; Greta - 3; Ricky - 11.
masa17: Santo - 4; Ignacio - 9; Tamar - 1; Bertram - 7.
masa18: Sammy - 8; Wilmer - 4; Santiago - 8; Kieth - 4; Raymon - 5; Concepcion - 1; Morton - 3.
masa19: Bart - 5; Adriana - 5; Catarina - 5; Nicki - 10; Jermaine - 10; Ernie - 2.
masa20: Lyndsey - 5; Buena - 4; Levi - 7; Serafina - 6; Graig - 1; Cicely - 4; Cythia - 5.
masa21: Mirna - 10; Abe - 3; Pat - 7; Elsie - 9; Hans - 5; Thomas - 8; Jay - 8; Kamilah - 8.
masa22: Earl - 5; Timmy - 7; Roland - 10; Devin - 2; Tuyet - 7; Maile - 11.
masa23: Veta - 5; Tina - 8; Russel - 9; Shelli - 10; Randal - 5; Reinaldo - 11; Myrtle - 9.
masa24: Zachery - 9; Misha - 2; Sonia - 4; Arnulfo - 6; Melisa - 4.
masa25: Darline - 6; Elden - 11; Queen - 2; Hettie - 8; Madison - 5; Joaquin - 9.
masa26: Bernice - 10; Eulah - 8; Les - 3; Margherita - 9; Helena - 10; Sophie - 1; Johnny - 5.
masa27: Dessie - 10; Cyndi - 3; Nicol - 1; Daine - 8; Benny - 4; Kraig - 6; Jerome - 7; Dannie - 4; Brigette - 5.
masa28: Eduardo - 10; Lynn - 7; Jordon - 6; Malinda - 2; Claudine - 3; Harold - 1; Adalberto - 9; Tyson - 3; Duane - 7.
masa29: Vincenzo - 9; Lesa - 8; Antwan - 8; Lavona - 3; Stephanie - 7; Tameika - 7; Rodolfo - 3; Rodrick - 8.
masa30: Lucien - 11; Julietta - 6; Daysi - 2; Jeannie - 6; Loretta - 11; Jewel - 8.
masa31: Coreen - 3; Kristen - 3; Jamel - 11; Shanti - 8; Bobbie - 7; Keven - 7.
masa32: Rosa - 11; Weldon - 7.
Masa masa100 nu exista!
Jucatorul Hai nu exista la masa masa27!
Masa masa45 nu exista!
masa13: Loura - 9; Charmaine - 8; Edmund - 2; Andy - 9; Augustus - 9; Jason - 1; Elena - 10; Ronald - 10; Sharlene - 6; Gregory - 3.
masa14: Terica - 2; Malia - 8; Jorge - 3; Coleman - 3; Charlie - 6.
masa15: Gretta - 1; Jayson - 10; Melvin - 2; Cleo - 8; Kathlyn - 7; Gaylord - 9; Farrah - 5.
masa16: Greta - 2; Ricky - 10; Cyndy - 1.
masa17: Ignacio - 8; Bertram - 6; Santo - 3.
masa18: Wilmer - 3; Santiago - 7; Kieth - 3; Raymon - 4; Morton - 2; Sammy - 7.
masa19: Adriana - 4; Catarina - 4; Nicki - 9; Jermaine - 9; Ernie - 1; Bart - 4.
masa20: Buena - 3; Levi - 6; Serafina - 5; Cicely - 3; Cythia - 4; Lyndsey - 4.
masa21: Abe - 2; Pat - 6; Elsie - 8; Hans - 4; Thomas - 7; Jay - 7; Kamilah - 7; Mirna - 9.
masa22: Timmy - 6; Roland - 9; Devin - 1; Tuyet - 6; Maile - 10; Earl - 4.
masa23: Tina - 7; Russel - 8; Shelli - 9; Randal - 4; Reinaldo - 10; Myrtle - 8; Veta - 4.
masa24: Misha - 1; Sonia - 3; Arnulfo - 5; Melisa - 3; Zachery - 8.
masa25: Elden - 10; Queen - 1; Hettie - 7; Madison - 4; Joaquin - 8; Darline - 5.
masa26: Eulah - 7; Les - 2; Margherita - 8; Helena - 9; Johnny - 4; Bernice - 9.
masa27: Cyndi - 2; Daine - 7; Benny - 3; Kraig - 5; Jerome - 6; Dannie - 3; Brigette - 4; Dessie - 9.
masa28: Lynn - 6; Jordon - 5; Malinda - 1; Claudine - 2; Adalberto - 8; Tyson - 2; Duane - 6; Eduardo - 9.
masa29: Lesa - 7; Antwan - 7; Lavona - 2; Stephanie - 6; Tameika - 6; Rodolfo - 2; Rodrick - 7; Vincenzo - 8.
masa30: Daysi - 1; Loretta - 10; Jewel - 7; Julietta - 5.
masa31: Jamel - 10; Bobbie - 6; Keven - 6; Coreen - 2.
Jucatorul Loretta nu exista la masa masa31!
Jucatorul Jewel nu exista la masa masa31!
masa13: Andy - 7; Augustus - 7; Elena - 8; Ronald - 8; Sharlene - 4; Gregory - 1; Loura - 7; Charmaine - 6.
masa14: Jorge - 1; Coleman - 1; Charlie - 4; Malia - 6.
masa15: Cleo - 6; Kathlyn - 5; Gaylord - 7; Farrah - 3; Jayson - 8.
masa16: Ricky - 8.
masa17: Santo - 1; Ignacio - 6; Bertram - 4.
masa18: Kieth - 1; Raymon - 2; Sammy - 5; Wilmer - 1; Santiago - 5.
masa19: Nicki - 7; Jermaine - 7; Bart - 2; Adriana - 2; Catarina - 2.
masa20: Serafina - 3; Cicely - 1; Cythia - 2; Lyndsey - 2; Buena - 1; Levi - 4.
masa21: Elsie - 6; Hans - 2; Thomas - 5; Jay - 5; Kamilah - 5; Mirna - 7; Pat - 4.
masa22: Tuyet - 4; Maile - 8; Earl - 2; Timmy - 4; Roland - 7.
masa23: Shelli - 7; Randal - 2; Reinaldo - 8; Myrtle - 6; Veta - 2; Tina - 5; Russel - 6.
masa24: Arnulfo - 3; Melisa - 1; Zachery - 6; Sonia - 1.
masa25: Madison - 2; Joaquin - 6; Darline - 3; Elden - 8; Hettie - 5.
masa26: Margherita - 6; Helena - 7; Johnny - 2; Bernice - 7; Eulah - 5.
masa27: Benny - 1; Kraig - 3; Jerome - 4; Dannie - 1; Brigette - 2; Dessie - 7; Daine - 5.
masa28: Adalberto - 6; Duane - 4; Eduardo - 7; Lynn - 4; Jordon - 3.
masa29: Stephanie - 4; Tameika - 4; Rodrick - 5; Vincenzo - 6; Lesa - 5; Antwan - 5.
masa24: Arnulfo - 3; Melisa - 1; Zachery - 6; Sonia - 1; Elena - 8; Santo - 1; Ignacio - 6; Bertram - 4; Ronald - 8; Sharlene - 4; Gregory - 1; Elsie - 6; Hans - 2; Thomas - 5; Jay - 5; Kamilah - 5.
masa25: Madison - 2; Joaquin - 6; Darline - 3; Elden - 8; Hettie - 5; Mirna - 7; Pat - 4; Loura - 7; Charmaine - 6; Ricky - 8; Nicki - 7; Jermaine - 7; Bart - 2; Adriana - 2; Catarina - 2; Cleo - 6; Kathlyn - 5; Gaylord - 7; Farrah - 3; Tuyet - 4.
masa26: Margherita - 6; Helena - 7; Johnny - 2; Bernice - 7; Eulah - 5; Maile - 8; Earl - 2; Timmy - 4; Roland - 7; Jayson - 8; Jorge - 1; Coleman - 1; Charlie - 4; Kieth - 1; Raymon - 2; Sammy - 5; Serafina - 3.
masa27: Benny - 1; Kraig - 3; Jerome - 4; Dannie - 1; Brigette - 2; Dessie - 7; Daine - 5; Cicely - 1; Cythia - 2; Lyndsey - 2; Shelli - 7; Randal - 2; Reinaldo - 8; Myrtle - 6; Veta - 2; Tina - 5.
masa28: Adalberto - 6; Duane - 4; Eduardo - 7; Lynn - 4; Jordon - 3; Russel - 6; Buena - 1; Levi - 4; Wilmer - 1; Santiago - 5; Malia - 6; Andy - 7; Augustus - 7.
masa29: Stephanie - 4; Tameika - 4; Rodrick - 5; Vincenzo - 6; Lesa - 5; Antwan - 5.
masa25: Madison - 2; Joaquin - 6; Darline - 3; Elden - 8; Hettie - 5; Mirna - 7; Pat - 4; Loura - 7; Charmaine - 6; Ricky - 8; Nicki - 7; Jermaine - 7; Bart - 2; Adriana - 2; Catarina - 2; Cleo - 6; Kathlyn - 5; Gaylord - 7; Farrah - 3; Tuyet - 4.
masa26: Margherita - 6; Helena - 7; Johnny - 2; Bernice - 7; Eulah - 5; Maile - 8; Earl - 2; Timmy - 4; Roland - 7; Jayson - 8; Jorge - 1; Coleman - 1; Charlie - 4; Kieth - 1; Raymon - 2; Sammy - 5; Serafina - 3.
masa27: Benny - 1; Kraig - 3; Jerome - 4; Dannie - 1; Brigette - 2; Dessie - 7; Daine - 5; Cicely - 1; Cythia - 2; Lyndsey - 2; Shelli - 7; Randal - 2; Reinaldo - 8; Myrtle - 6; Veta - 2; Tina - 5.
masa28: Adalberto - 6; Duane - 4; Eduardo - 7; Lynn - 4; Jordon - 3; Russel - 6; Buena - 1; Levi - 4; Wilmer - 1; Santiago - 5; Malia - 6; Andy - 7; Augustus - 7; Arnulfo - 3; Melisa - 1; Zachery - 6; Sonia - 1.
masa29: Stephanie - 4; Tameika - 4; Rodrick - 5; Vincenzo - 6; Lesa - 5; Antwan - 5; Elena - 8; Santo - 1; Ignacio - 6; Bertram - 4; Ronald - 8; Sharlene - 4; Gregory - 1; Elsie - 6; Hans - 2; Thomas - 5; Jay - 5; Kamilah - 5.
Masa masa100 nu exista!
Nu exista suficiente locuri in sala!
Nu exista suficiente locuri in sala!
masa25: Madison - 2; Joaquin - 6; Darline - 3; Elden - 8; Hettie - 5; Mirna - 7; Pat - 4; Loura - 7; Charmaine - 6; Ricky - 8; Nicki - 7; Jermaine - 7; Bart - 2; Adriana - 2; Catarina - 2; Cleo - 6; Kathlyn - 5; Gaylord - 7; Farrah - 3; Tuyet - 4.
masa26: Margherita - 6; Helena - 7; Johnny - 2; Bernice - 7; Eulah - 5; Maile - 8; Earl - 2; Timmy - 4; Roland - 7; Jayson - 8; Jorge - 1; Coleman - 1; Charlie - 4; Kieth - 1; Raymon - 2; Sammy - 5; Serafina - 3.
masa27: Benny - 1; Kraig - 3; Jerome - 4; Dannie - 1; Brigette - 2; Dessie - 7; Daine - 5; Cicely - 1; Cythia - 2; Lyndsey - 2; Shelli - 7; Randal - 2; Reinaldo - 8; Myrtle - 6; Veta - 2; Tina - 5.
masa28: Adalberto - 6; Duane - 4; Eduardo - 7; Lynn - 4; Jordon - 3; Russel - 6; Buena - 1; Levi - 4; Wilmer - 1; Santiago - 5; Malia - 6; Andy - 7; Augustus - 7; Arnulfo - 3; Melisa - 1; Zachery - 6; Sonia - 1.
masa29: Stephanie - 4; Tameika - 4; Rodrick - 5; Vincenzo - 6; Lesa - 5; Antwan - 5; Elena - 8; Santo - 1; Ignacio - 6; Bertram - 4; Ronald - 8; Sharlene - 4; Gregory - 1; Elsie - 6; Hans - 2; Thomas - 5; Jay - 5; Kamilah - 5.
Sala este inchisa!
