Jucatorul Yonela nu exista la masa masa1!
Jucatorul Olin nu exista la masa masa23!
Masa masa100 nu exista!
masa0: Madelaine - 32; Milan - 14; Carrie - 31; Alpha - 60; Shad - 52; Arturo - 22; Arnoldo - 11; Renna - 20.
masa1: Saturnina - 28; Bert - 19; Walton - 44; Nicholle - 45; Maile - 17; Delmer - 27; Kellie - 36; Candis - 50.
masa2: Herman - 30; Theodora - 36; Jung - 11; Jordan - 41; Wiley - 20; Darrel - 3.
masa3: Emery - 48; Cecile - 8; Micaela - 10; Raymon - 15; Troy - 8; Bernice - 26; Florentino - 11; Fidel - 20.
masa4: Emiko - 56; Vivien - 39; Lianne - 48; Pat - 58; Berry - 22; Jordon - 27; Eddie - 31; Janean - 46; Berna - 6; Otis - 35; Filiberto - 36.
masa5: Alonso - 43; Lindsay - 43; Coleman - 58; Tera - 19; Cleo - 35.
masa6: Sherise - 40; Conchita - 52; Eneida - 43; Kelly - 41; Willodean - 3.
masa7: Eryn - 41; Leta - 9; Rocco - 45; Emile - 26; Thad - 36; Johnathan - 53; Melda - 42; Kara - 43; Zachery - 28; Vicente - 15; Brigette - 11; Caitlin - 12.
masa8: Adeline - 49; Ciera - 40; Brant - 6; Graig - 21; Mechelle - 11; Oretha - 43; Jayson - 7; Ernie - 33; Leif - 11.
masa9: Jesus - 46; Nathalie - 4; Arie - 17; Floretta - 27; Denver - 15; Norbert - 5; Hubert - 45; Nona - 6.
masa10: Andy - 8; Sammy - 19; Adrien - 44; Ligia - 19; Elden - 7; Noel - 8; Rodrick - 49; John - 33; Argelia - 48; Gwendolyn - 16; Gilbert - 5; Dallas - 19; Danuta - 11.
masa11: Candance - 43; Jeni - 10; Julietta - 26; Nathaniel - 19; Dione - 3.
masa12: Saul - 26; Tobie - 36; Devon - 50; Vicki - 47; Josie - 6; Santo - 37.
masa13: Christeen - 34; Trinity - 18; Venus - 3; Bud - 23; Malinda - 25.
masa14: Trudie - 4; Dimple - 48; Stasia - 11; Katelin - 43; Reyes - 10; Staci - 20; Jamel - 46; Kitty - 6.
masa15: Gala - 19; Raisa - 49; Emmitt - 32; Ashley - 48; Yong - 51.
masa16: Malia - 36; Devin - 41; Gennie - 4; Queen - 44; Rosa - 50; Hung - 8; Tarra - 5; Vannesa - 18; Cicely - 48; Debrah - 4; Kalyn - 36.
masa17: Helena - 26; Dion - 38; Daine - 46; Paulina - 4; Rosetta - 34; Amalia - 38; Johnette - 43; Paige - 17; Ricky - 14.
masa18: Letty - 14; Tomeka - 13; Joanna - 13; Morton - 20; Kiley - 31; Roseline - 12; Abe - 25; Matthew - 41; Lakenya - 10.
masa19: Gilberto - 7; Heriberto - 9; Hugo - 43; Maryjane - 41; Jeffrey - 47; Takako - 34; Donte - 37; Carmine - 37; Tilda - 4; Tiffiny - 11.
masa20: Tobias - 23; Jerilyn - 21; Charlsie - 35; Cortez - 30; Miesha - 27; Marguerite - 43; Tonda - 24; Kraig - 48; Evelia - 36.
masa21: Mao - 14; Sophie - 28; Phillip - 19; Meghan - 48; Joshua - 50; Magali - 51.
masa22: Antonette - 42; Jason - 14; Manual - 3; Gerard - 30; Lisbeth - 34.
masa23: Jere - 31; Bertram - 37; Giuseppe - 47; Augustus - 43; Nicolas - 22; Sharlene - 9.
masa24: Ted - 14; Leopoldo - 12; Lilly - 34; Edmundo - 14; Lakiesha - 21.
masa25: Marcelo - 29; Kendall - 39; Millie - 13; Edmund - 25; Marshall - 41; Kayce - 50; Michiko - 5; Meri - 18; Annabel - 13.
masa26: Sage - 19; Elida - 50; Tyler - 13; Riley - 6; Samella - 42; Renaldo - 8.
masa27: Lino - 13; Joie - 29; Domenic - 46; Horacio - 5; Pearlene - 51; Sammie - 47; Lashonda - 25; Santiago - 41.
masa28: Lavonia - 48; Chang - 5; Soraya - 28; Johnny - 15; Consuela - 12; Reanna - 32; Collin - 30; Kurtis - 29; Maris - 30; Tamara - 40.
masa29: Zachary - 5; Nydia - 33; Faviola - 51; Kristeen - 40; Harriette - 18; Jarrett - 32; Malcolm - 12.
masa30: Cuc - 28; Reinaldo - 26; Mac - 48; Mariann - 12; Man - 35; Kandis - 10; Carlee - 23; Pei - 26; Mervin - 35; Alan - 12; Shasta - 3; Jon - 4; Brianne - 45.
masa31: Percy - 30; Benny - 44; Twyla - 6; Kenton - 50; Leandro - 29; Numbers - 21; Arminda - 8; Gregorio - 32; Cordell - 32; Sonia - 12; Sherill - 25.
masa32: Amina - 41; Jacquie - 7; Alfonso - 32; Gary - 20; Shelley - 37; Corie - 17.
masa33: Vincenzo - 28; Colene - 20; Ulysses - 39; Melody - 25; Nicholas - 40; Kendrick - 4; Inge - 15.
masa34: Rashad - 27; Yan - 28; Earle - 38; Katie - 47; Kemberly - 41; Salome - 3; Tameika - 46.
masa35: Serafina - 24; Jeanett - 11; Hosea - 51; Elsie - 51; Bill - 33; Norene - 4; Alita - 14; Porfirio - 27; Tyson - 13; Felice - 26; Jackie - 41; Nicol - 44; Burt - 43.
masa36: Natosha - 39; Jeffry - 41; Burl - 50; Cecily - 21; Harley - 16; Kerry - 48; Melynda - 17; Demetrius - 13; Thaddeus - 16.
masa37: Carina - 45; Rhea - 19; Penni - 19; Kasi - 50; Ira - 17; Merlene - 46; Juliane - 45; Janae - 27.
masa38: Terica - 51; Chantay - 10; Heidi - 43; Elinore - 49; Barney - 38.
masa39: Donnell - 19; Lyndsey - 17; Hai - 9; Johnnie - 31; Aisha - 17; Drusilla - 20; Thurman - 31; Greta - 16; Coreen - 50; Derrick - 51.
masa40: Ailene - 44; Eli - 13; Rufus - 9; Marin - 35; Kamilah - 28; Ela - 9.
masa41: Everett - 49; Inez - 23; Joey - 49; Anne - 13; Leslie - 29.
masa42: Lavona - 12; Dannie - 31; Malka - 41; Zina - 9; Emanuel - 5; Josef - 39; Kurt - 51; Michel - 45; Merna - 38.
masa43: Ollie - 47; Arnold - 4; Lourie - 9; Karry - 25; Shemeka - 36.
masa44: Luigi - 49; Sandra - 5; Randal - 21; Kaylene - 9; Callie - 6; Shanti - 11.
masa45: Merrill - 9; Angel - 24; Jacklyn - 35; Joaquina - 8; Hassan - 11; Ronald - 12.
masa46: Mario - 41; Bettye - 27; Claudine - 47; Charlyn - 40; Evelyne - 23; Melvin - 34; Loretta - 13.
masa47: Fausto - 32; Thomas - 37; Jewel - 45; Geralyn - 44; Tenesha - 43; Kourtney - 7; Preston - 46; Danette - 23.
masa48: Parker - 35; Virgil - 51; Gia - 26; Gidget - 40; Christy - 29; Jacquline - 44; Val - 43; Bruna - 4; Ashli - 18.
masa49: Delena - 29; Sharla - 15; Alva - 42; Maple - 37; Wilson - 3; Isidro - 32; Jenell - 38; Wilhelmina - 14; Joaquin - 36; Roxana - 16; Maritza - 16; Luis - 12; Misha - 39.
Masa masa70 nu exista!
Clasament masa0:
Alpha 60
Shad 52
Madelaine 32
Carrie 31
Arturo 22
Renna 20
Milan 14
Arnoldo 11
Clasament masa18:
Matthew 41
Kiley 31
Abe 25
Morton 20
Letty 14
Tomeka 13
Joanna 13
Roseline 12
Lakenya 10
masa0: Madelaine - 32; Milan - 14; Carrie - 31; Alpha - 60; Shad - 52; Arturo - 22; Arnoldo - 11; Renna - 20.
masa1: Saturnina - 28; Bert - 19; Walton - 44; Nicholle - 45; Maile - 17; Delmer - 27; Kellie - 36; Candis - 50.
masa2: Herman - 30; Theodora - 36; Jung - 11; Jordan - 41; Wiley - 20; Darrel - 3.
masa3: Emery - 48; Cecile - 8; Micaela - 10; Raymon - 15; Troy - 8; Bernice - 26; Florentino - 11; Fidel - 20.
masa4: Emiko - 56; Vivien - 39; Lianne - 48; Pat - 58; Berry - 22; Jordon - 27; Eddie - 31; Janean - 46; Berna - 6; Otis - 35; Filiberto - 36.
masa5: Alonso - 43; Lindsay - 43; Coleman - 58; Tera - 19; Cleo - 35.
masa6: Sherise - 40; Conchita - 52; Eneida - 43; Kelly - 41; Willodean - 3.
masa7: Eryn - 41; Leta - 9; Rocco - 45; Emile - 26; Thad - 36; Johnathan - 53; Melda - 52; Kara - 59; Zachery - 29; Vicente - 20; Brigette - 16; Caitlin - 16.
masa8: Adeline - 56; Ciera - 56; Brant - 11; Graig - 27; Mechelle - 20; Oretha - 56; Jayson - 24; Ernie - 37; Leif - 26.
masa9: Jesus - 48; Nathalie - 9; Arie - 31; Floretta - 34; Denver - 29; Norbert - 9; Hubert - 48; Nona - 16.
masa10: Andy - 15; Sammy - 27; Adrien - 60; Ligia - 37; Elden - 15; Noel - 12; Rodrick - 52; John - 44; Argelia - 62; Gwendolyn - 35; Gilbert - 17; Dallas - 19; Danuta - 27.
masa11: Candance - 51; Jeni - 29; Julietta - 38; Nathaniel - 25; Dione - 9.
masa12: Saul - 40; Tobie - 55; Devon - 65; Vicki - 57; Josie - 20; Santo - 55.
masa13: Christeen - 41; Trinity - 19; Venus - 20; Bud - 25; Malinda - 42.
masa14: Trudie - 16; Dimple - 60; Stasia - 11; Katelin - 43; Reyes - 10; Staci - 20; Jamel - 46; Kitty - 6.
masa15: Gala - 19; Raisa - 49; Emmitt - 32; Ashley - 48; Yong - 51.
masa16: Malia - 36; Devin - 41; Gennie - 4; Queen - 44; Rosa - 50; Hung - 8; Tarra - 5; Vannesa - 18; Cicely - 48; Debrah - 4; Kalyn - 36.
masa17: Helena - 26; Dion - 38; Daine - 46; Paulina - 4; Rosetta - 34; Amalia - 38; Johnette - 43; Paige - 17; Ricky - 14.
masa18: Letty - 14; Tomeka - 13; Joanna - 13; Morton - 20; Kiley - 31; Roseline - 12; Abe - 25; Matthew - 41; Lakenya - 10.
masa19: Gilberto - 7; Heriberto - 9; Hugo - 43; Maryjane - 41; Jeffrey - 47; Takako - 34; Donte - 37; Carmine - 37; Tilda - 4; Tiffiny - 11.
masa20: Tobias - 23; Jerilyn - 21; Charlsie - 35; Cortez - 30; Miesha - 27; Marguerite - 43; Tonda - 24; Kraig - 48; Evelia - 36.
masa21: Mao - 14; Sophie - 28; Phillip - 19; Meghan - 48; Joshua - 50; Magali - 51.
masa22: Antonette - 42; Jason - 14; Manual - 3; Gerard - 30; Lisbeth - 34.
masa23: Jere - 31; Bertram - 37; Giuseppe - 47; Augustus - 43; Nicolas - 22; Sharlene - 9.
masa24: Ted - 14; Leopoldo - 12; Lilly - 34; Edmundo - 14; Lakiesha - 21.
masa25: Marcelo - 29; Kendall - 39; Millie - 13; Edmund - 25; Marshall - 41; Kayce - 50; Michiko - 5; Meri - 18; Annabel - 13.
masa26: Sage - 19; Elida - 50; Tyler - 13; Riley - 6; Samella - 42; Renaldo - 8.
masa27: Lino - 13; Joie - 29; Domenic - 46; Horacio - 5; Pearlene - 51; Sammie - 47; Lashonda - 25; Santiago - 41.
masa28: Lavonia - 48; Chang - 5; Soraya - 28; Johnny - 15; Consuela - 12; Reanna - 32; Collin - 30; Kurtis - 29; Maris - 30; Tamara - 40.
masa29: Zachary - 5; Nydia - 33; Faviola - 51; Kristeen - 40; Harriette - 18; Jarrett - 32; Malcolm - 12.
masa30: Cuc - 28; Reinaldo - 26; Mac - 48; Mariann - 12; Man - 35; Kandis - 10; Carlee - 23; Pei - 26; Mervin - 35; Alan - 12; Shasta - 3; Jon - 4; Brianne - 45.
masa31: Percy - 30; Benny - 44; Twyla - 6; Kenton - 50; Leandro - 29; Numbers - 21; Arminda - 8; Gregorio - 32; Cordell - 32; Sonia - 12; Sherill - 25.
masa32: Amina - 41; Jacquie - 7; Alfonso - 32; Gary - 20; Shelley - 37; Corie - 17.
masa33: Vincenzo - 28; Colene - 20; Ulysses - 39; Melody - 25; Nicholas - 40; Kendrick - 4; Inge - 15.
masa34: Yan - 28; Earle - 38; Katie - 47; Kemberly - 41; Salome - 3; Tameika - 32.
masa35: Serafina - 24; Jeanett - 11; Hosea - 51; Elsie - 51; Bill - 33; Norene - 4; Alita - 14; Porfirio - 27; Tyson - 13; Felice - 26; Jackie - 41; Nicol - 44; Burt - 43.
masa36: Natosha - 39; Jeffry - 41; Burl - 50; Cecily - 21; Harley - 16; Kerry - 48; Melynda - 17; Demetrius - 13; Thaddeus - 16.
masa37: Carina - 45; Rhea - 19; Penni - 19; Kasi - 50; Ira - 17; Merlene - 46; Juliane - 45; Janae - 27.
masa38: Terica - 51; Chantay - 10; Heidi - 43; Elinore - 49; Barney - 38.
masa39: Donnell - 19; Lyndsey - 17; Hai - 9; Johnnie - 31; Aisha - 17; Drusilla - 20; Thurman - 31; Greta - 16; Coreen - 50; Derrick - 51.
masa40: Ailene - 44; Eli - 13; Rufus - 9; Marin - 35; Kamilah - 28; Ela - 9.
masa41: Everett - 49; Inez - 23; Joey - 49; Anne - 13; Leslie - 29.
masa42: Lavona - 12; Dannie - 31; Malka - 41; Zina - 9; Emanuel - 5; Josef - 39; Kurt - 51; Michel - 45; Merna - 38.
masa43: Ollie - 47; Arnold - 4; Lourie - 9; Karry - 25; Shemeka - 36.
masa44: Luigi - 49; Sandra - 5; Randal - 21; Kaylene - 9; Callie - 6; Shanti - 11.
masa45: Merrill - 9; Angel - 24; Jacklyn - 35; Joaquina - 8; Hassan - 11; Ronald - 12.
masa46: Mario - 41; Bettye - 27; Claudine - 47; Charlyn - 40; Evelyne - 23; Melvin - 34; Loretta - 13.
masa47: Fausto - 32; Thomas - 37; Jewel - 45; Geralyn - 44; Tenesha - 43; Kourtney - 7; Preston - 46; Danette - 23.
masa48: Parker - 35; Virgil - 51; Gia - 26; Gidget - 40; Christy - 29; Jacquline - 44; Val - 43; Bruna - 4; Ashli - 18.
masa49: Delena - 29; Sharla - 15; Alva - 42; Maple - 37; Wilson - 3; Isidro - 32; Jenell - 38; Wilhelmina - 14; Joaquin - 36; Roxana - 16; Maritza - 16; Luis - 12; Misha - 39.
Masa masa100 nu exista!
Jucatorul Ola nu exista la masa masa19!
masa0: Madelaine - 32; Milan - 14; Carrie - 31; Alpha - 60; Shad - 52; Arturo - 22; Arnoldo - 11; Renna - 20.
masa1: Saturnina - 28; Bert - 19; Walton - 44; Nicholle - 45; Maile - 17; Delmer - 27; Kellie - 36; Candis - 50.
masa2: Herman - 30; Theodora - 36; Jung - 11; Jordan - 41; Wiley - 20; Darrel - 3.
masa3: Emery - 48; Cecile - 8; Micaela - 10; Raymon - 15; Troy - 8; Bernice - 26; Florentino - 11; Fidel - 20.
masa4: Emiko - 56; Vivien - 39; Lianne - 48; Pat - 58; Berry - 22; Jordon - 27; Eddie - 31; Janean - 46; Berna - 6; Otis - 35; Filiberto - 36.
masa5: Alonso - 43; Lindsay - 43; Coleman - 58; Tera - 19; Cleo - 35.
masa6: Sherise - 40; Conchita - 52; Eneida - 43; Kelly - 41; Willodean - 3.
masa7: Eryn - 41; Leta - 9; Rocco - 45; Emile - 26; Thad - 36; Johnathan - 53; Melda - 52; Kara - 59; Zachery - 29; Vicente - 20; Brigette - 16; Caitlin - 16.
masa8: Adeline - 56; Ciera - 56; Brant - 11; Graig - 27; Mechelle - 20; Oretha - 56; Jayson - 24; Ernie - 37; Leif - 26.
masa9: Jesus - 48; Nathalie - 9; Arie - 31; Floretta - 34; Denver - 29; Norbert - 9; Hubert - 48; Nona - 16.
masa10: Andy - 15; Sammy - 27; Adrien - 60; Ligia - 37; Elden - 15; Noel - 12; Rodrick - 52; John - 44; Argelia - 62; Gwendolyn - 35; Gilbert - 17; Dallas - 19; Danuta - 27.
masa11: Candance - 51; Jeni - 29; Julietta - 38; Nathaniel - 25; Dione - 9.
masa12: Saul - 40; Tobie - 55; Devon - 65; Vicki - 57; Josie - 20; Santo - 55.
masa13: Christeen - 41; Trinity - 19; Venus - 20; Bud - 25; Malinda - 42.
masa14: Trudie - 16; Dimple - 60; Stasia - 27; Katelin - 44; Reyes - 10; Staci - 26; Jamel - 47; Kitty - 11.
masa15: Gala - 28; Raisa - 53; Emmitt - 51; Ashley - 48; Yong - 60.
masa16: Malia - 47; Devin - 58; Gennie - 21; Queen - 55; Rosa - 51; Hung - 23; Tarra - 14; Vannesa - 25; Cicely - 55; Debrah - 20; Kalyn - 53.
masa17: Helena - 39; Dion - 44; Daine - 51; Paulina - 10; Rosetta - 37; Amalia - 57; Johnette - 44; Paige - 17; Ricky - 14.
masa18: Letty - 14; Tomeka - 13; Joanna - 13; Morton - 20; Kiley - 31; Roseline - 12; Abe - 25; Matthew - 41; Lakenya - 10.
masa19: Gilberto - 16; Heriberto - 25; Hugo - 46; Maryjane - 41; Jeffrey - 47; Takako - 40; Donte - 48; Carmine - 38; Tilda - 19; Tiffiny - 11.
masa20: Tobias - 23; Jerilyn - 21; Charlsie - 35; Cortez - 30; Miesha - 27; Marguerite - 43; Tonda - 24; Kraig - 48; Evelia - 36.
masa21: Mao - 14; Sophie - 28; Phillip - 19; Meghan - 48; Joshua - 50; Magali - 51.
masa22: Antonette - 42; Jason - 14; Manual - 3; Gerard - 30; Lisbeth - 34.
masa23: Jere - 31; Bertram - 37; Giuseppe - 47; Augustus - 43; Nicolas - 29; Sharlene - 23.
masa24: Ted - 15; Leopoldo - 30; Lilly - 49; Edmundo - 23; Lakiesha - 38.
masa25: Marcelo - 30; Kendall - 39; Millie - 13; Edmund - 25; Marshall - 41; Kayce - 50; Michiko - 5; Meri - 18; Annabel - 13.
masa26: Sage - 19; Elida - 50; Tyler - 13; Riley - 6; Samella - 42; Renaldo - 8.
masa27: Lino - 13; Joie - 33; Domenic - 46; Horacio - 5; Pearlene - 51; Sammie - 47; Lashonda - 25; Santiago - 41.
masa28: Lavonia - 48; Chang - 5; Soraya - 28; Johnny - 15; Consuela - 12; Reanna - 32; Collin - 30; Kurtis - 29; Maris - 30; Tamara - 40.
masa29: Zachary - 5; Nydia - 33; Faviola - 51; Kristeen - 40; Harriette - 18; Jarrett - 32; Malcolm - 12.
masa30: Cuc - 28; Reinaldo - 26; Mac - 48; Mariann - 12; Man - 35; Kandis - 10; Carlee - 23; Pei - 26; Mervin - 35; Alan - 12; Shasta - 3; Jon - 4; Brianne - 45.
masa31: Percy - 30; Benny - 44; Twyla - 6; Kenton - 50; Leandro - 29; Numbers - 21; Arminda - 8; Gregorio - 32; Cordell - 32; Sonia - 12; Sherill - 25.
masa32: Amina - 41; Jacquie - 7; Alfonso - 32; Gary - 20; Shelley - 37; Corie - 17.
masa33: Vincenzo - 28; Colene - 20; Ulysses - 39; Melody - 25; Nicholas - 40; Kendrick - 4; Inge - 15.
masa34: Katie - 47; Tameika - 32.
masa35: Serafina - 24; Jeanett - 11; Hosea - 51; Elsie - 51; Bill - 33; Norene - 4; Alita - 14; Porfirio - 27; Tyson - 13; Felice - 26; Jackie - 41; Nicol - 44; Burt - 43.
masa36: Natosha - 39; Jeffry - 41; Burl - 50; Cecily - 21; Harley - 16; Kerry - 48; Melynda - 17; Demetrius - 13; Thaddeus - 16.
masa37: Carina - 45; Rhea - 19; Penni - 19; Kasi - 50; Ira - 17; Merlene - 46; Juliane - 45; Janae - 27.
masa38: Terica - 51; Chantay - 10; Heidi - 43; Elinore - 49; Barney - 38.
masa39: Donnell - 19; Lyndsey - 17; Hai - 9; Johnnie - 31; Aisha - 17; Drusilla - 20; Thurman - 31; Greta - 16; Coreen - 50; Derrick - 51.
masa40: Ailene - 44; Eli - 13; Rufus - 9; Marin - 35; Kamilah - 28; Ela - 9.
masa41: Everett - 49; Inez - 23; Joey - 49; Anne - 13; Leslie - 29.
masa42: Lavona - 12; Dannie - 31; Malka - 41; Zina - 9; Emanuel - 5; Josef - 39; Kurt - 51; Michel - 45; Merna - 38.
masa43: Ollie - 47; Arnold - 4; Lourie - 9; Karry - 25; Shemeka - 36.
masa44: Luigi - 49; Sandra - 5; Randal - 21; Kaylene - 9; Callie - 6; Shanti - 11.
masa45: Merrill - 9; Angel - 24; Jacklyn - 35; Joaquina - 8; Hassan - 11; Ronald - 12.
masa46: Mario - 41; Bettye - 27; Claudine - 47; Charlyn - 40; Evelyne - 23; Melvin - 34; Loretta - 13.
masa47: Fausto - 32; Thomas - 37; Jewel - 45; Geralyn - 44; Tenesha - 43; Kourtney - 7; Preston - 46; Danette - 23.
masa48: Parker - 35; Virgil - 51; Gia - 26; Gidget - 40; Christy - 29; Jacquline - 44; Val - 43; Bruna - 4; Ashli - 18.
masa49: Delena - 29; Sharla - 15; Alva - 42; Maple - 37; Wilson - 3; Isidro - 32; Jenell - 38; Wilhelmina - 14; Joaquin - 36; Roxana - 16; Maritza - 16; Luis - 12; Misha - 39.
Clasament masa3:
Emery 48
Bernice 26
Fidel 20
Raymon 15
Florentino 11
Micaela 10
Troy 8
Cecile 8
Jucatorul WIlson nu exista la masa masa49!
Clasament masa1:
Candis 50
Nicholle 45
Walton 44
Kellie 36
Saturnina 28
Delmer 27
Bert 19
Maile 17
Clasament masa24:
Lilly 49
Lakiesha 38
Leopoldo 30
Edmundo 23
Ted 15
Clasament masa45:
Jacklyn 35
Angel 24
Ronald 12
Hassan 11
Merrill 9
Joaquina 8
Masa masa34 nu exista!
Masa masa34 nu exista!
Masa masa34 nu exista!
Masa masa34 nu exista!
Masa masa34 nu exista!
Masa masa34 nu exista!
Masa masa34 nu exista!
Masa masa34 nu exista!
Masa masa34 nu exista!
Masa masa34 nu exista!
Masa masa50 nu exista!
masa0: Madelaine - 32; Milan - 14; Carrie - 31; Alpha - 60; Shad - 52; Arturo - 22; Arnoldo - 11; Renna - 20.
masa1: Saturnina - 28; Bert - 19; Walton - 44; Nicholle - 45; Maile - 17; Delmer - 27; Kellie - 36; Candis - 50.
masa2: Herman - 30; Theodora - 36; Jung - 11; Jordan - 41; Wiley - 20; Darrel - 3.
masa3: Emery - 48; Cecile - 8; Micaela - 10; Raymon - 15; Troy - 8; Bernice - 26; Florentino - 11; Fidel - 20.
masa4: Emiko - 56; Vivien - 39; Lianne - 48; Pat - 58; Berry - 22; Jordon - 27; Eddie - 31; Janean - 46; Berna - 6; Otis - 35; Filiberto - 36.
masa5: Alonso - 43; Lindsay - 43; Coleman - 58; Tera - 19; Cleo - 35.
masa6: Sherise - 40; Conchita - 52; Eneida - 43; Kelly - 41; Willodean - 3.
masa7: Eryn - 41; Leta - 9; Rocco - 45; Emile - 26; Thad - 36; Johnathan - 53; Melda - 52; Kara - 59; Zachery - 29; Vicente - 20; Brigette - 16; Caitlin - 16.
masa8: Adeline - 56; Ciera - 56; Brant - 11; Graig - 27; Mechelle - 20; Oretha - 56; Jayson - 24; Ernie - 37; Leif - 26.
masa9: Jesus - 48; Nathalie - 9; Arie - 31; Floretta - 34; Denver - 29; Norbert - 9; Hubert - 48; Nona - 16.
masa10: Andy - 15; Sammy - 27; Adrien - 60; Ligia - 37; Elden - 15; Noel - 12; Rodrick - 52; John - 44; Argelia - 62; Gwendolyn - 35; Gilbert - 17; Dallas - 19; Danuta - 27.
masa11: Candance - 51; Jeni - 29; Julietta - 38; Nathaniel - 25; Dione - 9.
masa12: Saul - 40; Tobie - 55; Devon - 65; Vicki - 57; Josie - 20; Santo - 55.
masa13: Christeen - 41; Trinity - 19; Venus - 20; Bud - 25; Malinda - 42.
masa14: Trudie - 16; Dimple - 60; Stasia - 27; Katelin - 44; Reyes - 10; Staci - 26; Jamel - 47; Kitty - 11.
masa15: Gala - 28; Raisa - 53; Emmitt - 51; Ashley - 48; Yong - 60.
masa16: Malia - 47; Devin - 58; Gennie - 21; Queen - 55; Rosa - 51; Hung - 23; Tarra - 14; Vannesa - 25; Cicely - 55; Debrah - 20; Kalyn - 53.
masa17: Helena - 39; Dion - 44; Daine - 51; Paulina - 10; Rosetta - 37; Amalia - 57; Johnette - 44; Paige - 17; Ricky - 14.
masa18: Letty - 14; Tomeka - 13; Joanna - 13; Morton - 20; Kiley - 31; Roseline - 12; Abe - 25; Matthew - 41; Lakenya - 10.
masa19: Gilberto - 16; Heriberto - 25; Hugo - 46; Maryjane - 41; Jeffrey - 47; Takako - 40; Donte - 48; Carmine - 38; Tilda - 19; Tiffiny - 11.
masa20: Tobias - 23; Jerilyn - 21; Charlsie - 35; Cortez - 30; Miesha - 27; Marguerite - 43; Tonda - 24; Kraig - 48; Evelia - 36.
masa21: Mao - 14; Sophie - 28; Phillip - 19; Meghan - 48; Joshua - 50; Magali - 51.
masa22: Antonette - 42; Jason - 14; Manual - 3; Gerard - 30; Lisbeth - 34.
masa23: Jere - 31; Bertram - 37; Giuseppe - 47; Augustus - 43; Nicolas - 29; Sharlene - 23.
masa24: Ted - 15; Leopoldo - 30; Lilly - 49; Edmundo - 23; Lakiesha - 38.
masa25: Marcelo - 30; Kendall - 39; Millie - 13; Edmund - 25; Marshall - 41; Kayce - 50; Michiko - 5; Meri - 18; Annabel - 13.
masa26: Sage - 19; Elida - 50; Tyler - 13; Riley - 6; Samella - 42; Renaldo - 8.
masa27: Lino - 13; Joie - 33; Domenic - 64; Horacio - 13; Pearlene - 59; Sammie - 56; Lashonda - 42; Santiago - 58.
masa28: Lavonia - 64; Chang - 9; Soraya - 31; Johnny - 25; Consuela - 15; Reanna - 42; Collin - 30; Kurtis - 29; Maris - 30; Tamara - 40.
masa29: Zachary - 5; Nydia - 33; Faviola - 51; Kristeen - 40; Harriette - 18; Jarrett - 32; Malcolm - 12.
masa30: Cuc - 28; Reinaldo - 60; Mac - 48; Mariann - 12; Man - 35; Kandis - 10; Carlee - 23; Pei - 26; Mervin - 35; Alan - 12; Shasta - 3; Jon - 10; Brianne - 53.
masa31: Percy - 30; Benny - 46; Twyla - 17; Kenton - 60; Leandro - 34; Numbers - 22; Arminda - 9; Gregorio - 42; Cordell - 50; Sonia - 17; Sherill - 25.
masa32: Amina - 57; Jacquie - 11; Alfonso - 38; Gary - 22; Shelley - 42; Corie - 25.
masa33: Vincenzo - 44; Colene - 22; Ulysses - 57; Melody - 29; Nicholas - 57; Kendrick - 6; Inge - 19.
masa35: Serafina - 25; Jeanett - 11; Hosea - 51; Elsie - 51; Bill - 33; Norene - 4; Alita - 14; Porfirio - 27; Tyson - 13; Felice - 26; Jackie - 41; Nicol - 44; Burt - 43.
masa36: Natosha - 39; Jeffry - 41; Burl - 50; Cecily - 21; Harley - 16; Kerry - 48; Melynda - 17; Demetrius - 13; Thaddeus - 16.
masa37: Carina - 45; Rhea - 19; Penni - 19; Kasi - 50; Ira - 17; Merlene - 46; Juliane - 45; Janae - 27.
masa38: Terica - 51; Chantay - 10; Heidi - 43; Elinore - 49; Barney - 38.
masa39: Donnell - 19; Lyndsey - 17; Hai - 9; Johnnie - 31; Aisha - 17; Drusilla - 20; Thurman - 31; Greta - 16; Coreen - 50; Derrick - 51.
masa40: Ailene - 44; Eli - 13; Rufus - 9; Marin - 35; Kamilah - 28; Ela - 9.
masa41: Everett - 49; Inez - 23; Joey - 49; Anne - 13; Leslie - 29.
masa42: Lavona - 12; Dannie - 31; Malka - 41; Zina - 9; Emanuel - 5; Josef - 39; Kurt - 51; Michel - 45; Merna - 38.
masa43: Ollie - 47; Arnold - 4; Lourie - 9; Karry - 25; Shemeka - 36.
masa44: Luigi - 49; Sandra - 5; Randal - 21; Kaylene - 9; Callie - 6; Shanti - 11.
masa45: Merrill - 9; Angel - 24; Jacklyn - 35; Joaquina - 8; Hassan - 11; Ronald - 12.
masa46: Mario - 41; Bettye - 27; Claudine - 47; Charlyn - 40; Evelyne - 23; Melvin - 34; Loretta - 13.
masa47: Fausto - 32; Thomas - 37; Jewel - 45; Geralyn - 44; Tenesha - 43; Kourtney - 7; Preston - 46; Danette - 23.
masa48: Parker - 35; Virgil - 51; Gia - 26; Gidget - 40; Christy - 29; Jacquline - 44; Val - 43; Bruna - 4; Ashli - 18.
masa49: Wilson - 3; Isidro - 32; Roxana - 16; Maritza - 16; Luis - 12; Misha - 39.
Clasament masa4:
Pat 58
Emiko 56
Lianne 48
Janean 46
Vivien 39
Filiberto 36
Otis 35
Eddie 31
Jordon 27
Berry 22
Berna 6
Clasament masa4:
Pat 58
Emiko 56
Lianne 48
Janean 46
Vivien 39
Filiberto 36
Otis 35
Eddie 31
Jordon 27
Berry 22
Berna 6
masa0: Arturo - 22; Arnoldo - 11; Renna - 20.
masa1: Saturnina - 28; Bert - 19; Walton - 44; Nicholle - 45; Maile - 17; Delmer - 27; Kellie - 36; Candis - 50.
masa2: Herman - 30; Theodora - 36; Jung - 11; Jordan - 41; Wiley - 20; Darrel - 3.
masa3: Emery - 48; Cecile - 8; Micaela - 10; Raymon - 15; Troy - 8; Bernice - 26; Florentino - 11; Fidel - 20.
masa4: Emiko - 56; Vivien - 39; Lianne - 48; Pat - 58; Berry - 22; Jordon - 27; Eddie - 31; Janean - 46; Berna - 6; Otis - 35; Filiberto - 36.
masa5: Alonso - 43; Lindsay - 43; Coleman - 58; Tera - 19; Cleo - 35.
masa6: Sherise - 40; Conchita - 52; Eneida - 43; Kelly - 41; Willodean - 3.
masa7: Eryn - 41; Leta - 9; Rocco - 45; Emile - 26; Thad - 36; Johnathan - 53; Melda - 52; Kara - 59; Zachery - 29; Vicente - 20; Brigette - 16; Caitlin - 16.
masa8: Adeline - 56; Ciera - 56; Brant - 11; Graig - 27; Mechelle - 20; Oretha - 56; Jayson - 24; Ernie - 37; Leif - 26.
masa9: Jesus - 48; Nathalie - 9; Arie - 31; Floretta - 34; Denver - 29; Norbert - 9; Hubert - 48; Nona - 16.
masa10: Andy - 15; Sammy - 27; Adrien - 60; Ligia - 37; Elden - 15; Noel - 12; Rodrick - 52; John - 44; Argelia - 62; Gwendolyn - 35; Gilbert - 17; Dallas - 19; Danuta - 27.
masa11: Candance - 51; Jeni - 29; Julietta - 38; Nathaniel - 25; Dione - 9.
masa12: Saul - 40; Tobie - 55; Devon - 65; Vicki - 57; Josie - 20; Santo - 55.
masa13: Christeen - 41; Trinity - 19; Venus - 20; Bud - 25; Malinda - 42.
masa14: Trudie - 16; Dimple - 60; Stasia - 27; Katelin - 44; Reyes - 10; Staci - 26; Jamel - 47; Kitty - 11.
masa15: Gala - 28; Raisa - 53; Emmitt - 51; Ashley - 48; Yong - 60.
masa16: Malia - 47; Devin - 58; Gennie - 21; Queen - 55; Rosa - 51; Hung - 23; Tarra - 14; Vannesa - 25; Cicely - 55; Debrah - 20; Kalyn - 53.
masa17: Helena - 39; Dion - 44; Daine - 51; Paulina - 10; Rosetta - 37; Amalia - 57; Johnette - 44; Paige - 17; Ricky - 14.
masa18: Letty - 14; Tomeka - 13; Joanna - 13; Morton - 20; Kiley - 31; Roseline - 12; Abe - 25; Matthew - 41; Lakenya - 10.
masa19: Gilberto - 16; Heriberto - 25; Hugo - 46; Maryjane - 41; Jeffrey - 47; Takako - 40; Donte - 48; Carmine - 38; Tilda - 19; Tiffiny - 11.
masa20: Tobias - 23; Jerilyn - 21; Charlsie - 35; Cortez - 30; Miesha - 27; Marguerite - 43; Tonda - 24; Kraig - 48; Evelia - 36.
masa21: Mao - 14; Sophie - 28; Phillip - 19; Meghan - 48; Joshua - 50; Magali - 51.
masa22: Antonette - 42; Jason - 14; Manual - 3; Gerard - 30; Lisbeth - 34.
masa23: Jere - 31; Bertram - 37; Giuseppe - 47; Augustus - 43; Nicolas - 29; Sharlene - 23.
masa24: Ted - 15; Leopoldo - 30; Lilly - 49; Edmundo - 23; Lakiesha - 38.
masa25: Marcelo - 30; Kendall - 39; Millie - 13; Edmund - 25; Marshall - 41; Kayce - 50; Michiko - 5; Meri - 18; Annabel - 13.
masa26: Sage - 19; Elida - 50; Tyler - 13; Riley - 6; Samella - 42; Renaldo - 8.
masa27: Lino - 13; Joie - 33; Domenic - 64; Horacio - 13; Pearlene - 59; Sammie - 56; Lashonda - 42; Santiago - 58.
masa28: Lavonia - 64; Chang - 9; Soraya - 31; Johnny - 25; Consuela - 15; Reanna - 42; Collin - 30; Kurtis - 29; Maris - 30; Tamara - 40.
masa29: Zachary - 5; Nydia - 33; Faviola - 51; Kristeen - 40; Harriette - 18; Jarrett - 32; Malcolm - 12.
masa30: Cuc - 28; Reinaldo - 60; Mac - 48; Mariann - 12; Man - 35; Kandis - 10; Carlee - 23; Pei - 26; Mervin - 35; Alan - 12; Shasta - 3; Jon - 10; Brianne - 53.
masa31: Percy - 30; Benny - 46; Twyla - 17; Kenton - 60; Leandro - 34; Numbers - 22; Arminda - 9; Gregorio - 42; Cordell - 50; Sonia - 17; Sherill - 25.
masa32: Amina - 57; Jacquie - 11; Alfonso - 38; Gary - 22; Shelley - 42; Corie - 25.
masa33: Vincenzo - 44; Colene - 22; Ulysses - 57; Melody - 29; Nicholas - 57; Kendrick - 6; Inge - 19.
masa35: Serafina - 25; Jeanett - 21; Hosea - 64; Elsie - 65; Bill - 33; Norene - 7; Alita - 33; Porfirio - 28; Tyson - 32; Felice - 42; Jackie - 60; Nicol - 57; Burt - 56.
masa36: Natosha - 47; Jeffry - 51; Burl - 65; Cecily - 21; Harley - 16; Kerry - 52; Melynda - 17; Demetrius - 23; Thaddeus - 20.
masa37: Carina - 46; Rhea - 19; Penni - 19; Kasi - 50; Ira - 17; Merlene - 62; Juliane - 64; Janae - 45.
masa38: Terica - 58; Chantay - 22; Heidi - 43; Elinore - 49; Barney - 38.
masa39: Donnell - 19; Lyndsey - 17; Hai - 9; Johnnie - 31; Aisha - 17; Drusilla - 20; Thurman - 31; Greta - 16; Coreen - 62; Derrick - 52.
masa40: Ailene - 59; Eli - 32; Rufus - 9; Marin - 35; Kamilah - 28; Ela - 9.
masa41: Everett - 49; Inez - 23; Joey - 49; Anne - 13; Leslie - 29.
masa42: Lavona - 12; Dannie - 31; Malka - 41; Zina - 9; Emanuel - 5; Josef - 39; Kurt - 51; Michel - 45; Merna - 38.
masa43: Ollie - 47; Arnold - 4; Lourie - 9; Karry - 25; Shemeka - 36.
masa44: Luigi - 49; Sandra - 5; Randal - 21; Kaylene - 14; Callie - 8; Shanti - 30.
masa45: Merrill - 9; Angel - 26; Jacklyn - 53; Joaquina - 9; Hassan - 11; Ronald - 12.
masa46: Mario - 41; Bettye - 37; Claudine - 56; Charlyn - 41; Evelyne - 42; Melvin - 50; Loretta - 25.
masa47: Fausto - 47; Thomas - 51; Jewel - 49; Geralyn - 44; Tenesha - 43; Kourtney - 7; Preston - 46; Danette - 23.
masa48: Val - 43; Bruna - 4.
masa49: Isidro - 32; Roxana - 16; Maritza - 16.
Clasament masa12:
Devon 65
Vicki 57
Tobie 55
Santo 55
Saul 40
Josie 20
Jucatorul Wilhelmina nu exista la masa masa49!
Jucatorul Joaquin nu exista la masa masa49!
Masa masa34 nu exista!
Masa masa34 nu exista!
Jucatorul Luis nu exista la masa masa49!
Clasament masa10:
Argelia 62
Adrien 60
Rodrick 52
John 44
Ligia 37
Gwendolyn 35
Sammy 27
Danuta 27
Dallas 19
Gilbert 17
Elden 15
Andy 15
Noel 12
Jucatorul Misha nu exista la masa masa49!
Jucatorul Bruna nu exista la masa masa49!
masa1: Saturnina - 28; Bert - 19; Walton - 44; Nicholle - 45; Maile - 17; Delmer - 27; Kellie - 36; Candis - 50.
masa2: Herman - 30; Theodora - 36; Jung - 11; Jordan - 41; Wiley - 20; Darrel - 3.
masa3: Emery - 48; Cecile - 8; Micaela - 10; Raymon - 15; Troy - 8; Bernice - 26; Florentino - 11; Fidel - 20.
masa4: Emiko - 56; Vivien - 39; Lianne - 48; Pat - 58; Berry - 22; Jordon - 27; Eddie - 31; Janean - 46; Berna - 6; Otis - 35; Filiberto - 36.
masa5: Alonso - 43; Lindsay - 43; Coleman - 58; Tera - 19; Cleo - 35.
masa6: Sherise - 40; Conchita - 52; Eneida - 43; Kelly - 41; Willodean - 3.
masa7: Eryn - 41; Leta - 9; Rocco - 45; Emile - 26; Thad - 36; Johnathan - 53; Melda - 52; Kara - 59; Zachery - 29; Vicente - 20; Brigette - 16; Caitlin - 16.
masa8: Adeline - 56; Ciera - 56; Brant - 11; Graig - 27; Mechelle - 20; Oretha - 56; Jayson - 24; Ernie - 37; Leif - 26.
masa9: Jesus - 48; Nathalie - 9; Arie - 31; Floretta - 34; Denver - 29; Norbert - 9; Hubert - 48; Nona - 16.
masa10: Andy - 15; Sammy - 27; Adrien - 60; Ligia - 37; Elden - 15; Noel - 12; Rodrick - 52; John - 44; Argelia - 62; Gwendolyn - 35; Gilbert - 17; Dallas - 19; Danuta - 27.
masa11: Candance - 51; Jeni - 29; Julietta - 38; Nathaniel - 25; Dione - 9.
masa12: Saul - 40; Tobie - 55; Devon - 65; Vicki - 57; Josie - 20; Santo - 55.
masa13: Christeen - 41; Trinity - 19; Venus - 20; Bud - 25; Malinda - 42.
masa14: Trudie - 16; Dimple - 60; Stasia - 27; Katelin - 44; Reyes - 10; Staci - 26; Jamel - 47; Kitty - 11.
masa15: Gala - 28; Raisa - 53; Emmitt - 51; Ashley - 48; Yong - 60.
masa16: Malia - 47; Devin - 58; Gennie - 21; Queen - 55; Rosa - 51; Hung - 23; Tarra - 14; Vannesa - 25; Cicely - 55; Debrah - 20; Kalyn - 53.
masa17: Helena - 39; Dion - 44; Daine - 51; Paulina - 10; Rosetta - 37; Amalia - 57; Johnette - 44; Paige - 17; Ricky - 14.
masa18: Letty - 14; Tomeka - 13; Joanna - 13; Morton - 20; Kiley - 31; Roseline - 12; Abe - 25; Matthew - 41; Lakenya - 10.
masa19: Gilberto - 16; Heriberto - 25; Hugo - 46; Maryjane - 41; Jeffrey - 47; Takako - 40; Donte - 48; Carmine - 38; Tilda - 19; Tiffiny - 11.
masa20: Tobias - 23; Jerilyn - 21; Charlsie - 35; Cortez - 30; Miesha - 27; Marguerite - 43; Tonda - 24; Kraig - 48; Evelia - 36.
masa21: Mao - 14; Sophie - 28; Phillip - 19; Meghan - 48; Joshua - 50; Magali - 51.
masa22: Antonette - 42; Jason - 14; Manual - 3; Gerard - 30; Lisbeth - 34.
masa23: Jere - 31; Bertram - 37; Giuseppe - 47; Augustus - 43; Nicolas - 29; Sharlene - 23.
masa24: Ted - 15; Leopoldo - 30; Lilly - 49; Edmundo - 23; Lakiesha - 38.
masa25: Marcelo - 30; Kendall - 39; Millie - 13; Edmund - 25; Marshall - 41; Kayce - 50; Michiko - 5; Meri - 18; Annabel - 13.
masa26: Sage - 19; Elida - 50; Tyler - 13; Riley - 6; Samella - 42; Renaldo - 8.
masa27: Lino - 13; Joie - 33; Domenic - 64; Horacio - 13; Pearlene - 59; Sammie - 56; Lashonda - 42; Santiago - 58.
masa28: Lavonia - 64; Chang - 9; Soraya - 31; Johnny - 25; Consuela - 15; Reanna - 42; Collin - 30; Kurtis - 29; Maris - 30; Tamara - 40.
masa29: Zachary - 5; Nydia - 33; Faviola - 51; Kristeen - 40; Harriette - 18; Jarrett - 32; Malcolm - 12.
masa30: Cuc - 28; Reinaldo - 60; Mac - 48; Mariann - 12; Man - 35; Kandis - 10; Carlee - 23; Pei - 26; Mervin - 35; Alan - 12; Shasta - 3; Jon - 10; Brianne - 53.
masa31: Percy - 30; Benny - 46; Twyla - 17; Kenton - 60; Leandro - 34; Numbers - 22; Arminda - 9; Gregorio - 42; Cordell - 50; Sonia - 17; Sherill - 25.
masa32: Amina - 57; Jacquie - 11; Alfonso - 38; Gary - 22; Shelley - 42; Corie - 25.
masa33: Vincenzo - 44; Colene - 22; Ulysses - 57; Melody - 29; Nicholas - 57; Kendrick - 6; Inge - 19.
masa35: Serafina - 25; Jeanett - 21; Hosea - 64; Elsie - 65; Bill - 33; Norene - 7; Alita - 33; Porfirio - 28; Tyson - 32; Felice - 42; Jackie - 60; Nicol - 57; Burt - 56.
masa36: Natosha - 47; Jeffry - 51; Burl - 65; Cecily - 21; Harley - 16; Kerry - 52; Melynda - 17; Demetrius - 23; Thaddeus - 20.
masa37: Carina - 46; Rhea - 19; Penni - 19; Kasi - 50; Ira - 17; Merlene - 62; Juliane - 64; Janae - 45.
masa38: Terica - 58; Chantay - 22; Heidi - 43; Elinore - 49; Barney - 38.
masa39: Donnell - 19; Lyndsey - 17; Hai - 9; Johnnie - 31; Aisha - 17; Drusilla - 20; Thurman - 31; Greta - 16; Coreen - 62; Derrick - 52.
masa40: Ailene - 59; Eli - 32; Rufus - 9; Marin - 35; Kamilah - 28; Ela - 9.
masa41: Everett - 49; Inez - 23; Joey - 49; Anne - 13; Leslie - 29.
masa42: Lavona - 12; Dannie - 31; Malka - 41; Zina - 9; Emanuel - 5; Josef - 39; Kurt - 51; Michel - 45; Merna - 38.
masa43: Ollie - 47; Arnold - 4; Lourie - 9; Karry - 25; Shemeka - 36.
masa44: Luigi - 49; Sandra - 5; Randal - 21; Kaylene - 14; Callie - 8; Shanti - 30.
masa45: Merrill - 9; Angel - 26; Jacklyn - 53; Joaquina - 9; Hassan - 11; Ronald - 12.
masa46: Mario - 41; Bettye - 37; Claudine - 56; Charlyn - 41; Evelyne - 42; Melvin - 50; Loretta - 25.
masa47: Fausto - 47; Thomas - 51; Jewel - 49; Geralyn - 63; Tenesha - 43; Kourtney - 7; Preston - 46; Danette - 23.
