masa0: Giuseppe - 50; Charlie - 51; Babette - 50; Shad - 50; Tobie - 46; John - 47; Leopoldo - 48; Iesha - 48.
masa1: Raymon - 51; Jacklyn - 49; Madlyn - 47; Efren - 51.
masa2: Markus - 51; Bettye - 48; Elida - 49; Barney - 48.
masa3: Hung - 50; Felice - 48; Otto - 49; Olin - 51.
masa4: Jaunita - 50; Raymond - 51; Elena - 47.
masa5: Randal - 47; Burt - 51; Candance - 47; Jorge - 47.
masa6: Fausto - 46; Danuta - 49; Shin - 49; Arnulfo - 51; Ellsworth - 48.
masa7: Versie - 51; Concepcion - 49; Abe - 47; Rocco - 46.
masa8: Niki - 51; Everett - 49; Jesse - 48.
masa9: Christeen - 50; Kieth - 46; Joanie - 50; Adrien - 48; Joannie - 51; Lois - 49.
masa10: Caroline - 47; Thomas - 47; Marcellus - 47; Tyler - 48; Alpha - 47; Stasia - 51.
masa11: Blake - 51; Yuonne - 50; Joshua - 46; Arie - 46; Jeanett - 46; Dean - 48; Florentino - 46; Elayne - 46; Consuela - 46.
masa12: Rashad - 46; Jung - 48; Nedra - 47; Colene - 51; Kiley - 47; Manual - 46.
masa13: Francisca - 50; Hai - 48; Edison - 49.
masa14: Willy - 50; Vincenzo - 49; Shemeka - 48; Buster - 48; Lawanda - 51; Joi - 46; Elane - 47; Carrol - 48; Gia - 50.
masa15: Mao - 51; Veta - 50; Mac - 48; Elinore - 46; Alfonso - 49; Emery - 51.
masa16: Karry - 51; Fidel - 48; Cleveland - 49; Bertram - 50.
masa17: Lisbeth - 48; Damaris - 51; Callie - 51; Shakia - 50; Colin - 49; Russel - 47; Leta - 47; Clifton - 46.
masa18: Rosaria - 51; Corey - 47; Penni - 47; Brigette - 46; Jeffry - 47; Jason - 49; Ivy - 51; Man - 51; Warren - 51; Gale - 46.
masa19: Tabitha - 46; Evelyn - 48; Herman - 48; Oretha - 51; Edmundo - 49; Janae - 48; Claudine - 46; Leslie - 51; Stan - 50; Gabriele - 49.
masa20: Tiffiny - 47; Sherri - 47; Jordan - 50; Kourtney - 47; Johnnie - 48; Ariana - 51.
masa21: Simon - 51; Elsie - 46; Hugo - 46.
masa22: Emmaline - 51; Janyce - 46.
masa23: Gracie - 48; Cleo - 46; Ligia - 51; Adalberto - 47; Chan - 46.
masa24: Lizzie - 51; Minh - 51; Harriette - 49; Val - 46; Jeffrey - 48; Anibal - 49; Jamar - 48; Tobias - 46; Raisa - 48.
masa25: Trudie - 47; Emanuel - 47; Bruna - 46.
masa26: Asa - 46; Benny - 49; Emile - 51; Shirlee - 48.
masa27: Zina - 47; Saturnina - 50; Eulah - 47; Tyree - 47; Horacio - 47; Paulina - 46; Clement - 50; Lianne - 46.
masa28: Meghan - 50; Gretta - 47.
masa29: Carlee - 51; Dixie - 47; Elvina - 50; Marin - 48; Ken - 50.
masa30: Jayson - 49; Randall - 49.
masa31: King - 51; Keven - 46; Janella - 46; Natacha - 47; Alan - 48; Wilmer - 48; Kaylene - 49; Cythia - 48; Heidi - 48.
masa32: Danette - 48; Homer - 46; Samuel - 46; Elmer - 48.
masa33: Hayden - 51; Charlsie - 46; Jeni - 47.
masa34: Nery - 49; Tamar - 47; Cortez - 49; Brett - 47; Wilson - 50.
masa35: Bruce - 49; Dillon - 49; Tyson - 48; Cecelia - 47; Melody - 49.
masa36: Pauline - 49; Demetrius - 46; Rodrick - 49; Phuong - 51; Aldo - 47; Rosa - 51.
masa37: Ashley - 49; Eli - 46; Earle - 48; Kurt - 48; Alex - 46; Lavona - 50.
masa38: Alane - 47; Eboni - 51; Stuart - 46; Farah - 48; Forest - 48; Tuyet - 46; Sophie - 48; Reita - 50; Renaldo - 46.
masa39: Lucien - 46; Bart - 49; Evelyne - 49; Rosario - 46; Chantay - 50.
masa40: Jerrold - 51; Eddie - 46; Donte - 51; Rikki - 48.
masa41: Chang - 47; Ignacio - 47; Livia - 50; Tomas - 49; Christy - 51; Aimee - 48; Thad - 48; Santiago - 47.
masa42: Amos - 49; Delena - 47; Juli - 49; Kamilah - 49.
masa43: Thurman - 50; Jacquline - 48; Kandis - 46; Alita - 48; Nicol - 49; Mary - 49; Marissa - 48.
masa44: Elden - 48; Ricki - 49; Carina - 46; Dannie - 48; Lawrence - 48; Norene - 50; Pearlene - 48; Josie - 46.
masa45: Camellia - 49; Oneida - 50; Toya - 51; Nickole - 50; Collin - 49.
masa46: Edward - 47; Hettie - 49; Saul - 50; Jon - 49; Zachary - 49; Marshall - 51; Dessie - 50; Hershel - 51; Joie - 49; Lanora - 50.
masa47: Marcelo - 51; Janett - 46; Rita - 47; Andy - 49; Belkis - 47.
masa48: Jackelyn - 47; Leif - 50; Arnold - 46; Argelia - 50; Merna - 46; Nicki - 47; Myles - 51.
masa49: Mervin - 47; Marguerite - 50; Jeremiah - 46; Charlyn - 50; Troy - 49.
masa50: Denver - 49; Millie - 51; Hunter - 49; Fernanda - 49; Timmy - 51.
masa51: Clarinda - 49; Genevive - 46; Lakiesha - 51; Daine - 48; Dwana - 49; Hal - 50; Gertrudis - 47.
masa52: Nina - 47; Theodora - 48; Wyatt - 47; Angel - 47; Mikel - 46; Janean - 49.
masa53: Kemberly - 48; Nathaniel - 48; Ernie - 51; Farrah - 48; Sharyl - 50; Nana - 47; Michel - 48.
masa54: Gayle - 49; Amalia - 50.
masa55: Vernice - 46; Walker - 48; Wiley - 49; Alva - 49; Morton - 49; Maple - 47; Monica - 47; Zachery - 46; Charley - 49; Coleman - 46.
masa56: Cuc - 46; Phillip - 49.
masa57: Valentin - 46; Modesto - 46; Josiah - 50; Pam - 48; Carmina - 46; Aline - 47; Jere - 51; Danial - 48; Kayce - 47.
masa58: Gwendolyn - 47; Roscoe - 46; Jong - 46; Echo - 46; Melda - 47; Ashli - 46; Tamala - 49.
masa59: Jeane - 47; Lakenya - 51.
masa60: Mack - 49; Graig - 51; Jada - 48; Kristeen - 46.
masa61: Hassan - 51; Lynn - 49; Vannesa - 51; Luciano - 51; Twyla - 48; Cicely - 47; Bill - 48; Jessica - 51.
masa62: Thaddeus - 49; Samella - 51.
masa63: Lashonda - 51; Hosea - 49; Leandro - 47; Earl - 46; Leland - 47; Keith - 46; Sage - 48.
masa64: Shelley - 48; Isidro - 50; Johnathan - 46.
masa65: Granville - 49; Elvin - 48; Teodoro - 47.
masa66: Shawn - 47; Kristen - 50; Venus - 46; Elizabeth - 48; Sammie - 48; Arnoldo - 51; Bud - 47; Efrain - 46.
masa67: Kerry - 48; Malka - 48; Sonia - 50; Karl - 49; Kelly - 47; Lesley - 46; Dana - 46; Alonso - 49; Harley - 49.
masa68: Hubert - 48; Elizebeth - 51; Darleen - 50; Julietta - 51; Johnny - 50; Kellie - 48; Emiko - 46.
masa69: Natosha - 50; Jacquie - 50; Sterling - 46; Anne - 51; Gilbert - 49; Evelia - 47; Tamara - 49.
Clasament masa0:
Charlie 51
Shad 50
Giuseppe 50
Babette 50
Leopoldo 48
Iesha 48
John 47
Tobie 46
Clasament masa2:
Markus 51
Elida 49
Bettye 48
Barney 48
Clasament masa4:
Raymond 51
Jaunita 50
Elena 47
Clasament masa6:
Arnulfo 51
Shin 49
Danuta 49
Ellsworth 48
Fausto 46
Clasament masa8:
Niki 51
Everett 49
Jesse 48
Clasament masa10:
Stasia 51
Tyler 48
Thomas 47
Marcellus 47
Caroline 47
Alpha 47
Clasament masa12:
Colene 51
Jung 48
Nedra 47
Kiley 47
Rashad 46
Manual 46
Clasament masa14:
Lawanda 51
Willy 50
Gia 50
Vincenzo 49
Shemeka 48
Carrol 48
Buster 48
Elane 47
Joi 46
Clasament masa16:
Karry 51
Bertram 50
Cleveland 49
Fidel 48
Clasament masa18:
Warren 51
Rosaria 51
Man 51
Ivy 51
Jason 49
Penni 47
Jeffry 47
Corey 47
Gale 46
Brigette 46
Clasament masa20:
Ariana 51
Jordan 50
Johnnie 48
Tiffiny 47
Sherri 47
Kourtney 47
Clasament masa22:
Emmaline 51
Janyce 46
Clasament masa24:
Minh 51
Lizzie 51
Harriette 49
Anibal 49
Raisa 48
Jeffrey 48
Jamar 48
Val 46
Tobias 46
Clasament masa26:
Emile 51
Benny 49
Shirlee 48
Asa 46
Clasament masa28:
Meghan 50
Gretta 47
Clasament masa30:
Randall 49
Jayson 49
Clasament masa32:
Elmer 48
Danette 48
Samuel 46
Homer 46
Clasament masa34:
Wilson 50
Nery 49
Cortez 49
Tamar 47
Brett 47
Clasament masa36:
Rosa 51
Phuong 51
Rodrick 49
Pauline 49
Aldo 47
Demetrius 46
Clasament masa38:
Eboni 51
Reita 50
Sophie 48
Forest 48
Farah 48
Alane 47
Tuyet 46
Stuart 46
Renaldo 46
Clasament masa40:
Jerrold 51
Donte 51
Rikki 48
Eddie 46
Clasament masa42:
Kamilah 49
Juli 49
Amos 49
Delena 47
Clasament masa44:
Norene 50
Ricki 49
Pearlene 48
Lawrence 48
Elden 48
Dannie 48
Josie 46
Carina 46
Clasament masa46:
Marshall 51
Hershel 51
Saul 50
Lanora 50
Dessie 50
Zachary 49
Jon 49
Joie 49
Hettie 49
Edward 47
Clasament masa48:
Myles 51
Leif 50
Argelia 50
Nicki 47
Jackelyn 47
Merna 46
Arnold 46
Clasament masa50:
Timmy 51
Millie 51
Hunter 49
Fernanda 49
Denver 49
Clasament masa52:
Janean 49
Theodora 48
Wyatt 47
Nina 47
Angel 47
Mikel 46
Clasament masa54:
Amalia 50
Gayle 49
Clasament masa56:
Phillip 49
Cuc 46
Clasament masa58:
Tamala 49
Melda 47
Gwendolyn 47
Roscoe 46
Jong 46
Echo 46
Ashli 46
Clasament masa60:
Graig 51
Mack 49
Jada 48
Kristeen 46
Clasament masa62:
Samella 51
Thaddeus 49
Clasament masa64:
Isidro 50
Shelley 48
Johnathan 46
Clasament masa66:
Arnoldo 51
Kristen 50
Sammie 48
Elizabeth 48
Shawn 47
Bud 47
Venus 46
Efrain 46
Clasament masa68:
Julietta 51
Elizebeth 51
Johnny 50
Darleen 50
Kellie 48
Hubert 48
Emiko 46
Clasament masa1:
Raymon 51
Efren 51
Jacklyn 49
Madlyn 47
Clasament masa3:
Olin 51
Hung 50
Otto 49
Felice 48
Clasament masa5:
Burt 51
Randal 47
Jorge 47
Candance 47
Clasament masa7:
Versie 51
Concepcion 49
Abe 47
Rocco 46
Clasament masa9:
Joannie 51
Joanie 50
Christeen 50
Lois 49
Adrien 48
Kieth 46
Clasament masa11:
Blake 51
Yuonne 50
Dean 48
Joshua 46
Jeanett 46
Florentino 46
Elayne 46
Consuela 46
Arie 46
Clasament masa13:
Francisca 50
Edison 49
Hai 48
Clasament masa15:
Mao 51
Emery 51
Veta 50
Alfonso 49
Mac 48
Elinore 46
Clasament masa17:
Damaris 51
Callie 51
Shakia 50
Colin 49
Lisbeth 48
Russel 47
Leta 47
Clifton 46
Clasament masa19:
Oretha 51
Leslie 51
Stan 50
Gabriele 49
Edmundo 49
Janae 48
Herman 48
Evelyn 48
Tabitha 46
Claudine 46
Clasament masa21:
Simon 51
Hugo 46
Elsie 46
Clasament masa23:
Ligia 51
Gracie 48
Adalberto 47
Cleo 46
Chan 46
Clasament masa25:
Trudie 47
Emanuel 47
Bruna 46
Clasament masa27:
Saturnina 50
Clement 50
Zina 47
Tyree 47
Horacio 47
Eulah 47
Paulina 46
Lianne 46
Clasament masa29:
Carlee 51
Ken 50
Elvina 50
Marin 48
Dixie 47
Clasament masa31:
King 51
Kaylene 49
Wilmer 48
Heidi 48
Cythia 48
Alan 48
Natacha 47
Keven 46
Janella 46
Clasament masa33:
Hayden 51
Jeni 47
Charlsie 46
Clasament masa35:
Melody 49
Dillon 49
Bruce 49
Tyson 48
Cecelia 47
Clasament masa37:
Lavona 50
Ashley 49
Kurt 48
Earle 48
Eli 46
Alex 46
Clasament masa39:
Chantay 50
Evelyne 49
Bart 49
Rosario 46
Lucien 46
Clasament masa41:
Christy 51
Livia 50
Tomas 49
Thad 48
Aimee 48
Santiago 47
Ignacio 47
Chang 47
Clasament masa43:
Thurman 50
Nicol 49
Mary 49
Marissa 48
Jacquline 48
Alita 48
Kandis 46
Clasament masa45:
Toya 51
Oneida 50
Nickole 50
Collin 49
Camellia 49
Clasament masa47:
Marcelo 51
Andy 49
Rita 47
Belkis 47
Janett 46
Clasament masa49:
Marguerite 50
Charlyn 50
Troy 49
Mervin 47
Jeremiah 46
Clasament masa51:
Lakiesha 51
Hal 50
Dwana 49
Clarinda 49
Daine 48
Gertrudis 47
Genevive 46
Clasament masa53:
Ernie 51
Sharyl 50
Nathaniel 48
Michel 48
Kemberly 48
Farrah 48
Nana 47
Clasament masa55:
Wiley 49
Morton 49
Charley 49
Alva 49
Walker 48
Monica 47
Maple 47
Zachery 46
Vernice 46
Coleman 46
Clasament masa57:
Jere 51
Josiah 50
Pam 48
Danial 48
Kayce 47
Aline 47
Valentin 46
Modesto 46
Carmina 46
Clasament masa59:
Lakenya 51
Jeane 47
Clasament masa61:
Vannesa 51
Luciano 51
Jessica 51
Hassan 51
Lynn 49
Twyla 48
Bill 48
Cicely 47
Clasament masa63:
Lashonda 51
Hosea 49
Sage 48
Leland 47
Leandro 47
Keith 46
Earl 46
Clasament masa65:
Granville 49
Elvin 48
Teodoro 47
Clasament masa67:
Sonia 50
Karl 49
Harley 49
Alonso 49
Malka 48
Kerry 48
Kelly 47
Lesley 46
Dana 46
Clasament masa69:
Anne 51
Natosha 50
Jacquie 50
Tamara 49
Gilbert 49
Evelia 47
Sterling 46
