masa0: Gayle - 19; Lesley - 26; Christy - 16.
masa1: Joshua - 44; Thomas - 35; Avery - 40; Roland - 9; Leopoldo - 10; Levi - 28.
masa2: Arminda - 34; Janett - 23; Kellie - 6.
masa3: Dallas - 45; Lynette - 7; Lourdes - 18; Lynn - 50; Lacey - 5; Lesa - 14.
masa4: Harriette - 42; Versie - 38; Lucien - 38.
masa5: Melody - 45; Yong - 35; Kemberly - 21; John - 3; Angel - 33.
masa6: Shasta - 26; Dion - 17; Edmundo - 50.
masa7: Elvina - 10; Maryjane - 29; Shin - 44; Dean - 24; Jon - 30; Ailene - 32.
masa8: Emmaline - 50; Alfonso - 34; Shirlee - 34; Lavona - 37.
masa9: Jerrold - 20; Charley - 21; Gala - 22.
masa10: Devin - 13; Belkis - 32; Hiram - 15; Elsie - 45; Cleo - 28; Marcelo - 6.
masa11: Loura - 21; Tarra - 21; Lanora - 11; Norene - 36.
masa12: Venus - 36; Tyler - 43; Jeffry - 22; Jeane - 26.
masa13: Dillon - 30; Violet - 6; Paulina - 44; Emery - 48; Percy - 11; Ira - 38; Rosaria - 36.
masa14: Donte - 13; Reyes - 24; Twyla - 25; Nicki - 19; Kelly - 5; Evelyne - 31.
masa15: Derrick - 42; Kayce - 33; Arline - 49; Shad - 48.
masa16: Arleen - 22; Concepcion - 20; Lydia - 50; Homer - 48; Jacquie - 13; Keven - 37; Tobias - 11.
masa17: Clement - 41; Veta - 13; Ninfa - 22; Kurtis - 11.
masa18: Cicely - 8; Latasha - 15; Santiago - 16; Kendall - 30; Jose - 24; Bobbi - 41; Gilbert - 3.
masa19: Mary - 22; Coleman - 45; Misha - 19; Rashad - 4; Soraya - 9; Lashonda - 11; Maple - 44.
masa20: Joaquina - 48; Joaquin - 38; Delena - 24; Renna - 3.
masa21: Niki - 36; Blake - 44; Jermaine - 23; Melda - 26; Ernie - 24; Arturo - 8; Alva - 23.
masa22: Efren - 10; Bobbie - 10; Charlsie - 41; Isidro - 3; Earle - 7.
masa23: Juli - 8; Luis - 40; Nicol - 14; Barney - 50.
masa24: Coreen - 11; Marin - 25; Lyndsey - 4.
masa25: Kiley - 26; Gracie - 38; Ken - 44.
masa26: Randal - 8; Melvin - 15; Raisa - 24; Alan - 19; Leslie - 36.
masa27: Milan - 4; Alpha - 23; Devon - 40; Jamar - 10.
masa28: Alane - 46; Evelyn - 39; Stasia - 26; Vernice - 38.
masa29: Augustus - 9; Sharleen - 35; Delila - 28.
masa30: Thurman - 3; Florentino - 41; Vincenzo - 43; Carrol - 38; Marissa - 48.
masa31: Nana - 33; Jesus - 12; Brigette - 12; Sonia - 46; Burt - 48; Josiah - 29.
masa32: Rocco - 13; Margery - 28; Adalberto - 41; Vicente - 17; Keith - 14.
masa33: Linn - 3; Benny - 15; Walton - 33; Elizabeth - 30; Penni - 13; Jong - 42.
masa34: Ligia - 28; Markus - 44; Emilio - 36; Karla - 30; Otto - 4; Leta - 40.
masa35: Melisa - 4; Mario - 5; Cortez - 23.
masa36: Lakenya - 38; Malcolm - 10; Kristeen - 38; Shannon - 6; Lakiesha - 48; Gus - 41; Philip - 18.
masa37: Sharyl - 19; Ashli - 44; Jackie - 27; Karry - 49; Alverta - 48.
masa38: Trudie - 33; Matilda - 19; Callie - 34; Alonso - 38.
masa39: Danette - 16; Reanna - 22; Lynda - 12; Julietta - 6.
masa40: Nina - 39; Consuela - 41; Mechelle - 24.
masa41: Chi - 44; Arnold - 37; Kalyn - 42; Antwan - 51; Jay - 12.
masa42: Amos - 7; Lizeth - 36; Rosario - 50; Charlyn - 21.
masa43: Ronald - 24; Vivien - 45; Noel - 4; Hong - 31; Edison - 44.
masa44: Norbert - 22; Elinore - 31; Edward - 29; Darline - 44.
masa45: Sammie - 6; Reita - 51; Jacquline - 10; Gennie - 5; Rufus - 38; Cecile - 23; Luciano - 6.
masa46: Flo - 49; Lenard - 14; Dwana - 4; Ariana - 29; Granville - 4.
masa47: Mariann - 4; Danial - 45; Matthew - 7; Filomena - 16; Jerome - 44; Malia - 51.
masa48: Otis - 23; Felice - 29; Elizebeth - 41; Tonda - 12; Brianne - 4.
masa49: Kaylene - 26; Myles - 20; Luigi - 26; Tera - 28; Geralyn - 9; Helena - 41.
masa50: Colin - 27; Danuta - 16; Willy - 16; Tilda - 17.
masa51: Burl - 11; Earl - 29; Mohammed - 12; Tiffiny - 27; Madlyn - 34; Adeline - 27.
masa52: Raymond - 14; Minh - 8; Virgil - 11.
masa53: Amalia - 10; Jere - 40; Cecelia - 40; Willian - 17; Michiko - 33.
masa54: Graig - 11; Alfonzo - 9; Colene - 51; Merna - 37.
masa55: Reinaldo - 36; Saturnina - 12; Jackelyn - 5; Jeannie - 29; Conchita - 36; Nadia - 29.
masa56: Darren - 26; Milo - 9; Val - 26; Letty - 24.
masa57: Jessica - 11; Demetrius - 25; Joya - 41; Mack - 49; Twila - 26.
masa58: Ollie - 37; Ricky - 21; Porfirio - 10.
masa59: Ciera - 39; Olin - 36; Staci - 27; Buena - 20; Marisela - 30; Lisbeth - 44; Jada - 23.
masa60: Lawerence - 9; Harold - 37; Ulysses - 22.
masa61: Marshall - 30; Maile - 23; Jamee - 4; Phillip - 51; Delmer - 34; Marcellus - 34; Samella - 49.
masa62: Ozie - 12; Argelia - 48; Modesto - 42; Nery - 42; Sandra - 23; Kourtney - 40.
masa63: Fidel - 44; Emanuel - 47; Cedric - 10; Geri - 46; Melynda - 26; Hershel - 21.
masa64: Heidi - 48; Iesha - 46; Jung - 5; Lady - 8; Renaldo - 36; Concetta - 27.
masa65: Greta - 13; Gabriel - 19; Alex - 41.
masa66: Gale - 45; Maritza - 29; Warren - 4; Weldon - 12; Numbers - 49; Cristal - 39; Jordan - 29.
masa67: Judy - 6; Gabriele - 32; Adrien - 6; Fernanda - 37.
masa68: Janyce - 4; Simon - 34; Eboni - 28; Sheryl - 31; Vicki - 51; Sophie - 12.
masa69: Debrah - 21; Eli - 13; Ricki - 16; Bettye - 45.
masa0: Gayle - 19; Lesley - 26; Christy - 16.
masa1: Joshua - 44; Thomas - 35; Avery - 40; Roland - 9; Leopoldo - 10; Levi - 28.
masa2: Arminda - 34; Janett - 23; Kellie - 6.
masa3: Dallas - 45; Lynette - 7; Lourdes - 18; Lynn - 50; Lacey - 5; Lesa - 14.
masa4: Harriette - 42; Versie - 38; Lucien - 38.
masa5: Melody - 45; Yong - 35; Kemberly - 21; John - 3; Angel - 33.
masa6: Shasta - 26; Dion - 17; Edmundo - 50.
masa7: Elvina - 10; Maryjane - 29; Shin - 44; Dean - 24; Jon - 30; Ailene - 32.
masa8: Emmaline - 50; Alfonso - 34; Shirlee - 34; Lavona - 37.
masa9: Jerrold - 20; Charley - 21; Gala - 22.
masa10: Devin - 13; Belkis - 32; Hiram - 15; Elsie - 45; Cleo - 28; Marcelo - 6.
masa11: Loura - 21; Tarra - 21; Lanora - 11; Norene - 36.
masa12: Venus - 36; Tyler - 43; Jeffry - 22; Jeane - 26.
masa13: Dillon - 30; Violet - 6; Paulina - 44; Emery - 48; Percy - 11; Ira - 38; Rosaria - 36.
masa14: Donte - 13; Reyes - 24; Twyla - 25; Nicki - 19; Kelly - 5; Evelyne - 31.
masa15: Derrick - 42; Kayce - 33; Arline - 49; Shad - 48.
masa16: Arleen - 22; Concepcion - 20; Lydia - 50; Homer - 48; Jacquie - 13; Keven - 37; Tobias - 11.
masa17: Clement - 41; Veta - 13; Ninfa - 22; Kurtis - 11.
masa18: Cicely - 8; Latasha - 15; Santiago - 16; Kendall - 30; Jose - 24; Bobbi - 41; Gilbert - 3.
masa19: Mary - 22; Coleman - 45; Misha - 19; Rashad - 4; Soraya - 9; Lashonda - 11; Maple - 44.
masa20: Joaquina - 48; Joaquin - 38; Delena - 24; Renna - 3.
masa21: Niki - 36; Blake - 44; Jermaine - 23; Melda - 26; Ernie - 24; Arturo - 8; Alva - 23.
masa22: Efren - 10; Bobbie - 10; Charlsie - 41; Isidro - 3; Earle - 7.
masa23: Juli - 8; Luis - 40; Nicol - 14; Barney - 50.
masa24: Coreen - 11; Marin - 25; Lyndsey - 4.
masa25: Kiley - 26; Gracie - 38; Ken - 44.
masa26: Randal - 8; Melvin - 15; Raisa - 24; Alan - 19; Leslie - 36.
masa27: Milan - 4; Alpha - 23; Devon - 40; Jamar - 10.
masa28: Alane - 46; Evelyn - 39; Stasia - 26; Vernice - 38.
masa29: Augustus - 9; Sharleen - 35; Delila - 28.
masa30: Thurman - 3; Florentino - 41; Vincenzo - 43; Carrol - 38; Marissa - 48.
masa31: Nana - 33; Jesus - 12; Brigette - 12; Sonia - 46; Burt - 48; Josiah - 29.
masa32: Rocco - 13; Margery - 28; Adalberto - 41; Vicente - 17; Keith - 14.
masa33: Linn - 3; Benny - 15; Walton - 33; Elizabeth - 30; Penni - 13; Jong - 42.
masa34: Ligia - 28; Markus - 44; Emilio - 36; Karla - 30; Otto - 4; Leta - 40.
masa35: Melisa - 4; Mario - 5; Cortez - 23.
masa36: Lakenya - 38; Malcolm - 10; Kristeen - 38; Shannon - 6; Lakiesha - 48; Gus - 41; Philip - 18.
masa37: Sharyl - 19; Ashli - 44; Karry - 49; Alverta - 48.
masa38: Trudie - 33; Matilda - 19; Callie - 34; Alonso - 38.
masa39: Danette - 16; Reanna - 22; Lynda - 12; Julietta - 6.
masa40: Nina - 39; Consuela - 41; Mechelle - 24.
masa41: Chi - 44; Arnold - 37; Kalyn - 42; Antwan - 51; Jay - 12.
masa42: Amos - 7; Lizeth - 36; Rosario - 50; Charlyn - 21.
masa43: Ronald - 24; Vivien - 45; Noel - 4; Hong - 31; Edison - 44.
masa44: Norbert - 22; Elinore - 31; Edward - 29; Darline - 44.
masa45: Sammie - 6; Reita - 51; Jacquline - 10; Gennie - 5; Rufus - 38; Cecile - 23; Luciano - 6.
masa46: Flo - 35; Lenard - 14; Dwana - 4; Ariana - 29; Granville - 4.
masa47: Mariann - 4; Danial - 45; Matthew - 7; Filomena - 16; Jerome - 44; Malia - 51.
masa48: Otis - 23; Felice - 29; Elizebeth - 41; Tonda - 12; Brianne - 4.
masa49: Kaylene - 26; Myles - 20; Luigi - 26; Tera - 28; Geralyn - 9; Helena - 41.
masa50: Colin - 27; Danuta - 16; Willy - 16; Tilda - 17.
masa51: Burl - 11; Earl - 29; Mohammed - 12; Tiffiny - 27; Madlyn - 34; Adeline - 27.
masa52: Raymond - 14; Minh - 8; Virgil - 11.
masa53: Amalia - 10; Jere - 40; Cecelia - 40; Willian - 17; Michiko - 33.
masa54: Graig - 11; Alfonzo - 9; Colene - 51; Merna - 37.
masa55: Reinaldo - 36; Saturnina - 12; Jackelyn - 5; Jeannie - 29; Conchita - 36; Nadia - 29.
masa56: Darren - 26; Milo - 9; Val - 26; Letty - 24.
masa57: Jessica - 11; Demetrius - 25; Joya - 41; Mack - 49; Twila - 26.
masa58: Ollie - 37; Ricky - 21; Porfirio - 10.
masa59: Ciera - 39; Olin - 36; Staci - 27; Buena - 20; Marisela - 30; Lisbeth - 44; Jada - 23.
masa60: Lawerence - 5; Harold - 37; Ulysses - 22.
masa61: Marshall - 30; Maile - 23; Jamee - 4; Phillip - 51; Delmer - 34; Marcellus - 34; Samella - 49.
masa62: Ozie - 12; Argelia - 48; Modesto - 42; Nery - 42; Sandra - 23; Kourtney - 40.
masa63: Fidel - 44; Emanuel - 47; Cedric - 10; Geri - 46; Melynda - 26; Hershel - 21.
masa64: Heidi - 48; Iesha - 46; Jung - 5; Lady - 8; Renaldo - 36; Concetta - 27.
masa65: Greta - 13; Alex - 41.
masa66: Gale - 45; Maritza - 29; Warren - 4; Weldon - 12; Numbers - 49; Cristal - 39; Jordan - 29.
masa67: Judy - 6; Gabriele - 32; Adrien - 6; Fernanda - 37.
masa68: Janyce - 4; Simon - 34; Eboni - 28; Sheryl - 31; Vicki - 51; Sophie - 12.
masa69: Eli - 13; Ricki - 16; Bettye - 45.
masa0: Gayle - 19; Lesley - 26; Christy - 16.
masa1: Joshua - 44; Thomas - 35; Avery - 40; Roland - 9; Leopoldo - 10; Levi - 28.
masa2: Arminda - 34; Janett - 23; Kellie - 6.
masa3: Dallas - 45; Lynette - 7; Lourdes - 18; Lynn - 50; Lacey - 5; Lesa - 14.
masa4: Harriette - 42; Versie - 38; Lucien - 38.
masa5: Melody - 45; Yong - 35; Kemberly - 21; John - 3; Angel - 33.
masa6: Shasta - 26; Dion - 17; Edmundo - 50.
masa7: Elvina - 10; Maryjane - 29; Shin - 44; Dean - 24; Jon - 30; Ailene - 32.
masa8: Emmaline - 50; Alfonso - 34; Shirlee - 34; Lavona - 37.
masa9: Jerrold - 20; Charley - 21; Gala - 22.
masa10: Devin - 13; Belkis - 32; Hiram - 15; Elsie - 45; Cleo - 28; Marcelo - 6.
masa11: Loura - 21; Tarra - 21; Lanora - 11; Norene - 36.
masa12: Venus - 36; Tyler - 43; Jeffry - 22; Jeane - 26.
masa13: Dillon - 30; Violet - 6; Paulina - 44; Emery - 48; Percy - 11; Ira - 38; Rosaria - 36.
masa14: Donte - 13; Reyes - 24; Twyla - 25; Nicki - 19; Kelly - 5; Evelyne - 31.
masa15: Derrick - 42; Kayce - 33; Arline - 49; Shad - 48.
masa16: Arleen - 22; Concepcion - 20; Lydia - 50; Homer - 48; Jacquie - 13; Keven - 37; Tobias - 11.
masa17: Clement - 41; Veta - 13; Ninfa - 22; Kurtis - 11.
masa18: Cicely - 8; Latasha - 15; Santiago - 16; Kendall - 30; Jose - 24; Bobbi - 41; Gilbert - 3.
masa19: Mary - 22; Coleman - 45; Misha - 19; Rashad - 4; Soraya - 9; Lashonda - 11; Maple - 44.
masa20: Joaquina - 48; Joaquin - 38; Delena - 24; Renna - 3.
masa21: Niki - 36; Blake - 44; Jermaine - 23; Melda - 26; Ernie - 24; Arturo - 8; Alva - 23.
masa22: Efren - 10; Bobbie - 10; Charlsie - 41; Isidro - 3; Earle - 7.
masa23: Juli - 8; Luis - 40; Nicol - 14; Barney - 50.
masa24: Coreen - 11; Marin - 25; Lyndsey - 4.
masa25: Kiley - 26; Gracie - 38; Ken - 44.
masa26: Randal - 8; Melvin - 15; Raisa - 24; Alan - 19; Leslie - 36.
masa27: Milan - 4; Alpha - 23; Devon - 40; Jamar - 10.
masa28: Alane - 46; Evelyn - 39; Stasia - 26; Vernice - 38.
masa29: Augustus - 9; Sharleen - 35; Delila - 28.
masa30: Thurman - 3; Florentino - 41; Vincenzo - 43; Carrol - 38; Marissa - 48.
masa31: Nana - 33; Jesus - 12; Brigette - 12; Sonia - 46; Burt - 48; Josiah - 29.
masa32: Rocco - 13; Margery - 28; Adalberto - 41; Vicente - 17; Keith - 14.
masa33: Linn - 3; Benny - 15; Walton - 33; Elizabeth - 30; Penni - 13; Jong - 42.
masa34: Ligia - 28; Markus - 44; Emilio - 36; Karla - 30; Otto - 4; Leta - 40.
masa35: Melisa - 4; Mario - 5; Cortez - 23.
masa36: Lakenya - 38; Malcolm - 1; Kristeen - 38; Shannon - 6; Lakiesha - 48; Gus - 41; Philip - 18.
masa37: Sharyl - 19; Ashli - 44; Karry - 49; Alverta - 48.
masa38: Trudie - 33; Matilda - 19; Callie - 34; Alonso - 38.
masa39: Danette - 16; Reanna - 22; Lynda - 12; Julietta - 6.
masa40: Nina - 39; Consuela - 41; Mechelle - 24.
masa41: Chi - 44; Arnold - 37; Kalyn - 42; Antwan - 51; Jay - 12.
masa42: Amos - 7; Lizeth - 36; Rosario - 50; Charlyn - 21.
masa43: Ronald - 24; Vivien - 5; Noel - 4; Hong - 31; Edison - 44.
masa44: Norbert - 2; Elinore - 31; Edward - 29; Darline - 44.
masa45: Sammie - 6; Reita - 51; Jacquline - 10; Gennie - 5; Rufus - 38; Cecile - 23; Luciano - 6.
masa46: Flo - 35; Lenard - 14; Dwana - 4; Ariana - 29; Granville - 4.
masa47: Mariann - 4; Danial - 45; Matthew - 7; Filomena - 16; Jerome - 44; Malia - 51.
masa48: Otis - 23; Felice - 29; Elizebeth - 41; Tonda - 12; Brianne - 4.
masa49: Kaylene - 26; Myles - 20; Luigi - 26; Tera - 28; Geralyn - 9; Helena - 41.
masa50: Colin - 27; Danuta - 16; Willy - 16; Tilda - 17.
masa51: Burl - 11; Earl - 29; Mohammed - 12; Tiffiny - 27; Madlyn - 34; Adeline - 27.
masa52: Raymond - 14; Minh - 8; Virgil - 11.
masa53: Amalia - 10; Jere - 40; Cecelia - 40; Willian - 17; Michiko - 33.
masa54: Graig - 11; Alfonzo - 9; Colene - 51; Merna - 37.
masa55: Reinaldo - 36; Saturnina - 12; Jackelyn - 5; Jeannie - 29; Conchita - 36; Nadia - 29.
masa56: Darren - 26; Milo - 9; Val - 26; Letty - 24.
masa57: Jessica - 11; Demetrius - 25; Joya - 41; Mack - 49; Twila - 26.
masa58: Ollie - 37; Ricky - 21; Porfirio - 10.
masa59: Ciera - 39; Olin - 36; Staci - 27; Buena - 20; Marisela - 30; Lisbeth - 44; Jada - 23.
masa60: Lawerence - 5; Harold - 37; Ulysses - 22.
masa61: Marshall - 30; Maile - 23; Jamee - 4; Phillip - 51; Delmer - 34; Marcellus - 34; Samella - 49.
masa62: Ozie - 12; Argelia - 48; Modesto - 42; Nery - 42; Sandra - 23; Kourtney - 40.
masa63: Fidel - 44; Emanuel - 47; Cedric - 10; Geri - 46; Melynda - 26; Hershel - 21.
masa64: Heidi - 48; Iesha - 46; Jung - 5; Lady - 8; Renaldo - 36; Concetta - 27.
masa65: Greta - 13; Alex - 41.
masa66: Gale - 45; Maritza - 29; Warren - 4; Weldon - 12; Numbers - 49; Cristal - 39; Jordan - 29.
masa67: Judy - 6; Gabriele - 32; Adrien - 6; Fernanda - 37.
masa68: Janyce - 4; Simon - 34; Eboni - 28; Sheryl - 31; Vicki - 51; Sophie - 12.
masa69: Eli - 13; Bettye - 45.
masa0: Gayle - 19; Lesley - 26; Christy - 16.
masa1: Joshua - 44; Thomas - 35; Avery - 40; Roland - 9; Leopoldo - 10; Levi - 28.
masa2: Arminda - 34; Janett - 23; Kellie - 6.
masa3: Dallas - 45; Lynette - 7; Lourdes - 18; Lynn - 50; Lacey - 5; Lesa - 14.
masa4: Harriette - 42; Versie - 38; Lucien - 38.
masa5: Melody - 45; Yong - 35; Kemberly - 21; John - 3; Angel - 33.
masa6: Shasta - 26; Dion - 17; Edmundo - 50.
masa7: Elvina - 10; Maryjane - 29; Shin - 44; Dean - 24; Jon - 30; Ailene - 32.
masa8: Emmaline - 50; Alfonso - 34; Shirlee - 34; Lavona - 37.
masa9: Jerrold - 20; Charley - 21; Gala - 22.
masa10: Devin - 13; Belkis - 32; Hiram - 15; Elsie - 45; Cleo - 28; Marcelo - 6.
masa11: Loura - 21; Tarra - 21; Lanora - 11; Norene - 36.
masa12: Venus - 36; Tyler - 43; Jeffry - 22; Jeane - 26.
masa13: Dillon - 30; Violet - 6; Paulina - 44; Emery - 48; Percy - 11; Ira - 38; Rosaria - 36.
masa14: Donte - 13; Reyes - 24; Twyla - 25; Nicki - 19; Kelly - 5; Evelyne - 31.
masa15: Derrick - 42; Kayce - 33; Arline - 49; Shad - 48.
masa16: Arleen - 22; Concepcion - 20; Lydia - 50; Homer - 48; Jacquie - 13; Keven - 37; Tobias - 11.
masa17: Clement - 41; Veta - 13; Ninfa - 22; Kurtis - 11.
masa18: Cicely - 8; Latasha - 15; Santiago - 16; Kendall - 30; Jose - 24; Bobbi - 41; Gilbert - 3.
masa19: Mary - 22; Coleman - 45; Misha - 19; Rashad - 4; Soraya - 9; Lashonda - 11; Maple - 44.
masa20: Joaquina - 48; Joaquin - 38; Delena - 24; Renna - 3.
masa21: Niki - 36; Blake - 44; Jermaine - 23; Melda - 26; Ernie - 24; Arturo - 8; Alva - 23.
masa22: Efren - 10; Bobbie - 10; Charlsie - 41; Isidro - 3; Earle - 7.
masa23: Juli - 8; Luis - 40; Nicol - 14; Barney - 50.
masa24: Coreen - 11; Marin - 25; Lyndsey - 4.
masa25: Kiley - 26; Gracie - 38; Ken - 44.
masa26: Randal - 8; Melvin - 15; Raisa - 24; Alan - 19; Leslie - 36.
masa27: Milan - 4; Alpha - 23; Devon - 40; Jamar - 10.
masa28: Alane - 46; Evelyn - 39; Stasia - 26; Vernice - 38.
masa29: Augustus - 9; Sharleen - 35; Delila - 28.
masa30: Thurman - 3; Florentino - 41; Vincenzo - 43; Carrol - 38; Marissa - 48.
masa31: Nana - 33; Jesus - 12; Brigette - 12; Sonia - 46; Burt - 48; Josiah - 29.
masa32: Rocco - 13; Margery - 28; Adalberto - 41; Vicente - 17; Keith - 14.
masa33: Linn - 3; Benny - 15; Walton - 3; Elizabeth - 30; Penni - 13; Jong - 42.
masa34: Ligia - 8; Markus - 44; Emilio - 36; Karla - 30; Otto - 4; Leta - 40.
masa35: Melisa - 4; Mario - 5; Cortez - 23.
masa36: Lakenya - 38; Malcolm - 1; Kristeen - 38; Shannon - 6; Lakiesha - 48; Gus - 41; Philip - 18.
masa37: Sharyl - 19; Ashli - 44; Karry - 49; Alverta - 48.
masa38: Trudie - 33; Matilda - 19; Callie - 4; Alonso - 38.
masa39: Danette - 16; Reanna - 22; Lynda - 12; Julietta - 6.
masa40: Nina - 39; Consuela - 41; Mechelle - 24.
masa41: Chi - 44; Arnold - 37; Kalyn - 42; Antwan - 51; Jay - 12.
masa42: Amos - 7; Lizeth - 36; Rosario - 50; Charlyn - 21.
masa43: Ronald - 24; Vivien - 5; Noel - 4; Hong - 31; Edison - 44.
masa44: Norbert - 2; Elinore - 31; Edward - 29; Darline - 44.
masa45: Sammie - 6; Reita - 51; Jacquline - 10; Gennie - 5; Rufus - 38; Cecile - 23; Luciano - 6.
masa46: Flo - 35; Lenard - 14; Dwana - 4; Ariana - 29; Granville - 4.
masa47: Mariann - 4; Danial - 45; Matthew - 7; Filomena - 16; Jerome - 44; Malia - 51.
masa48: Otis - 23; Felice - 29; Elizebeth - 41; Tonda - 12; Brianne - 4.
masa49: Kaylene - 26; Myles - 20; Luigi - 26; Tera - 28; Geralyn - 9; Helena - 41.
masa50: Colin - 27; Danuta - 16; Willy - 16; Tilda - 17.
masa51: Burl - 11; Earl - 29; Mohammed - 12; Tiffiny - 27; Madlyn - 34; Adeline - 27.
masa52: Raymond - 14; Minh - 8; Virgil - 11.
masa53: Amalia - 10; Jere - 40; Cecelia - 40; Willian - 17; Michiko - 33.
masa54: Graig - 11; Alfonzo - 9; Colene - 51; Merna - 37.
masa55: Reinaldo - 36; Saturnina - 12; Jackelyn - 5; Jeannie - 29; Conchita - 36; Nadia - 29.
masa56: Darren - 26; Milo - 9; Val - 26; Letty - 24.
masa57: Jessica - 11; Demetrius - 25; Joya - 41; Mack - 49; Twila - 26.
masa58: Ollie - 37; Ricky - 21; Porfirio - 10.
masa59: Ciera - 39; Olin - 36; Staci - 27; Buena - 20; Marisela - 30; Lisbeth - 44; Jada - 23.
masa60: Lawerence - 5; Harold - 37; Ulysses - 22.
masa61: Marshall - 30; Maile - 23; Jamee - 4; Phillip - 51; Delmer - 34; Marcellus - 34; Samella - 49.
masa62: Ozie - 12; Argelia - 48; Modesto - 42; Nery - 42; Sandra - 23; Kourtney - 40.
masa63: Fidel - 44; Emanuel - 47; Cedric - 10; Geri - 46; Melynda - 26; Hershel - 21.
masa64: Heidi - 48; Iesha - 46; Jung - 5; Lady - 8; Renaldo - 36; Concetta - 27.
masa65: Greta - 13; Alex - 41.
masa66: Gale - 45; Maritza - 29; Warren - 4; Weldon - 12; Numbers - 49; Cristal - 39; Jordan - 29.
masa67: Judy - 6; Gabriele - 32; Adrien - 6; Fernanda - 37.
masa68: Janyce - 4; Simon - 34; Eboni - 28; Sheryl - 31; Vicki - 51; Sophie - 12.
masa0: Gayle - 19; Lesley - 26; Christy - 16.
masa1: Joshua - 44; Thomas - 35; Avery - 40; Roland - 9; Leopoldo - 10; Levi - 28.
masa2: Arminda - 34; Janett - 23; Kellie - 6.
masa3: Dallas - 45; Lynette - 7; Lourdes - 18; Lynn - 50; Lacey - 5; Lesa - 14.
masa4: Harriette - 42; Versie - 38; Lucien - 38.
masa5: Melody - 45; Yong - 35; Kemberly - 21; John - 3; Angel - 33.
masa6: Shasta - 26; Dion - 17; Edmundo - 50.
masa7: Elvina - 10; Maryjane - 29; Shin - 44; Dean - 24; Jon - 30; Ailene - 32.
masa8: Emmaline - 50; Alfonso - 34; Shirlee - 34; Lavona - 37.
masa9: Jerrold - 20; Charley - 21; Gala - 22.
masa10: Devin - 13; Belkis - 32; Hiram - 15; Elsie - 45; Cleo - 28; Marcelo - 6.
masa11: Loura - 21; Tarra - 21; Lanora - 11; Norene - 36.
masa12: Venus - 36; Tyler - 43; Jeffry - 22; Jeane - 26.
masa13: Dillon - 30; Violet - 6; Paulina - 44; Emery - 48; Percy - 11; Ira - 38; Rosaria - 36.
masa14: Donte - 13; Reyes - 24; Twyla - 25; Nicki - 19; Kelly - 5; Evelyne - 31.
masa15: Derrick - 42; Kayce - 33; Arline - 49; Shad - 48.
masa16: Arleen - 22; Concepcion - 20; Lydia - 50; Homer - 48; Jacquie - 13; Keven - 37; Tobias - 11.
masa17: Clement - 41; Veta - 13; Ninfa - 22; Kurtis - 11.
masa18: Cicely - 8; Latasha - 15; Santiago - 16; Kendall - 30; Jose - 24; Bobbi - 41; Gilbert - 3.
masa19: Mary - 22; Coleman - 45; Misha - 19; Rashad - 4; Soraya - 9; Lashonda - 11; Maple - 44.
masa20: Joaquina - 48; Joaquin - 38; Delena - 24; Renna - 3.
masa21: Niki - 36; Blake - 44; Jermaine - 23; Melda - 26; Ernie - 24; Arturo - 8; Alva - 23.
masa22: Efren - 10; Bobbie - 10; Charlsie - 41; Isidro - 3; Earle - 7.
masa23: Juli - 8; Luis - 40; Nicol - 14; Barney - 50.
masa24: Coreen - 11; Marin - 25; Lyndsey - 4.
masa25: Kiley - 26; Gracie - 38; Ken - 44.
masa26: Randal - 8; Melvin - 15; Raisa - 24; Alan - 19; Leslie - 36.
masa27: Milan - 4; Alpha - 23; Devon - 40; Jamar - 10.
masa28: Alane - 46; Evelyn - 39; Stasia - 26; Vernice - 38.
masa29: Augustus - 9; Sharleen - 35; Delila - 28.
masa30: Thurman - 3; Florentino - 41; Vincenzo - 43; Carrol - 38; Marissa - 48.
masa31: Nana - 33; Jesus - 12; Brigette - 12; Sonia - 46; Burt - 48; Josiah - 29.
masa32: Rocco - 13; Margery - 28; Adalberto - 41; Vicente - 17; Keith - 14.
masa33: Linn - 3; Benny - 15; Walton - 3; Elizabeth - 30; Penni - 13; Jong - 42.
masa34: Ligia - 8; Markus - 44; Emilio - 36; Karla - 30; Otto - 4; Leta - 40.
masa35: Melisa - 4; Mario - 5; Cortez - 23.
masa36: Lakenya - 38; Malcolm - 1; Kristeen - 38; Shannon - 6; Lakiesha - 48; Gus - 41; Philip - 18.
masa37: Sharyl - 19; Ashli - 44; Karry - 49; Alverta - 48.
masa38: Trudie - 33; Matilda - 19; Callie - 4; Alonso - 38.
masa39: Danette - 16; Reanna - 22; Lynda - 12; Julietta - 6.
masa40: Nina - 39; Consuela - 41; Mechelle - 24.
masa41: Chi - 44; Arnold - 37; Kalyn - 42; Antwan - 51; Jay - 12.
masa42: Amos - 7; Lizeth - 36; Rosario - 50; Charlyn - 21.
masa43: Ronald - 24; Vivien - 5; Noel - 4; Hong - 31; Edison - 44.
masa44: Norbert - 2; Elinore - 31; Edward - 29; Darline - 44.
masa45: Sammie - 6; Reita - 51; Jacquline - 10; Gennie - 5; Rufus - 38; Cecile - 23; Luciano - 6.
masa46: Flo - 35; Lenard - 14; Dwana - 4; Ariana - 29; Granville - 4.
masa47: Mariann - 4; Danial - 45; Matthew - 7; Filomena - 16; Jerome - 44; Malia - 51.
masa48: Otis - 23; Felice - 29; Elizebeth - 41; Tonda - 12; Brianne - 4.
masa49: Kaylene - 26; Myles - 20; Luigi - 26; Tera - 28; Geralyn - 9; Helena - 41.
masa50: Colin - 27; Danuta - 16; Willy - 16; Tilda - 17.
masa51: Burl - 11; Earl - 29; Mohammed - 12; Tiffiny - 27; Madlyn - 34; Adeline - 27.
masa52: Raymond - 11; Minh - 8; Virgil - 11.
masa53: Amalia - 10; Jere - 40; Cecelia - 40; Willian - 17; Michiko - 33.
masa54: Graig - 11; Alfonzo - 9; Colene - 51; Merna - 37.
masa55: Reinaldo - 36; Saturnina - 12; Jackelyn - 5; Jeannie - 29; Conchita - 36; Nadia - 29.
masa56: Darren - 26; Milo - 9; Val - 26; Letty - 24.
masa57: Jessica - 11; Demetrius - 25; Joya - 41; Mack - 49; Twila - 26.
masa58: Ollie - 37; Ricky - 21; Porfirio - 10.
masa59: Ciera - 39; Olin - 36; Staci - 27; Buena - 20; Marisela - 30; Lisbeth - 44; Jada - 23.
masa60: Lawerence - 5; Harold - 37; Ulysses - 22.
masa61: Marshall - 30; Maile - 23; Jamee - 4; Phillip - 51; Delmer - 34; Marcellus - 34; Samella - 49.
masa62: Ozie - 12; Argelia - 48; Modesto - 42; Nery - 42; Sandra - 23; Kourtney - 40.
masa63: Fidel - 44; Emanuel - 47; Cedric - 10; Geri - 46; Melynda - 26; Hershel - 21.
masa64: Heidi - 48; Iesha - 46; Jung - 5; Lady - 8; Renaldo - 36; Concetta - 27.
masa65: Greta - 13.
masa66: Gale - 45; Maritza - 29; Warren - 4; Weldon - 12; Numbers - 49; Cristal - 39; Jordan - 29.
masa67: Judy - 6; Gabriele - 32; Adrien - 6; Fernanda - 37.
masa68: Sheryl - 31; Vicki - 51; Sophie - 12.
masa0: Gayle - 19; Lesley - 26; Christy - 16.
masa1: Joshua - 44; Thomas - 35; Avery - 40; Roland - 9; Leopoldo - 10; Levi - 28.
masa2: Arminda - 34; Janett - 23; Kellie - 6.
masa3: Dallas - 45; Lynette - 7; Lourdes - 18; Lynn - 50; Lacey - 5; Lesa - 14.
masa4: Harriette - 42; Versie - 38; Lucien - 38.
masa5: Melody - 45; Yong - 35; Kemberly - 21; John - 3; Angel - 33.
masa6: Shasta - 26; Dion - 17; Edmundo - 50.
masa7: Elvina - 10; Maryjane - 29; Shin - 44; Dean - 24; Jon - 30; Ailene - 32.
masa8: Emmaline - 50; Alfonso - 34; Shirlee - 34; Lavona - 37.
masa9: Jerrold - 20; Charley - 21; Gala - 22.
masa10: Devin - 13; Belkis - 32; Hiram - 15; Elsie - 45; Cleo - 28; Marcelo - 6.
masa11: Loura - 21; Tarra - 21; Lanora - 11; Norene - 36.
masa12: Venus - 36; Tyler - 43; Jeffry - 22; Jeane - 26.
masa13: Dillon - 30; Violet - 6; Paulina - 44; Emery - 48; Percy - 11; Ira - 38; Rosaria - 36.
masa14: Donte - 13; Reyes - 24; Twyla - 25; Nicki - 19; Kelly - 5; Evelyne - 31.
masa15: Derrick - 42; Kayce - 33; Arline - 49; Shad - 48.
masa16: Arleen - 22; Concepcion - 20; Lydia - 50; Homer - 48; Jacquie - 13; Keven - 37; Tobias - 11.
masa17: Clement - 41; Veta - 13; Ninfa - 22; Kurtis - 11.
masa18: Cicely - 8; Latasha - 15; Santiago - 16; Kendall - 30; Jose - 24; Bobbi - 41; Gilbert - 3.
masa19: Mary - 22; Coleman - 45; Misha - 19; Rashad - 4; Soraya - 9; Lashonda - 11; Maple - 44.
masa20: Joaquina - 48; Joaquin - 38; Delena - 24; Renna - 3.
masa21: Niki - 36; Blake - 44; Jermaine - 23; Melda - 26; Ernie - 24; Arturo - 8; Alva - 23.
masa22: Efren - 10; Bobbie - 10; Charlsie - 41; Isidro - 3; Earle - 7.
masa23: Juli - 8; Luis - 40; Nicol - 14; Barney - 50.
masa24: Coreen - 11; Marin - 25; Lyndsey - 4.
masa25: Kiley - 26; Gracie - 38; Ken - 44.
masa26: Randal - 8; Melvin - 15; Raisa - 24; Alan - 19; Leslie - 36.
masa27: Milan - 4; Alpha - 23; Devon - 40; Jamar - 10.
masa28: Alane - 46; Evelyn - 39; Stasia - 26; Vernice - 38.
masa29: Augustus - 9; Sharleen - 35; Delila - 28.
masa30: Thurman - 3; Florentino - 41; Vincenzo - 43; Carrol - 38; Marissa - 48.
masa31: Nana - 33; Jesus - 12; Brigette - 12; Sonia - 46; Burt - 48; Josiah - 29.
masa32: Rocco - 13; Margery - 28; Adalberto - 41; Vicente - 17; Keith - 14.
masa33: Linn - 3; Benny - 15; Walton - 3; Elizabeth - 30; Penni - 13; Jong - 42.
masa34: Ligia - 8; Markus - 44; Emilio - 36; Karla - 30; Otto - 4; Leta - 40.
masa35: Melisa - 4; Mario - 5; Cortez - 23.
masa36: Lakenya - 38; Malcolm - 1; Kristeen - 38; Shannon - 6; Lakiesha - 48; Gus - 41; Philip - 18.
masa37: Sharyl - 19; Karry - 49; Alverta - 48.
masa38: Trudie - 33; Matilda - 19; Callie - 4; Alonso - 38.
masa39: Danette - 16; Reanna - 22; Lynda - 12; Julietta - 6.
masa40: Nina - 39; Consuela - 41; Mechelle - 24.
masa41: Chi - 44; Arnold - 37; Kalyn - 42; Antwan - 51; Jay - 12.
masa42: Amos - 7; Lizeth - 36; Rosario - 50; Charlyn - 21.
masa43: Ronald - 24; Vivien - 5; Noel - 4; Hong - 31; Edison - 44.
masa44: Norbert - 2; Elinore - 31; Edward - 29; Darline - 44.
masa45: Sammie - 6; Reita - 51; Jacquline - 10; Gennie - 5; Rufus - 38; Cecile - 23; Luciano - 6.
masa46: Flo - 35; Lenard - 14; Dwana - 4; Ariana - 29; Granville - 4.
masa47: Mariann - 4; Danial - 45; Matthew - 7; Filomena - 16; Jerome - 44; Malia - 51.
masa48: Otis - 23; Felice - 29; Elizebeth - 41; Tonda - 12; Brianne - 4.
masa49: Kaylene - 26; Myles - 20; Luigi - 26; Tera - 28; Geralyn - 9; Helena - 41.
masa50: Colin - 27; Danuta - 16; Willy - 16; Tilda - 17.
masa51: Burl - 11; Earl - 29; Mohammed - 12; Tiffiny - 27; Madlyn - 34; Adeline - 27.
masa52: Raymond - 11; Minh - 8; Virgil - 11.
masa53: Amalia - 10; Jere - 40; Cecelia - 40; Willian - 17; Michiko - 33.
masa54: Graig - 11; Alfonzo - 9; Colene - 51; Merna - 37.
masa55: Reinaldo - 6; Saturnina - 12; Jackelyn - 5; Jeannie - 29; Conchita - 36; Nadia - 29.
masa56: Darren - 26; Milo - 9; Val - 26; Letty - 24.
masa57: Jessica - 11; Demetrius - 25; Joya - 41; Mack - 49; Twila - 26.
masa58: Ollie - 37; Ricky - 21; Porfirio - 10.
masa59: Ciera - 39; Olin - 36; Staci - 27; Buena - 20; Marisela - 30; Lisbeth - 44; Jada - 23.
masa60: Lawerence - 5; Harold - 37; Ulysses - 22.
masa61: Marshall - 30; Maile - 23; Jamee - 4; Phillip - 51; Delmer - 34; Marcellus - 34; Samella - 49.
masa62: Ozie - 12; Argelia - 48; Modesto - 42; Nery - 42; Sandra - 23; Kourtney - 40.
masa63: Fidel - 44; Emanuel - 47; Cedric - 10; Geri - 46; Melynda - 26; Hershel - 21.
masa64: Heidi - 48; Iesha - 46; Jung - 5; Lady - 8; Renaldo - 36; Concetta - 27.
masa65: Greta - 13.
masa66: Gale - 45; Maritza - 29; Warren - 4; Weldon - 12; Numbers - 49; Cristal - 39; Jordan - 29.
masa67: Judy - 6; Gabriele - 32; Adrien - 6; Fernanda - 37.
masa68: Sheryl - 1.
masa0: Gayle - 19; Lesley - 26; Christy - 16.
masa1: Joshua - 44; Thomas - 35; Avery - 40; Roland - 9; Leopoldo - 10; Levi - 28.
masa2: Arminda - 34; Janett - 23; Kellie - 6.
masa3: Dallas - 45; Lynette - 7; Lourdes - 18; Lynn - 50; Lacey - 5; Lesa - 14.
masa4: Harriette - 42; Versie - 38; Lucien - 38.
masa5: Melody - 45; Yong - 35; Kemberly - 21; John - 3; Angel - 33.
masa6: Shasta - 26; Dion - 17; Edmundo - 50.
masa7: Elvina - 10; Maryjane - 29; Shin - 44; Dean - 24; Jon - 30; Ailene - 32.
masa8: Emmaline - 50; Alfonso - 34; Shirlee - 34; Lavona - 37.
masa9: Jerrold - 20; Charley - 21; Gala - 22.
masa10: Devin - 13; Belkis - 32; Hiram - 15; Elsie - 45; Cleo - 28; Marcelo - 6.
masa11: Loura - 21; Tarra - 21; Lanora - 11; Norene - 36.
masa12: Venus - 36; Tyler - 43; Jeffry - 22; Jeane - 26.
masa13: Dillon - 30; Violet - 6; Paulina - 44; Emery - 48; Percy - 11; Ira - 38; Rosaria - 36.
masa14: Donte - 13; Reyes - 24; Twyla - 25; Nicki - 19; Kelly - 5; Evelyne - 31.
masa15: Derrick - 42; Kayce - 33; Arline - 49; Shad - 48.
masa16: Arleen - 22; Concepcion - 20; Lydia - 50; Homer - 48; Jacquie - 13; Keven - 37; Tobias - 11.
masa17: Clement - 41; Veta - 13; Ninfa - 22; Kurtis - 11.
masa18: Cicely - 8; Latasha - 15; Santiago - 16; Kendall - 30; Jose - 24; Bobbi - 41; Gilbert - 3.
masa19: Mary - 22; Coleman - 45; Misha - 19; Rashad - 4; Soraya - 9; Lashonda - 11; Maple - 44.
masa20: Joaquina - 48; Joaquin - 38; Delena - 24; Renna - 3.
masa21: Niki - 36; Blake - 44; Jermaine - 23; Melda - 26; Ernie - 24; Arturo - 8; Alva - 23.
masa22: Efren - 10; Bobbie - 10; Charlsie - 41; Isidro - 3; Earle - 7.
masa23: Juli - 8; Luis - 40; Nicol - 14; Barney - 50.
masa24: Coreen - 11; Marin - 25; Lyndsey - 4.
masa25: Kiley - 26; Gracie - 38; Ken - 44.
masa26: Randal - 8; Melvin - 15; Raisa - 24; Alan - 19; Leslie - 36.
masa27: Milan - 4; Alpha - 23; Devon - 40; Jamar - 10.
masa28: Alane - 46; Evelyn - 39; Stasia - 26; Vernice - 38.
masa29: Augustus - 9; Sharleen - 35; Delila - 28.
masa30: Thurman - 3; Florentino - 41; Vincenzo - 43; Carrol - 38; Marissa - 48.
masa31: Nana - 33; Jesus - 12; Brigette - 12; Sonia - 46; Burt - 48; Josiah - 29.
masa32: Rocco - 13; Margery - 28; Adalberto - 41; Vicente - 17; Keith - 14.
masa33: Linn - 3; Benny - 15; Walton - 3; Elizabeth - 30; Penni - 13; Jong - 42.
masa34: Ligia - 8; Markus - 44; Emilio - 36; Karla - 30; Otto - 4; Leta - 40.
masa35: Melisa - 4; Mario - 5; Cortez - 23.
masa36: Lakenya - 38; Kristeen - 38; Shannon - 6; Lakiesha - 48; Gus - 41; Philip - 18.
masa37: Sharyl - 19; Karry - 49; Alverta - 48.
masa38: Trudie - 33; Matilda - 19; Callie - 4; Alonso - 38.
masa39: Reanna - 22; Lynda - 12; Julietta - 6.
masa40: Nina - 39; Consuela - 37; Mechelle - 24.
masa41: Chi - 44; Arnold - 37; Kalyn - 42; Antwan - 51; Jay - 12.
masa42: Amos - 7; Lizeth - 36; Rosario - 50; Charlyn - 21.
masa43: Ronald - 24; Vivien - 5; Noel - 4; Hong - 31; Edison - 44.
masa44: Norbert - 2; Elinore - 31; Edward - 29; Darline - 44.
masa45: Sammie - 6; Reita - 51; Jacquline - 10; Gennie - 5; Rufus - 38; Cecile - 23; Luciano - 6.
masa46: Flo - 35; Lenard - 14; Dwana - 4; Ariana - 29; Granville - 4.
masa47: Mariann - 1; Danial - 45; Matthew - 7; Filomena - 16; Jerome - 44; Malia - 51.
masa48: Otis - 23; Felice - 29; Elizebeth - 41; Tonda - 12; Brianne - 4.
masa49: Kaylene - 26; Myles - 20; Luigi - 26; Tera - 28; Geralyn - 9; Helena - 41.
masa50: Colin - 27; Danuta - 16; Willy - 16; Tilda - 17.
masa51: Burl - 11; Earl - 29; Mohammed - 12; Tiffiny - 27; Madlyn - 34; Adeline - 27.
masa52: Raymond - 11; Minh - 8; Virgil - 11.
masa53: Amalia - 10; Jere - 40; Cecelia - 40; Willian - 17; Michiko - 33.
masa54: Graig - 11; Alfonzo - 9; Colene - 51; Merna - 37.
masa55: Reinaldo - 6; Saturnina - 12; Jackelyn - 5; Jeannie - 29; Conchita - 36; Nadia - 29.
masa56: Darren - 26; Milo - 9; Val - 26; Letty - 24.
masa57: Jessica - 11; Demetrius - 25; Joya - 41; Mack - 49; Twila - 26.
masa58: Ollie - 37; Ricky - 21; Porfirio - 10.
masa59: Ciera - 39; Olin - 36; Staci - 27; Buena - 20; Marisela - 30; Lisbeth - 44; Jada - 23.
masa60: Lawerence - 5; Harold - 37; Ulysses - 22.
masa61: Marshall - 30; Maile - 23; Jamee - 4; Phillip - 51; Delmer - 34; Marcellus - 34; Samella - 49.
masa62: Ozie - 12; Argelia - 48; Modesto - 42; Nery - 42; Sandra - 23; Kourtney - 40.
masa63: Fidel - 44; Emanuel - 47; Cedric - 10; Geri - 46; Melynda - 26; Hershel - 21.
masa64: Heidi - 48; Iesha - 46; Jung - 5; Lady - 8; Renaldo - 36; Concetta - 27.
masa65: Greta - 13.
masa66: Gale - 45; Maritza - 29; Warren - 4; Weldon - 12; Numbers - 49; Cristal - 39; Jordan - 29.
masa67: Judy - 6; Gabriele - 32; Adrien - 6; Fernanda - 37.
masa0: Gayle - 19; Lesley - 26; Christy - 16.
masa1: Joshua - 44; Thomas - 35; Avery - 40; Roland - 9; Leopoldo - 10; Levi - 28.
masa2: Arminda - 34; Janett - 23; Kellie - 6.
masa3: Dallas - 45; Lynette - 7; Lourdes - 18; Lynn - 50; Lacey - 5; Lesa - 14.
masa4: Harriette - 42; Versie - 38; Lucien - 38.
masa5: Melody - 45; Yong - 35; Kemberly - 21; John - 3; Angel - 33.
masa6: Shasta - 26; Dion - 17; Edmundo - 50.
masa7: Elvina - 10; Maryjane - 29; Shin - 44; Dean - 24; Jon - 30; Ailene - 32.
masa8: Emmaline - 50; Alfonso - 34; Shirlee - 34; Lavona - 37.
masa9: Jerrold - 20; Charley - 21; Gala - 22.
masa10: Devin - 13; Belkis - 32; Hiram - 15; Elsie - 45; Cleo - 28; Marcelo - 6.
masa11: Loura - 21; Tarra - 21; Lanora - 11; Norene - 36.
masa12: Venus - 36; Tyler - 43; Jeffry - 22; Jeane - 26.
masa13: Dillon - 30; Violet - 6; Paulina - 44; Emery - 48; Percy - 11; Ira - 38; Rosaria - 36.
masa14: Donte - 13; Reyes - 24; Twyla - 25; Nicki - 19; Kelly - 5; Evelyne - 31.
masa15: Derrick - 42; Kayce - 33; Arline - 49; Shad - 48.
masa16: Arleen - 22; Concepcion - 20; Lydia - 50; Homer - 48; Jacquie - 13; Keven - 37; Tobias - 11.
masa17: Clement - 41; Veta - 13; Ninfa - 22; Kurtis - 11.
masa18: Cicely - 8; Latasha - 15; Santiago - 16; Kendall - 30; Jose - 24; Bobbi - 41; Gilbert - 3.
masa19: Mary - 22; Coleman - 45; Misha - 19; Rashad - 4; Soraya - 9; Lashonda - 11; Maple - 44.
masa20: Joaquina - 48; Joaquin - 38; Delena - 24; Renna - 3.
masa21: Niki - 36; Blake - 44; Jermaine - 23; Melda - 26; Ernie - 24; Arturo - 8; Alva - 23.
masa22: Efren - 10; Bobbie - 10; Charlsie - 41; Isidro - 3; Earle - 7.
masa23: Juli - 8; Luis - 40; Nicol - 14; Barney - 50.
masa24: Coreen - 11; Marin - 25; Lyndsey - 4.
masa25: Kiley - 26; Gracie - 38; Ken - 44.
masa26: Randal - 8; Melvin - 15; Raisa - 24; Alan - 19; Leslie - 36.
masa27: Milan - 4; Alpha - 23; Devon - 40; Jamar - 10.
masa28: Alane - 46; Evelyn - 39; Stasia - 26; Vernice - 38.
masa29: Augustus - 9; Sharleen - 35; Delila - 28.
masa30: Thurman - 3; Florentino - 41; Vincenzo - 43; Carrol - 38; Marissa - 48.
masa31: Nana - 33; Jesus - 12; Brigette - 12; Sonia - 46; Burt - 48; Josiah - 29.
masa32: Rocco - 13; Margery - 28; Adalberto - 41; Vicente - 17; Keith - 14.
masa33: Linn - 3; Walton - 3; Elizabeth - 30; Penni - 13; Jong - 42.
masa34: Ligia - 8; Markus - 44; Emilio - 36; Karla - 30; Otto - 4; Leta - 40.
masa35: Melisa - 4; Mario - 5; Cortez - 23.
masa36: Lakenya - 38; Kristeen - 38; Shannon - 6; Lakiesha - 48; Gus - 41; Philip - 18.
masa37: Sharyl - 19; Karry - 49; Alverta - 48.
masa38: Trudie - 33; Matilda - 19; Callie - 4; Alonso - 38.
masa39: Reanna - 22; Lynda - 12; Julietta - 6.
masa40: Nina - 39; Consuela - 37; Mechelle - 24.
masa41: Chi - 44; Arnold - 37; Kalyn - 42; Antwan - 51; Jay - 12.
masa42: Amos - 7; Lizeth - 36; Rosario - 50; Charlyn - 21.
masa43: Ronald - 24; Noel - 4; Hong - 31; Edison - 44.
masa44: Norbert - 2; Elinore - 31; Edward - 29; Darline - 44.
masa45: Sammie - 6; Reita - 51; Jacquline - 10; Gennie - 5; Rufus - 38; Cecile - 23; Luciano - 6.
masa46: Flo - 35; Lenard - 14; Dwana - 4; Ariana - 29; Granville - 4.
masa47: Mariann - 1; Danial - 45; Matthew - 7; Filomena - 16; Jerome - 44; Malia - 51.
masa48: Otis - 23; Felice - 29; Elizebeth - 41; Tonda - 12; Brianne - 4.
masa49: Kaylene - 26; Myles - 20; Luigi - 26; Tera - 28; Geralyn - 9; Helena - 41.
masa50: Colin - 27; Danuta - 16; Willy - 16; Tilda - 17.
masa51: Burl - 11; Earl - 29; Mohammed - 12; Tiffiny - 27; Madlyn - 34; Adeline - 27.
masa52: Raymond - 11; Minh - 8; Virgil - 11.
masa53: Amalia - 10; Jere - 40; Cecelia - 40; Willian - 17; Michiko - 33.
masa54: Graig - 11; Alfonzo - 9; Colene - 51; Merna - 37.
masa55: Reinaldo - 6; Saturnina - 12; Jackelyn - 5; Jeannie - 29; Conchita - 36; Nadia - 29.
masa56: Darren - 26; Milo - 9; Val - 26; Letty - 24.
masa57: Jessica - 11; Demetrius - 25; Joya - 41; Mack - 49; Twila - 26.
masa58: Ollie - 37; Ricky - 21; Porfirio - 10.
masa59: Ciera - 39; Olin - 36; Staci - 27; Buena - 20; Marisela - 30; Lisbeth - 44; Jada - 23.
masa60: Lawerence - 5; Harold - 37; Ulysses - 22.
masa61: Marshall - 30; Maile - 23; Jamee - 4; Phillip - 51; Delmer - 34; Marcellus - 34; Samella - 49.
masa62: Ozie - 12; Argelia - 48; Modesto - 42; Nery - 42; Sandra - 23; Kourtney - 40.
masa63: Fidel - 44; Emanuel - 47; Cedric - 10; Geri - 46; Melynda - 26; Hershel - 21.
masa64: Heidi - 48; Iesha - 46; Jung - 5; Lady - 8; Renaldo - 36; Concetta - 27.
masa65: Greta - 13.
masa66: Maritza - 29; Warren - 4; Weldon - 12; Numbers - 49; Cristal - 39; Jordan - 29.
masa67: Judy - 6; Fernanda - 37.
masa0: Gayle - 19; Lesley - 26; Christy - 16.
masa1: Joshua - 44; Thomas - 35; Avery - 40; Roland - 9; Leopoldo - 10; Levi - 28.
masa2: Arminda - 34; Janett - 23; Kellie - 6.
masa3: Dallas - 45; Lynette - 7; Lourdes - 18; Lynn - 50; Lacey - 5; Lesa - 14.
masa4: Harriette - 42; Versie - 38; Lucien - 38.
masa5: Melody - 45; Yong - 35; Kemberly - 21; John - 3; Angel - 33.
masa6: Shasta - 26; Dion - 17; Edmundo - 50.
masa7: Elvina - 10; Maryjane - 29; Shin - 44; Dean - 24; Jon - 30; Ailene - 32.
masa8: Emmaline - 50; Alfonso - 34; Shirlee - 34; Lavona - 37.
masa9: Jerrold - 20; Charley - 21; Gala - 22.
masa10: Devin - 13; Belkis - 32; Hiram - 15; Elsie - 45; Cleo - 28; Marcelo - 6.
masa11: Loura - 21; Tarra - 21; Lanora - 11; Norene - 36.
masa12: Venus - 36; Tyler - 43; Jeffry - 22; Jeane - 26.
masa13: Dillon - 30; Violet - 6; Paulina - 44; Emery - 48; Percy - 11; Ira - 38; Rosaria - 36.
masa14: Donte - 13; Reyes - 24; Twyla - 25; Nicki - 19; Kelly - 5; Evelyne - 31.
masa15: Derrick - 42; Kayce - 33; Arline - 49; Shad - 48.
masa16: Arleen - 22; Concepcion - 20; Lydia - 50; Homer - 48; Jacquie - 13; Keven - 37; Tobias - 11.
masa17: Clement - 41; Veta - 13; Ninfa - 22; Kurtis - 11.
masa18: Cicely - 8; Latasha - 15; Santiago - 16; Kendall - 30; Jose - 24; Bobbi - 41; Gilbert - 3.
masa19: Mary - 22; Coleman - 45; Misha - 19; Rashad - 4; Soraya - 9; Lashonda - 11; Maple - 44.
masa20: Joaquina - 48; Joaquin - 38; Delena - 24; Renna - 3.
masa21: Niki - 36; Blake - 44; Jermaine - 23; Melda - 26; Ernie - 24; Arturo - 8; Alva - 23.
masa22: Efren - 10; Bobbie - 10; Charlsie - 41; Isidro - 3; Earle - 7.
masa23: Juli - 8; Luis - 40; Nicol - 14; Barney - 50.
masa24: Coreen - 11; Marin - 25; Lyndsey - 4.
masa25: Kiley - 26; Gracie - 38; Ken - 44.
masa26: Randal - 8; Melvin - 15; Raisa - 24; Alan - 19; Leslie - 36.
masa27: Milan - 4; Alpha - 23; Devon - 40; Jamar - 10.
masa28: Alane - 46; Evelyn - 39; Stasia - 26; Vernice - 38.
masa29: Augustus - 9; Sharleen - 35; Delila - 28.
masa30: Thurman - 3; Florentino - 41; Vincenzo - 43; Carrol - 38; Marissa - 48.
masa31: Nana - 33; Jesus - 12; Brigette - 12; Sonia - 46; Burt - 48; Josiah - 29.
masa32: Rocco - 13; Margery - 28; Adalberto - 41; Vicente - 17; Keith - 14.
masa33: Linn - 3; Walton - 3; Elizabeth - 30; Penni - 13; Jong - 42.
masa34: Ligia - 8; Markus - 44; Emilio - 36; Karla - 30; Otto - 4; Leta - 40.
masa35: Melisa - 4; Mario - 5; Cortez - 23.
masa36: Lakenya - 38; Kristeen - 38; Shannon - 6; Lakiesha - 48; Gus - 41; Philip - 18.
masa37: Sharyl - 19; Karry - 49; Alverta - 48.
masa38: Trudie - 33; Matilda - 19; Callie - 4; Alonso - 38.
masa39: Reanna - 22; Lynda - 12; Julietta - 6.
masa40: Consuela - 37; Mechelle - 24.
masa41: Chi - 44; Arnold - 37; Kalyn - 42; Antwan - 51; Jay - 12.
masa42: Amos - 7; Lizeth - 36; Rosario - 50; Charlyn - 21.
masa43: Ronald - 24; Noel - 4; Hong - 31; Edison - 44.
masa44: Norbert - 2; Elinore - 31; Edward - 29; Darline - 44.
masa45: Sammie - 6; Reita - 51; Jacquline - 10; Gennie - 5; Rufus - 38; Cecile - 23; Luciano - 6.
masa46: Flo - 35; Lenard - 14; Dwana - 4; Ariana - 29; Granville - 4.
masa47: Mariann - 1; Danial - 45; Matthew - 7; Filomena - 16; Jerome - 44; Malia - 51.
masa48: Otis - 23; Felice - 29; Elizebeth - 41; Tonda - 12; Brianne - 4.
masa49: Kaylene - 26; Myles - 20; Luigi - 26; Tera - 28; Geralyn - 9; Helena - 41.
masa50: Colin - 27; Danuta - 16; Willy - 16; Tilda - 17.
masa51: Burl - 11; Earl - 29; Mohammed - 12; Tiffiny - 27; Madlyn - 34; Adeline - 27.
masa52: Raymond - 11; Minh - 8; Virgil - 11.
masa53: Amalia - 10; Jere - 40; Cecelia - 40; Willian - 17; Michiko - 33.
masa54: Graig - 11; Alfonzo - 9; Colene - 51; Merna - 37.
masa55: Reinaldo - 6; Saturnina - 12; Jackelyn - 5; Jeannie - 29; Conchita - 36; Nadia - 29.
masa56: Darren - 26; Milo - 9; Val - 26; Letty - 24.
masa57: Jessica - 11; Demetrius - 25; Joya - 41; Mack - 49; Twila - 26.
masa58: Ollie - 37; Ricky - 21; Porfirio - 10.
masa59: Ciera - 39; Olin - 36; Staci - 27; Buena - 20; Marisela - 30; Lisbeth - 44; Jada - 23.
masa60: Lawerence - 5; Ulysses - 22.
masa61: Marshall - 30; Maile - 23; Jamee - 4; Phillip - 51; Delmer - 34; Marcellus - 34; Samella - 49.
masa62: Ozie - 12; Argelia - 48; Modesto - 42; Nery - 42; Sandra - 23; Kourtney - 40.
masa63: Fidel - 44; Emanuel - 47; Cedric - 10; Geri - 46; Melynda - 26; Hershel - 21.
masa64: Heidi - 48; Iesha - 46; Jung - 5; Lady - 8; Renaldo - 36; Concetta - 27.
masa65: Greta - 13.
masa66: Warren - 4; Weldon - 12; Numbers - 49; Cristal - 39; Jordan - 29.
