masa0: Carrol - 44; Clifton - 45; Antwan - 61.
masa1: Vicky - 62; Anibal - 54; Joaquin - 60; Roland - 70; Walton - 67; Raymond - 44; Vincenzo - 43; Valentin - 69.
masa2: Lady - 46; Lianne - 62; Mohammed - 49; Sheryl - 43; Vivien - 41; Mack - 64; Belkis - 48; Willian - 60.
masa3: Stuart - 47; Jackie - 62; Lynette - 54; Phuong - 65; Mechelle - 70.
masa4: Bettye - 59; Barney - 60; Saul - 68; Millard - 63.
masa5: Lyndsey - 53; Linn - 41; Bart - 58; Elden - 63; Hettie - 48.
masa6: Devon - 61; Lizeth - 57; Gia - 50; Clarinda - 60.
masa7: Debrah - 41; Joannie - 51; Jaunita - 68; Jeffry - 66; Raisa - 42.
masa8: Harley - 20; Gale - 22; Karry - 21; Shelley - 23; Daysi - 25; Lawanda - 24; Nina - 19; Lacey - 15.
masa9: Shawn - 47; Pauline - 70; Jamee - 55; Nana - 46.
masa10: Sage - 56; Elena - 53; Gracie - 45; Jerome - 57; Lois - 50; Adalberto - 66; Kamilah - 70; Melda - 47.
masa11: Vicente - 55; Lakiesha - 47; Johnathan - 62; Sterling - 68; Jared - 54; Saturnina - 68; Natosha - 57; Eboni - 44; Jon - 45.
masa12: Rufus - 50; Devin - 63; Willy - 56; Zina - 64; Jeannie - 63; Porfirio - 59.
masa13: Maris - 42; Leopoldo - 57; Timmy - 41; Kelly - 66; Evelyn - 44; Lashonda - 46; Eryn - 52; Hassan - 60; Johnny - 51; Tyler - 61.
masa14: Emmaline - 41; Jay - 51; Gus - 63; Tyson - 66.
masa15: Gala - 46; Helena - 46; Mervin - 55; Daine - 55; Earle - 45; Vicki - 50; Ahmad - 42; Gabriel - 63; Felice - 51; Shanti - 54.
masa16: Meghan - 65; Callie - 41.
masa17: Bud - 41; Kristeen - 65; Bill - 56; Santo - 68; Jesse - 54; Echo - 55; Derrick - 51.
masa18: Farah - 46; Fernanda - 71; Nicolas - 58; Dixie - 57; Charlsie - 57; Avery - 45; Val - 63; Monika - 71; Lavona - 65.
masa19: Cicely - 20; Gennie - 21.
masa20: Lakesha - 52; Eulah - 50; Howard - 60; Kayce - 52; Ollie - 43; Arnoldo - 45.
masa21: Seth - 48; Earl - 57; Buena - 54; Marshall - 68; Christy - 53; Lyla - 56; Yong - 60.
masa22: Ignacio - 52; Ronald - 56; Hubert - 63; Omer - 69; Denver - 52; Bruna - 66; Danuta - 42; Parker - 61; Joaquina - 44.
masa23: Arnulfo - 20; Tamar - 21.
masa24: Sandra - 67; Gaylord - 70; Loretta - 58; Lynn - 57; Gayle - 56; Damon - 42.
masa25: Edmund - 43; Tiffiny - 71; Catarina - 54; Randal - 69; Lenard - 65; Janyce - 70; Evelia - 59.
masa26: Alfonzo - 68; Trudie - 54; Janella - 65; Marissa - 67; Malia - 53.
masa27: Alonso - 21; Mao - 15; Jermaine - 9; Candance - 8; Weldon - 10; Cristal - 14; Ninfa - 12; Sharyl - 16.
masa28: Vannesa - 41; Melody - 69; Cleo - 53; Everett - 52; Jong - 54; Colene - 45; Rosario - 70; Bruce - 63; Milan - 59; Otis - 47.
masa29: Latasha - 56; Arminda - 65.
masa30: Penni - 59; Sammy - 42; Amina - 71; Christeen - 70; Marin - 54; Tomas - 44; Ricki - 44.
masa31: Michel - 70; Darline - 41; Soraya - 45.
masa32: Jessica - 69; Dwana - 48; Otto - 46; Tabitha - 42; Milda - 69; Les - 58; Eddie - 63; Myrtle - 49; Charlie - 67; Milo - 60.
masa33: Madelaine - 13; Venus - 16; Hugo - 12; Cecily - 14; Kemberly - 17; Morton - 13; Sonia - 14; Genevive - 10.
masa34: Rocco - 68; Granville - 42; Ailene - 57; Magali - 55; Ramiro - 70; Harriette - 65; Pam - 49; Lachelle - 67.
masa35: Philip - 46; Claudio - 66; Andy - 54; Concepcion - 48; Gretta - 51; Mary - 69; Norene - 47.
masa36: Shawana - 51; Margery - 69; Jacklyn - 64; Millie - 63; Emery - 54.
masa37: Leandro - 71; Minh - 44; Bertram - 56; Twyla - 53; Jeane - 67.
masa38: Burl - 43; Benny - 52; Dean - 62; Delila - 53.
masa39: Grayce - 47; Elizebeth - 69.
masa40: Jordan - 17; Lino - 10; Jayson - 11; Florentino - 13; Tarra - 15; Bernice - 16; Janean - 10; Babette - 19.
masa41: Kiley - 53; Jackelyn - 45; Lisbeth - 51; Wilmer - 53; Hong - 42; Geralyn - 46; Josiah - 47; Sherika - 64; Carlee - 50; Fausto - 59.
masa42: Nicol - 41; Conchita - 50.
masa43: Rosaria - 63; Shakia - 47; Kaylene - 60; Dimple - 69; Alverta - 53.
masa44: Paulina - 47; Jere - 63; Alva - 46; Ken - 69; Charley - 43; Hayden - 49; Donte - 41; Dion - 70.
masa45: Dessie - 67; Consuela - 64; Jorge - 49.
masa46: Johnnie - 19; Arturo - 11; Domenic - 13; Brant - 12; Elvin - 15; Pei - 14; Joshua - 19.
masa47: Man - 67; Cythia - 57; Francisca - 67.
masa48: Maryjane - 70; Cleveland - 42; Phillip - 63; Kerry - 58; Jeni - 57; Rikki - 64; Dana - 71; Emanuel - 71.
masa49: Ricky - 45; Duane - 58.
masa50: Filiberto - 67; Lizzie - 45; Olin - 51; Asa - 66; Herman - 63; Tyree - 49; Tamala - 51; Mario - 58.
masa51: Julietta - 19; Greta - 18; Hershel - 10; Sammie - 13; Luigi - 16; Claudine - 15; Troy - 17; Hal - 13; Mai - 15; Riley - 16.
masa52: Niki - 63; Lesley - 60; Abram - 57; Manual - 41; Concetta - 66; Arnold - 46; Emiko - 41; Gregory - 43; Efren - 67; Gary - 50.
masa53: Wyatt - 46; Edison - 69; Levi - 41.
masa54: Hans - 66; Eneida - 47; Homer - 68; Collette - 41; Josue - 42; Natacha - 65; Edmundo - 56.
masa55: Violet - 45; Nathaniel - 62; Lakenya - 41; Cammie - 45; Tera - 47; Nicholas - 62.
masa56: Coleman - 13; Jarrett - 10; Reyes - 15; Alpha - 15; Caroline - 10; Harold - 13; Elsie - 18; Aimee - 13.
masa57: Delena - 62; Wiley - 41; Alex - 60; Alane - 53; Matilda - 56; Nanci - 45; Reinaldo - 56.
masa58: Iesha - 60; Cortez - 70; Marcelo - 49; Kellie - 49; Berna - 46; Jeanett - 68; Mac - 44; Coreen - 52.
masa59: Hosea - 68; Bobbie - 57.
masa60: Arline - 54; Judy - 58; Jewel - 59; Fidel - 41; Tobie - 70; Clement - 43; Preston - 46; Kristen - 45; Roscoe - 60.
masa61: Joie - 42; King - 70; Darleen - 70; Vernice - 50; Gertrudis - 54; Farrah - 41; Blake - 45; Rita - 64.
masa62: Edda - 44; Charlyn - 46; Rodrick - 55; Joya - 44; Mariann - 59; Jada - 56; Leland - 61; Malcolm - 52; Angel - 58.
masa63: Numbers - 11; Merna - 19; Josie - 14; Walker - 18; Teodoro - 16; Dillon - 13; Jeffrey - 19; Hai - 10.
masa64: Pat - 46; Kip - 43; Tilda - 71; Nery - 45; Johnette - 43.
masa65: Shaquana - 45; Bobbi - 58; Jamar - 44; Maritza - 62; Dannie - 55; Monica - 44; Evelyne - 64; Amos - 44; Adrien - 52.
masa66: Samella - 69; Marguerite - 54; Malka - 65; Aldo - 55; Wilson - 64; Arleen - 55.
masa67: Ted - 60; Renna - 60; Sydney - 58.
masa68: Nedra - 47; Camellia - 64; Aisha - 60; Raymon - 45; Chang - 64; Darrel - 51; Elinore - 42; Joi - 41; Versie - 55.
masa69: Sherill - 43; Brett - 65; Percy - 53; Anne - 65; Cuc - 47; Kurt - 42; Emmitt - 53; Thomas - 57; Hung - 46.
masa0: Clifton - 38; Antwan - 54; Carrol - 37.
masa1: Valentin - 62; Vicky - 55; Anibal - 47; Joaquin - 53; Roland - 63; Walton - 60; Raymond - 37; Vincenzo - 36.
masa2: Willian - 53; Lady - 39; Lianne - 55; Mohammed - 42; Sheryl - 36; Vivien - 34; Mack - 57; Belkis - 41.
masa3: Lynette - 47; Phuong - 58; Mechelle - 63; Stuart - 40; Jackie - 55.
masa4: Millard - 56; Bettye - 52; Barney - 53; Saul - 61.
masa5: Bart - 51; Elden - 56; Hettie - 41; Lyndsey - 46; Linn - 34.
masa6: Clarinda - 53; Devon - 54; Lizeth - 50; Gia - 43.
masa7: Jaunita - 61; Jeffry - 59; Raisa - 35; Debrah - 34; Joannie - 44.
masa8: Lacey - 8; Harley - 13; Gale - 15; Karry - 14; Shelley - 16; Daysi - 18; Lawanda - 17; Nina - 12.
masa9: Nana - 39; Shawn - 40; Pauline - 63; Jamee - 48.
masa10: Melda - 40; Sage - 49; Elena - 46; Gracie - 38; Jerome - 50; Lois - 43; Adalberto - 59; Kamilah - 63.
masa11: Eboni - 37; Jon - 38; Vicente - 48; Lakiesha - 40; Johnathan - 55; Sterling - 61; Jared - 47; Saturnina - 61; Natosha - 50.
masa12: Devin - 56; Willy - 49; Zina - 57; Jeannie - 56; Porfirio - 52; Rufus - 43.
masa13: Hassan - 53; Johnny - 44; Tyler - 54; Maris - 35; Leopoldo - 50; Timmy - 34; Kelly - 59; Evelyn - 37; Lashonda - 39; Eryn - 45.
masa14: Tyson - 59; Emmaline - 34; Jay - 44; Gus - 56.
masa15: Gabriel - 56; Felice - 44; Shanti - 47; Gala - 39; Helena - 39; Mervin - 48; Daine - 48; Earle - 38; Vicki - 43; Ahmad - 35.
masa16: Callie - 34; Meghan - 58.
masa17: Bud - 34; Kristeen - 58; Bill - 49; Santo - 61; Jesse - 47; Echo - 48; Derrick - 44.
masa18: Monika - 64; Lavona - 58; Farah - 39; Fernanda - 64; Nicolas - 51; Dixie - 50; Charlsie - 50; Avery - 38; Val - 56.
masa19: Gennie - 14; Cicely - 13.
masa20: Eulah - 43; Howard - 53; Kayce - 45; Ollie - 36; Arnoldo - 38; Lakesha - 45.
masa21: Seth - 41; Earl - 50; Buena - 47; Marshall - 61; Christy - 46; Lyla - 49; Yong - 53.
masa22: Parker - 54; Joaquina - 37; Ignacio - 45; Ronald - 49; Hubert - 56; Omer - 62; Denver - 45; Bruna - 59; Danuta - 35.
masa23: Tamar - 14; Arnulfo - 13.
masa24: Gaylord - 63; Loretta - 51; Lynn - 50; Gayle - 49; Damon - 35; Sandra - 60.
masa25: Edmund - 36; Tiffiny - 64; Catarina - 47; Randal - 62; Lenard - 58; Janyce - 63; Evelia - 52.
masa26: Janella - 58; Marissa - 60; Malia - 46; Alfonzo - 61; Trudie - 47.
masa27: Sharyl - 9; Alonso - 14; Mao - 8; Jermaine - 2; Candance - 1; Weldon - 3; Cristal - 7; Ninfa - 5.
masa28: Bruce - 56; Milan - 52; Otis - 40; Vannesa - 34; Melody - 62; Cleo - 46; Everett - 45; Jong - 47; Colene - 38; Rosario - 63.
masa29: Arminda - 58; Latasha - 49.
masa30: Penni - 52; Sammy - 35; Amina - 64; Christeen - 63; Marin - 47; Tomas - 37; Ricki - 37.
masa31: Darline - 34; Soraya - 38; Michel - 63.
masa32: Myrtle - 42; Charlie - 60; Milo - 53; Jessica - 62; Dwana - 41; Otto - 39; Tabitha - 35; Milda - 62; Les - 51; Eddie - 56.
masa33: Genevive - 3; Madelaine - 6; Venus - 9; Hugo - 5; Cecily - 7; Kemberly - 10; Morton - 6; Sonia - 7.
masa34: Lachelle - 60; Rocco - 61; Granville - 35; Ailene - 50; Magali - 48; Ramiro - 63; Harriette - 58; Pam - 42.
masa35: Philip - 39; Claudio - 59; Andy - 47; Concepcion - 41; Gretta - 44; Mary - 62; Norene - 40.
masa36: Jacklyn - 57; Millie - 56; Emery - 47; Shawana - 44; Margery - 62.
masa37: Bertram - 49; Twyla - 46; Jeane - 60; Leandro - 64; Minh - 37.
masa38: Delila - 46; Burl - 36; Benny - 45; Dean - 55.
masa39: Elizebeth - 62; Grayce - 40.
masa40: Babette - 12; Jordan - 10; Lino - 3; Jayson - 4; Florentino - 6; Tarra - 8; Bernice - 9; Janean - 3.
masa41: Sherika - 57; Carlee - 43; Fausto - 52; Kiley - 46; Jackelyn - 38; Lisbeth - 44; Wilmer - 46; Hong - 35; Geralyn - 39; Josiah - 40.
masa42: Conchita - 43; Nicol - 34.
masa43: Kaylene - 53; Dimple - 62; Alverta - 46; Rosaria - 56; Shakia - 40.
masa44: Dion - 63; Paulina - 40; Jere - 56; Alva - 39; Ken - 62; Charley - 36; Hayden - 42; Donte - 34.
masa45: Consuela - 57; Jorge - 42; Dessie - 60.
masa46: Johnnie - 12; Arturo - 4; Domenic - 6; Brant - 5; Elvin - 8; Pei - 7; Joshua - 12.
masa47: Cythia - 50; Francisca - 60; Man - 60.
masa48: Emanuel - 64; Maryjane - 63; Cleveland - 35; Phillip - 56; Kerry - 51; Jeni - 50; Rikki - 57; Dana - 64.
masa49: Duane - 51; Ricky - 38.
masa50: Mario - 51; Filiberto - 60; Lizzie - 38; Olin - 44; Asa - 59; Herman - 56; Tyree - 42; Tamala - 44.
masa51: Hal - 6; Mai - 8; Riley - 9; Julietta - 12; Greta - 11; Hershel - 3; Sammie - 6; Luigi - 9; Claudine - 8; Troy - 10.
masa52: Gregory - 36; Efren - 60; Gary - 43; Niki - 56; Lesley - 53; Abram - 50; Manual - 34; Concetta - 59; Arnold - 39; Emiko - 34.
masa53: Edison - 62; Levi - 34; Wyatt - 39.
masa54: Hans - 59; Eneida - 40; Homer - 61; Collette - 34; Josue - 35; Natacha - 58; Edmundo - 49.
masa55: Nathaniel - 55; Lakenya - 34; Cammie - 38; Tera - 40; Nicholas - 55; Violet - 38.
masa56: Aimee - 6; Coleman - 6; Jarrett - 3; Reyes - 8; Alpha - 8; Caroline - 3; Harold - 6; Elsie - 11.
masa57: Delena - 55; Wiley - 34; Alex - 53; Alane - 46; Matilda - 49; Nanci - 38; Reinaldo - 49.
masa58: Coreen - 45; Iesha - 53; Cortez - 63; Marcelo - 42; Kellie - 42; Berna - 39; Jeanett - 61; Mac - 37.
masa59: Bobbie - 50; Hosea - 61.
masa60: Kristen - 38; Roscoe - 53; Arline - 47; Judy - 51; Jewel - 52; Fidel - 34; Tobie - 63; Clement - 36; Preston - 39.
masa61: Rita - 57; Joie - 35; King - 63; Darleen - 63; Vernice - 43; Gertrudis - 47; Farrah - 34; Blake - 38.
masa62: Malcolm - 45; Angel - 51; Edda - 37; Charlyn - 39; Rodrick - 48; Joya - 37; Mariann - 52; Jada - 49; Leland - 54.
masa63: Hai - 3; Numbers - 4; Merna - 12; Josie - 7; Walker - 11; Teodoro - 9; Dillon - 6; Jeffrey - 12.
masa64: Tilda - 64; Nery - 38; Johnette - 36; Pat - 39; Kip - 36.
masa65: Amos - 37; Adrien - 45; Shaquana - 38; Bobbi - 51; Jamar - 37; Maritza - 55; Dannie - 48; Monica - 37; Evelyne - 57.
masa66: Marguerite - 47; Malka - 58; Aldo - 48; Wilson - 57; Arleen - 48; Samella - 62.
masa67: Renna - 53; Sydney - 51; Ted - 53.
masa68: Joi - 34; Versie - 48; Nedra - 40; Camellia - 57; Aisha - 53; Raymon - 38; Chang - 57; Darrel - 44; Elinore - 35.
masa69: Thomas - 50; Hung - 39; Sherill - 36; Brett - 58; Percy - 46; Anne - 58; Cuc - 40; Kurt - 35; Emmitt - 46.
masa0: Antwan - 47; Carrol - 30; Clifton - 31.
masa1: Vincenzo - 29; Valentin - 55; Vicky - 48; Anibal - 40; Joaquin - 46; Roland - 56; Walton - 53; Raymond - 30.
masa2: Belkis - 34; Willian - 46; Lady - 32; Lianne - 48; Mohammed - 35; Sheryl - 29; Vivien - 27; Mack - 50.
masa3: Mechelle - 56; Stuart - 33; Jackie - 48; Lynette - 40; Phuong - 51.
masa4: Saul - 54; Millard - 49; Bettye - 45; Barney - 46.
masa5: Hettie - 34; Lyndsey - 39; Linn - 27; Bart - 44; Elden - 49.
masa6: Gia - 36; Clarinda - 46; Devon - 47; Lizeth - 43.
masa7: Raisa - 28; Debrah - 27; Joannie - 37; Jaunita - 54; Jeffry - 52.
masa8: Nina - 5; Lacey - 1; Harley - 6; Gale - 8; Karry - 7; Shelley - 9; Daysi - 11; Lawanda - 10.
masa9: Jamee - 41; Nana - 32; Shawn - 33; Pauline - 56.
masa10: Kamilah - 56; Melda - 33; Sage - 42; Elena - 39; Gracie - 31; Jerome - 43; Lois - 36; Adalberto - 52.
masa11: Saturnina - 54; Natosha - 43; Eboni - 30; Jon - 31; Vicente - 41; Lakiesha - 33; Johnathan - 48; Sterling - 54; Jared - 40.
masa12: Willy - 42; Zina - 50; Jeannie - 49; Porfirio - 45; Rufus - 36; Devin - 49.
masa13: Evelyn - 30; Lashonda - 32; Eryn - 38; Hassan - 46; Johnny - 37; Tyler - 47; Maris - 28; Leopoldo - 43; Timmy - 27; Kelly - 52.
masa14: Gus - 49; Tyson - 52; Emmaline - 27; Jay - 37.
masa15: Earle - 31; Vicki - 36; Ahmad - 28; Gabriel - 49; Felice - 37; Shanti - 40; Gala - 32; Helena - 32; Mervin - 41; Daine - 41.
masa16: Meghan - 51; Callie - 27.
masa17: Bud - 27; Kristeen - 51; Bill - 42; Santo - 54; Jesse - 40; Echo - 41; Derrick - 37.
masa18: Avery - 31; Val - 49; Monika - 57; Lavona - 51; Farah - 32; Fernanda - 57; Nicolas - 44; Dixie - 43; Charlsie - 43.
masa19: Cicely - 6; Gennie - 7.
masa20: Howard - 46; Kayce - 38; Ollie - 29; Arnoldo - 31; Lakesha - 38; Eulah - 36.
masa21: Seth - 34; Earl - 43; Buena - 40; Marshall - 54; Christy - 39; Lyla - 42; Yong - 46.
masa22: Bruna - 52; Danuta - 28; Parker - 47; Joaquina - 30; Ignacio - 38; Ronald - 42; Hubert - 49; Omer - 55; Denver - 38.
masa23: Arnulfo - 6; Tamar - 7.
masa24: Loretta - 44; Lynn - 43; Gayle - 42; Damon - 28; Sandra - 53; Gaylord - 56.
masa25: Edmund - 29; Tiffiny - 57; Catarina - 40; Randal - 55; Lenard - 51; Janyce - 56; Evelia - 45.
masa26: Malia - 39; Alfonzo - 54; Trudie - 40; Janella - 51; Marissa - 53.
masa27: Mao - 1; Sharyl - 2; Alonso - 7.
masa28: Jong - 40; Colene - 31; Rosario - 56; Bruce - 49; Milan - 45; Otis - 33; Vannesa - 27; Melody - 55; Cleo - 39; Everett - 38.
masa29: Latasha - 42; Arminda - 51.
masa30: Penni - 45; Sammy - 28; Amina - 57; Christeen - 56; Marin - 40; Tomas - 30; Ricki - 30.
masa31: Soraya - 31; Michel - 56; Darline - 27.
masa32: Milda - 55; Les - 44; Eddie - 49; Myrtle - 35; Charlie - 53; Milo - 46; Jessica - 55; Dwana - 34; Otto - 32; Tabitha - 28.
masa33: Venus - 2; Kemberly - 3.
masa34: Pam - 35; Lachelle - 53; Rocco - 54; Granville - 28; Ailene - 43; Magali - 41; Ramiro - 56; Harriette - 51.
masa35: Philip - 32; Claudio - 52; Andy - 40; Concepcion - 34; Gretta - 37; Mary - 55; Norene - 33.
masa36: Emery - 40; Shawana - 37; Margery - 55; Jacklyn - 50; Millie - 49.
masa37: Jeane - 53; Leandro - 57; Minh - 30; Bertram - 42; Twyla - 39.
masa38: Dean - 48; Delila - 39; Burl - 29; Benny - 38.
masa39: Grayce - 33; Elizebeth - 55.
masa40: Babette - 5; Jordan - 3; Tarra - 1; Bernice - 2.
masa41: Hong - 28; Geralyn - 32; Josiah - 33; Sherika - 50; Carlee - 36; Fausto - 45; Kiley - 39; Jackelyn - 31; Lisbeth - 37; Wilmer - 39.
masa42: Nicol - 27; Conchita - 36.
masa43: Alverta - 39; Rosaria - 49; Shakia - 33; Kaylene - 46; Dimple - 55.
masa44: Donte - 27; Dion - 56; Paulina - 33; Jere - 49; Alva - 32; Ken - 55; Charley - 29; Hayden - 35.
masa45: Jorge - 35; Dessie - 53; Consuela - 50.
masa46: Johnnie - 5; Elvin - 1; Joshua - 5.
masa47: Francisca - 53; Man - 53; Cythia - 43.
masa48: Dana - 57; Emanuel - 57; Maryjane - 56; Cleveland - 28; Phillip - 49; Kerry - 44; Jeni - 43; Rikki - 50.
masa49: Ricky - 31; Duane - 44.
masa50: Tamala - 37; Mario - 44; Filiberto - 53; Lizzie - 31; Olin - 37; Asa - 52; Herman - 49; Tyree - 35.
masa51: Claudine - 1; Troy - 3; Mai - 1; Riley - 2; Julietta - 5; Greta - 4; Luigi - 2.
masa52: Concetta - 52; Arnold - 32; Emiko - 27; Gregory - 29; Efren - 53; Gary - 36; Niki - 49; Lesley - 46; Abram - 43; Manual - 27.
masa53: Levi - 27; Wyatt - 32; Edison - 55.
masa54: Hans - 52; Eneida - 33; Homer - 54; Collette - 27; Josue - 28; Natacha - 51; Edmundo - 42.
masa55: Lakenya - 27; Cammie - 31; Tera - 33; Nicholas - 48; Violet - 31; Nathaniel - 48.
masa56: Reyes - 1; Alpha - 1; Elsie - 4.
masa57: Delena - 48; Wiley - 27; Alex - 46; Alane - 39; Matilda - 42; Nanci - 31; Reinaldo - 42.
masa58: Mac - 30; Coreen - 38; Iesha - 46; Cortez - 56; Marcelo - 35; Kellie - 35; Berna - 32; Jeanett - 54.
masa59: Hosea - 54; Bobbie - 43.
masa60: Clement - 29; Preston - 32; Kristen - 31; Roscoe - 46; Arline - 40; Judy - 44; Jewel - 45; Fidel - 27; Tobie - 56.
masa61: Blake - 31; Rita - 50; Joie - 28; King - 56; Darleen - 56; Vernice - 36; Gertrudis - 40; Farrah - 27.
masa62: Jada - 42; Leland - 47; Malcolm - 38; Angel - 44; Edda - 30; Charlyn - 32; Rodrick - 41; Joya - 30; Mariann - 45.
masa63: Merna - 5; Walker - 4; Teodoro - 2; Jeffrey - 5.
masa64: Johnette - 29; Pat - 32; Kip - 29; Tilda - 57; Nery - 31.
masa65: Monica - 30; Evelyne - 50; Amos - 30; Adrien - 38; Shaquana - 31; Bobbi - 44; Jamar - 30; Maritza - 48; Dannie - 41.
masa66: Malka - 51; Aldo - 41; Wilson - 50; Arleen - 41; Samella - 55; Marguerite - 40.
masa67: Sydney - 44; Ted - 46; Renna - 46.
masa68: Darrel - 37; Elinore - 28; Joi - 27; Versie - 41; Nedra - 33; Camellia - 50; Aisha - 46; Raymon - 31; Chang - 50.
masa69: Kurt - 28; Emmitt - 39; Thomas - 43; Hung - 32; Sherill - 29; Brett - 51; Percy - 39; Anne - 51; Cuc - 33.
masa0: Carrol - 23; Clifton - 24; Antwan - 40.
masa1: Raymond - 23; Vincenzo - 22; Valentin - 48; Vicky - 41; Anibal - 33; Joaquin - 39; Roland - 49; Walton - 46.
masa2: Mack - 43; Belkis - 27; Willian - 39; Lady - 25; Lianne - 41; Mohammed - 28; Sheryl - 22; Vivien - 20.
masa3: Jackie - 41; Lynette - 33; Phuong - 44; Mechelle - 49; Stuart - 26.
masa4: Barney - 39; Saul - 47; Millard - 42; Bettye - 38.
masa5: Linn - 20; Bart - 37; Elden - 42; Hettie - 27; Lyndsey - 32.
masa6: Lizeth - 36; Gia - 29; Clarinda - 39; Devon - 40.
masa7: Joannie - 30; Jaunita - 47; Jeffry - 45; Raisa - 21; Debrah - 20.
masa8: Gale - 1; Shelley - 2; Daysi - 4; Lawanda - 3.
masa9: Pauline - 49; Jamee - 34; Nana - 25; Shawn - 26.
masa10: Adalberto - 45; Kamilah - 49; Melda - 26; Sage - 35; Elena - 32; Gracie - 24; Jerome - 36; Lois - 29.
masa11: Sterling - 47; Jared - 33; Saturnina - 47; Natosha - 36; Eboni - 23; Jon - 24; Vicente - 34; Lakiesha - 26; Johnathan - 41.
masa12: Zina - 43; Jeannie - 42; Porfirio - 38; Rufus - 29; Devin - 42; Willy - 35.
masa13: Leopoldo - 36; Timmy - 20; Kelly - 45; Evelyn - 23; Lashonda - 25; Eryn - 31; Hassan - 39; Johnny - 30; Tyler - 40; Maris - 21.
masa14: Jay - 30; Gus - 42; Tyson - 45; Emmaline - 20.
masa15: Helena - 25; Mervin - 34; Daine - 34; Earle - 24; Vicki - 29; Ahmad - 21; Gabriel - 42; Felice - 30; Shanti - 33; Gala - 25.
masa16: Callie - 20; Meghan - 44.
masa17: Bud - 20; Kristeen - 44; Bill - 35; Santo - 47; Jesse - 33; Echo - 34; Derrick - 30.
masa18: Dixie - 36; Charlsie - 36; Avery - 24; Val - 42; Monika - 50; Lavona - 44; Farah - 25; Fernanda - 50; Nicolas - 37.
masa20: Kayce - 31; Ollie - 22; Arnoldo - 24; Lakesha - 31; Eulah - 29; Howard - 39.
masa21: Seth - 27; Earl - 36; Buena - 33; Marshall - 47; Christy - 32; Lyla - 35; Yong - 39.
masa22: Omer - 48; Denver - 31; Bruna - 45; Danuta - 21; Parker - 40; Joaquina - 23; Ignacio - 31; Ronald - 35; Hubert - 42.
masa24: Lynn - 36; Gayle - 35; Damon - 21; Sandra - 46; Gaylord - 49; Loretta - 37.
masa25: Edmund - 22; Tiffiny - 50; Catarina - 33; Randal - 48; Lenard - 44; Janyce - 49; Evelia - 38.
masa26: Trudie - 33; Janella - 44; Marissa - 46; Malia - 32; Alfonzo - 47.
masa28: Melody - 48; Cleo - 32; Everett - 31; Jong - 33; Colene - 24; Rosario - 49; Bruce - 42; Milan - 38; Otis - 26; Vannesa - 20.
masa29: Arminda - 44; Latasha - 35.
masa30: Penni - 38; Sammy - 21; Amina - 50; Christeen - 49; Marin - 33; Tomas - 23; Ricki - 23.
masa31: Michel - 49; Darline - 20; Soraya - 24.
masa32: Dwana - 27; Otto - 25; Tabitha - 21; Milda - 48; Les - 37; Eddie - 42; Myrtle - 28; Charlie - 46; Milo - 39; Jessica - 48.
masa34: Harriette - 44; Pam - 28; Lachelle - 46; Rocco - 47; Granville - 21; Ailene - 36; Magali - 34; Ramiro - 49.
masa35: Philip - 25; Claudio - 45; Andy - 33; Concepcion - 27; Gretta - 30; Mary - 48; Norene - 26.
masa36: Margery - 48; Jacklyn - 43; Millie - 42; Emery - 33; Shawana - 30.
masa37: Minh - 23; Bertram - 35; Twyla - 32; Jeane - 46; Leandro - 50.
masa38: Benny - 31; Dean - 41; Delila - 32; Burl - 22.
masa39: Elizebeth - 48; Grayce - 26.
masa41: Jackelyn - 24; Lisbeth - 30; Wilmer - 32; Hong - 21; Geralyn - 25; Josiah - 26; Sherika - 43; Carlee - 29; Fausto - 38; Kiley - 32.
masa42: Conchita - 29; Nicol - 20.
masa43: Shakia - 26; Kaylene - 39; Dimple - 48; Alverta - 32; Rosaria - 42.
masa44: Hayden - 28; Donte - 20; Dion - 49; Paulina - 26; Jere - 42; Alva - 25; Ken - 48; Charley - 22.
masa45: Dessie - 46; Consuela - 43; Jorge - 28.
masa47: Man - 46; Cythia - 36; Francisca - 46.
masa48: Rikki - 43; Dana - 50; Emanuel - 50; Maryjane - 49; Cleveland - 21; Phillip - 42; Kerry - 37; Jeni - 36.
masa49: Duane - 37; Ricky - 24.
masa50: Tyree - 28; Tamala - 30; Mario - 37; Filiberto - 46; Lizzie - 24; Olin - 30; Asa - 45; Herman - 42.
masa52: Lesley - 39; Abram - 36; Manual - 20; Concetta - 45; Arnold - 25; Emiko - 20; Gregory - 22; Efren - 46; Gary - 29; Niki - 42.
masa53: Wyatt - 25; Edison - 48; Levi - 20.
masa54: Hans - 45; Eneida - 26; Homer - 47; Collette - 20; Josue - 21; Natacha - 44; Edmundo - 35.
masa55: Cammie - 24; Tera - 26; Nicholas - 41; Violet - 24; Nathaniel - 41; Lakenya - 20.
masa57: Delena - 41; Wiley - 20; Alex - 39; Alane - 32; Matilda - 35; Nanci - 24; Reinaldo - 35.
masa58: Jeanett - 47; Mac - 23; Coreen - 31; Iesha - 39; Cortez - 49; Marcelo - 28; Kellie - 28; Berna - 25.
masa59: Bobbie - 36; Hosea - 47.
masa60: Fidel - 20; Tobie - 49; Clement - 22; Preston - 25; Kristen - 24; Roscoe - 39; Arline - 33; Judy - 37; Jewel - 38.
masa61: Farrah - 20; Blake - 24; Rita - 43; Joie - 21; King - 49; Darleen - 49; Vernice - 29; Gertrudis - 33.
masa62: Joya - 23; Mariann - 38; Jada - 35; Leland - 40; Malcolm - 31; Angel - 37; Edda - 23; Charlyn - 25; Rodrick - 34.
masa64: Kip - 22; Tilda - 50; Nery - 24; Johnette - 22; Pat - 25.
masa65: Maritza - 41; Dannie - 34; Monica - 23; Evelyne - 43; Amos - 23; Adrien - 31; Shaquana - 24; Bobbi - 37; Jamar - 23.
masa66: Aldo - 34; Wilson - 43; Arleen - 34; Samella - 48; Marguerite - 33; Malka - 44.
masa67: Ted - 39; Renna - 39; Sydney - 37.
masa68: Raymon - 24; Chang - 43; Darrel - 30; Elinore - 21; Joi - 20; Versie - 34; Nedra - 26; Camellia - 43; Aisha - 39.
masa69: Anne - 44; Cuc - 26; Kurt - 21; Emmitt - 32; Thomas - 36; Hung - 25; Sherill - 22; Brett - 44; Percy - 32.
masa0: Clifton - 17; Antwan - 33; Carrol - 16.
masa1: Walton - 39; Raymond - 16; Vincenzo - 15; Valentin - 41; Vicky - 34; Anibal - 26; Joaquin - 32; Roland - 42.
masa2: Vivien - 13; Mack - 36; Belkis - 20; Willian - 32; Lady - 18; Lianne - 34; Mohammed - 21; Sheryl - 15.
masa3: Phuong - 37; Mechelle - 42; Stuart - 19; Jackie - 34; Lynette - 26.
masa4: Bettye - 31; Barney - 32; Saul - 40; Millard - 35.
masa5: Elden - 35; Hettie - 20; Lyndsey - 25; Linn - 13; Bart - 30.
masa6: Devon - 33; Lizeth - 29; Gia - 22; Clarinda - 32.
masa7: Jeffry - 38; Raisa - 14; Debrah - 13; Joannie - 23; Jaunita - 40.
masa9: Shawn - 19; Pauline - 42; Jamee - 27; Nana - 18.
masa10: Lois - 22; Adalberto - 38; Kamilah - 42; Melda - 19; Sage - 28; Elena - 25; Gracie - 17; Jerome - 29.
masa11: Lakiesha - 19; Johnathan - 34; Sterling - 40; Jared - 26; Saturnina - 40; Natosha - 29; Eboni - 16; Jon - 17; Vicente - 27.
masa12: Jeannie - 35; Porfirio - 31; Rufus - 22; Devin - 35; Willy - 28; Zina - 36.
masa13: Johnny - 23; Tyler - 33; Maris - 14; Leopoldo - 29; Timmy - 13; Kelly - 38; Evelyn - 16; Lashonda - 18; Eryn - 24; Hassan - 32.
masa14: Emmaline - 13; Jay - 23; Gus - 35; Tyson - 38.
masa15: Felice - 23; Shanti - 26; Gala - 18; Helena - 18; Mervin - 27; Daine - 27; Earle - 17; Vicki - 22; Ahmad - 14; Gabriel - 35.
masa16: Meghan - 37; Callie - 13.
masa17: Bud - 13; Kristeen - 37; Bill - 28; Santo - 40; Jesse - 26; Echo - 27; Derrick - 23.
masa18: Fernanda - 43; Nicolas - 30; Dixie - 29; Charlsie - 29; Avery - 17; Val - 35; Monika - 43; Lavona - 37; Farah - 18.
masa20: Ollie - 15; Arnoldo - 17; Lakesha - 24; Eulah - 22; Howard - 32; Kayce - 24.
masa21: Seth - 20; Earl - 29; Buena - 26; Marshall - 40; Christy - 25; Lyla - 28; Yong - 32.
masa22: Ronald - 28; Hubert - 35; Omer - 41; Denver - 24; Bruna - 38; Danuta - 14; Parker - 33; Joaquina - 16; Ignacio - 24.
masa24: Gayle - 28; Damon - 14; Sandra - 39; Gaylord - 42; Loretta - 30; Lynn - 29.
masa25: Edmund - 15; Tiffiny - 43; Catarina - 26; Randal - 41; Lenard - 37; Janyce - 42; Evelia - 31.
masa26: Marissa - 39; Malia - 25; Alfonzo - 40; Trudie - 26; Janella - 37.
masa28: Milan - 31; Otis - 19; Vannesa - 13; Melody - 41; Cleo - 25; Everett - 24; Jong - 26; Colene - 17; Rosario - 42; Bruce - 35.
masa29: Latasha - 28; Arminda - 37.
masa30: Penni - 31; Sammy - 14; Amina - 43; Christeen - 42; Marin - 26; Tomas - 16; Ricki - 16.
masa31: Darline - 13; Soraya - 17; Michel - 42.
masa32: Charlie - 39; Milo - 32; Jessica - 41; Dwana - 20; Otto - 18; Tabitha - 14; Milda - 41; Les - 30; Eddie - 35; Myrtle - 21.
masa34: Ramiro - 42; Harriette - 37; Pam - 21; Lachelle - 39; Rocco - 40; Granville - 14; Ailene - 29; Magali - 27.
masa35: Philip - 18; Claudio - 38; Andy - 26; Concepcion - 20; Gretta - 23; Mary - 41; Norene - 19.
masa36: Millie - 35; Emery - 26; Shawana - 23; Margery - 41; Jacklyn - 36.
masa37: Twyla - 25; Jeane - 39; Leandro - 43; Minh - 16; Bertram - 28.
masa38: Burl - 15; Benny - 24; Dean - 34; Delila - 25.
masa39: Grayce - 19; Elizebeth - 41.
masa41: Carlee - 22; Fausto - 31; Kiley - 25; Jackelyn - 17; Lisbeth - 23; Wilmer - 25; Hong - 14; Geralyn - 18; Josiah - 19; Sherika - 36.
masa42: Nicol - 13; Conchita - 22.
masa43: Dimple - 41; Alverta - 25; Rosaria - 35; Shakia - 19; Kaylene - 32.
masa44: Charley - 15; Hayden - 21; Donte - 13; Dion - 42; Paulina - 19; Jere - 35; Alva - 18; Ken - 41.
masa45: Consuela - 36; Jorge - 21; Dessie - 39.
masa47: Cythia - 29; Francisca - 39; Man - 39.
masa48: Jeni - 29; Rikki - 36; Dana - 43; Emanuel - 43; Maryjane - 42; Cleveland - 14; Phillip - 35; Kerry - 30.
masa49: Ricky - 17; Duane - 30.
masa50: Herman - 35; Tyree - 21; Tamala - 23; Mario - 30; Filiberto - 39; Lizzie - 17; Olin - 23; Asa - 38.
masa52: Efren - 39; Gary - 22; Niki - 35; Lesley - 32; Abram - 29; Manual - 13; Concetta - 38; Arnold - 18; Emiko - 13; Gregory - 15.
masa53: Edison - 41; Levi - 13; Wyatt - 18.
masa54: Hans - 38; Eneida - 19; Homer - 40; Collette - 13; Josue - 14; Natacha - 37; Edmundo - 28.
masa55: Tera - 19; Nicholas - 34; Violet - 17; Nathaniel - 34; Lakenya - 13; Cammie - 17.
masa57: Delena - 34; Wiley - 13; Alex - 32; Alane - 25; Matilda - 28; Nanci - 17; Reinaldo - 28.
masa58: Berna - 18; Jeanett - 40; Mac - 16; Coreen - 24; Iesha - 32; Cortez - 42; Marcelo - 21; Kellie - 21.
masa59: Hosea - 40; Bobbie - 29.
masa60: Judy - 30; Jewel - 31; Fidel - 13; Tobie - 42; Clement - 15; Preston - 18; Kristen - 17; Roscoe - 32; Arline - 26.
masa61: Gertrudis - 26; Farrah - 13; Blake - 17; Rita - 36; Joie - 14; King - 42; Darleen - 42; Vernice - 22.
masa62: Charlyn - 18; Rodrick - 27; Joya - 16; Mariann - 31; Jada - 28; Leland - 33; Malcolm - 24; Angel - 30; Edda - 16.
masa64: Nery - 17; Johnette - 15; Pat - 18; Kip - 15; Tilda - 43.
masa65: Bobbi - 30; Jamar - 16; Maritza - 34; Dannie - 27; Monica - 16; Evelyne - 36; Amos - 16; Adrien - 24; Shaquana - 17.
masa66: Wilson - 36; Arleen - 27; Samella - 41; Marguerite - 26; Malka - 37; Aldo - 27.
masa67: Renna - 32; Sydney - 30; Ted - 32.
masa68: Camellia - 36; Aisha - 32; Raymon - 17; Chang - 36; Darrel - 23; Elinore - 14; Joi - 13; Versie - 27; Nedra - 19.
masa69: Brett - 37; Percy - 25; Anne - 37; Cuc - 19; Kurt - 14; Emmitt - 25; Thomas - 29; Hung - 18; Sherill - 15.
masa0: Antwan - 26; Carrol - 9; Clifton - 10.
masa1: Roland - 35; Walton - 32; Raymond - 9; Vincenzo - 8; Valentin - 34; Vicky - 27; Anibal - 19; Joaquin - 25.
masa2: Sheryl - 8; Vivien - 6; Mack - 29; Belkis - 13; Willian - 25; Lady - 11; Lianne - 27; Mohammed - 14.
masa3: Stuart - 12; Jackie - 27; Lynette - 19; Phuong - 30; Mechelle - 35.
masa4: Millard - 28; Bettye - 24; Barney - 25; Saul - 33.
masa5: Lyndsey - 18; Linn - 6; Bart - 23; Elden - 28; Hettie - 13.
masa6: Clarinda - 25; Devon - 26; Lizeth - 22; Gia - 15.
masa7: Debrah - 6; Joannie - 16; Jaunita - 33; Jeffry - 31; Raisa - 7.
masa9: Nana - 11; Shawn - 12; Pauline - 35; Jamee - 20.
masa10: Jerome - 22; Lois - 15; Adalberto - 31; Kamilah - 35; Melda - 12; Sage - 21; Elena - 18; Gracie - 10.
masa11: Jon - 10; Vicente - 20; Lakiesha - 12; Johnathan - 27; Sterling - 33; Jared - 19; Saturnina - 33; Natosha - 22; Eboni - 9.
masa12: Porfirio - 24; Rufus - 15; Devin - 28; Willy - 21; Zina - 29; Jeannie - 28.
masa13: Lashonda - 11; Eryn - 17; Hassan - 25; Johnny - 16; Tyler - 26; Maris - 7; Leopoldo - 22; Timmy - 6; Kelly - 31; Evelyn - 9.
masa14: Tyson - 31; Emmaline - 6; Jay - 16; Gus - 28.
masa15: Vicki - 15; Ahmad - 7; Gabriel - 28; Felice - 16; Shanti - 19; Gala - 11; Helena - 11; Mervin - 20; Daine - 20; Earle - 10.
masa16: Callie - 6; Meghan - 30.
masa17: Bud - 6; Kristeen - 30; Bill - 21; Santo - 33; Jesse - 19; Echo - 20; Derrick - 16.
masa18: Lavona - 30; Farah - 11; Fernanda - 36; Nicolas - 23; Dixie - 22; Charlsie - 22; Avery - 10; Val - 28; Monika - 36.
masa20: Arnoldo - 10; Lakesha - 17; Eulah - 15; Howard - 25; Kayce - 17; Ollie - 8.
masa21: Seth - 13; Earl - 22; Buena - 19; Marshall - 33; Christy - 18; Lyla - 21; Yong - 25.
masa22: Joaquina - 9; Ignacio - 17; Ronald - 21; Hubert - 28; Omer - 34; Denver - 17; Bruna - 31; Danuta - 7; Parker - 26.
masa24: Damon - 7; Sandra - 32; Gaylord - 35; Loretta - 23; Lynn - 22; Gayle - 21.
masa25: Edmund - 8; Tiffiny - 36; Catarina - 19; Randal - 34; Lenard - 30; Janyce - 35; Evelia - 24.
masa26: Alfonzo - 33; Trudie - 19; Janella - 30; Marissa - 32; Malia - 18.
masa28: Colene - 10; Rosario - 35; Bruce - 28; Milan - 24; Otis - 12; Vannesa - 6; Melody - 34; Cleo - 18; Everett - 17; Jong - 19.
masa29: Arminda - 30; Latasha - 21.
masa30: Penni - 24; Sammy - 7; Amina - 36; Christeen - 35; Marin - 19; Tomas - 9; Ricki - 9.
masa31: Soraya - 10; Michel - 35; Darline - 6.
masa32: Les - 23; Eddie - 28; Myrtle - 14; Charlie - 32; Milo - 25; Jessica - 34; Dwana - 13; Otto - 11; Tabitha - 7; Milda - 34.
masa34: Magali - 20; Ramiro - 35; Harriette - 30; Pam - 14; Lachelle - 32; Rocco - 33; Granville - 7; Ailene - 22.
masa35: Philip - 11; Claudio - 31; Andy - 19; Concepcion - 13; Gretta - 16; Mary - 34; Norene - 12.
masa36: Shawana - 16; Margery - 34; Jacklyn - 29; Millie - 28; Emery - 19.
masa37: Leandro - 36; Minh - 9; Bertram - 21; Twyla - 18; Jeane - 32.
masa38: Delila - 18; Burl - 8; Benny - 17; Dean - 27.
masa39: Elizebeth - 34; Grayce - 12.
masa41: Geralyn - 11; Josiah - 12; Sherika - 29; Carlee - 15; Fausto - 24; Kiley - 18; Jackelyn - 10; Lisbeth - 16; Wilmer - 18; Hong - 7.
masa42: Conchita - 15; Nicol - 6.
masa43: Rosaria - 28; Shakia - 12; Kaylene - 25; Dimple - 34; Alverta - 18.
masa44: Ken - 34; Charley - 8; Hayden - 14; Donte - 6; Dion - 35; Paulina - 12; Jere - 28; Alva - 11.
masa45: Jorge - 14; Dessie - 32; Consuela - 29.
masa47: Francisca - 32; Man - 32; Cythia - 22.
masa48: Kerry - 23; Jeni - 22; Rikki - 29; Dana - 36; Emanuel - 36; Maryjane - 35; Cleveland - 7; Phillip - 28.
masa49: Duane - 23; Ricky - 10.
masa50: Asa - 31; Herman - 28; Tyree - 14; Tamala - 16; Mario - 23; Filiberto - 32; Lizzie - 10; Olin - 16.
masa52: Arnold - 11; Emiko - 6; Gregory - 8; Efren - 32; Gary - 15; Niki - 28; Lesley - 25; Abram - 22; Manual - 6; Concetta - 31.
masa53: Levi - 6; Wyatt - 11; Edison - 34.
masa54: Hans - 31; Eneida - 12; Homer - 33; Collette - 6; Josue - 7; Natacha - 30; Edmundo - 21.
masa55: Nicholas - 27; Violet - 10; Nathaniel - 27; Lakenya - 6; Cammie - 10; Tera - 12.
masa57: Delena - 27; Wiley - 6; Alex - 25; Alane - 18; Matilda - 21; Nanci - 10; Reinaldo - 21.
masa58: Kellie - 14; Berna - 11; Jeanett - 33; Mac - 9; Coreen - 17; Iesha - 25; Cortez - 35; Marcelo - 14.
masa59: Bobbie - 22; Hosea - 33.
masa60: Roscoe - 25; Arline - 19; Judy - 23; Jewel - 24; Fidel - 6; Tobie - 35; Clement - 8; Preston - 11; Kristen - 10.
masa61: Vernice - 15; Gertrudis - 19; Farrah - 6; Blake - 10; Rita - 29; Joie - 7; King - 35; Darleen - 35.
masa62: Angel - 23; Edda - 9; Charlyn - 11; Rodrick - 20; Joya - 9; Mariann - 24; Jada - 21; Leland - 26; Malcolm - 17.
masa64: Pat - 11; Kip - 8; Tilda - 36; Nery - 10; Johnette - 8.
masa65: Adrien - 17; Shaquana - 10; Bobbi - 23; Jamar - 9; Maritza - 27; Dannie - 20; Monica - 9; Evelyne - 29; Amos - 9.
masa66: Arleen - 20; Samella - 34; Marguerite - 19; Malka - 30; Aldo - 20; Wilson - 29.
masa67: Sydney - 23; Ted - 25; Renna - 25.
masa68: Versie - 20; Nedra - 12; Camellia - 29; Aisha - 25; Raymon - 10; Chang - 29; Darrel - 16; Elinore - 7; Joi - 6.
masa69: Hung - 11; Sherill - 8; Brett - 30; Percy - 18; Anne - 30; Cuc - 12; Kurt - 7; Emmitt - 18; Thomas - 22.
masa0: Carrol - 2; Clifton - 3; Antwan - 19.
masa1: Joaquin - 18; Roland - 28; Walton - 25; Raymond - 2; Vincenzo - 1; Valentin - 27; Vicky - 20; Anibal - 12.
masa2: Mohammed - 7; Sheryl - 1; Mack - 22; Belkis - 6; Willian - 18; Lady - 4; Lianne - 20.
masa3: Lynette - 12; Phuong - 23; Mechelle - 28; Stuart - 5; Jackie - 20.
masa4: Saul - 26; Millard - 21; Bettye - 17; Barney - 18.
masa5: Elden - 21; Hettie - 6; Lyndsey - 11; Bart - 16.
masa6: Gia - 8; Clarinda - 18; Devon - 19; Lizeth - 15.
masa7: Jaunita - 26; Jeffry - 24; Joannie - 9.
masa9: Jamee - 13; Nana - 4; Shawn - 5; Pauline - 28.
masa10: Gracie - 3; Jerome - 15; Lois - 8; Adalberto - 24; Kamilah - 28; Melda - 5; Sage - 14; Elena - 11.
masa11: Natosha - 15; Eboni - 2; Jon - 3; Vicente - 13; Lakiesha - 5; Johnathan - 20; Sterling - 26; Jared - 12; Saturnina - 26.
masa12: Rufus - 8; Devin - 21; Willy - 14; Zina - 22; Jeannie - 21; Porfirio - 17.
masa13: Kelly - 24; Evelyn - 2; Lashonda - 4; Eryn - 10; Hassan - 18; Johnny - 9; Tyler - 19; Leopoldo - 15.
masa14: Gus - 21; Tyson - 24; Jay - 9.
masa15: Mervin - 13; Daine - 13; Earle - 3; Vicki - 8; Gabriel - 21; Felice - 9; Shanti - 12; Gala - 4; Helena - 4.
masa16: Meghan - 23.
masa17: Kristeen - 23; Bill - 14; Santo - 26; Jesse - 12; Echo - 13; Derrick - 9.
masa18: Val - 21; Monika - 29; Lavona - 23; Farah - 4; Fernanda - 29; Nicolas - 16; Dixie - 15; Charlsie - 15; Avery - 3.
masa20: Lakesha - 10; Eulah - 8; Howard - 18; Kayce - 10; Ollie - 1; Arnoldo - 3.
masa21: Seth - 6; Earl - 15; Buena - 12; Marshall - 26; Christy - 11; Lyla - 14; Yong - 18.
masa22: Parker - 19; Joaquina - 2; Ignacio - 10; Ronald - 14; Hubert - 21; Omer - 27; Denver - 10; Bruna - 24.
masa24: Sandra - 25; Gaylord - 28; Loretta - 16; Lynn - 15; Gayle - 14.
masa25: Edmund - 1; Tiffiny - 29; Catarina - 12; Randal - 27; Lenard - 23; Janyce - 28; Evelia - 17.
masa26: Janella - 23; Marissa - 25; Malia - 11; Alfonzo - 26; Trudie - 12.
masa28: Cleo - 11; Everett - 10; Jong - 12; Colene - 3; Rosario - 28; Bruce - 21; Milan - 17; Otis - 5; Melody - 27.
masa29: Latasha - 14; Arminda - 23.
masa30: Penni - 17; Amina - 29; Christeen - 28; Marin - 12; Tomas - 2; Ricki - 2.
masa31: Michel - 28; Soraya - 3.
masa32: Otto - 4; Milda - 27; Les - 16; Eddie - 21; Myrtle - 7; Charlie - 25; Milo - 18; Jessica - 27; Dwana - 6.
masa34: Ailene - 15; Magali - 13; Ramiro - 28; Harriette - 23; Pam - 7; Lachelle - 25; Rocco - 26.
masa35: Philip - 4; Claudio - 24; Andy - 12; Concepcion - 6; Gretta - 9; Mary - 27; Norene - 5.
masa36: Jacklyn - 22; Millie - 21; Emery - 12; Shawana - 9; Margery - 27.
masa37: Bertram - 14; Twyla - 11; Jeane - 25; Leandro - 29; Minh - 2.
masa38: Dean - 20; Delila - 11; Burl - 1; Benny - 10.
masa39: Grayce - 5; Elizebeth - 27.
masa41: Lisbeth - 9; Wilmer - 11; Geralyn - 4; Josiah - 5; Sherika - 22; Carlee - 8; Fausto - 17; Kiley - 11; Jackelyn - 3.
masa42: Conchita - 8.
masa43: Kaylene - 18; Dimple - 27; Alverta - 11; Rosaria - 21; Shakia - 5.
masa44: Alva - 4; Ken - 27; Charley - 1; Hayden - 7; Dion - 28; Paulina - 5; Jere - 21.
masa45: Dessie - 25; Consuela - 22; Jorge - 7.
masa47: Man - 25; Cythia - 15; Francisca - 25.
masa48: Phillip - 21; Kerry - 16; Jeni - 15; Rikki - 22; Dana - 29; Emanuel - 29; Maryjane - 28.
masa49: Ricky - 3; Duane - 16.
masa50: Olin - 9; Asa - 24; Herman - 21; Tyree - 7; Tamala - 9; Mario - 16; Filiberto - 25; Lizzie - 3.
masa52: Abram - 15; Concetta - 24; Arnold - 4; Gregory - 1; Efren - 25; Gary - 8; Niki - 21; Lesley - 18.
masa53: Edison - 27; Wyatt - 4.
masa54: Hans - 24; Eneida - 5; Homer - 26; Natacha - 23; Edmundo - 14.
masa55: Violet - 3; Nathaniel - 20; Cammie - 3; Tera - 5; Nicholas - 20.
masa57: Delena - 20; Alex - 18; Alane - 11; Matilda - 14; Nanci - 3; Reinaldo - 14.
masa58: Marcelo - 7; Kellie - 7; Berna - 4; Jeanett - 26; Mac - 2; Coreen - 10; Iesha - 18; Cortez - 28.
masa59: Hosea - 26; Bobbie - 15.
masa60: Preston - 4; Kristen - 3; Roscoe - 18; Arline - 12; Judy - 16; Jewel - 17; Tobie - 28; Clement - 1.
masa61: Darleen - 28; Vernice - 8; Gertrudis - 12; Blake - 3; Rita - 22; King - 28.
masa62: Leland - 19; Malcolm - 10; Angel - 16; Edda - 2; Charlyn - 4; Rodrick - 13; Joya - 2; Mariann - 17; Jada - 14.
masa64: Tilda - 29; Nery - 3; Johnette - 1; Pat - 4; Kip - 1.
masa65: Evelyne - 22; Amos - 2; Adrien - 10; Shaquana - 3; Bobbi - 16; Jamar - 2; Maritza - 20; Dannie - 13; Monica - 2.
masa66: Samella - 27; Marguerite - 12; Malka - 23; Aldo - 13; Wilson - 22; Arleen - 13.
masa67: Ted - 18; Renna - 18; Sydney - 16.
masa68: Versie - 13; Nedra - 5; Camellia - 22; Aisha - 18; Raymon - 3; Chang - 22; Darrel - 9.
masa69: Emmitt - 11; Thomas - 15; Hung - 4; Sherill - 1; Brett - 23; Percy - 11; Anne - 23; Cuc - 5.
