masa0: Maryanne - 28; Kourtney - 28; Joey - 18; Amina - 31; Tameika - 12; Gala - 13; Julietta - 47; Santo - 17.
masa1: Duane - 50; Charlsie - 23; Andy - 37; Cleveland - 6; Houston - 51; Elden - 24.
masa2: Loura - 30; Alan - 9; Vannesa - 50; Jorge - 33; Melda - 50; Jacklyn - 20; Earnestine - 33; Emmitt - 43.
masa3: Agatha - 48; Buster - 5; Jarrett - 8; Katie - 16; Emile - 25; Jason - 29; Horacio - 25; Domenic - 7.
masa4: Ulysses - 30; Ted - 7; Nona - 46; Claudio - 12; Jeni - 40; Alva - 20; Saul - 43; Mildred - 17; Eulah - 36; Mariann - 8; Mac - 44; Joaquina - 17.
masa5: Sherika - 16; Anibal - 17; Emilio - 3; Alesia - 51; Tarra - 36; Evelia - 6; Margaretta - 19; Magali - 39; Inge - 34; Luciano - 25; Flo - 48; Eneida - 23.
masa6: Gracie - 51; Carrol - 42; Beckie - 16; Colene - 29; Arturo - 4; Berry - 31.
masa7: Jacquline - 17; Vicky - 38; Hosea - 3; Kemberly - 12; Janella - 15; Aldo - 4; Niki - 24; Gilbert - 31; Matthew - 31; Maile - 44; Preston - 47; Edda - 30.
masa8: Salome - 16; Violet - 17; Candis - 14; Geralyn - 40; Fidel - 8; Amalia - 14; Wyatt - 14; Nicolas - 40; Neva - 51.
masa9: Lizeth - 10; Shemeka - 18; Elmer - 5; Rosa - 16; Johnathan - 19; Marissa - 27; Augustus - 10; Sharyl - 21.
masa10: Dwana - 31; Farah - 27; Nanci - 10; Lawerence - 17; Homer - 36; Ciera - 34; Antwan - 49; Arminda - 4.
masa11: Shad - 24; Jada - 37; Tina - 37; Heriberto - 23; Kristen - 13; Lino - 45; Reita - 26.
masa12: Corrin - 32; Natacha - 28; Luigi - 22; Janean - 37; Yan - 45; Collin - 51; Sterling - 12; Tyree - 5; Darline - 30; Tonita - 3; Oneida - 4; Madison - 11; Conchita - 5.
masa13: Percy - 29; Lydia - 26; Shirlee - 10; Dessie - 41; Malinda - 8; Kayleen - 51; Monica - 35.
masa14: Cammie - 6; Paulina - 37; Ken - 44; Ellsworth - 15; Bruna - 10; Joshua - 29; Les - 42; Charmaine - 3; Markus - 22.
masa15: Hugo - 45; Roseline - 37; Corliss - 51; Samella - 4; Josef - 10; Staci - 4; Marisela - 46; Soraya - 3; Gary - 13; Chi - 31; Michel - 50; Lavonia - 34.
masa16: Matilda - 3; Emiko - 36; Pauline - 17; Catarina - 47; Denver - 39; Ailene - 51; Keith - 10; Hal - 38; Efrain - 3; Shawana - 4; Heidi - 6; Arline - 4.
masa17: Jere - 23; Raymond - 45; Arie - 49; Hanh - 47; Wilhelmina - 33; Shawn - 32; Emery - 16; Angel - 38; Concetta - 44; Nickole - 17; Randall - 46; Maryjane - 5.
masa18: Sammy - 8; Eddie - 15; Mary - 35; Jeffry - 23; Rosaria - 42; Walker - 37; Jani - 10; Ashli - 35; Alex - 40.
masa19: Kalyn - 8; Milo - 7; Vincenzo - 42; Wilmer - 31; Aiko - 46; Jeannie - 12; Lisbeth - 11; Lizzie - 39; Levi - 38; Minh - 14; Eduardo - 16; Helena - 9.
masa20: Trish - 38; Jeanett - 31; Malia - 46; Fernanda - 33; Ela - 29; Kurt - 35; Tobie - 49; Marshall - 45; Lachelle - 3; Inez - 44; Derrick - 51.
masa21: Milissa - 43; Efren - 35; Joannie - 12; Margery - 17; Carmine - 26; Bruce - 3; Milda - 23; Kip - 10; Genevive - 45.
masa22: Veta - 35; Ninfa - 8; Timmy - 6; Alverta - 20; Melisa - 31.
masa23: Latasha - 25; Danuta - 16; Chaya - 50; Pei - 34; Coleman - 45; Brett - 25; Asa - 47; Johnette - 6; Wiley - 8; Lawrence - 19.
masa24: Margherita - 6; Nicholle - 10; Tonda - 47; Janae - 32; Letty - 33; Lacey - 28; Pearlene - 12.
masa25: Caroline - 29; Dana - 13; Aline - 23; Joie - 37; Iesha - 37.
masa26: Marcelo - 31; Carlee - 24; Arnulfo - 4; Annabel - 14; Delmer - 11; Erick - 39; Lourdes - 27.
masa27: Reanna - 37; Abe - 43; Tilda - 8; Phuong - 36; Edward - 3; Sherlene - 46; Liza - 39; Hettie - 14.
masa28: Michiko - 5; Ignacio - 42; Venus - 17; Bobbi - 40; Dannie - 47; Emmaline - 15; Alfonzo - 5; Jerrold - 25; Cuc - 49.
masa29: Cordell - 35; Malika - 51; Evelyn - 31; Greta - 4; Bart - 12; Caitlin - 33; Lisabeth - 12; Elinore - 38.
masa30: Russel - 40; Mao - 3; Yuonne - 22; Lianne - 47; Tamar - 19; Mika - 26; Raisa - 29; Shasta - 3; Tabitha - 33.
masa31: Bernice - 24; Norbert - 23; Rosetta - 18; Porfirio - 13; Florentino - 49; Jay - 29; Ricki - 7; Adrien - 31; Hayden - 20; Anne - 47.
masa32: Judy - 29; Celena - 27; Sammie - 24; Ronald - 9; Alane - 29; Johnny - 7; Gabriel - 9; Virgil - 29.
masa33: Misha - 18; Elena - 11; Parker - 14; Kerry - 43; Cicely - 6; Renna - 43; Harley - 13; Nicol - 41; Simon - 27; Jon - 11; Leopoldo - 5; Alfonso - 3.
masa34: Chang - 22; Cythia - 12; Aimee - 8; Bettye - 43; Kayce - 10; Delena - 31; Myrtle - 48; Versie - 20; Morton - 47; Hsiu - 46; Clement - 25; Joanie - 50; Walton - 30.
masa35: Morris - 44; Bertram - 3; Penni - 47; Rodney - 9; Adriana - 9; Brianne - 12; Olin - 24; Everett - 50; Babette - 48.
masa36: Echo - 30; Toya - 23; Gerard - 16; Stephanie - 30; Gregorio - 11; Felice - 15; Kasi - 33; Hiram - 24; Sherise - 43; Gretta - 51; Katelin - 23; Elizabeth - 30; Manual - 49.
masa37: Sang - 11; Arnold - 21; Jared - 48; Kara - 50; Rhea - 20; Jackie - 10; Cecelia - 18; Isidro - 37; Hunter - 39; Malcolm - 50; Tamala - 50.
masa38: Cecily - 7; Tamara - 41; Sharleen - 30; Kittie - 26; Bert - 43; Ta - 51.
masa39: Cedric - 41; Barney - 19; Betty - 43; Alexis - 45; Jesse - 43; Gilberto - 45; Monika - 23; Evelyne - 29; Ahmad - 46; Jeffrey - 23; Garrett - 8; Vernice - 46.
masa40: Meri - 26; Rodrick - 24; Gwendolyn - 3; Elvina - 4; Brandi - 32; Santiago - 35; Shakia - 9; Burt - 43; Tobias - 19; Stasia - 41; Charlyn - 48; Jackelyn - 9.
masa41: Randal - 5; Warren - 26; Joanna - 38; Eboni - 3; Forest - 47; Natosha - 21; Mario - 35; Coreen - 27; Avery - 23; Bobbie - 51; Tyler - 33; Jamel - 43; Lakenya - 15.
masa42: Mikel - 24; Gregory - 18; Lenard - 22; Clare - 14; Eli - 34; Jamee - 37; Elane - 40; Bradley - 5; Vannessa - 14.
masa43: Antonette - 19; Gaylord - 26; Jaunita - 49; Ira - 9; Marva - 27; Ricky - 6; Shelley - 19.
masa44: Tomeka - 44; Lourie - 11; Kiley - 32; Val - 26; Filomena - 38; Cleo - 34; Zachary - 32; Gabriele - 10.
masa45: Thomas - 39; Micaela - 13; Luis - 47; Melodi - 12; Kandis - 19; Pam - 41; Karla - 49; Shannon - 44; Lady - 30; Vicki - 27; Kendrick - 8.
masa46: Joi - 37; Rodolfo - 41; Gertrudis - 30; Elayne - 36; Oswaldo - 49; Bud - 37; Roland - 22; Madelaine - 40.
masa47: Chantay - 7; Rufus - 13; Irwin - 42; Janett - 23; Kurtis - 46; Berna - 49.
masa48: Phillis - 6; Dion - 33; Francisca - 30; Burl - 32; Melody - 33; Edmund - 20; Charlie - 48; Nathaniel - 46; Jeane - 21; Marguerite - 32; Harriette - 46; Merlene - 45; Ashley - 51.
masa49: Roscoe - 24; Darryl - 28; Brigitte - 11; Sandra - 9; Lynn - 15.
masa50: Leta - 42; Lucien - 46; Gidget - 11; Sherly - 27; Elvin - 19; Sonia - 32; Ebonie - 4; Donnell - 47; Twila - 47; Kristel - 11.
masa51: Lakesha - 48; Lesley - 27; Millard - 34; Benny - 18; Blake - 24; Shizuko - 13; Kathlyn - 30; Jerome - 3; Demetrius - 12; Thurman - 8.
masa52: Yong - 16; Marin - 38; Abram - 12; Filiberto - 27; Alita - 49; Myles - 18; Sharlene - 46; Gia - 21; Saturnina - 49; Maris - 46; Hong - 39.
masa53: Tomas - 16; Kendall - 23; Edmundo - 25; Kitty - 13; Lashonda - 17; Dean - 10; Donte - 51; Jermaine - 10; Juliana - 6; Hubert - 16.
masa54: Katina - 37; Alonso - 29; Oretha - 22; Grayce - 41; Brant - 5; Lois - 49; Leslie - 37; Kaylene - 40; Concepcion - 30; Drusilla - 12; Dia - 45; Claudine - 8; Devon - 32.
masa55: Charley - 39; Earle - 35; Karry - 19; Terica - 38; Lyndsey - 43; Buena - 20; Marti - 46; Omer - 11; Jessica - 49; Madlyn - 35; Ozie - 43; Vicente - 28.
masa56: Gus - 21; Rita - 4; Gayle - 42; Cecile - 23; Lanora - 26; Theodora - 8; Elizebeth - 27; Riley - 44; Jewel - 50.
masa57: Rikki - 4; Philip - 20; Jordon - 37; Shelli - 27; Marcellus - 32; Leilani - 43; Gennie - 7; Hershel - 7; Lakiesha - 16; Pamella - 5; Takako - 7; Shaquana - 26; Kellie - 46.
masa58: Callie - 17; Loretta - 38; Camellia - 47; Dillon - 14; Mechelle - 26; Farrah - 49; Avril - 26; Zachery - 36; Fausto - 18; Elsie - 12; Sherill - 49; Devin - 51.
masa59: Dixie - 27; Earl - 14; Sydney - 46; Christy - 18; Mervin - 51; Tenesha - 46; Lynell - 7; Merrill - 44; Adalberto - 4; Samuel - 50; Nathalie - 10; Mai - 13.
Masa masa100 nu exista!
Masa masa100 nu exista!
Jucatorul Ki nu exista la masa masa4!
masa0: Amina - 13; Julietta - 29; Maryanne - 10; Kourtney - 10.
masa1: Andy - 19; Houston - 33; Elden - 6; Duane - 32; Charlsie - 5.
masa2: Melda - 32; Jacklyn - 2; Earnestine - 15; Emmitt - 25; Loura - 12; Vannesa - 32; Jorge - 15.
masa3: Emile - 7; Jason - 11; Horacio - 7; Agatha - 30.
masa4: Mac - 26; Ulysses - 12; Nona - 28; Jeni - 22; Alva - 2; Saul - 25; Eulah - 18.
masa5: Inge - 16; Luciano - 7; Flo - 30; Eneida - 5; Alesia - 33; Tarra - 18; Margaretta - 1; Magali - 21.
masa6: Berry - 13; Gracie - 33; Carrol - 24; Colene - 11.
masa7: Preston - 29; Edda - 12; Vicky - 20; Niki - 6; Gilbert - 13; Matthew - 13; Maile - 26.
masa8: Nicolas - 22; Neva - 33; Geralyn - 22.
masa9: Sharyl - 3; Johnathan - 1; Marissa - 9.
masa10: Ciera - 16; Antwan - 31; Dwana - 13; Farah - 9; Homer - 18.
masa11: Heriberto - 6; Lino - 28; Reita - 9; Shad - 7; Jada - 20; Tina - 20.
masa12: Natacha - 11; Luigi - 5; Janean - 20; Yan - 28; Collin - 34; Darline - 13; Corrin - 15.
masa13: Monica - 18; Percy - 12; Lydia - 9; Dessie - 24; Kayleen - 34.
masa14: Les - 25; Markus - 5; Paulina - 20; Ken - 27; Joshua - 12.
masa15: Hugo - 28; Roseline - 20; Corliss - 34; Marisela - 29; Chi - 14; Michel - 33; Lavonia - 17.
masa16: Denver - 22; Ailene - 34; Hal - 21; Emiko - 19; Catarina - 30.
masa17: Angel - 21; Concetta - 27; Randall - 29; Jere - 6; Raymond - 28; Arie - 32; Hanh - 30; Wilhelmina - 16; Shawn - 15.
masa18: Jeffry - 6; Rosaria - 25; Walker - 20; Ashli - 18; Alex - 23; Mary - 18.
masa19: Wilmer - 14; Aiko - 29; Lizzie - 22; Levi - 21; Vincenzo - 25.
masa20: Marshall - 28; Inez - 27; Derrick - 34; Trish - 21; Jeanett - 14; Malia - 29; Fernanda - 16; Ela - 12; Kurt - 18; Tobie - 32.
masa21: Carmine - 9; Milda - 6; Genevive - 28; Milissa - 26; Efren - 18.
masa22: Melisa - 14; Veta - 18; Alverta - 3.
masa23: Latasha - 8; Chaya - 33; Pei - 17; Coleman - 28; Brett - 8; Asa - 30; Lawrence - 2.
masa24: Janae - 15; Letty - 16; Lacey - 11; Tonda - 30.
masa25: Joie - 20; Iesha - 20; Caroline - 12; Aline - 6.
masa26: Marcelo - 14; Carlee - 7; Erick - 22; Lourdes - 10.
masa27: Liza - 22; Reanna - 20; Abe - 26; Phuong - 19; Sherlene - 29.
masa28: Bobbi - 23; Dannie - 30; Jerrold - 8; Cuc - 32; Ignacio - 25.
masa29: Caitlin - 16; Elinore - 21; Cordell - 18; Malika - 34; Evelyn - 14.
masa30: Lianne - 30; Tamar - 2; Mika - 9; Raisa - 12; Tabitha - 16; Russel - 23; Yuonne - 5.
masa31: Anne - 30; Bernice - 7; Norbert - 6; Rosetta - 1; Florentino - 32; Jay - 12; Adrien - 14; Hayden - 3.
masa32: Virgil - 12; Judy - 12; Celena - 10; Sammie - 7; Alane - 12.
masa33: Kerry - 26; Renna - 26; Nicol - 24; Simon - 10; Misha - 1.
masa34: Morton - 30; Hsiu - 29; Clement - 8; Joanie - 33; Walton - 13; Chang - 5; Bettye - 26; Delena - 14; Myrtle - 31.
masa35: Morris - 27; Penni - 30; Babette - 31.
masa36: Kasi - 16; Hiram - 7; Sherise - 26; Gretta - 34; Katelin - 6; Elizabeth - 13; Manual - 32; Echo - 13; Toya - 6; Stephanie - 13.
masa37: Malcolm - 33; Tamala - 33; Arnold - 4; Jared - 31; Kara - 33; Rhea - 3; Cecelia - 1; Isidro - 20.
masa38: Tamara - 24; Sharleen - 13; Kittie - 9; Bert - 26; Ta - 34.
masa39: Evelyne - 12; Ahmad - 29; Jeffrey - 6; Vernice - 29; Cedric - 24; Barney - 2; Betty - 26; Alexis - 28; Jesse - 26; Gilberto - 28.
masa40: Stasia - 24; Charlyn - 31; Meri - 9; Rodrick - 7; Brandi - 15; Santiago - 18; Burt - 26; Tobias - 2.
masa41: Avery - 6; Bobbie - 34; Tyler - 16; Jamel - 26; Warren - 9; Joanna - 21; Forest - 30; Natosha - 4; Mario - 18.
masa42: Lenard - 5; Eli - 17; Jamee - 20; Elane - 23; Mikel - 7; Gregory - 1.
masa43: Antonette - 12; Gaylord - 9; Jaunita - 32; Marva - 10; Shelley - 2.
masa44: Val - 19; Cleo - 17; Zachary - 15; Tomeka - 27; Kiley - 15.
masa45: Lady - 13; Vicki - 10; Thomas - 22; Luis - 30; Kandis - 2; Pam - 24; Karla - 32; Shannon - 27.
masa46: Rodolfo - 24; Gertrudis - 13; Elayne - 19; Oswaldo - 32; Bud - 20; Roland - 5; Madelaine - 23; Joi - 20.
masa47: Irwin - 25; Janett - 6; Kurtis - 29; Berna - 32.
masa48: Edmund - 3; Charlie - 31; Nathaniel - 29; Jeane - 4; Marguerite - 15; Harriette - 29; Merlene - 28; Ashley - 34; Dion - 16; Francisca - 13; Burl - 15; Melody - 16.
masa49: Roscoe - 7; Darryl - 11.
masa50: Lucien - 29; Sherly - 10; Elvin - 2; Sonia - 15; Donnell - 30; Twila - 30; Leta - 25.
masa51: Benny - 1; Blake - 7; Kathlyn - 13; Lakesha - 31; Lesley - 10; Millard - 17.
masa52: Gia - 4; Saturnina - 32; Maris - 29; Hong - 22; Marin - 21; Filiberto - 10; Alita - 32; Myles - 1; Sharlene - 29.
masa53: Donte - 34; Kendall - 6.
masa54: Leslie - 20; Kaylene - 23; Concepcion - 13; Dia - 28; Devon - 15; Katina - 20; Alonso - 12; Oretha - 5; Grayce - 24; Lois - 32.
masa55: Marti - 29; Jessica - 32; Madlyn - 18; Ozie - 26; Vicente - 11; Charley - 22; Earle - 18; Karry - 2; Terica - 21; Buena - 3.
masa56: Gayle - 25; Cecile - 6; Lanora - 9; Elizebeth - 10; Riley - 27; Jewel - 33; Gus - 4.
masa57: Philip - 3; Jordon - 20; Shelli - 10; Marcellus - 15; Leilani - 26; Shaquana - 9.
masa58: Fausto - 1; Sherill - 32; Devin - 34; Loretta - 21; Camellia - 30; Mechelle - 9; Farrah - 32; Zachery - 19.
masa59: Merrill - 27; Samuel - 33; Sydney - 29; Christy - 1; Mervin - 34; Tenesha - 29.
Clasament masa59:
Mervin 34
Samuel 33
Tenesha 29
Sydney 29
Merrill 27
Christy 1
Clasament masa58:
Devin 34
Sherill 32
Farrah 32
Camellia 30
Loretta 21
Zachery 19
Mechelle 9
Fausto 1
Clasament masa57:
Leilani 26
Jordon 20
Marcellus 15
Shelli 10
Shaquana 9
Philip 3
Clasament masa56:
Jewel 33
Riley 27
Gayle 25
Elizebeth 10
Lanora 9
Cecile 6
Gus 4
Clasament masa55:
Jessica 32
Marti 29
Ozie 26
Charley 22
Terica 21
Madlyn 18
Earle 18
Vicente 11
Buena 3
Karry 2
Clasament masa54:
Lois 32
Dia 28
Grayce 24
Kaylene 23
Leslie 20
Katina 20
Devon 15
Concepcion 13
Alonso 12
Oretha 5
Clasament masa53:
Donte 34
Kendall 6
Clasament masa52:
Saturnina 32
Alita 32
Sharlene 29
Maris 29
Hong 22
Marin 21
Filiberto 10
Gia 4
Myles 1
Clasament masa51:
Lakesha 31
Millard 17
Kathlyn 13
Lesley 10
Blake 7
Benny 1
Clasament masa50:
Twila 30
Donnell 30
Lucien 29
Leta 25
Sonia 15
Sherly 10
Elvin 2
masa0: Amina - 13; Julietta - 29; Maryanne - 10; Kourtney - 10; Andy - 19; Houston - 33; Elden - 6; Duane - 32; Charlsie - 5; Melda - 32; Jacklyn - 2; Earnestine - 15; Emmitt - 25; Loura - 12; Vannesa - 32; Jorge - 15; Emile - 7.
masa11: Heriberto - 6; Lino - 28; Reita - 9; Shad - 7; Jada - 20; Tina - 20; Alesia - 33; Tarra - 18; Margaretta - 1; Magali - 21; Mac - 26; Ulysses - 12; Nona - 28.
masa12: Natacha - 11; Luigi - 5; Janean - 20; Yan - 28; Collin - 34; Darline - 13; Corrin - 15; Jeni - 22; Alva - 2; Preston - 29; Edda - 12; Sharyl - 3; Johnathan - 1; Marissa - 9; Vicky - 20; Niki - 6.
masa13: Monica - 18; Percy - 12; Lydia - 9; Dessie - 24; Kayleen - 34; Gilbert - 13; Matthew - 13; Maile - 26; Saul - 25; Eulah - 18; Jason - 11; Horacio - 7; Agatha - 30; Ciera - 16.
masa14: Les - 25; Markus - 5; Paulina - 20; Ken - 27; Joshua - 12; Antwan - 31; Dwana - 13; Farah - 9; Homer - 18; Berry - 13; Gracie - 33; Carrol - 24; Colene - 11; Inge - 16; Luciano - 7; Nicolas - 22; Neva - 33; Geralyn - 22; Flo - 30.
masa15: Hugo - 28; Roseline - 20; Corliss - 34; Marisela - 29; Chi - 14; Michel - 33; Lavonia - 17; Eneida - 5.
masa16: Denver - 22; Ailene - 34; Hal - 21; Emiko - 19; Catarina - 30.
masa17: Angel - 21; Concetta - 27; Randall - 29; Jere - 6; Raymond - 28; Arie - 32; Hanh - 30; Wilhelmina - 16; Shawn - 15.
masa18: Jeffry - 6; Rosaria - 25; Walker - 20; Ashli - 18; Alex - 23; Mary - 18.
masa19: Wilmer - 14; Aiko - 29; Lizzie - 22; Levi - 21; Vincenzo - 25.
masa20: Marshall - 28; Inez - 27; Derrick - 34; Trish - 21; Jeanett - 14; Malia - 29; Fernanda - 16; Ela - 12; Kurt - 18; Tobie - 32.
masa21: Carmine - 9; Milda - 6; Genevive - 28; Milissa - 26; Efren - 18.
masa22: Melisa - 14; Veta - 18; Alverta - 3.
masa23: Latasha - 8; Chaya - 33; Pei - 17; Coleman - 28; Brett - 8; Asa - 30; Lawrence - 2.
masa24: Janae - 15; Letty - 16; Lacey - 11; Tonda - 30.
masa25: Joie - 20; Iesha - 20; Caroline - 12; Aline - 6.
masa26: Marcelo - 14; Carlee - 7; Erick - 22; Lourdes - 10.
masa27: Liza - 22; Reanna - 20; Abe - 26; Phuong - 19; Sherlene - 29.
masa28: Bobbi - 23; Dannie - 30; Jerrold - 8; Cuc - 32; Ignacio - 25.
masa29: Caitlin - 16; Elinore - 21; Cordell - 18; Malika - 34; Evelyn - 14.
masa30: Lianne - 30; Tamar - 2; Mika - 9; Raisa - 12; Tabitha - 16; Russel - 23; Yuonne - 5.
masa31: Anne - 30; Bernice - 7; Norbert - 6; Rosetta - 1; Florentino - 32; Jay - 12; Adrien - 14; Hayden - 3.
masa32: Virgil - 12; Judy - 12; Celena - 10; Sammie - 7; Alane - 12.
masa33: Kerry - 26; Renna - 26; Nicol - 24; Simon - 10; Misha - 1.
masa34: Morton - 30; Hsiu - 29; Clement - 8; Joanie - 33; Walton - 13; Chang - 5; Bettye - 26; Delena - 14; Myrtle - 31.
masa35: Morris - 27; Penni - 30; Babette - 31.
masa36: Kasi - 16; Hiram - 7; Sherise - 26; Gretta - 34; Katelin - 6; Elizabeth - 13; Manual - 32; Echo - 13; Toya - 6; Stephanie - 13.
masa37: Malcolm - 33; Tamala - 33; Arnold - 4; Jared - 31; Kara - 33; Rhea - 3; Cecelia - 1; Isidro - 20.
masa38: Tamara - 24; Sharleen - 13; Kittie - 9; Bert - 26; Ta - 34.
masa39: Evelyne - 12; Ahmad - 29; Jeffrey - 6; Vernice - 29; Cedric - 24; Barney - 2; Betty - 26; Alexis - 28; Jesse - 26; Gilberto - 28.
masa40: Stasia - 24; Charlyn - 31; Meri - 9; Rodrick - 7; Brandi - 15; Santiago - 18; Burt - 26; Tobias - 2.
masa41: Avery - 6; Bobbie - 34; Tyler - 16; Jamel - 26; Warren - 9; Joanna - 21; Forest - 30; Natosha - 4; Mario - 18.
masa42: Lenard - 5; Eli - 17; Jamee - 20; Elane - 23; Mikel - 7; Gregory - 1.
masa43: Antonette - 12; Gaylord - 9; Jaunita - 32; Marva - 10; Shelley - 2.
masa44: Val - 19; Cleo - 17; Zachary - 15; Tomeka - 27; Kiley - 15.
masa45: Lady - 13; Vicki - 10; Thomas - 22; Luis - 30; Kandis - 2; Pam - 24; Karla - 32; Shannon - 27.
masa46: Rodolfo - 24; Gertrudis - 13; Elayne - 19; Oswaldo - 32; Bud - 20; Roland - 5; Madelaine - 23; Joi - 20.
masa47: Irwin - 25; Janett - 6; Kurtis - 29; Berna - 32.
masa48: Edmund - 3; Charlie - 31; Nathaniel - 29; Jeane - 4; Marguerite - 15; Harriette - 29; Merlene - 28; Ashley - 34; Dion - 16; Francisca - 13; Burl - 15; Melody - 16.
masa49: Roscoe - 7; Darryl - 11.
masa50: Lucien - 29; Sherly - 10; Elvin - 2; Sonia - 15; Donnell - 30; Twila - 30; Leta - 25.
masa51: Benny - 1; Blake - 7; Kathlyn - 13; Lakesha - 31; Lesley - 10; Millard - 17.
masa52: Gia - 4; Saturnina - 32; Maris - 29; Hong - 22; Marin - 21; Filiberto - 10; Alita - 32; Myles - 1; Sharlene - 29.
masa53: Donte - 34; Kendall - 6.
masa54: Leslie - 20; Kaylene - 23; Concepcion - 13; Dia - 28; Devon - 15; Katina - 20; Alonso - 12; Oretha - 5; Grayce - 24; Lois - 32.
masa55: Marti - 29; Jessica - 32; Madlyn - 18; Ozie - 26; Vicente - 11; Charley - 22; Earle - 18; Karry - 2; Terica - 21; Buena - 3.
masa56: Gayle - 25; Cecile - 6; Lanora - 9; Elizebeth - 10; Riley - 27; Jewel - 33; Gus - 4.
masa57: Philip - 3; Jordon - 20; Shelli - 10; Marcellus - 15; Leilani - 26; Shaquana - 9.
masa58: Fausto - 1; Sherill - 32; Devin - 34; Loretta - 21; Camellia - 30; Mechelle - 9; Farrah - 32; Zachery - 19.
masa59: Merrill - 27; Samuel - 33; Sydney - 29; Christy - 1; Mervin - 34; Tenesha - 29.
Jucatorul Manuela nu exista la masa masa0!
Jucatorul Merill nu exista la masa masa50!
Jucatorul Merrilll nu exista la masa masa50!
Jucatorul Merrill nu exista la masa masa50!
masa0: Houston - 28; Elden - 1; Duane - 27; Melda - 27; Earnestine - 10; Emmitt - 20; Loura - 7; Vannesa - 27; Jorge - 10; Emile - 2; Amina - 8; Julietta - 24; Maryanne - 5; Kourtney - 5; Andy - 14; Merrill - 22; Samuel - 28.
masa11: Tina - 15; Alesia - 28; Tarra - 13; Magali - 16; Mac - 21; Ulysses - 7; Nona - 23; Heriberto - 1; Lino - 23; Reita - 4; Shad - 2; Jada - 15; Sydney - 24.
masa12: Darline - 8; Corrin - 10; Jeni - 17; Preston - 24; Edda - 7; Marissa - 4; Vicky - 15; Niki - 1; Natacha - 6; Janean - 15; Yan - 23; Collin - 29; Mervin - 29; Tenesha - 24; Mechelle - 4; Farrah - 27.
masa13: Gilbert - 8; Matthew - 8; Maile - 21; Saul - 20; Eulah - 13; Jason - 6; Horacio - 2; Agatha - 25; Ciera - 11; Monica - 13; Percy - 7; Lydia - 4; Dessie - 19; Kayleen - 29.
masa14: Antwan - 26; Dwana - 8; Farah - 4; Homer - 13; Berry - 8; Gracie - 28; Carrol - 19; Colene - 6; Inge - 11; Luciano - 2; Nicolas - 17; Neva - 28; Geralyn - 17; Flo - 25; Les - 20; Paulina - 15; Ken - 22; Joshua - 7; Zachery - 14.
masa15: Michel - 28; Lavonia - 12; Hugo - 23; Roseline - 15; Corliss - 29; Marisela - 24; Chi - 9; Sherill - 27; Devin - 29; Loretta - 16; Camellia - 25; Shaquana - 4; Jordon - 15; Shelli - 5.
masa16: Denver - 17; Ailene - 29; Hal - 16; Emiko - 14; Catarina - 25; Marcellus - 10; Leilani - 21; Jewel - 28; Gayle - 20; Cecile - 1; Lanora - 4; Elizebeth - 5; Riley - 22; Charley - 17; Earle - 13; Terica - 16; Marti - 24; Jessica - 27.
masa17: Arie - 27; Hanh - 25; Wilhelmina - 11; Shawn - 10; Angel - 16; Concetta - 22; Randall - 24; Jere - 1; Raymond - 23; Madlyn - 13; Ozie - 21; Vicente - 6; Katina - 15; Alonso - 7.
masa18: Mary - 13; Jeffry - 1; Rosaria - 20; Walker - 15; Ashli - 13; Alex - 18; Grayce - 19; Lois - 27; Leslie - 15; Kaylene - 18; Concepcion - 8; Dia - 23; Devon - 10; Kendall - 1; Donte - 29; Filiberto - 5; Alita - 27; Sharlene - 24.
masa19: Wilmer - 9; Aiko - 24; Lizzie - 17; Levi - 16; Vincenzo - 20; Saturnina - 27; Maris - 24; Hong - 17; Marin - 16; Millard - 12; Blake - 2; Kathlyn - 8; Lakesha - 26.
masa20: Malia - 24; Fernanda - 11; Ela - 7; Kurt - 13; Tobie - 27; Marshall - 23; Inez - 22; Derrick - 29; Trish - 16; Jeanett - 9; Lesley - 5; Leta - 20; Lucien - 24; Sherly - 5; Sonia - 10; Donnell - 25; Twila - 25; Darryl - 6.
masa21: Carmine - 4; Milda - 1; Genevive - 23; Milissa - 21; Efren - 13; Roscoe - 2; Harriette - 24; Merlene - 23; Ashley - 29; Dion - 11; Francisca - 8; Burl - 10; Melody - 11; Charlie - 26.
masa22: Melisa - 9; Veta - 13; Nathaniel - 24; Marguerite - 10; Janett - 1; Kurtis - 24; Berna - 27; Irwin - 20; Madelaine - 18; Joi - 15; Rodolfo - 19; Gertrudis - 8; Elayne - 14; Oswaldo - 27; Bud - 15.
masa23: Asa - 25; Latasha - 3; Chaya - 28; Pei - 12; Coleman - 23; Brett - 3.
masa24: Letty - 11; Lacey - 6; Tonda - 25; Janae - 10.
masa25: Iesha - 15; Caroline - 7; Aline - 1; Joie - 15.
masa26: Carlee - 2; Erick - 17; Lourdes - 5; Marcelo - 9.
masa27: Liza - 17; Reanna - 15; Abe - 21; Phuong - 14; Sherlene - 24.
masa28: Bobbi - 18; Dannie - 25; Jerrold - 3; Cuc - 27; Ignacio - 20.
masa29: Caitlin - 11; Elinore - 16; Cordell - 13; Malika - 29; Evelyn - 9.
masa30: Russel - 18; Lianne - 25; Mika - 4; Raisa - 7; Tabitha - 11.
masa31: Adrien - 9; Anne - 25; Bernice - 2; Norbert - 1; Florentino - 27; Jay - 7.
masa32: Virgil - 7; Judy - 7; Celena - 5; Sammie - 2; Alane - 7.
masa33: Renna - 21; Nicol - 19; Simon - 5; Kerry - 21.
masa34: Bettye - 21; Delena - 9; Myrtle - 26; Morton - 25; Hsiu - 24; Clement - 3; Joanie - 28; Walton - 8.
masa35: Babette - 26; Morris - 22; Penni - 25.
masa36: Elizabeth - 8; Manual - 27; Echo - 8; Toya - 1; Stephanie - 8; Kasi - 11; Hiram - 2; Sherise - 21; Gretta - 29; Katelin - 1.
masa37: Isidro - 15; Malcolm - 28; Tamala - 28; Jared - 26; Kara - 28.
masa38: Tamara - 19; Sharleen - 8; Kittie - 4; Bert - 21; Ta - 29.
masa39: Betty - 21; Alexis - 23; Jesse - 21; Gilberto - 23; Evelyne - 7; Ahmad - 24; Jeffrey - 1; Vernice - 24; Cedric - 19.
masa40: Santiago - 13; Burt - 21; Stasia - 19; Charlyn - 26; Meri - 4; Rodrick - 2; Brandi - 10.
masa41: Joanna - 16; Forest - 25; Mario - 13; Avery - 1; Bobbie - 29; Tyler - 11; Jamel - 21; Warren - 4.
masa42: Eli - 12; Jamee - 15; Elane - 18; Mikel - 2.
masa43: Gaylord - 4; Jaunita - 27; Marva - 5; Antonette - 7.
masa44: Val - 14; Cleo - 12; Zachary - 10; Tomeka - 22; Kiley - 10.
masa45: Karla - 27; Shannon - 22; Lady - 8; Vicki - 5; Thomas - 17; Luis - 25; Pam - 19.
Masa masa38 nu exista!
masa0: Houston - 28; Elden - 1; Duane - 27; Melda - 27; Earnestine - 10; Emmitt - 20; Loura - 7; Vannesa - 27; Jorge - 10; Emile - 2; Amina - 8; Julietta - 24; Maryanne - 5; Kourtney - 5; Andy - 14; Merrill - 22; Samuel - 28.
masa11: Tina - 15; Alesia - 28; Tarra - 13; Magali - 16; Mac - 21; Ulysses - 7; Nona - 23; Heriberto - 1; Lino - 23; Reita - 4; Shad - 2; Jada - 15; Sydney - 24.
masa12: Darline - 8; Corrin - 10; Jeni - 17; Preston - 24; Edda - 7; Marissa - 4; Vicky - 15; Niki - 1; Natacha - 6; Janean - 15; Yan - 23; Collin - 29; Mervin - 29; Tenesha - 24; Mechelle - 4; Farrah - 27.
masa13: Gilbert - 8; Matthew - 8; Maile - 21; Saul - 20; Eulah - 13; Jason - 6; Horacio - 2; Agatha - 25; Ciera - 11; Monica - 13; Percy - 7; Lydia - 4; Dessie - 19; Kayleen - 29.
masa14: Antwan - 26; Dwana - 8; Farah - 4; Homer - 13; Berry - 8; Gracie - 28; Carrol - 19; Colene - 6; Inge - 11; Luciano - 2; Nicolas - 17; Neva - 28; Geralyn - 17; Flo - 25; Les - 20; Paulina - 15; Ken - 22; Joshua - 7; Zachery - 14.
masa15: Michel - 28; Lavonia - 12; Hugo - 23; Roseline - 15; Corliss - 29; Marisela - 24; Chi - 9; Sherill - 27; Devin - 29; Loretta - 16; Camellia - 25; Shaquana - 4; Jordon - 15; Shelli - 5.
masa16: Denver - 17; Ailene - 29; Hal - 16; Emiko - 14; Catarina - 25; Marcellus - 10; Leilani - 21; Jewel - 28; Gayle - 20; Cecile - 1; Lanora - 4; Elizebeth - 5; Riley - 22; Charley - 17; Earle - 13; Terica - 16; Marti - 24; Jessica - 27.
masa17: Arie - 27; Hanh - 25; Wilhelmina - 11; Shawn - 10; Angel - 16; Concetta - 22; Randall - 24; Jere - 1; Raymond - 23; Madlyn - 13; Ozie - 21; Vicente - 6; Katina - 15; Alonso - 7.
masa18: Mary - 13; Jeffry - 1; Rosaria - 20; Walker - 15; Ashli - 13; Alex - 18; Grayce - 19; Lois - 27; Leslie - 15; Kaylene - 18; Concepcion - 8; Dia - 23; Devon - 10; Kendall - 1; Donte - 29; Filiberto - 5; Alita - 27; Sharlene - 24.
masa19: Wilmer - 9; Aiko - 24; Lizzie - 17; Levi - 16; Vincenzo - 20; Saturnina - 27; Maris - 24; Hong - 17; Marin - 16; Millard - 12; Blake - 2; Kathlyn - 8; Lakesha - 26.
masa20: Malia - 24; Fernanda - 11; Ela - 7; Kurt - 13; Tobie - 27; Marshall - 23; Inez - 22; Derrick - 29; Trish - 16; Jeanett - 9; Lesley - 5; Leta - 20; Lucien - 24; Sherly - 5; Sonia - 10; Donnell - 25; Twila - 25; Darryl - 6.
masa21: Carmine - 4; Milda - 1; Genevive - 23; Milissa - 21; Efren - 13; Roscoe - 2; Harriette - 24; Merlene - 23; Ashley - 29; Dion - 11; Francisca - 8; Burl - 10; Melody - 11; Charlie - 26.
masa22: Melisa - 9; Veta - 13; Nathaniel - 24; Marguerite - 10; Janett - 1; Kurtis - 24; Berna - 27; Irwin - 20; Madelaine - 18; Joi - 15; Rodolfo - 19; Gertrudis - 8; Elayne - 14; Oswaldo - 27; Bud - 15; Karla - 27; Shannon - 22.
masa23: Asa - 25; Latasha - 3; Chaya - 28; Pei - 12; Coleman - 23; Brett - 3; Lady - 8; Vicki - 5; Thomas - 17; Luis - 25; Pam - 19; Val - 14; Cleo - 12; Zachary - 10; Tomeka - 22; Kiley - 10.
masa24: Letty - 11; Lacey - 6; Tonda - 25; Janae - 10; Gaylord - 4; Jaunita - 27; Marva - 5; Antonette - 7; Eli - 12; Jamee - 15; Elane - 18; Mikel - 2; Joanna - 16; Forest - 25; Mario - 13; Avery - 1; Bobbie - 29; Tyler - 11; Jamel - 21.
masa25: Iesha - 15; Caroline - 7; Aline - 1; Joie - 15; Warren - 4; Santiago - 13; Burt - 21; Stasia - 19; Charlyn - 26; Meri - 4; Rodrick - 2; Brandi - 10; Betty - 21; Alexis - 23; Jesse - 21; Gilberto - 23; Evelyne - 7; Ahmad - 24; Jeffrey - 1; Vernice - 24.
masa26: Carlee - 2; Erick - 17; Lourdes - 5; Marcelo - 9; Cedric - 19; Tamara - 19; Sharleen - 8; Kittie - 4; Bert - 21; Ta - 29; Isidro - 15; Malcolm - 28; Tamala - 28; Jared - 26; Kara - 28; Elizabeth - 8; Manual - 27; Echo - 8; Toya - 1.
masa27: Liza - 17; Reanna - 15; Abe - 21; Phuong - 14; Sherlene - 24; Stephanie - 8; Kasi - 11; Hiram - 2; Sherise - 21; Gretta - 29; Katelin - 1; Babette - 26; Morris - 22; Penni - 25; Bettye - 21; Delena - 9; Myrtle - 26; Morton - 25.
masa28: Bobbi - 18; Dannie - 25; Jerrold - 3; Cuc - 27; Ignacio - 20; Hsiu - 24; Clement - 3; Joanie - 28; Walton - 8; Renna - 21; Nicol - 19; Simon - 5; Kerry - 21; Virgil - 7; Judy - 7; Celena - 5; Sammie - 2.
masa29: Caitlin - 11; Elinore - 16; Cordell - 13; Malika - 29; Evelyn - 9; Alane - 7.
masa30: Russel - 18; Lianne - 25; Mika - 4; Raisa - 7; Tabitha - 11.
masa31: Adrien - 9; Anne - 25; Bernice - 2; Norbert - 1; Florentino - 27; Jay - 7.
Nu exista suficiente locuri in sala!
Nu exista suficiente locuri in sala!
Nu exista suficiente locuri in sala!
masa0: Houston - 28; Elden - 1; Duane - 27; Melda - 27; Earnestine - 10; Emmitt - 20; Loura - 7; Vannesa - 27; Jorge - 10; Emile - 2; Amina - 8; Julietta - 24; Maryanne - 5; Kourtney - 5; Andy - 14; Merrill - 22; Samuel - 28.
masa11: Tina - 15; Alesia - 28; Tarra - 13; Magali - 16; Mac - 21; Ulysses - 7; Nona - 23; Heriberto - 1; Lino - 23; Reita - 4; Shad - 2; Jada - 15; Sydney - 24.
masa12: Darline - 8; Corrin - 10; Jeni - 17; Preston - 24; Edda - 7; Marissa - 4; Vicky - 15; Niki - 1; Natacha - 6; Janean - 15; Yan - 23; Collin - 29; Mervin - 29; Tenesha - 24; Mechelle - 4; Farrah - 27.
masa13: Gilbert - 8; Matthew - 8; Maile - 21; Saul - 20; Eulah - 13; Jason - 6; Horacio - 2; Agatha - 25; Ciera - 11; Monica - 13; Percy - 7; Lydia - 4; Dessie - 19; Kayleen - 29.
masa14: Antwan - 26; Dwana - 8; Farah - 4; Homer - 13; Berry - 8; Gracie - 28; Carrol - 19; Colene - 6; Inge - 11; Luciano - 2; Nicolas - 17; Neva - 28; Geralyn - 17; Flo - 25; Les - 20; Paulina - 15; Ken - 22; Joshua - 7; Zachery - 14.
masa15: Michel - 28; Lavonia - 12; Hugo - 23; Roseline - 15; Corliss - 29; Marisela - 24; Chi - 9; Sherill - 27; Devin - 29; Loretta - 16; Camellia - 25; Shaquana - 4; Jordon - 15; Shelli - 5.
masa16: Denver - 17; Ailene - 29; Hal - 16; Emiko - 14; Catarina - 25; Marcellus - 10; Leilani - 21; Jewel - 28; Gayle - 20; Cecile - 1; Lanora - 4; Elizebeth - 5; Riley - 22; Charley - 17; Earle - 13; Terica - 16; Marti - 24; Jessica - 27.
masa17: Arie - 27; Hanh - 25; Wilhelmina - 11; Shawn - 10; Angel - 16; Concetta - 22; Randall - 24; Jere - 1; Raymond - 23; Madlyn - 13; Ozie - 21; Vicente - 6; Katina - 15; Alonso - 7.
masa18: Mary - 13; Jeffry - 1; Rosaria - 20; Walker - 15; Ashli - 13; Alex - 18; Grayce - 19; Lois - 27; Leslie - 15; Kaylene - 18; Concepcion - 8; Dia - 23; Devon - 10; Kendall - 1; Donte - 29; Filiberto - 5; Alita - 27; Sharlene - 24.
masa19: Wilmer - 9; Aiko - 24; Lizzie - 17; Levi - 16; Vincenzo - 20; Saturnina - 27; Maris - 24; Hong - 17; Marin - 16; Millard - 12; Blake - 2; Kathlyn - 8; Lakesha - 26.
masa20: Malia - 24; Fernanda - 11; Ela - 7; Kurt - 13; Tobie - 27; Marshall - 23; Inez - 22; Derrick - 29; Trish - 16; Jeanett - 9; Lesley - 5; Leta - 20; Lucien - 24; Sherly - 5; Sonia - 10; Donnell - 25; Twila - 25; Darryl - 6.
masa21: Carmine - 4; Milda - 1; Genevive - 23; Milissa - 21; Efren - 13; Roscoe - 2; Harriette - 24; Merlene - 23; Ashley - 29; Dion - 11; Francisca - 8; Burl - 10; Melody - 11; Charlie - 26.
masa22: Melisa - 9; Veta - 13; Nathaniel - 24; Marguerite - 10; Janett - 1; Kurtis - 24; Berna - 27; Irwin - 20; Madelaine - 18; Joi - 15; Rodolfo - 19; Gertrudis - 8; Elayne - 14; Oswaldo - 27; Bud - 15; Karla - 27; Shannon - 22.
masa23: Asa - 25; Latasha - 3; Chaya - 28; Pei - 12; Coleman - 23; Brett - 3; Lady - 8; Vicki - 5; Thomas - 17; Luis - 25; Pam - 19; Val - 14; Cleo - 12; Zachary - 10; Tomeka - 22; Kiley - 10.
masa24: Letty - 11; Lacey - 6; Tonda - 25; Janae - 10; Gaylord - 4; Jaunita - 27; Marva - 5; Antonette - 7; Eli - 12; Jamee - 15; Elane - 18; Mikel - 2; Joanna - 16; Forest - 25; Mario - 13; Avery - 1; Bobbie - 29; Tyler - 11; Jamel - 21.
masa25: Iesha - 15; Caroline - 7; Aline - 1; Joie - 15; Warren - 4; Santiago - 13; Burt - 21; Stasia - 19; Charlyn - 26; Meri - 4; Rodrick - 2; Brandi - 10; Betty - 21; Alexis - 23; Jesse - 21; Gilberto - 23; Evelyne - 7; Ahmad - 24; Jeffrey - 1; Vernice - 24.
masa26: Carlee - 2; Erick - 17; Lourdes - 5; Marcelo - 9; Cedric - 19; Tamara - 19; Sharleen - 8; Kittie - 4; Bert - 21; Ta - 29; Isidro - 15; Malcolm - 28; Tamala - 28; Jared - 26; Kara - 28; Elizabeth - 8; Manual - 27; Echo - 8; Toya - 1.
masa27: Liza - 17; Reanna - 15; Abe - 21; Phuong - 14; Sherlene - 24; Stephanie - 8; Kasi - 11; Hiram - 2; Sherise - 21; Gretta - 29; Katelin - 1; Babette - 26; Morris - 22; Penni - 25; Bettye - 21; Delena - 9; Myrtle - 26; Morton - 25.
masa28: Bobbi - 18; Dannie - 25; Jerrold - 3; Cuc - 27; Ignacio - 20; Hsiu - 24; Clement - 3; Joanie - 28; Walton - 8; Renna - 21; Nicol - 19; Simon - 5; Kerry - 21; Virgil - 7; Judy - 7; Celena - 5; Sammie - 2.
masa30: Russel - 18; Lianne - 25; Mika - 4; Raisa - 7; Tabitha - 11; Caitlin - 11; Elinore - 16; Cordell - 13; Malika - 29; Evelyn - 9; Alane - 7; Adrien - 9; Anne - 25; Bernice - 2; Norbert - 1; Florentino - 27; Jay - 7.
masa0: Samuel - 1; Houston - 1.
masa11: Alesia - 1.
masa12: Collin - 2; Mervin - 2.
masa13: Kayleen - 2.
masa14: Neva - 1; Gracie - 1.
masa15: Corliss - 2; Devin - 2; Michel - 1.
masa16: Ailene - 2; Jewel - 1.
masa18: Donte - 2.
masa20: Derrick - 2.
masa21: Ashley - 2.
masa23: Chaya - 1.
masa24: Bobbie - 2.
masa26: Tamala - 1; Kara - 1; Ta - 2; Malcolm - 1.
masa27: Gretta - 2.
masa28: Joanie - 1.
masa30: Malika - 2.
masa12: Mervin - 1; Collin - 1.
masa13: Kayleen - 1.
masa15: Devin - 1; Corliss - 1.
masa16: Ailene - 1.
masa18: Donte - 1.
masa20: Derrick - 1.
masa21: Ashley - 1.
masa24: Bobbie - 1.
masa26: Ta - 1.
masa27: Gretta - 1.
masa30: Malika - 1.
Sala este inchisa!
