masa0: Mildred - 27; Sage - 17; Rodrick - 11; Joanna - 23; Gary - 8; Filiberto - 23; Rosario - 16.
masa1: Elinor - 5; Buena - 19; Cythia - 49; Clare - 15; Joshua - 49.
masa2: Darline - 14; Brigitte - 50; Bettye - 20; Annabel - 30; Lavonia - 11; Lyndsey - 4; Rodolfo - 51; Collin - 42.
masa3: Rhoda - 44; Katina - 16; Cristal - 9; Willian - 31; Jerrold - 8; Sandra - 8; Elizabeth - 40.
masa4: Joaquina - 16; Francisca - 24; Berna - 15; Carmina - 3; Jordan - 8; Cythia - 27; Alane - 31; Salome - 16; Arline - 42.
masa5: Rodolfo - 41; Jeane - 40; Elinore - 41; Kenton - 46; Collin - 32; Jenell - 23.
masa6: Emmitt - 40; Hiram - 14.
masa7: Marcellus - 31; Danette - 50; Paige - 22.
masa8: Thad - 50; Vicki - 38; Francisca - 40; Renna - 10; Latasha - 46.
masa9: Gabriel - 46; Stuart - 29; Zachery - 21; Joey - 38; Annabel - 29; Inge - 24; Maryjane - 21; Myrtle - 37.
masa10: Jeni - 40; Lisbeth - 28.
masa11: Alpha - 46; Maryjane - 14; Daine - 27; Kamilah - 15; Shannon - 11; Tyson - 31; Elmer - 4; Zachary - 40.
masa12: Helena - 37; Ronald - 42; Christy - 43; Lynn - 29; Twyla - 35; Merrill - 30; Weldon - 18.
masa13: Carmina - 30; Walton - 25; Troy - 39; Edward - 36.
masa15: Celena - 36; Jesse - 43; Val - 4; Echo - 19.
masa16: Madelaine - 46; Carina - 15; Lakiesha - 41; Edmund - 27; Russel - 50; Liza - 51; Vicky - 4; Ebonie - 24.
masa17: Simon - 43; Charlie - 3; Reita - 8; Margery - 29; Chaya - 15.
masa18: Eneida - 40; Jung - 43.
masa19: Antonette - 41; Lino - 42; Malka - 12; Margaretta - 43; Shasta - 23; Gale - 3; Joey - 48; Linn - 42; Aiko - 8; Candance - 32.
masa20: Lindsay - 40; Keith - 44; Karry - 19.
masa21: Tyree - 36; Pat - 46; Viva - 38; Heidi - 9; Lashonda - 24; Erick - 15.
masa22: Roland - 6; Melynda - 24; Cecily - 45; Cuc - 26; Val - 51; Felice - 45; Chi - 48; Rosario - 17; Hettie - 12; Les - 37.
masa23: Elizebeth - 46; Chantay - 39; Marguerite - 7.
masa24: Shin - 19; Efrain - 35; Malika - 42; Vicente - 42; Malinda - 13.
masa25: Eulah - 47; Kiyoko - 7; Marshall - 37; Arline - 39; Kristen - 26; Karl - 7; Mika - 19; Alpha - 25.
masa26: Claudine - 43; Buster - 35; Camellia - 48; Efren - 19; Bruce - 32.
masa27: Ernie - 11; Misha - 25; Rikki - 12; Otis - 5; Johnnie - 30; Lesa - 45; Clement - 4; Mack - 16; Carina - 18.
masa28: Marcellus - 22; Beckie - 30; Antwan - 15; Homer - 24; Houston - 18; Raymon - 44; Phillis - 42; Jeffry - 23; Genevive - 35.
masa29: Leslie - 22; Milissa - 35; Shirlee - 48.
masa30: Donte - 41; Dion - 39; Morris - 20; Thurman - 19.
masa31: Claudio - 34; Conchita - 18; Ricky - 42; Nicholle - 9; Erick - 38; Roseline - 40; Marisela - 18; Elinore - 33.
masa32: Teisha - 34; Nicolas - 40; Karry - 27; Elida - 38; Thomas - 5; Bernice - 22; Matthew - 9; Judy - 33.
masa33: Horacio - 45; Jerome - 41; Rodolfo - 8; Lenard - 35; Serafina - 45; Madison - 7; Joie - 18; Staci - 39.
masa34: Hettie - 38.
masa35: Saturnina - 47; Ninfa - 12; Lyla - 19; Elinor - 3; Geri - 7; Malka - 28; Willodean - 42; Randal - 23; Carmelita - 40.
masa36: Argelia - 49; Myrtle - 15; Jung - 34; Hayden - 37; Tonita - 37; Jacquie - 47; Alane - 12; Arturo - 27.
masa37: Aldo - 3; Shawn - 7; Millie - 26; Tonita - 31; Hershel - 42.
masa38: Jacquie - 46; Nydia - 42.
masa39: Dorothy - 5; Charlsie - 29; Bill - 23; Abram - 46; Jenell - 7; Lady - 40; Yong - 14; Abe - 29; Dwana - 25; Gale - 34.
masa40: Shakia - 27; Malia - 47; Parker - 5; Floretta - 35.
masa41: Numbers - 6; Percy - 43; Lesley - 39; Markus - 49; Emmaline - 35; Carlee - 32; Jewel - 17; Ramiro - 21; Chadwick - 39; Mervin - 11.
masa42: Lino - 34; Takako - 16; Hiram - 21; Edda - 9; Samuel - 33; Willian - 27; Troy - 3; Bruce - 34.
masa43: Corey - 16; Tina - 20; Bruce - 31.
masa44: Antonette - 11; Rodrick - 40; Jeane - 27; Joanie - 17.
masa45: Coleman - 34.
masa46: Malika - 3; Elinor - 13; Hugo - 50; Harold - 33; Gala - 39; Eddie - 25.
masa47: Gale - 19; Kemberly - 20; Alane - 32.
masa48: Trinity - 13.
masa49: Juliane - 41; Malika - 20; Annabel - 45; Kiley - 9; Linn - 16; Cecelia - 38; Edmundo - 47; Jamee - 17.
Masa masa14 nu exista!
Clasament masa45:
Coleman 34
Jucatorul 5 nu exista la masa masa20!
Clasament masa49:
Edmundo 45
Annabel 43
Juliane 39
Cecelia 36
Malika 18
Jamee 15
Linn 14
Kiley 7
Clasament masa39:
Lady 47
Abram 44
Gale 32
Charlsie 27
Abe 27
Dwana 23
Bill 21
Yong 12
Jenell 5
Dorothy 3
masa0: Rodrick - 9; Joanna - 21; Gary - 6; Filiberto - 21; Rosario - 14; Mildred - 25; Sage - 15.
masa1: Cythia - 47; Clare - 13; Joshua - 47; Elinor - 3; Buena - 17.
masa2: Bettye - 18; Annabel - 28; Lavonia - 9; Lyndsey - 2; Rodolfo - 49; Collin - 40; Lino - 32; Takako - 14; Hiram - 19; Edda - 7; Samuel - 31; Darline - 12; Brigitte - 48.
masa3: Cristal - 7; Willian - 29; Jerrold - 6; Sandra - 6; Elizabeth - 38; Willian - 25; Troy - 1; Bruce - 32; Rhoda - 42; Katina - 14.
masa4: Berna - 13; Carmina - 1; Jordan - 6; Cythia - 25; Alane - 29; Salome - 14; Arline - 40; Joaquina - 14; Francisca - 22.
masa5: Elinore - 39; Kenton - 44; Collin - 30; Jenell - 21; Rodolfo - 39; Jeane - 38.
masa6: Emmitt - 38; Hiram - 12.
masa7: Paige - 20; Marcellus - 29; Danette - 48.
masa8: Francisca - 38; Renna - 8; Latasha - 44; Thad - 48; Vicki - 36.
masa9: Zachery - 19; Joey - 36; Annabel - 27; Inge - 22; Maryjane - 19; Myrtle - 35; Gabriel - 44; Stuart - 27.
masa10: Jeni - 38; Lisbeth - 26.
masa11: Daine - 25; Kamilah - 13; Shannon - 9; Tyson - 35; Elmer - 2; Zachary - 38; Alpha - 44; Maryjane - 12.
masa12: Christy - 41; Lynn - 27; Twyla - 33; Merrill - 28; Weldon - 16; Helena - 35; Ronald - 40.
masa13: Troy - 37; Edward - 34; Carmina - 28; Walton - 23.
masa15: Val - 2; Echo - 17; Celena - 34; Jesse - 41.
masa16: Lakiesha - 39; Edmund - 25; Russel - 48; Liza - 49; Vicky - 2; Ebonie - 22; Madelaine - 44; Carina - 13.
masa17: Reita - 6; Margery - 27; Chaya - 13; Simon - 41; Charlie - 1.
masa18: Eneida - 38; Jung - 41.
masa19: Malka - 10; Margaretta - 41; Shasta - 21; Gale - 1; Joey - 46; Linn - 40; Aiko - 6; Candance - 30; Antonette - 39; Lino - 40.
masa20: Karry - 17; Lindsay - 38; Keith - 42.
masa21: Viva - 36; Heidi - 7; Lashonda - 22; Erick - 13; Tyree - 34; Pat - 44.
masa22: Cecily - 43; Cuc - 24; Val - 49; Felice - 43; Chi - 46; Rosario - 15; Hettie - 10; Les - 35; Roland - 4; Melynda - 22.
masa23: Marguerite - 5; Elizebeth - 44; Chantay - 37.
masa24: Malika - 40; Vicente - 40; Malinda - 11; Shin - 17; Efrain - 33.
masa25: Marshall - 35; Arline - 37; Kristen - 24; Karl - 5; Mika - 17; Alpha - 23; Eulah - 45; Kiyoko - 5.
masa26: Camellia - 46; Efren - 17; Bruce - 30; Claudine - 41; Buster - 33.
masa27: Rikki - 10; Otis - 3; Johnnie - 28; Lesa - 43; Clement - 2; Mack - 14; Carina - 16; Ernie - 9; Misha - 23.
masa28: Antwan - 13; Homer - 22; Houston - 16; Raymon - 42; Phillis - 40; Jeffry - 21; Genevive - 33; Marcellus - 20; Beckie - 28.
masa29: Shirlee - 46; Leslie - 20; Milissa - 33.
masa30: Morris - 18; Thurman - 17; Donte - 39; Dion - 37.
masa31: Ricky - 40; Nicholle - 7; Erick - 36; Roseline - 38; Marisela - 16; Elinore - 31; Claudio - 32; Conchita - 16.
masa32: Karry - 25; Elida - 36; Thomas - 3; Bernice - 20; Matthew - 7; Judy - 31; Teisha - 32; Nicolas - 38.
masa33: Rodolfo - 6; Lenard - 33; Serafina - 43; Madison - 5; Joie - 16; Staci - 37; Horacio - 43; Jerome - 39.
masa34: Hettie - 36.
masa35: Lyla - 17; Elinor - 1; Geri - 5; Malka - 26; Willodean - 40; Randal - 21; Carmelita - 38; Saturnina - 45; Ninfa - 10.
masa36: Jung - 32; Hayden - 35; Tonita - 35; Jacquie - 45; Alane - 10; Arturo - 25; Argelia - 47; Myrtle - 13.
masa37: Millie - 24; Tonita - 29; Hershel - 40; Aldo - 1; Shawn - 5.
masa38: Jacquie - 44; Nydia - 40.
masa39: Bill - 21; Abram - 44; Jenell - 5; Lady - 47; Yong - 12; Abe - 27; Dwana - 23; Gale - 32; Dorothy - 3; Charlsie - 27.
masa40: Parker - 3; Floretta - 33; Shakia - 25; Malia - 45.
masa41: Lesley - 37; Markus - 47; Emmaline - 33; Carlee - 30; Jewel - 15; Ramiro - 19; Chadwick - 37; Mervin - 9; Numbers - 4; Percy - 41.
masa43: Bruce - 29; Corey - 14; Tina - 18.
masa44: Jeane - 25; Joanie - 15; Antonette - 9; Rodrick - 38.
masa45: Coleman - 32.
masa46: Hugo - 48; Harold - 31; Gala - 37; Eddie - 23; Malika - 1; Elinor - 11.
masa47: Alane - 30; Gale - 17; Kemberly - 18.
masa48: Trinity - 11.
masa49: Annabel - 43; Kiley - 7; Linn - 14; Cecelia - 36; Edmundo - 45; Jamee - 15; Juliane - 39; Malika - 18.
Clasament masa7:
Danette 48
Marcellus 29
Paige 20
Clasament masa24:
Vicente 40
Malika 40
Efrain 33
Shin 17
Malinda 11
masa2: Rodolfo - 46; Collin - 37; Lino - 29; Takako - 11; Hiram - 16; Edda - 4; Samuel - 28; Darline - 9; Brigitte - 45; Bettye - 15; Annabel - 25; Lavonia - 6.
masa3: Sandra - 3; Elizabeth - 35; Willian - 22; Bruce - 29; Rhoda - 39; Katina - 11; Cristal - 4; Joanna - 18; Willian - 26; Jerrold - 3.
masa4: Alane - 26; Salome - 11; Arline - 37; Joaquina - 11; Francisca - 19; Berna - 10; Gary - 3; Filiberto - 18; Rosario - 11; Mildred - 22; Sage - 12; Jordan - 3; Cythia - 22.
masa5: Jenell - 18; Rodolfo - 50; Jeane - 35; Elinore - 36; Rodrick - 6; Clare - 10; Joshua - 44; Buena - 14; Cythia - 44; Kenton - 41; Collin - 27.
masa6: Hiram - 9; Emmitt - 35.
masa7: Paige - 17; Marcellus - 26; Danette - 47.
masa8: Thad - 45; Vicki - 33; Francisca - 35; Renna - 5; Latasha - 41.
masa9: Inge - 19; Maryjane - 16; Myrtle - 32; Gabriel - 41; Stuart - 24; Zachery - 16; Joey - 33; Annabel - 24.
masa10: Lisbeth - 23; Jeni - 35.
masa11: Tyson - 32; Zachary - 35; Alpha - 41; Maryjane - 9; Daine - 22; Kamilah - 10; Shannon - 6.
masa12: Merrill - 25; Weldon - 13; Helena - 32; Ronald - 37; Christy - 38; Lynn - 24; Twyla - 30.
masa13: Walton - 20; Troy - 34; Edward - 31; Carmina - 25.
masa15: Jesse - 38; Echo - 14; Celena - 31.
masa16: Liza - 46; Ebonie - 19; Madelaine - 41; Carina - 10; Lakiesha - 36; Edmund - 22; Russel - 45.
masa17: Simon - 38; Reita - 3; Margery - 24; Chaya - 10.
masa18: Jung - 38; Eneida - 35.
masa19: Joey - 43; Linn - 37; Aiko - 3; Candance - 27; Antonette - 36; Lino - 37; Malka - 7; Margaretta - 38; Shasta - 18.
masa20: Karry - 14; Lindsay - 35; Keith - 39.
masa21: Erick - 10; Tyree - 31; Pat - 41; Viva - 33; Heidi - 4; Lashonda - 19.
masa22: Felice - 40; Chi - 43; Rosario - 12; Hettie - 7; Les - 32; Roland - 1; Melynda - 19; Cecily - 40; Cuc - 21; Val - 46.
masa23: Marguerite - 2; Elizebeth - 41; Chantay - 34.
masa24: Shin - 14; Efrain - 30; Malika - 37; Vicente - 37; Malinda - 8.
masa25: Karl - 2; Mika - 14; Alpha - 20; Eulah - 42; Kiyoko - 2; Marshall - 32; Arline - 34; Kristen - 21.
masa26: Claudine - 38; Buster - 30; Camellia - 43; Efren - 14; Bruce - 27.
masa27: Lesa - 40; Mack - 11; Carina - 13; Ernie - 6; Misha - 20; Rikki - 7; Johnnie - 25.
masa28: Raymon - 39; Phillis - 37; Jeffry - 18; Genevive - 30; Marcellus - 17; Beckie - 25; Antwan - 10; Homer - 19; Houston - 13.
masa29: Shirlee - 43; Leslie - 17; Milissa - 30.
masa30: Dion - 34; Morris - 15; Thurman - 14; Donte - 36.
masa31: Roseline - 35; Marisela - 13; Elinore - 28; Claudio - 29; Conchita - 13; Ricky - 37; Nicholle - 4; Erick - 33.
masa32: Bernice - 17; Matthew - 4; Judy - 28; Teisha - 29; Nicolas - 35; Karry - 22; Elida - 33.
masa33: Madison - 2; Joie - 13; Staci - 34; Horacio - 40; Jerome - 36; Rodolfo - 3; Lenard - 30; Serafina - 40.
masa34: Hettie - 33.
masa35: Willodean - 37; Randal - 18; Carmelita - 35; Saturnina - 42; Ninfa - 7; Lyla - 14; Geri - 2; Malka - 23.
masa36: Jacquie - 42; Alane - 7; Arturo - 22; Argelia - 44; Myrtle - 10; Jung - 29; Hayden - 32; Tonita - 32.
masa37: Shawn - 7; Millie - 21; Tonita - 26; Hershel - 37.
masa38: Nydia - 37; Jacquie - 41.
masa39: Lady - 44; Yong - 9; Abe - 24; Dwana - 20; Gale - 29; Charlsie - 24; Bill - 18; Abram - 41; Jenell - 2.
masa40: Malia - 42; Floretta - 30; Shakia - 22.
masa41: Carlee - 27; Jewel - 12; Ramiro - 16; Chadwick - 34; Mervin - 6; Numbers - 1; Percy - 38; Lesley - 34; Markus - 44; Emmaline - 30.
masa43: Bruce - 26; Corey - 11; Tina - 15.
masa44: Rodrick - 35; Jeane - 22; Joanie - 12; Antonette - 6.
masa45: Coleman - 29.
masa46: Eddie - 20; Elinor - 8; Hugo - 45; Harold - 28; Gala - 34.
masa47: Alane - 27; Gale - 14; Kemberly - 15.
masa48: Trinity - 8.
masa49: Cecelia - 33; Edmundo - 42; Jamee - 12; Juliane - 36; Malika - 15; Annabel - 40; Kiley - 4; Linn - 11.
Jucatorul Alverta nu exista la masa masa27!
Jucatorul 9 nu exista la masa masa43!
Clasament masa38:
Jacquie 38
Nydia 34
Clasament masa20:
Keith 35
Lindsay 31
Karry 10
Clasament masa33:
Serafina 36
Horacio 36
Jerome 32
Staci 30
Lenard 26
Joie 9
masa2: Hiram - 12; Samuel - 24; Darline - 5; Brigitte - 41; Bettye - 11; Annabel - 21; Lavonia - 2; Rodolfo - 42; Collin - 33; Lino - 25; Takako - 7.
masa3: Rhoda - 35; Katina - 7; Joanna - 14; Willian - 22; Elizabeth - 31; Willian - 18; Bruce - 25.
masa4: Francisca - 15; Berna - 6; Filiberto - 14; Rosario - 7; Mildred - 18; Sage - 8; Cythia - 18; Alane - 22; Salome - 7; Arline - 33; Joaquina - 7.
masa5: Rodrick - 2; Clare - 6; Joshua - 40; Buena - 10; Cythia - 40; Kenton - 37; Collin - 23; Jenell - 14; Rodolfo - 46; Jeane - 31; Elinore - 32.
masa6: Hiram - 5; Emmitt - 31.
masa7: Marcellus - 22; Danette - 43; Paige - 13.
masa8: Latasha - 37; Thad - 41; Vicki - 29; Francisca - 31; Renna - 1.
masa9: Stuart - 20; Zachery - 12; Joey - 29; Annabel - 20; Inge - 15; Maryjane - 12; Myrtle - 28; Gabriel - 37.
masa10: Lisbeth - 19; Jeni - 31.
masa11: Daine - 18; Kamilah - 6; Shannon - 2; Tyson - 28; Zachary - 31; Alpha - 37; Maryjane - 5.
masa12: Christy - 34; Lynn - 20; Twyla - 26; Merrill - 21; Weldon - 9; Helena - 28; Ronald - 33.
masa13: Walton - 16; Troy - 30; Edward - 27; Carmina - 21.
masa15: Echo - 10; Celena - 27; Jesse - 34.
masa16: Lakiesha - 32; Edmund - 18; Russel - 41; Liza - 42; Ebonie - 15; Madelaine - 37; Carina - 6.
masa17: Simon - 34; Margery - 20; Chaya - 6.
masa18: Jung - 34; Eneida - 31.
masa19: Antonette - 32; Lino - 33; Malka - 3; Margaretta - 34; Shasta - 14; Joey - 39; Linn - 33; Candance - 23.
masa20: Lindsay - 31; Keith - 35; Karry - 10.
masa21: Lashonda - 15; Erick - 6; Tyree - 27; Pat - 37; Viva - 29.
masa22: Les - 28; Melynda - 15; Cecily - 36; Cuc - 17; Val - 42; Felice - 36; Chi - 39; Rosario - 8; Hettie - 3.
masa23: Chantay - 30; Elizebeth - 37.
masa24: Malinda - 4; Shin - 10; Efrain - 26; Malika - 33; Vicente - 33.
masa25: Marshall - 28; Arline - 30; Kristen - 17; Mika - 10; Alpha - 16; Eulah - 38.
masa26: Bruce - 23; Claudine - 34; Buster - 26; Camellia - 39; Efren - 10.
masa27: Misha - 16; Rikki - 3; Johnnie - 21; Lesa - 36; Mack - 7; Carina - 9; Ernie - 2.
masa28: Marcellus - 13; Beckie - 21; Antwan - 6; Homer - 15; Houston - 9; Raymon - 35; Phillis - 33; Jeffry - 14; Genevive - 26.
masa29: Leslie - 13; Milissa - 26; Shirlee - 39.
masa30: Dion - 30; Morris - 11; Thurman - 10; Donte - 32.
masa31: Conchita - 9; Ricky - 33; Erick - 29; Roseline - 31; Marisela - 9; Elinore - 24; Claudio - 25.
masa32: Nicolas - 31; Karry - 18; Elida - 29; Bernice - 13; Judy - 24; Teisha - 25.
masa33: Jerome - 32; Lenard - 26; Serafina - 36; Joie - 9; Staci - 30; Horacio - 36.
masa34: Hettie - 29.
masa35: Ninfa - 3; Lyla - 10; Malka - 19; Willodean - 33; Randal - 14; Carmelita - 31; Saturnina - 38.
masa36: Myrtle - 6; Jung - 25; Hayden - 28; Tonita - 28; Jacquie - 38; Alane - 3; Arturo - 18; Argelia - 40.
masa37: Shawn - 3; Millie - 17; Tonita - 22; Hershel - 33.
masa38: Nydia - 33; Jacquie - 37.
masa39: Gale - 25; Charlsie - 20; Bill - 14; Abram - 37; Lady - 40; Yong - 5; Abe - 20; Dwana - 16.
masa40: Floretta - 26; Shakia - 18; Malia - 38.
masa41: Mervin - 2; Percy - 34; Lesley - 30; Markus - 40; Emmaline - 26; Carlee - 23; Jewel - 8; Ramiro - 12; Chadwick - 30.
masa43: Corey - 7; Tina - 11; Bruce - 22.
masa44: Rodrick - 31; Jeane - 18; Joanie - 8; Antonette - 2.
masa45: Coleman - 25.
masa46: Gala - 30; Eddie - 16; Elinor - 4; Hugo - 41; Harold - 24.
masa47: Gale - 10; Kemberly - 11; Alane - 23.
masa48: Trinity - 4.
masa49: Malika - 11; Annabel - 36; Linn - 7; Cecelia - 29; Edmundo - 38; Jamee - 8; Juliane - 32.
