masa0: Omer - 47; Hiram - 34; Forest - 40.
masa1: Darline - 45; Hal - 51; Chang - 6; Kurt - 48; Gracie - 34; Phuong - 21.
masa2: Olin - 41; Herb - 26; Concepcion - 38; Trudie - 25; Ashley - 49; Gregory - 35; Natosha - 31; Monika - 46.
masa3: Earle - 33; Joanna - 4; Matthew - 46; Hayden - 40; Collin - 26.
masa4: Morton - 27; Renaldo - 36; Shaquana - 24; Mario - 28; Alex - 35; Wiley - 29.
masa5: Josue - 51; Gala - 47; Paulina - 40; Leland - 31; Cortez - 40.
masa6: Thurman - 24; Elayne - 28.
masa7: Homer - 25; Vannesa - 45; Clarinda - 28.
masa8: Pauline - 36; Saturnina - 10; Rosario - 49; Devin - 44; Alexis - 23.
masa9: Madison - 45; Jordan - 51; Ahmad - 48.
masa10: Tyson - 31; Randall - 30; Howard - 47; Elden - 7; Man - 26; Hunter - 34; Rosaria - 37; Shannon - 34; Theodora - 29; Nelly - 38.
masa11: Weldon - 24; Sheryl - 36.
masa12: Jenell - 23; Warren - 35; Irwin - 49; Cecily - 6; Arminda - 39; Carlee - 22; Bruna - 49.
masa13: Fidel - 34; Alpha - 43; Elinore - 5; Virgil - 29; Claudine - 40; Sherri - 22; Eryn - 50; Coleman - 36.
masa14: Tomas - 47; Morris - 21; Jon - 38; Sophie - 27; Toya - 44; Ligia - 30; Pei - 31; Stephanie - 30; Dwana - 44; Lino - 48.
masa15: Edmundo - 21; Arnold - 30; Wilmer - 45.
masa16: Kelly - 23; Jeremiah - 50; Amina - 31; Colene - 32.
masa17: Corey - 29; Wyatt - 32; Jamee - 40; Sherill - 26.
masa18: Maryjane - 22; Jerome - 45; Kalyn - 23; Reinaldo - 41; Shin - 29.
masa19: Nicholas - 4; Riley - 43; Lynette - 23; Lois - 50; Kemberly - 39; Emery - 28; Zachary - 32; Nicol - 36; Reyes - 22.
masa0: Hiram - 30; Forest - 36; Omer - 43.
masa1: Gracie - 30; Phuong - 17; Darline - 41; Hal - 47; Chang - 2; Kurt - 44.
masa2: Ashley - 45; Gregory - 31; Natosha - 27; Monika - 42; Olin - 37; Herb - 22; Concepcion - 34; Trudie - 21.
masa3: Collin - 22; Earle - 29; Matthew - 42; Hayden - 36.
masa4: Alex - 31; Wiley - 25; Morton - 23; Renaldo - 32; Shaquana - 20; Mario - 24.
masa5: Cortez - 36; Josue - 47; Gala - 43; Paulina - 36; Leland - 27.
masa6: Thurman - 20; Elayne - 24.
masa7: Vannesa - 41; Clarinda - 24; Homer - 21.
masa8: Alexis - 19; Pauline - 32; Saturnina - 6; Rosario - 45; Devin - 40.
masa9: Jordan - 47; Ahmad - 44; Madison - 41.
masa10: Man - 22; Hunter - 30; Rosaria - 33; Shannon - 30; Theodora - 25; Nelly - 34; Tyson - 27; Randall - 26; Howard - 43; Elden - 3.
masa11: Weldon - 20; Sheryl - 32.
masa12: Arminda - 35; Carlee - 18; Bruna - 45; Jenell - 19; Warren - 31; Irwin - 45; Cecily - 2.
masa13: Claudine - 36; Sherri - 18; Eryn - 46; Coleman - 32; Fidel - 30; Alpha - 39; Elinore - 1; Virgil - 25.
masa14: Toya - 40; Ligia - 26; Pei - 27; Stephanie - 26; Dwana - 40; Lino - 44; Tomas - 43; Morris - 17; Jon - 34; Sophie - 23.
masa15: Arnold - 26; Wilmer - 41; Edmundo - 17.
masa16: Kelly - 19; Jeremiah - 46; Amina - 27; Colene - 28.
masa17: Corey - 25; Wyatt - 28; Jamee - 36; Sherill - 22.
masa18: Shin - 25; Maryjane - 18; Jerome - 41; Kalyn - 19; Reinaldo - 37.
masa19: Kemberly - 35; Emery - 24; Zachary - 28; Nicol - 32; Reyes - 18; Riley - 39; Lynette - 19; Lois - 46.
masa0: Forest - 32; Omer - 39; Hiram - 26.
masa1: Kurt - 40; Gracie - 26; Phuong - 13; Darline - 37; Hal - 43.
masa2: Olin - 33; Herb - 18; Concepcion - 30; Trudie - 17; Ashley - 41; Gregory - 27; Natosha - 23; Monika - 38.
masa3: Collin - 18; Earle - 25; Matthew - 38; Hayden - 32.
masa4: Shaquana - 16; Mario - 20; Alex - 27; Wiley - 21; Morton - 19; Renaldo - 28.
masa5: Leland - 23; Cortez - 32; Josue - 43; Gala - 39; Paulina - 32.
masa6: Thurman - 16; Elayne - 20.
masa7: Clarinda - 20; Homer - 17; Vannesa - 37.
masa8: Devin - 36; Alexis - 15; Pauline - 28; Saturnina - 2; Rosario - 41.
masa9: Ahmad - 40; Madison - 37; Jordan - 43.
masa10: Theodora - 21; Nelly - 30; Tyson - 23; Randall - 22; Howard - 39; Man - 18; Hunter - 26; Rosaria - 29; Shannon - 26.
masa11: Weldon - 16; Sheryl - 28.
masa12: Warren - 27; Irwin - 41; Arminda - 31; Carlee - 14; Bruna - 41; Jenell - 15.
masa13: Fidel - 26; Alpha - 35; Virgil - 21; Claudine - 32; Sherri - 14; Eryn - 42; Coleman - 28.
masa14: Dwana - 36; Lino - 40; Tomas - 39; Morris - 13; Jon - 30; Sophie - 19; Toya - 36; Ligia - 22; Pei - 23; Stephanie - 22.
masa15: Wilmer - 37; Edmundo - 13; Arnold - 22.
masa16: Kelly - 15; Jeremiah - 42; Amina - 23; Colene - 24.
masa17: Corey - 21; Wyatt - 24; Jamee - 32; Sherill - 18.
masa18: Reinaldo - 33; Shin - 21; Maryjane - 14; Jerome - 37; Kalyn - 15.
masa19: Reyes - 14; Riley - 35; Lynette - 15; Lois - 42; Kemberly - 31; Emery - 20; Zachary - 24; Nicol - 28.
masa0: Omer - 35; Hiram - 22; Forest - 28.
masa1: Hal - 39; Kurt - 36; Gracie - 22; Phuong - 9; Darline - 33.
masa2: Ashley - 37; Gregory - 23; Natosha - 19; Monika - 34; Olin - 29; Herb - 14; Concepcion - 26; Trudie - 13.
masa3: Collin - 14; Earle - 21; Matthew - 34; Hayden - 28.
masa4: Morton - 15; Renaldo - 24; Shaquana - 12; Mario - 16; Alex - 23; Wiley - 17.
masa5: Paulina - 28; Leland - 19; Cortez - 28; Josue - 39; Gala - 35.
masa6: Thurman - 12; Elayne - 16.
masa7: Homer - 13; Vannesa - 33; Clarinda - 16.
masa8: Devin - 32; Alexis - 11; Pauline - 24; Rosario - 37.
masa9: Madison - 33; Jordan - 39; Ahmad - 36.
masa10: Howard - 35; Man - 14; Hunter - 22; Rosaria - 25; Shannon - 22; Theodora - 17; Nelly - 26; Tyson - 19; Randall - 18.
masa11: Weldon - 12; Sheryl - 24.
masa12: Bruna - 37; Jenell - 11; Warren - 23; Irwin - 37; Arminda - 27; Carlee - 10.
masa13: Sherri - 10; Eryn - 38; Coleman - 24; Fidel - 22; Alpha - 31; Virgil - 17; Claudine - 28.
masa14: Jon - 26; Sophie - 15; Toya - 32; Ligia - 18; Pei - 19; Stephanie - 18; Dwana - 32; Lino - 36; Tomas - 35; Morris - 9.
masa15: Edmundo - 9; Arnold - 18; Wilmer - 33.
masa16: Kelly - 11; Jeremiah - 38; Amina - 19; Colene - 20.
masa17: Corey - 17; Wyatt - 20; Jamee - 28; Sherill - 14.
masa18: Kalyn - 11; Reinaldo - 29; Shin - 17; Maryjane - 10; Jerome - 33.
masa19: Kemberly - 27; Emery - 16; Zachary - 20; Nicol - 24; Reyes - 10; Riley - 31; Lynette - 11; Lois - 38.
masa0: Hiram - 12; Forest - 18; Omer - 25.
masa1: Hal - 29; Kurt - 26; Gracie - 12; Darline - 23.
masa2: Natosha - 9; Monika - 24; Olin - 19; Herb - 4; Concepcion - 16; Trudie - 3; Ashley - 27; Gregory - 13.
masa3: Matthew - 24; Hayden - 18; Collin - 4; Earle - 11.
masa4: Alex - 13; Wiley - 7; Morton - 5; Renaldo - 14; Shaquana - 2; Mario - 6.
masa5: Paulina - 18; Leland - 9; Cortez - 18; Josue - 29; Gala - 25.
masa6: Thurman - 2; Elayne - 6.
masa7: Vannesa - 23; Clarinda - 6; Homer - 3.
masa8: Pauline - 14; Rosario - 27; Devin - 22; Alexis - 1.
masa9: Jordan - 29; Ahmad - 26; Madison - 23.
masa10: Man - 4; Hunter - 12; Rosaria - 15; Shannon - 12; Theodora - 7; Nelly - 16; Tyson - 9; Randall - 8; Howard - 25.
masa11: Weldon - 2; Sheryl - 14.
masa12: Arminda - 17; Bruna - 27; Jenell - 1; Warren - 13; Irwin - 27.
masa13: Fidel - 12; Alpha - 21; Virgil - 7; Claudine - 18; Eryn - 28; Coleman - 14.
masa14: Sophie - 5; Toya - 22; Ligia - 8; Pei - 9; Stephanie - 8; Dwana - 22; Lino - 26; Tomas - 25; Jon - 16.
masa15: Wilmer - 23; Arnold - 8.
masa16: Amina - 9; Colene - 10; Kelly - 1; Jeremiah - 28.
masa17: Jamee - 18; Sherill - 4; Corey - 7; Wyatt - 10.
masa18: Kalyn - 1; Reinaldo - 19; Shin - 7; Jerome - 23.
masa19: Zachary - 10; Nicol - 14; Riley - 21; Lynette - 1; Lois - 28; Kemberly - 17; Emery - 6.
masa0: Forest - 6; Omer - 13.
masa1: Hal - 17; Kurt - 14; Darline - 11.
masa2: Gregory - 1; Monika - 12; Olin - 7; Concepcion - 4; Ashley - 15.
masa3: Matthew - 12; Hayden - 6.
masa4: Alex - 1; Renaldo - 2.
masa5: Josue - 17; Gala - 13; Paulina - 6; Cortez - 6.
masa7: Vannesa - 11.
masa8: Pauline - 2; Rosario - 15; Devin - 10.
masa9: Jordan - 17; Ahmad - 14; Madison - 11.
masa10: Nelly - 4; Howard - 13; Rosaria - 3.
masa11: Sheryl - 2.
masa12: Arminda - 5; Bruna - 15; Warren - 1; Irwin - 15.
masa13: Alpha - 9; Claudine - 6; Eryn - 16; Coleman - 2.
masa14: Tomas - 13; Jon - 4; Toya - 10; Dwana - 10; Lino - 14.
masa15: Wilmer - 11.
masa16: Jeremiah - 16.
masa17: Jamee - 6.
masa18: Jerome - 11; Reinaldo - 7.
masa19: Riley - 9; Lois - 16; Kemberly - 5; Nicol - 2.
