masa0: Philip - 26; Shasta - 27; Stuart - 34; Eddie - 5; Leilani - 43; Heriberto - 20; Andy - 50; Lisabeth - 24; Tiffiny - 22.
masa1: Heriberto - 15; Liza - 47; Kieth - 25; Milda - 9; Lanora - 28; Cortez - 28; Oneida - 3.
masa2: Vicente - 16; Cythia - 37; Derrick - 16; Hubert - 22; Rocco - 20; Vicky - 10; Jewel - 34; Leta - 12.
masa3: Denver - 24; Jayson - 28; Lanora - 11; Levi - 51; Emmaline - 4; Milda - 50.
masa4: Elsie - 16; Andy - 21; Miesha - 17; Belkis - 25; Theodora - 44; Gilberto - 16.
masa5: Gennie - 20.
masa6: Jorge - 28; Milda - 37; Randall - 6; Trinity - 18; Kurt - 28; Sherly - 32; Walker - 30; Tyler - 51.
masa7: Minh - 38; Jared - 16; Agatha - 44; Raymon - 42; Collette - 40; Samuel - 45; Elizabeth - 31; Mildred - 13; Mary - 10.
masa8: Santo - 47; Morton - 15; Janett - 30; Marcelo - 35.
masa9: Lakiesha - 35; Nicki - 35; Inge - 40; Farah - 43; Sammy - 43; Timmy - 43; Staci - 16; Milo - 13.
masa10: Monica - 47; Gwendolyn - 10; Bud - 48; Antwan - 17.
masa11: Tiffiny - 41; Trinity - 5; Joannie - 13; Efrain - 44; Preston - 32; Delila - 33; Candance - 43.
masa12: Malcolm - 32; Genevive - 27; Joaquina - 5; Lynell - 49; Rosario - 3; Melodi - 30.
masa13: Amalia - 48; Delila - 31; Carmelita - 23; Inge - 11; Carlee - 40; Kandis - 38; Jacquie - 8.
masa14: Mechelle - 21.
masa15: Leilani - 19; Eneida - 23; Amos - 50.
masa16: Ollie - 33; Norene - 15; Adeline - 14; Bettye - 29; Sherri - 30.
masa17: Nicki - 27; Lino - 37; Tilda - 19.
masa18: Kemberly - 46; Christeen - 44; Emile - 29; Gary - 49; Ashley - 16; Malinda - 6; Cleveland - 27; Ira - 17.
masa19: Rodolfo - 44; Versie - 31; Josie - 21; Lynell - 38; Jeremiah - 19.
masa20: Ninfa - 37; Clement - 46; Eboni - 14; Lizeth - 33; Mohammed - 21; Kip - 34; Levi - 43; Nicki - 45; Maris - 50.
masa21: Sherise - 11; Granville - 37; Everett - 5; Caitlin - 9; Sterling - 39; Jermaine - 44; Concetta - 23; Raymond - 5; Geri - 10.
masa22: Hong - 39.
masa24: Seth - 22; Melodi - 31; Beckie - 22; Ira - 12.
masa25: Reanna - 6; Kieth - 21; Amalia - 30.
masa26: Ozie - 33; Joey - 12; Claudio - 19.
masa27: Melisa - 25; Michel - 9; Celena - 12; Hans - 22; Kelly - 43; Roland - 5; Jenell - 48; Granville - 5.
masa28: Bill - 3; Salome - 15; Evelyn - 35; Leandro - 44; Jaunita - 36; Fernanda - 28; Lenard - 3; Sharleen - 35; Geri - 9; Lanora - 49.
masa29: Betty - 4; Jamar - 36; Dione - 50; Hershel - 42; Ricki - 35; Josue - 21; Aldo - 25; Michiko - 16.
masa30: Marguerite - 27; Pauline - 8; Tamala - 37; Dorothy - 33; Kamilah - 19; Nicolas - 19; Lawrence - 37; Coleman - 25.
masa31: Marcelo - 11; Tenesha - 22; Neva - 41; Joanie - 35; Danette - 41; Roseline - 20; Shakia - 18; Cedric - 24; Brandi - 39.
masa32: Hassan - 27; Buena - 30; Avery - 3; Tomas - 25; Annabel - 35.
masa33: Eddie - 43; Johnetta - 39; Sandra - 27; Emilio - 22; Venus - 15.
masa34: Aimee - 19; Elden - 21; Delena - 29; Vivien - 12; Consuela - 9; Virgil - 12.
masa35: Versie - 9; Karry - 49; Kalyn - 42; Joshua - 46; Hassan - 45; Annalisa - 37; Kittie - 9; Dillon - 39.
masa36: Philip - 4; Cyndi - 36.
masa37: Kaylene - 9; Willian - 27; Melody - 31; Janella - 37; Concepcion - 38; Collin - 45; Kamilah - 4; Cedric - 49; Kara - 36.
masa38: Burt - 13; Sherly - 31; Sophie - 16; Willy - 39; Katie - 30.
masa39: Gracie - 31; Lisbeth - 13; Lois - 47; Ashli - 9; Millie - 42; Nicol - 7; Soraya - 6.
masa40: Luciano - 19; Chadwick - 12; Michel - 40; Fidel - 36; Kathlyn - 17; Micaela - 29; Denver - 12; Thad - 34; Margherita - 27.
masa41: Aldo - 15.
masa42: Matilda - 3; Mario - 4; Randall - 13; Tameika - 19; Nicol - 34.
masa43: Wyatt - 51; Echo - 48; Gayle - 38; Karl - 47.
masa44: Tonita - 10; Jessica - 9; Thurman - 37; Weldon - 7; Dia - 28; Edward - 30; Pam - 13; Seth - 39; Sang - 3; Hunter - 47.
masa45: Christeen - 28; Lindsay - 43; Genevive - 12; Tobie - 47; Nathaniel - 29; Margherita - 20; Russel - 22.
masa46: Daine - 29; Dimple - 33; Madison - 46; Stuart - 27; Roxana - 33; Joie - 26; Riley - 33; Vicki - 48; Ciera - 47.
masa47: Callie - 44.
masa48: Jacquline - 43; Bart - 47.
masa49: Argelia - 34; Micaela - 49; Lady - 36; Anne - 51; Lizeth - 10; Tamara - 41; Saturnina - 47; Sharla - 8; Joya - 39; Tamar - 29.
Jucatorul Emilio nu exista la masa masa10!
Masa masa43 nu exista!
masa0: Shasta - 26; Stuart - 33; Eddie - 4; Leilani - 42; Heriberto - 19; Andy - 49; Lisabeth - 23; Tiffiny - 21; Ninfa - 36; Clement - 45; Eboni - 13; Lizeth - 32; Mohammed - 20; Philip - 25.
masa1: Liza - 46; Kieth - 24; Milda - 8; Lanora - 27; Cortez - 27; Oneida - 2; Kip - 33; Levi - 42; Nicki - 44; Heriberto - 14.
masa2: Cythia - 36; Derrick - 15; Hubert - 21; Rocco - 19; Vicky - 9; Jewel - 33; Leta - 11; Maris - 49; Wyatt - 50; Echo - 47; Gayle - 37; Karl - 46; Vicente - 15.
masa3: Jayson - 27; Lanora - 10; Levi - 50; Emmaline - 3; Milda - 49; Denver - 23.
masa4: Andy - 20; Miesha - 16; Belkis - 24; Theodora - 43; Gilberto - 15; Elsie - 15.
masa5: Gennie - 19.
masa6: Milda - 36; Randall - 5; Trinity - 17; Kurt - 27; Sherly - 31; Walker - 29; Tyler - 50; Jorge - 27.
masa7: Jared - 15; Agatha - 43; Raymon - 41; Collette - 39; Samuel - 44; Elizabeth - 30; Mildred - 12; Mary - 9; Minh - 37.
masa8: Morton - 14; Janett - 29; Marcelo - 20; Santo - 46.
masa9: Nicki - 34; Inge - 39; Farah - 42; Sammy - 42; Timmy - 42; Staci - 15; Milo - 12; Lakiesha - 34.
masa10: Gwendolyn - 9; Bud - 47; Antwan - 16; Monica - 46.
masa11: Trinity - 4; Joannie - 12; Efrain - 43; Preston - 31; Delila - 32; Candance - 42; Tiffiny - 40.
masa12: Genevive - 26; Joaquina - 4; Lynell - 48; Rosario - 2; Melodi - 29; Malcolm - 31.
masa13: Delila - 30; Carmelita - 22; Inge - 10; Carlee - 39; Kandis - 37; Jacquie - 7; Amalia - 47.
masa14: Mechelle - 20.
masa15: Eneida - 22; Amos - 49; Leilani - 18.
masa16: Norene - 14; Adeline - 13; Bettye - 27; Sherri - 29; Ollie - 32.
masa17: Lino - 34; Tilda - 18; Nicki - 26.
masa18: Christeen - 43; Emile - 28; Gary - 48; Ashley - 15; Malinda - 5; Cleveland - 26; Ira - 16; Kemberly - 45.
masa19: Versie - 30; Josie - 20; Lynell - 37; Jeremiah - 18; Rodolfo - 43.
masa21: Granville - 36; Everett - 4; Caitlin - 8; Sterling - 38; Jermaine - 43; Concetta - 22; Raymond - 4; Geri - 9; Sherise - 10.
masa22: Hong - 38.
masa24: Melodi - 30; Beckie - 21; Ira - 11; Seth - 21.
masa25: Kieth - 20; Amalia - 29; Reanna - 5.
masa26: Joey - 11; Claudio - 18; Ozie - 32.
masa27: Michel - 8; Celena - 11; Hans - 21; Kelly - 42; Roland - 4; Jenell - 47; Granville - 4; Melisa - 24.
masa28: Salome - 14; Evelyn - 34; Leandro - 43; Jaunita - 35; Fernanda - 27; Lenard - 2; Sharleen - 34; Geri - 8; Lanora - 48; Bill - 2.
masa29: Jamar - 35; Dione - 49; Hershel - 41; Ricki - 34; Josue - 20; Aldo - 24; Michiko - 15; Betty - 3.
masa30: Pauline - 7; Tamala - 36; Dorothy - 32; Kamilah - 18; Nicolas - 18; Lawrence - 36; Coleman - 24; Marguerite - 26.
masa31: Tenesha - 21; Neva - 40; Joanie - 34; Danette - 40; Roseline - 19; Shakia - 17; Cedric - 23; Brandi - 38; Marcelo - 10.
masa32: Buena - 29; Avery - 2; Tomas - 24; Annabel - 34; Hassan - 26.
masa33: Johnetta - 38; Sandra - 26; Emilio - 21; Venus - 14; Eddie - 42.
masa34: Elden - 20; Delena - 28; Vivien - 11; Consuela - 8; Virgil - 11; Aimee - 18.
masa35: Karry - 48; Kalyn - 41; Joshua - 45; Hassan - 44; Annalisa - 36; Kittie - 8; Dillon - 38; Versie - 8.
masa36: Cyndi - 35.
masa37: Willian - 26; Melody - 30; Janella - 36; Concepcion - 37; Collin - 44; Kamilah - 3; Cedric - 48; Kara - 35; Kaylene - 8.
masa38: Sherly - 30; Sophie - 15; Willy - 38; Katie - 29; Burt - 12.
masa39: Lisbeth - 12; Lois - 46; Ashli - 8; Millie - 41; Nicol - 6; Soraya - 5; Gracie - 30.
masa40: Chadwick - 11; Michel - 39; Fidel - 35; Kathlyn - 16; Micaela - 28; Denver - 11; Thad - 33; Margherita - 26; Luciano - 18.
masa41: Aldo - 14.
masa42: Mario - 3; Randall - 12; Tameika - 18; Nicol - 33; Matilda - 2.
masa44: Jessica - 8; Thurman - 36; Weldon - 6; Dia - 27; Edward - 29; Pam - 12; Seth - 38; Sang - 2; Hunter - 46; Tonita - 9.
masa45: Lindsay - 42; Genevive - 11; Tobie - 46; Nathaniel - 28; Margherita - 19; Russel - 21; Christeen - 27.
masa46: Dimple - 32; Madison - 45; Stuart - 26; Roxana - 32; Joie - 25; Riley - 32; Vicki - 47; Ciera - 46; Daine - 28.
masa47: Callie - 43.
masa48: Bart - 30; Jacquline - 42.
masa49: Micaela - 48; Lady - 35; Anne - 50; Lizeth - 9; Tamara - 40; Saturnina - 46; Sharla - 7; Joya - 38; Tamar - 28; Argelia - 33.
Jucatorul Meghan nu exista la masa masa14!
Jucatorul Darren nu exista la masa masa6!
masa1: Milda - 6; Lanora - 25; Cortez - 25; Kip - 31; Levi - 40; Nicki - 42; Heriberto - 12; Liza - 44; Kieth - 22; Reanna - 3.
masa2: Hubert - 19; Rocco - 17; Vicky - 7; Jewel - 31; Leta - 9; Maris - 47; Wyatt - 48; Echo - 45; Gayle - 35; Karl - 44; Vicente - 13; Melodi - 28; Beckie - 19; Ira - 9; Seth - 19; Cythia - 34; Derrick - 13.
masa3: Levi - 48; Emmaline - 1; Milda - 47; Denver - 21; Lino - 32; Tilda - 16; Nicki - 24; Jayson - 25; Hong - 36; Lois - 44; Lanora - 8.
masa4: Belkis - 22; Theodora - 41; Gilberto - 13; Elsie - 13; Andy - 18; Ashli - 6; Millie - 39; Nicol - 4; Soraya - 3; Gracie - 28; Lisbeth - 10; Miesha - 14; Kieth - 18.
masa5: Gennie - 17; Amalia - 27; Eddie - 2; Leilani - 40.
masa6: Trinity - 15; Kurt - 25; Sherly - 29; Walker - 27; Tyler - 48; Jorge - 25; Milda - 34; Randall - 3; Heriberto - 17; Andy - 47; Lisabeth - 21; Tiffiny - 19; Ninfa - 34; Clement - 43; Eboni - 11.
masa7: Raymon - 39; Collette - 37; Samuel - 42; Elizabeth - 28; Mildred - 10; Mary - 7; Minh - 35; Jared - 13; Agatha - 41; Lizeth - 30; Mohammed - 18; Philip - 23.
masa8: Marcelo - 18; Santo - 44; Morton - 12; Janett - 27; Shasta - 24; Stuart - 31.
masa9: Farah - 40; Sammy - 40; Timmy - 40; Staci - 13; Milo - 10; Lakiesha - 32; Nicki - 32; Inge - 37.
masa10: Antwan - 14; Monica - 44; Gwendolyn - 7; Bud - 45.
masa11: Efrain - 41; Preston - 29; Delila - 30; Candance - 40; Tiffiny - 38; Trinity - 2; Joannie - 10.
masa12: Lynell - 46; Melodi - 27; Malcolm - 29; Genevive - 24; Joaquina - 2.
masa13: Inge - 8; Carlee - 37; Kandis - 35; Jacquie - 5; Amalia - 45; Delila - 28; Carmelita - 20.
masa14: Mechelle - 18.
masa15: Leilani - 16; Eneida - 20; Amos - 47.
masa16: Bettye - 25; Sherri - 27; Ollie - 30; Norene - 12; Adeline - 11.
masa18: Gary - 46; Ashley - 13; Malinda - 3; Cleveland - 24; Ira - 14; Kemberly - 43; Christeen - 41; Emile - 26.
masa19: Lynell - 35; Jeremiah - 16; Rodolfo - 41; Versie - 28; Josie - 18.
masa21: Caitlin - 6; Sterling - 36; Jermaine - 41; Concetta - 20; Raymond - 2; Geri - 7; Sherise - 8; Granville - 34; Everett - 2.
masa26: Ozie - 30; Joey - 9; Claudio - 16.
masa27: Hans - 19; Kelly - 40; Roland - 2; Jenell - 45; Granville - 2; Melisa - 22; Michel - 6; Celena - 9.
masa28: Leandro - 41; Jaunita - 33; Fernanda - 25; Sharleen - 32; Geri - 6; Lanora - 46; Salome - 12; Evelyn - 32.
masa29: Hershel - 39; Ricki - 32; Josue - 18; Aldo - 22; Michiko - 13; Betty - 1; Jamar - 33; Dione - 47.
masa30: Dorothy - 30; Kamilah - 16; Nicolas - 16; Lawrence - 34; Coleman - 22; Marguerite - 24; Pauline - 5; Tamala - 34.
masa31: Joanie - 32; Danette - 38; Roseline - 17; Shakia - 15; Cedric - 21; Brandi - 36; Marcelo - 8; Tenesha - 19; Neva - 38.
masa32: Tomas - 22; Annabel - 32; Hassan - 24; Buena - 27.
masa33: Emilio - 19; Venus - 12; Eddie - 40; Johnetta - 36; Sandra - 24.
masa34: Vivien - 9; Consuela - 6; Virgil - 9; Aimee - 16; Elden - 18; Delena - 26.
masa35: Joshua - 43; Hassan - 42; Annalisa - 34; Kittie - 6; Dillon - 36; Versie - 6; Karry - 46; Kalyn - 39.
masa36: Cyndi - 33.
masa37: Janella - 34; Concepcion - 35; Collin - 42; Kamilah - 1; Cedric - 46; Kara - 33; Kaylene - 6; Willian - 24; Melody - 28.
masa38: Willy - 36; Katie - 27; Burt - 10; Sherly - 28; Sophie - 13.
masa40: Fidel - 33; Kathlyn - 14; Micaela - 26; Denver - 9; Thad - 31; Margherita - 24; Luciano - 16; Chadwick - 9; Michel - 37.
masa41: Aldo - 12.
masa42: Tameika - 16; Nicol - 31; Mario - 1; Randall - 10.
masa44: Weldon - 4; Dia - 25; Edward - 27; Pam - 10; Seth - 36; Hunter - 44; Tonita - 7; Jessica - 6; Thurman - 34.
masa45: Tobie - 44; Nathaniel - 26; Margherita - 17; Russel - 19; Christeen - 25; Lindsay - 40; Genevive - 9.
masa46: Stuart - 24; Roxana - 30; Joie - 23; Riley - 30; Vicki - 45; Ciera - 44; Daine - 26; Dimple - 30; Madison - 43.
masa47: Callie - 41.
masa48: Bart - 28; Jacquline - 40.
masa49: Anne - 48; Lizeth - 7; Tamara - 38; Saturnina - 44; Sharla - 5; Joya - 36; Tamar - 26; Argelia - 31; Micaela - 46; Lady - 33.
Masa masa20 nu exista!
Masa masa0 nu exista!
masa1: Cortez - 23; Kip - 29; Levi - 38; Nicki - 40; Heriberto - 10; Liza - 42; Kieth - 20; Reanna - 1; Milda - 4; Lanora - 23.
masa3: Denver - 19; Lino - 30; Tilda - 14; Nicki - 22; Jayson - 23; Hong - 34; Lois - 42; Lanora - 6; Levi - 46; Collette - 35; Milda - 45.
masa4: Gilberto - 11; Elsie - 11; Andy - 16; Ashli - 4; Millie - 37; Nicol - 2; Soraya - 1; Gracie - 26; Lisbeth - 8; Miesha - 12; Kieth - 16; Belkis - 20; Theodora - 39.
masa5: Leilani - 38; Gennie - 15; Amalia - 25.
masa6: Sherly - 27; Walker - 25; Tyler - 46; Jorge - 23; Milda - 32; Randall - 1; Heriberto - 15; Andy - 45; Lisabeth - 19; Tiffiny - 17; Ninfa - 32; Clement - 41; Eboni - 9; Trinity - 13; Kurt - 23.
masa9: Timmy - 38; Staci - 11; Milo - 8; Lakiesha - 30; Nicki - 30; Inge - 35; Marcelo - 16; Santo - 42; Morton - 10; Janett - 25; Shasta - 22; Stuart - 29; Farah - 38; Samuel - 40; Elizabeth - 26; Mildred - 8; Mary - 5; Sammy - 38.
masa10: Gwendolyn - 5; Bud - 43; Antwan - 12; Minh - 33; Jared - 11; Agatha - 39; Lizeth - 28; Mohammed - 16; Philip - 21; Raymon - 37; Monica - 42.
masa11: Delila - 28; Candance - 38; Tiffiny - 36; Joannie - 8; Efrain - 39; Rocco - 15; Vicky - 5; Jewel - 29; Leta - 7; Maris - 45; Wyatt - 46; Echo - 43; Gayle - 33; Karl - 42; Vicente - 11; Preston - 27.
masa12: Malcolm - 27; Genevive - 22; Lynell - 44; Melodi - 26; Beckie - 17; Ira - 7; Seth - 17; Cythia - 32; Derrick - 11; Hubert - 17; Melodi - 25.
masa13: Kandis - 33; Jacquie - 3; Amalia - 43; Delila - 26; Carmelita - 18; Inge - 6; Carlee - 35.
masa14: Mechelle - 16.
masa15: Amos - 45; Leilani - 14; Eneida - 18.
masa16: Ollie - 28; Norene - 10; Adeline - 9; Bettye - 23; Sherri - 25.
masa18: Malinda - 1; Cleveland - 22; Ira - 12; Kemberly - 41; Christeen - 39; Emile - 24; Gary - 44; Ashley - 11.
masa19: Rodolfo - 39; Versie - 26; Josie - 16; Lynell - 33; Jeremiah - 14.
masa21: Jermaine - 39; Concetta - 18; Geri - 5; Sherise - 6; Granville - 32; Caitlin - 4; Sterling - 34.
masa26: Claudio - 14; Ozie - 28; Joey - 7.
masa27: Jenell - 43; Melisa - 20; Michel - 4; Celena - 7; Hans - 17; Kelly - 38.
masa28: Fernanda - 23; Sharleen - 30; Geri - 4; Lanora - 44; Salome - 10; Evelyn - 30; Leandro - 39; Jaunita - 31.
masa29: Josue - 16; Aldo - 20; Michiko - 11; Jamar - 31; Dione - 45; Hershel - 37; Ricki - 30.
masa30: Nicolas - 14; Lawrence - 32; Coleman - 20; Marguerite - 22; Pauline - 3; Tamala - 32; Dorothy - 28; Kamilah - 14.
masa31: Roseline - 15; Shakia - 13; Cedric - 19; Brandi - 34; Marcelo - 6; Tenesha - 17; Neva - 36; Joanie - 30; Danette - 36.
masa32: Hassan - 22; Buena - 25; Tomas - 20; Annabel - 30.
masa33: Eddie - 38; Johnetta - 34; Sandra - 22; Emilio - 17; Venus - 10.
masa34: Virgil - 7; Aimee - 14; Elden - 16; Delena - 24; Vivien - 7; Consuela - 4.
masa35: Annalisa - 32; Kittie - 4; Dillon - 34; Versie - 4; Karry - 44; Kalyn - 37; Joshua - 41; Hassan - 40.
masa36: Cyndi - 31.
masa37: Collin - 31; Cedric - 44; Kara - 31; Kaylene - 4; Willian - 22; Melody - 26; Janella - 32; Concepcion - 33.
masa38: Burt - 8; Sherly - 26; Sophie - 11; Willy - 34; Katie - 25.
masa40: Micaela - 24; Denver - 7; Thad - 29; Margherita - 22; Luciano - 14; Chadwick - 7; Michel - 35; Fidel - 31; Kathlyn - 12.
masa41: Aldo - 10.
masa42: Randall - 8; Tameika - 14; Nicol - 29.
masa44: Edward - 25; Pam - 8; Seth - 34; Hunter - 42; Tonita - 5; Jessica - 4; Thurman - 32; Weldon - 2; Dia - 23.
masa45: Margherita - 15; Russel - 17; Christeen - 23; Lindsay - 38; Genevive - 7; Tobie - 42; Nathaniel - 24.
masa46: Joie - 21; Riley - 28; Vicki - 43; Ciera - 42; Daine - 24; Dimple - 28; Madison - 41; Stuart - 22; Roxana - 28.
masa47: Callie - 39.
masa48: Bart - 26; Jacquline - 32.
masa49: Tamara - 36; Saturnina - 42; Sharla - 3; Joya - 34; Tamar - 24; Argelia - 29; Micaela - 44; Lady - 31; Anne - 46; Lizeth - 5.
