masa0: Elinor - 49; Sherika - 32; Jeane - 15; Greta - 19; Omer - 12; Howard - 47; Mac - 19; Livia - 41; Sandra - 11; Tomas - 6; Elden - 39.
masa1: Joanna - 15; Antwan - 4; Maple - 28; Tera - 48; Burt - 5; Morris - 44; Kemberly - 18; Shelley - 18.
masa2: Mariann - 29; Hayden - 28; Johnathan - 9; Sage - 6; Otis - 35.
masa3: Claudio - 13; Caryn - 31; Devon - 4; Ignacio - 16; Darleen - 44; Meri - 28.
masa4: Ozie - 32; Kourtney - 24; Sherri - 9; Wilson - 34; Kittie - 26; Dimple - 29; Mai - 5; Vicki - 6; Arminda - 38; Caroline - 38; Marin - 17; Tabitha - 8; Sherill - 30.
masa5: Mary - 26; Roslyn - 26; Tonda - 42; Mechelle - 23; Ricky - 31; Lesley - 14; Kurtis - 4; Shizuko - 47; Rhoda - 51; Shanti - 6; Valentin - 11.
masa6: Virgil - 35; Timmy - 29; Margherita - 46; Arline - 3; Johnnie - 34; Argelia - 21; Jeffrey - 28; Hans - 22; Lady - 51; Edward - 49; Dannie - 35.
masa7: Dana - 31; Willodean - 36; Loura - 7; Tyree - 47; Emilio - 23; Burl - 51; King - 5; Heriberto - 27; Jamar - 36; Matthew - 24; Clifton - 38.
masa8: Johnette - 34; Lynell - 41; Corliss - 44; Joi - 13; Alva - 28; Teisha - 51; Bud - 29; Oswaldo - 7; Amina - 45; Milissa - 26; Riley - 38; Damaris - 32; Vicente - 11.
masa9: Marcelo - 24; Juliana - 14; Sherlene - 33; Eryn - 43; Gennie - 51; Ollie - 37; Carlee - 40; Vince - 5; Mohammed - 47; Joshua - 35; Clement - 38.
masa10: Horacio - 28; Derrick - 44; Joie - 50; Alesia - 10; Janett - 37; Berry - 46; Farah - 45; Miesha - 39; Serafina - 12; Johnetta - 44; Ivy - 10.
masa11: Shawana - 17; Weldon - 45; Ira - 15; Bettye - 29; Leif - 40; Hsiu - 16; Twila - 19; Lakiesha - 48; Homer - 19; Kayleen - 45; Gayle - 26.
masa12: Madison - 19; Gilberto - 16; Ebonie - 25; Kara - 49; Annalisa - 47; Kellie - 40; Aisha - 6.
masa13: Pauline - 8; Lawrence - 29; Leopoldo - 37; Linn - 45; Nicholle - 51.
masa14: Sterling - 28; Stuart - 23; Shad - 4; Leta - 39; Shelli - 23; Mirna - 4; Delena - 51.
masa15: Parker - 3; Nathalie - 31; Lisabeth - 31; Samuel - 51; Efren - 47; Reinaldo - 44; Jermaine - 16; Charlie - 42; Nicolas - 47; Lizzie - 38.
masa16: Lavona - 12; Renaldo - 21; Chaya - 26; Morton - 16; Vannessa - 13; Darrel - 26; Arnoldo - 11; Lois - 45; Luciano - 43; Christeen - 36.
masa17: Preston - 15; Harold - 35; Delmer - 14; Jani - 6; Jacklyn - 11; Kieth - 18; Norene - 48; Edmundo - 40; Luis - 19; Pamella - 26; Lianne - 30; Jason - 11.
masa18: Lawerence - 27; Staci - 6; Chan - 15; Tonita - 41; Genevive - 46; Earle - 12; Shakia - 24; Philip - 19; Rosaria - 8.
masa19: Josie - 43; Carmina - 3; Zachary - 24; Babette - 47; Geralyn - 7; Matilda - 3; Gabriele - 33; Jessica - 47; Lyndsey - 45; Emiko - 30; Mildred - 37; Janean - 25.
masa20: Nelly - 46; Vernice - 45; Magali - 40; Domenic - 30; Hershel - 43; Raisa - 37; Luigi - 41; Kristel - 41; Iesha - 18; Adalberto - 46; Abram - 13.
masa21: Milda - 46; Margery - 7; Christene - 32; Avril - 15; Oretha - 23; Adeline - 23.
masa22: Lindsay - 23; Rosetta - 17; Hal - 21; Lavonia - 3; Marshall - 36; Milo - 48; Jayson - 37; Jerilyn - 26; Rikki - 46.
masa23: Pearlene - 18; Caitlin - 50; Mika - 30; Lacey - 16; Keith - 24; Ligia - 48; Elsie - 15; Jorge - 19; Felice - 35; Sang - 15; Michel - 14; Brigette - 50.
masa24: Shin - 42; Marisela - 28; Toya - 17; Ken - 32; Jarrett - 31; Elvina - 41; Santiago - 51; Lilly - 23; Georgie - 15; Merna - 40; Coreen - 4.
masa25: Avery - 37; Joey - 15; Cecile - 7; Jewel - 32; Rosario - 15; Alex - 33; Cristal - 28; Monica - 29; Thad - 20; Kamilah - 17; Monika - 8; Cicely - 30.
masa26: Granville - 23; Aiko - 48; Maris - 22; Vannesa - 40; Dion - 43; Vicky - 36; Gus - 30; Flo - 20; Norbert - 19; Jerome - 23; Malcolm - 30; Katie - 49.
masa27: Lyla - 50; Jamel - 26; Dean - 19; Irwin - 34; Alonso - 37.
masa28: Kathlyn - 5; Markus - 29; Tyson - 8; Pam - 34; Drusilla - 5; Ricki - 35; Carmine - 34; Marti - 14; Millie - 49; Dia - 31.
masa29: Chantay - 15; Lizeth - 37; Yuonne - 14; Ulysses - 6; Gia - 48.
masa30: Alfonzo - 24; Raymond - 18; Barney - 12; Gwendolyn - 7; Nickole - 27; Brett - 10.
masa31: Floretta - 6; Ahmad - 44; Phillip - 17; Melisa - 43; Elmer - 7; Queen - 18; Damon - 30; Leandro - 32; Emery - 8; Corie - 16; Mario - 33; Kristen - 49.
masa32: Madelaine - 13; Saul - 28; Amos - 7; Ashley - 22; Veta - 18; Jamee - 17; Ramiro - 48.
masa33: Phuong - 24; Juliane - 27; Myles - 21; Minh - 32; Herb - 16; Lanora - 51; Stasia - 18; Cyndi - 45; Christy - 46.
masa34: Denver - 37; Adriana - 11; Bobbi - 33; Cedric - 31; Jere - 10; Nicholas - 42.
masa35: Kraig - 19; Paige - 3; Darryl - 6; Zina - 40; Antonette - 7; Filomena - 38.
masa36: Sydney - 14; Tilda - 8; Isidro - 17; Jackie - 4; Bernice - 19; Warren - 16; Paulina - 6; Edison - 20; Cythia - 11.
masa37: Emanuel - 5; Anne - 23; Elane - 31; Gracie - 50; Ta - 43; Buena - 46; Gretta - 30; Melda - 24; Liza - 39; Eboni - 37; Elena - 41.
masa38: Eduardo - 34; Camellia - 41; Arie - 26; Graig - 21; Hunter - 51; Alexis - 49; Melynda - 45; Jeremiah - 24; John - 6; Olin - 35; Simon - 20.
masa39: Milan - 35; Margaretta - 43; Lawanda - 3; Hubert - 11; Leland - 45; Bert - 21; Gilbert - 48; Cecelia - 34; Alverta - 18; Daysi - 33; Micaela - 30; Tuyet - 17.
masa40: Loretta - 35; Harley - 15; Sherlyn - 30; Erick - 26; Theodora - 46; Melvin - 25.
masa41: Bertram - 17; Cleo - 29; Gregory - 10; Beckie - 13; Walker - 19; Johnny - 32; Shaquana - 13; Tina - 47; Sherise - 3; Keven - 47; Asa - 11.
masa42: Natosha - 48; Percy - 35; Betty - 3; Cortez - 24; Leilani - 25; Melody - 26; Alfonso - 39.
masa43: Cammie - 7; Ela - 24; Clare - 13; Viva - 46; Ellsworth - 11; Sheryl - 29; Earnestine - 8; Lakesha - 26; Sonia - 19; Reanna - 48; Arleen - 42; Saturnina - 30.
masa44: Reita - 14; Malia - 33; Amalia - 37; Belkis - 37; Wiley - 49; Danuta - 42; Randall - 21; Katelin - 10; Kalyn - 50.
masa45: Evelyne - 23; Oneida - 28; Jerrold - 6; Echo - 50; Karry - 51; Tamara - 16; Wilmer - 4.
masa46: Jordan - 27; Nedra - 47; Inez - 10; Terica - 18; Hanh - 38; Cyndy - 5.
masa47: Joaquina - 44; Catarina - 18; Ronald - 43; Filiberto - 18; Trudie - 6; Myrtle - 14; Trinity - 16.
masa48: Lashonda - 35; Evelia - 13; Celena - 19; Misha - 37; Hung - 9; Tomeka - 40; Vincenzo - 44.
masa49: Val - 33; Lucien - 14; Corrin - 26; Trish - 26; Maryjane - 6; Forest - 36; Jared - 40; Janella - 29; Heidi - 15; Faviola - 42.
masa50: Maryanne - 28; Roscoe - 25; Joanie - 43; Sharleen - 46; Nona - 27.
masa51: Les - 11; Lourie - 29; Chi - 44; Efrain - 11; Coleman - 28; Geri - 46; Gerard - 41; Hosea - 10; Helena - 7; Eneida - 17; Emile - 47.
masa52: Emmitt - 39; Duane - 32; Nanci - 3; Giuseppe - 40; Gaylord - 34; Sharlene - 51; Nydia - 14; Juli - 35; Dessie - 40; Ted - 49; Mack - 13.
masa53: Clarinda - 44; Maritza - 43; Hai - 19; Madlyn - 21; Sherly - 33; Lino - 37; Brigitte - 33; Aline - 18; Merrill - 38; Colene - 31; Fausto - 51; Karl - 6; Donte - 3.
masa54: Lachelle - 27; Salome - 40; Alane - 12; Tamala - 34; Cecily - 21; Rodrick - 25; Yan - 23; Carmelita - 27; Blake - 47; Laverna - 22; Malinda - 49; Herman - 35.
masa55: Marissa - 18; Lourdes - 28; Jesus - 44; Malika - 20; Merlene - 22; Fernanda - 43.
masa56: Joaquin - 29; Troy - 13; Nicki - 42; Josue - 37; Sammie - 12; Kendall - 20; Arnulfo - 21; Noel - 23.
masa57: Dwana - 39; Stephanie - 19; Kerry - 32; Gary - 9; Man - 41; Numbers - 14; Wilhelmina - 29; Ciera - 5; Daine - 50; Ashli - 8; Kurt - 24.
masa58: Janyce - 44; Russel - 39; Modesto - 36; Marguerite - 28; Agatha - 19.
masa59: Cordell - 29; Thaddeus - 8; Maile - 14; Bruna - 13; Roseline - 6; Manual - 35; Willian - 4.
masa60: Kiyoko - 38; Hettie - 51; Devin - 25; Lisbeth - 31; Candance - 9; Collette - 15; Nery - 14.
masa61: Kenton - 29; Soraya - 43; Hong - 50; Stan - 12; Randal - 13; Shasta - 10; Wyatt - 8; Brianne - 6; Jenell - 31; Zachery - 42; Versie - 49; Raymon - 5.
masa62: Tamar - 7; Ninfa - 10; Andy - 5; Judy - 25; Chadwick - 24; Garrett - 33; Charlsie - 28; Elida - 5; Gregorio - 9; Leslie - 13; Angel - 42.
masa63: Mikel - 4; Phillis - 17; Adrien - 18; Marva - 46; Concepcion - 12; Edmund - 21; Eli - 5; Benny - 27; Farrah - 7; Aldo - 18.
masa64: Sharyl - 46; Corey - 44; Arturo - 50; Jeffry - 8; Millard - 42; Mao - 27; Twyla - 12; Anibal - 48; Mervin - 50.
masa65: Bradley - 4; Ailene - 50; Nathaniel - 12; Rocco - 34; Aimee - 26; Colin - 37; Gale - 33; Samella - 46; Neva - 35; Hassan - 23; Violet - 17.
masa66: Ariana - 36; Gala - 12; Kip - 11; Roland - 23; Rodney - 10; Elizebeth - 32.
masa67: Elinore - 28; Penni - 36; Debrah - 17; Danial - 18; Joannie - 45; Reyes - 12.
masa68: Alpha - 30; Callie - 31; Charley - 5; Collin - 40; Shemeka - 49; Vivien - 50; Josef - 9; Houston - 36.
masa69: Shawn - 23; Florentino - 37; Charmaine - 37; Harriette - 25; Joya - 33; Grayce - 46; Dallas - 49; Latasha - 6; Augustus - 38; Jong - 29.
Jucatorul Ignacio nu exista la masa masa4!
Clasament masa0:
Elinor 45
Howard 43
Livia 37
Elden 35
Sherika 28
Mac 15
Greta 15
Jeane 11
Omer 8
Sandra 7
Tomas 6
Clasament masa52:
Sharlene 48
Ted 46
Giuseppe 37
Dessie 37
Emmitt 36
Juli 32
Gaylord 31
Nydia 11
Mack 10
Jucatorul Billy nu exista la masa masa60!
Jucatorul Bravo nu exista la masa masa15!
masa0: Tomas - 1; Elden - 30; Elinor - 40; Sherika - 23; Jeane - 6; Greta - 10; Omer - 3; Howard - 38; Mac - 10; Livia - 32; Sandra - 2.
masa1: Joanna - 7; Maple - 20; Tera - 40; Morris - 36; Kemberly - 10; Shelley - 10.
masa2: Mariann - 20; Hayden - 19; Otis - 26.
masa3: Darleen - 35; Meri - 19; Claudio - 4; Caryn - 22; Ignacio - 7.
masa4: Sherill - 21; Ozie - 23; Kourtney - 15; Wilson - 25; Kittie - 17; Dimple - 20; Arminda - 29; Caroline - 29; Marin - 8.
masa5: Mary - 17; Roslyn - 17; Tonda - 33; Mechelle - 14; Ricky - 22; Lesley - 5; Shizuko - 38; Rhoda - 42; Valentin - 2.
masa6: Dannie - 26; Virgil - 26; Timmy - 20; Margherita - 37; Johnnie - 25; Argelia - 12; Jeffrey - 19; Hans - 13; Lady - 42; Edward - 40.
masa7: Clifton - 29; Dana - 22; Willodean - 27; Tyree - 38; Emilio - 14; Burl - 42; Heriberto - 18; Jamar - 27; Matthew - 15.
masa8: Riley - 29; Damaris - 23; Vicente - 2; Johnette - 25; Lynell - 32; Corliss - 35; Joi - 4; Alva - 19; Teisha - 42; Bud - 20; Amina - 36; Milissa - 17.
masa9: Clement - 29; Marcelo - 15; Juliana - 5; Sherlene - 24; Eryn - 34; Gennie - 42; Ollie - 28; Carlee - 31; Mohammed - 38; Joshua - 26.
masa10: Johnetta - 35; Ivy - 1; Horacio - 19; Derrick - 35; Joie - 42; Alesia - 1; Janett - 28; Berry - 37; Farah - 36; Miesha - 30; Serafina - 3.
masa11: Homer - 11; Kayleen - 37; Gayle - 18; Shawana - 9; Weldon - 37; Ira - 7; Bettye - 21; Leif - 32; Hsiu - 8; Twila - 11; Lakiesha - 40.
masa12: Ebonie - 17; Kara - 41; Annalisa - 39; Kellie - 32; Madison - 11; Gilberto - 8.
masa13: Linn - 37; Nicholle - 43; Lawrence - 21; Leopoldo - 29.
masa14: Leta - 31; Shelli - 15; Delena - 43; Sterling - 20; Stuart - 15.
masa15: Nicolas - 39; Lizzie - 30; Nathalie - 23; Lisabeth - 23; Samuel - 43; Efren - 39; Reinaldo - 36; Jermaine - 8; Charlie - 34.
masa16: Luciano - 35; Christeen - 28; Lavona - 4; Renaldo - 13; Chaya - 18; Morton - 8; Vannessa - 5; Darrel - 18; Arnoldo - 3; Lois - 37.
masa17: Luis - 11; Pamella - 18; Lianne - 22; Jason - 3; Preston - 7; Harold - 27; Delmer - 6; Jacklyn - 3; Kieth - 10; Norene - 40; Edmundo - 32.
masa18: Chan - 7; Tonita - 33; Genevive - 38; Earle - 4; Shakia - 16; Philip - 11.
masa19: Emiko - 22; Mildred - 29; Janean - 17; Josie - 35; Zachary - 16; Babette - 39; Gabriele - 25; Jessica - 39; Lyndsey - 37.
masa20: Iesha - 10; Adalberto - 38; Abram - 5; Nelly - 38; Vernice - 37; Magali - 32; Domenic - 22; Hershel - 35; Raisa - 29; Luigi - 33; Kristel - 33.
masa21: Avril - 7; Oretha - 15; Adeline - 15; Milda - 38; Christene - 24.
masa22: Lindsay - 15; Rosetta - 27; Hal - 13; Marshall - 28; Milo - 40; Jayson - 29; Jerilyn - 18; Rikki - 38.
masa23: Felice - 27; Sang - 7; Michel - 6; Brigette - 42; Pearlene - 10; Caitlin - 42; Mika - 4; Lacey - 8; Keith - 16; Ligia - 40; Elsie - 7; Jorge - 11.
masa24: Georgie - 7; Merna - 32; Shin - 34; Marisela - 20; Toya - 9; Ken - 24; Jarrett - 23; Elvina - 33; Santiago - 43; Lilly - 15.
masa25: Thad - 12; Kamilah - 9; Cicely - 22; Avery - 29; Joey - 7; Jewel - 24; Rosario - 7; Alex - 25; Cristal - 20; Monica - 21.
masa26: Norbert - 11; Jerome - 15; Malcolm - 22; Katie - 41; Granville - 15; Aiko - 40; Maris - 14; Vannesa - 32; Dion - 35; Vicky - 28; Gus - 22; Flo - 12.
masa27: Irwin - 26; Alonso - 29; Lyla - 42; Jamel - 33; Dean - 11.
masa28: Millie - 41; Dia - 23; Markus - 21; Pam - 26; Ricki - 27; Carmine - 26; Marti - 6.
masa29: Gia - 40; Chantay - 7; Lizeth - 29; Yuonne - 6.
masa30: Barney - 4; Nickole - 19; Brett - 2; Alfonzo - 16; Raymond - 10.
masa31: Corie - 8; Mario - 25; Kristen - 41; Floretta - 8; Phillip - 9; Melisa - 35; Queen - 10; Damon - 22; Leandro - 24.
masa32: Saul - 20; Ashley - 14; Veta - 10; Jamee - 9; Ramiro - 40; Madelaine - 5.
masa33: Christy - 38; Phuong - 16; Juliane - 19; Myles - 13; Minh - 24; Herb - 8; Lanora - 43; Stasia - 10; Cyndi - 37.
masa34: Bobbi - 25; Cedric - 23; Jere - 2; Nicholas - 34; Denver - 29; Adriana - 3.
masa35: Kraig - 11; Zina - 32; Filomena - 30.
masa36: Sydney - 6; Isidro - 9; Bernice - 11; Warren - 8; Edison - 12; Cythia - 3.
masa37: Liza - 31; Eboni - 29; Elena - 33; Anne - 15; Elane - 23; Gracie - 42; Ta - 35; Buena - 38; Gretta - 22; Melda - 16.
masa38: Olin - 27; Simon - 12; Eduardo - 26; Camellia - 33; Arie - 18; Graig - 13; Hunter - 43; Alexis - 41; Melynda - 37; Jeremiah - 16.
masa39: Alverta - 10; Daysi - 25; Micaela - 22; Tuyet - 9; Milan - 27; Margaretta - 35; Hubert - 3; Leland - 37; Bert - 13; Gilbert - 40; Cecelia - 26.
masa40: Sherlyn - 22; Erick - 18; Theodora - 38; Melvin - 17; Loretta - 27; Harley - 7.
masa41: Keven - 39; Asa - 3; Bertram - 9; Cleo - 21; Gregory - 2; Beckie - 5; Walker - 11; Johnny - 24; Shaquana - 5; Tina - 39.
masa42: Leilani - 17; Melody - 18; Alfonso - 31; Percy - 27; Cortez - 16.
masa43: Reanna - 39; Arleen - 33; Saturnina - 21; Ela - 15; Clare - 4; Viva - 37; Ellsworth - 2; Sheryl - 20; Lakesha - 17; Sonia - 10.
masa44: Kalyn - 42; Reita - 6; Malia - 25; Amalia - 29; Belkis - 29; Wiley - 41; Danuta - 34; Randall - 13; Katelin - 2.
masa45: Echo - 42; Karry - 43; Tamara - 8; Evelyne - 15; Oneida - 20.
masa46: Terica - 10; Hanh - 30; Jordan - 19; Nedra - 39; Inez - 2.
masa47: Catarina - 10; Ronald - 35; Filiberto - 10; Myrtle - 6; Trinity - 8; Joaquina - 36.
masa48: Evelia - 5; Celena - 11; Misha - 29; Hung - 1; Tomeka - 32; Vincenzo - 36; Lashonda - 27.
masa49: Heidi - 7; Faviola - 34; Val - 25; Corrin - 18; Trish - 18; Forest - 28; Jared - 32; Janella - 21.
masa50: Sharleen - 38; Nona - 19; Maryanne - 20; Roscoe - 17; Joanie - 35.
masa51: Eneida - 9; Emile - 39; Les - 3; Lourie - 21; Chi - 36; Efrain - 3; Coleman - 20; Geri - 38; Gerard - 33; Hosea - 2.
masa52: Dessie - 32; Ted - 41; Mack - 5; Emmitt - 31; Giuseppe - 32; Gaylord - 26; Sharlene - 43; Nydia - 6; Juli - 27.
masa53: Merrill - 30; Colene - 23; Fausto - 43; Clarinda - 36; Maritza - 35; Hai - 11; Madlyn - 13; Sherly - 25; Lino - 29; Brigitte - 25; Aline - 10.
masa54: Blake - 39; Laverna - 14; Malinda - 41; Herman - 27; Lachelle - 19; Salome - 32; Alane - 4; Tamala - 26; Cecily - 13; Rodrick - 17; Yan - 15; Carmelita - 19.
masa55: Jesus - 36; Malika - 12; Merlene - 14; Fernanda - 35; Marissa - 10; Lourdes - 20.
masa56: Joaquin - 21; Troy - 5; Nicki - 34; Josue - 29; Sammie - 4; Kendall - 12; Arnulfo - 13; Noel - 15.
masa57: Kurt - 16; Dwana - 31; Stephanie - 11; Kerry - 24; Gary - 1; Man - 33; Numbers - 6; Wilhelmina - 21; Daine - 42.
masa58: Marguerite - 20; Agatha - 11; Janyce - 36; Russel - 31; Modesto - 28.
masa59: Maile - 6; Bruna - 5; Manual - 27; Cordell - 21.
masa60: Hettie - 43; Devin - 17; Lisbeth - 23; Candance - 1; Collette - 7; Nery - 6; Kiyoko - 30.
masa61: Zachery - 34; Versie - 41; Soraya - 35; Hong - 42; Stan - 4; Randal - 5; Shasta - 2; Jenell - 23.
masa62: Leslie - 5; Angel - 34; Ninfa - 2; Judy - 17; Chadwick - 16; Garrett - 25; Charlsie - 20; Gregorio - 1.
masa63: Phillis - 9; Adrien - 10; Marva - 38; Concepcion - 4; Edmund - 13; Benny - 19; Aldo - 10.
masa64: Mervin - 42; Sharyl - 38; Corey - 36; Arturo - 42; Millard - 34; Mao - 19; Twyla - 4; Anibal - 40.
masa65: Neva - 27; Hassan - 15; Violet - 9; Ailene - 42; Nathaniel - 4; Rocco - 26; Aimee - 18; Colin - 29; Gale - 25; Samella - 38.
masa66: Roland - 15; Rodney - 2; Elizebeth - 24; Gala - 4; Kip - 3.
masa67: Debrah - 9; Danial - 10; Joannie - 37; Reyes - 4; Elinore - 20; Penni - 28.
masa68: Alpha - 22; Collin - 32; Shemeka - 41; Vivien - 42; Josef - 1; Houston - 28.
masa69: Shawn - 14; Florentino - 28; Charmaine - 28; Harriette - 16; Joya - 24; Grayce - 37; Dallas - 40; Augustus - 29; Jong - 20.
masa0: Tomas - 1; Elden - 30; Elinor - 40; Sherika - 23; Jeane - 6; Greta - 10; Omer - 3; Howard - 38; Mac - 10; Livia - 32; Sandra - 2.
masa1: Joanna - 7; Maple - 20; Tera - 40; Morris - 36; Kemberly - 10; Shelley - 10.
masa2: Mariann - 20; Hayden - 19; Otis - 26.
masa3: Darleen - 35; Meri - 19; Claudio - 4; Caryn - 22; Ignacio - 7.
masa4: Sherill - 21; Ozie - 23; Kourtney - 15; Wilson - 25; Kittie - 17; Dimple - 20; Arminda - 29; Caroline - 29; Marin - 8.
masa5: Mary - 17; Roslyn - 17; Tonda - 33; Mechelle - 14; Ricky - 22; Lesley - 5; Shizuko - 38; Rhoda - 42; Valentin - 2.
masa6: Dannie - 26; Virgil - 26; Timmy - 20; Margherita - 37; Johnnie - 25; Argelia - 12; Jeffrey - 19; Hans - 13; Lady - 42; Edward - 40.
masa7: Clifton - 29; Dana - 22; Willodean - 27; Tyree - 38; Emilio - 14; Burl - 42; Heriberto - 18; Jamar - 27; Matthew - 15.
masa8: Riley - 29; Damaris - 23; Vicente - 2; Lynell - 32; Corliss - 35; Joi - 4; Alva - 19; Teisha - 42; Bud - 20; Amina - 36; Milissa - 17.
masa9: Clement - 29; Marcelo - 15; Juliana - 5; Sherlene - 24; Eryn - 34; Gennie - 42; Ollie - 28; Carlee - 31; Mohammed - 38; Joshua - 26.
masa10: Johnetta - 35; Ivy - 1; Horacio - 19; Derrick - 35; Joie - 42; Alesia - 1; Janett - 28; Berry - 37; Farah - 36; Miesha - 30; Serafina - 3.
masa11: Homer - 11; Kayleen - 37; Gayle - 18; Shawana - 9; Weldon - 37; Ira - 7; Bettye - 21; Leif - 32; Hsiu - 8; Twila - 11; Lakiesha - 40.
masa12: Ebonie - 17; Kara - 41; Annalisa - 39; Kellie - 32; Madison - 11; Gilberto - 8.
masa13: Linn - 37; Nicholle - 43; Lawrence - 21; Leopoldo - 29.
masa14: Leta - 31; Shelli - 15; Delena - 43; Sterling - 20; Stuart - 15.
masa15: Nicolas - 39; Lizzie - 30; Nathalie - 23; Lisabeth - 23; Samuel - 43; Efren - 39; Reinaldo - 36; Jermaine - 8; Charlie - 34.
masa16: Luciano - 35; Christeen - 28; Lavona - 4; Renaldo - 13; Chaya - 18; Morton - 8; Vannessa - 5; Darrel - 18; Arnoldo - 3; Lois - 37.
masa17: Luis - 11; Pamella - 18; Lianne - 22; Jason - 3; Preston - 7; Harold - 27; Delmer - 6; Jacklyn - 3; Kieth - 10; Norene - 40; Edmundo - 32.
masa18: Chan - 7; Tonita - 33; Genevive - 38; Earle - 4; Shakia - 16; Philip - 11.
masa19: Emiko - 22; Mildred - 29; Janean - 17; Josie - 35; Zachary - 16; Babette - 39; Gabriele - 25; Jessica - 39; Lyndsey - 37.
masa20: Iesha - 10; Adalberto - 38; Abram - 5; Nelly - 38; Vernice - 37; Magali - 32; Domenic - 22; Hershel - 35; Luigi - 33; Kristel - 33.
masa21: Avril - 7; Oretha - 15; Adeline - 15; Milda - 38; Christene - 24.
masa22: Lindsay - 15; Rosetta - 27; Hal - 13; Marshall - 28; Milo - 40; Jayson - 29; Jerilyn - 18; Rikki - 38.
masa23: Felice - 27; Sang - 7; Michel - 6; Brigette - 42; Pearlene - 10; Caitlin - 42; Mika - 4; Lacey - 8; Keith - 16; Ligia - 40; Elsie - 7; Jorge - 11.
masa24: Georgie - 7; Merna - 32; Shin - 34; Marisela - 20; Toya - 9; Ken - 24; Jarrett - 23; Elvina - 33; Santiago - 43; Lilly - 15.
masa25: Thad - 12; Kamilah - 9; Cicely - 22; Avery - 29; Joey - 7; Jewel - 24; Rosario - 7; Alex - 25; Cristal - 20; Monica - 21.
masa26: Norbert - 11; Jerome - 15; Malcolm - 22; Katie - 41; Granville - 15; Aiko - 40; Maris - 14; Vannesa - 32; Dion - 35; Vicky - 28; Gus - 22; Flo - 12.
masa27: Irwin - 26; Alonso - 29; Lyla - 42; Jamel - 33; Dean - 11.
masa28: Millie - 41; Dia - 23; Markus - 21; Pam - 26; Ricki - 27; Carmine - 26; Marti - 6.
masa29: Gia - 40; Chantay - 7; Lizeth - 29; Yuonne - 6.
masa30: Barney - 4; Nickole - 19; Brett - 2; Alfonzo - 16; Raymond - 10.
masa31: Corie - 8; Mario - 25; Kristen - 41; Floretta - 8; Phillip - 9; Melisa - 35; Queen - 10; Damon - 22; Leandro - 24.
masa32: Saul - 20; Ashley - 14; Veta - 10; Jamee - 9; Ramiro - 40; Madelaine - 5.
masa33: Christy - 38; Phuong - 16; Juliane - 19; Myles - 13; Minh - 24; Herb - 8; Lanora - 43; Stasia - 10; Cyndi - 37.
masa34: Bobbi - 25; Cedric - 23; Jere - 2; Nicholas - 34; Denver - 29; Adriana - 3.
masa35: Kraig - 11; Zina - 32; Filomena - 30.
masa36: Sydney - 6; Isidro - 9; Bernice - 11; Warren - 8; Edison - 12; Cythia - 3.
masa37: Liza - 31; Eboni - 29; Elena - 33; Anne - 15; Elane - 23; Gracie - 42; Ta - 35; Buena - 38; Gretta - 22; Melda - 16.
masa38: Olin - 27; Simon - 12; Eduardo - 26; Camellia - 33; Arie - 18; Graig - 13; Hunter - 43; Alexis - 41; Melynda - 37; Jeremiah - 16.
masa39: Alverta - 10; Daysi - 25; Micaela - 22; Tuyet - 9; Milan - 27; Margaretta - 35; Hubert - 3; Leland - 37; Bert - 13; Gilbert - 40; Cecelia - 26.
masa40: Sherlyn - 22; Erick - 18; Theodora - 38; Melvin - 17; Loretta - 27; Harley - 7.
masa41: Keven - 39; Asa - 3; Bertram - 9; Cleo - 21; Gregory - 2; Beckie - 5; Walker - 11; Johnny - 24; Shaquana - 5; Tina - 39.
masa42: Leilani - 17; Melody - 18; Alfonso - 31; Percy - 27; Cortez - 16.
masa43: Reanna - 39; Arleen - 33; Saturnina - 21; Ela - 15; Clare - 4; Viva - 37; Ellsworth - 2; Sheryl - 20; Lakesha - 17; Sonia - 10.
masa44: Kalyn - 42; Reita - 6; Malia - 25; Amalia - 29; Belkis - 29; Wiley - 41; Danuta - 34; Randall - 13; Katelin - 2.
masa45: Echo - 42; Karry - 43; Tamara - 8; Evelyne - 15; Oneida - 20.
masa46: Terica - 10; Hanh - 30; Jordan - 19; Nedra - 39; Inez - 2.
masa47: Catarina - 10; Ronald - 35; Filiberto - 10; Myrtle - 6; Trinity - 8; Joaquina - 36.
masa48: Evelia - 5; Celena - 11; Misha - 29; Hung - 1; Tomeka - 32; Vincenzo - 36; Lashonda - 27.
masa49: Heidi - 7; Faviola - 34; Val - 25; Corrin - 18; Trish - 18; Forest - 28; Jared - 32; Janella - 21.
masa50: Sharleen - 38; Nona - 19; Maryanne - 20; Roscoe - 17; Joanie - 35.
masa51: Eneida - 9; Emile - 39; Les - 3; Lourie - 21; Chi - 36; Efrain - 3; Coleman - 20; Geri - 38; Gerard - 33; Hosea - 2.
masa52: Dessie - 32; Ted - 41; Mack - 5; Emmitt - 31; Giuseppe - 32; Gaylord - 26; Sharlene - 43; Nydia - 6; Juli - 27.
masa53: Merrill - 30; Colene - 23; Fausto - 43; Clarinda - 36; Maritza - 35; Hai - 11; Madlyn - 13; Sherly - 25; Lino - 29; Brigitte - 25; Aline - 10.
masa54: Blake - 39; Laverna - 14; Malinda - 41; Herman - 27; Lachelle - 19; Salome - 32; Alane - 4; Tamala - 26; Cecily - 13; Rodrick - 17; Yan - 15; Carmelita - 19.
masa55: Jesus - 36; Malika - 12; Merlene - 14; Fernanda - 35; Marissa - 10; Lourdes - 20.
masa56: Joaquin - 21; Troy - 5; Nicki - 34; Josue - 29; Sammie - 4; Kendall - 12; Arnulfo - 13; Noel - 15.
masa57: Kurt - 16; Dwana - 31; Stephanie - 11; Kerry - 24; Gary - 1; Man - 33; Numbers - 6; Wilhelmina - 21; Daine - 42.
masa58: Marguerite - 20; Agatha - 11; Janyce - 36; Russel - 31; Modesto - 28.
masa59: Maile - 6; Bruna - 5; Manual - 27; Cordell - 21.
masa60: Hettie - 43; Devin - 17; Lisbeth - 23; Candance - 1; Collette - 7; Nery - 6; Kiyoko - 30.
masa61: Zachery - 34; Versie - 41; Soraya - 35; Hong - 42; Stan - 4; Randal - 5; Shasta - 2; Jenell - 23.
masa62: Leslie - 5; Angel - 34; Ninfa - 2; Judy - 17; Chadwick - 16; Garrett - 25; Charlsie - 20; Gregorio - 1.
masa63: Phillis - 9; Adrien - 10; Marva - 38; Concepcion - 4; Edmund - 13; Benny - 19; Aldo - 10.
masa64: Mervin - 42; Sharyl - 38; Corey - 36; Arturo - 42; Millard - 34; Mao - 19; Twyla - 4; Anibal - 40.
masa65: Neva - 27; Hassan - 15; Violet - 9; Ailene - 42; Nathaniel - 4; Rocco - 26; Aimee - 18; Colin - 29; Gale - 25; Samella - 38.
masa66: Roland - 15; Rodney - 2; Elizebeth - 24; Gala - 4; Kip - 3.
masa67: Debrah - 9; Danial - 10; Joannie - 37; Reyes - 4; Elinore - 20; Penni - 28.
masa68: Alpha - 22; Collin - 32; Shemeka - 41; Vivien - 42; Josef - 1; Houston - 28.
masa69: Shawn - 14; Florentino - 28; Charmaine - 28; Harriette - 16; Joya - 24; Grayce - 37; Dallas - 40; Augustus - 29; Jong - 20.
Jucatorul Jong nu exista la masa masa69!
Jucatorul Jong nu exista la masa masa69!
Jucatorul Hariette nu exista la masa masa69!
Jucatorul Obelix nu exista la masa masa69!
Masa masa69 nu exista!
Masa masa69 nu exista!
Clasament masa0:
Vivien 30
Shemeka 29
Elinor 28
Howard 26
Livia 20
Collin 20
Elden 18
Penni 16
Houston 16
Sherika 11
Alpha 10
Clasament masa1:
Tera 24
Emile 23
Geri 22
Joannie 21
Morris 20
Chi 20
Gerard 17
Elizebeth 8
Lourie 5
Maple 4
Elinore 4
Coleman 4
Clasament masa14:
Delena 24
Leta 12
Sterling 1
masa0: Elinor - 19; Sherika - 2; Alpha - 1; Collin - 11; Shemeka - 20; Vivien - 21; Houston - 7; Penni - 7; Howard - 17; Livia - 11; Elden - 9.
masa1: Morris - 15; Joannie - 16; Elizebeth - 3; Geri - 17; Gerard - 12; Emile - 18; Chi - 15; Tera - 19.
masa2: Sherlyn - 1; Theodora - 17; Loretta - 6; Otis - 5.
masa3: Caryn - 1; Darleen - 14.
masa4: Caroline - 8; Ozie - 2; Wilson - 4; Arminda - 8.
masa5: Ricky - 1; Shizuko - 17; Rhoda - 21; Tonda - 12.
masa6: Johnnie - 4; Lady - 21; Edward - 19; Dannie - 5; Virgil - 5; Margherita - 16.
masa7: Burl - 21; Jamar - 6; Clifton - 8; Dana - 1; Willodean - 6; Tyree - 17.
masa8: Teisha - 21; Amina - 15; Riley - 8; Damaris - 2; Lynell - 11; Corliss - 14.
masa9: Eryn - 13; Gennie - 21; Ollie - 7; Carlee - 10; Mohammed - 17; Joshua - 5; Clement - 8; Sherlene - 3.
masa10: Berry - 16; Farah - 15; Miesha - 9; Johnetta - 14; Derrick - 14; Joie - 21; Janett - 7.
masa11: Lakiesha - 19; Kayleen - 16; Weldon - 16; Leif - 11.
masa12: Kellie - 11; Kara - 20; Annalisa - 18.
masa13: Nicholle - 22; Leopoldo - 8; Linn - 16.
masa14: Delena - 22; Leta - 10.
masa15: Samuel - 22; Efren - 18; Reinaldo - 15; Charlie - 13; Nicolas - 18; Lizzie - 9; Nathalie - 2; Lisabeth - 2.
masa16: Lois - 16; Luciano - 14; Christeen - 7.
masa17: Harold - 6; Norene - 19; Edmundo - 11; Lianne - 1.
masa18: Genevive - 17; Tonita - 12.
masa19: Babette - 18; Gabriele - 4; Jessica - 18; Lyndsey - 16; Emiko - 1; Mildred - 8; Josie - 14.
masa20: Magali - 11; Domenic - 1; Hershel - 14; Luigi - 12; Kristel - 12; Adalberto - 17; Nelly - 17; Vernice - 16.
masa21: Milda - 17; Christene - 3.
masa22: Rosetta - 6; Marshall - 7; Milo - 19; Jayson - 8; Rikki - 17.
masa23: Caitlin - 21; Ligia - 19; Felice - 6; Brigette - 21.
masa24: Jarrett - 2; Elvina - 12; Santiago - 22; Merna - 11; Shin - 13; Ken - 3.
masa25: Cicely - 1; Avery - 8; Jewel - 3; Alex - 4.
masa26: Katie - 20; Aiko - 19; Vannesa - 11; Dion - 14; Vicky - 7; Gus - 1; Malcolm - 1.
masa27: Jamel - 12; Irwin - 5; Alonso - 8; Lyla - 21.
masa28: Pam - 5; Ricki - 6; Carmine - 5; Millie - 20; Dia - 2.
masa29: Gia - 19; Lizeth - 8.
masa31: Melisa - 14; Damon - 1; Leandro - 3; Mario - 4; Kristen - 20.
masa32: Ramiro - 19.
masa33: Christy - 17; Minh - 3; Lanora - 22; Cyndi - 16.
masa34: Cedric - 2; Nicholas - 13; Denver - 8; Bobbi - 4.
masa35: Filomena - 9; Zina - 11.
masa37: Elena - 12; Elane - 2; Gracie - 21; Ta - 14; Buena - 17; Gretta - 1; Liza - 10; Eboni - 8.
masa38: Hunter - 22; Alexis - 20; Melynda - 16; Olin - 6; Eduardo - 5; Camellia - 12.
masa39: Leland - 16; Gilbert - 19; Cecelia - 5; Daysi - 4; Micaela - 1; Milan - 6; Margaretta - 14.
masa41: Keven - 18; Johnny - 3; Tina - 18.
masa42: Alfonso - 10; Percy - 6.
masa43: Arleen - 12; Viva - 16; Reanna - 18.
masa44: Malia - 4; Amalia - 8; Belkis - 8; Wiley - 20; Danuta - 13; Kalyn - 21.
masa45: Karry - 22; Echo - 21.
masa46: Nedra - 18; Hanh - 9.
masa47: Joaquina - 15; Ronald - 14.
masa48: Vincenzo - 15; Lashonda - 6; Misha - 8; Tomeka - 11.
masa49: Faviola - 13; Val - 4; Forest - 7; Jared - 11.
masa50: Sharleen - 17; Joanie - 14.
masa52: Juli - 6; Dessie - 11; Ted - 20; Emmitt - 10; Giuseppe - 11; Gaylord - 5; Sharlene - 22.
masa53: Clarinda - 15; Maritza - 14; Sherly - 4; Lino - 8; Brigitte - 4; Merrill - 9; Colene - 2; Fausto - 22.
masa54: Herman - 6; Salome - 11; Tamala - 5; Blake - 18; Malinda - 20.
masa55: Fernanda - 14; Jesus - 15.
masa56: Josue - 8; Nicki - 13.
masa57: Dwana - 10; Kerry - 3; Man - 12; Daine - 21.
masa58: Modesto - 7; Janyce - 15; Russel - 10.
masa59: Manual - 6.
masa60: Hettie - 22; Lisbeth - 2; Kiyoko - 9.
masa61: Zachery - 13; Versie - 20; Soraya - 14; Hong - 21; Jenell - 2.
masa62: Angel - 13; Garrett - 4.
masa63: Marva - 17.
masa64: Sharyl - 17; Corey - 15; Arturo - 21; Millard - 13; Anibal - 19; Mervin - 21.
masa65: Gale - 4; Samella - 17; Neva - 6; Ailene - 21; Rocco - 5; Colin - 8.
Clasament masa46:
Nedra 18
Hanh 9
Clasament masa50:
Sharleen 17
Joanie 14
Clasament masa62:
Angel 13
Garrett 4
Clasament masa63:
Marva 17
Masa masa30 nu exista!
Masa masa68 nu exista!
Masa masa67 nu exista!
Jucatorul Claudine nu exista la masa masa45!
Jucatorul Filommena nu exista la masa masa25!
Masa masa90 nu exista!
Masa masa66 nu exista!
masa0: Livia - 3; Elden - 1; Elinor - 11; Collin - 3; Shemeka - 12; Vivien - 13; Howard - 9.
masa1: Gerard - 8; Emile - 14; Chi - 11; Tera - 15; Morris - 11; Joannie - 12; Geri - 13.
masa2: Loretta - 1; Theodora - 12.
masa3: Darleen - 10.
masa4: Caroline - 4; Arminda - 4.
masa5: Shizuko - 13; Rhoda - 17; Tonda - 8.
masa6: Virgil - 1; Margherita - 12; Lady - 17; Edward - 15; Dannie - 1.
masa7: Tyree - 13; Burl - 17; Jamar - 2; Clifton - 4; Willodean - 2.
masa8: Corliss - 10; Teisha - 17; Amina - 11; Riley - 4; Lynell - 7.
masa9: Mohammed - 13; Joshua - 1; Clement - 4; Eryn - 9; Gennie - 17; Ollie - 3; Carlee - 6.
masa10: Derrick - 10; Joie - 17; Janett - 3; Berry - 12; Farah - 11; Miesha - 5; Johnetta - 10.
masa11: Kayleen - 11; Weldon - 11; Leif - 6; Lakiesha - 14.
masa12: Kara - 16; Annalisa - 14; Kellie - 7.
masa13: Leopoldo - 4; Linn - 12; Nicholle - 18.
masa14: Delena - 18; Leta - 6.
masa15: Lizzie - 4; Samuel - 17; Efren - 13; Reinaldo - 10; Charlie - 8; Nicolas - 13.
masa16: Luciano - 10; Christeen - 3; Lois - 12.
masa17: Norene - 15; Edmundo - 7; Harold - 2.
masa18: Genevive - 13; Tonita - 8.
masa19: Mildred - 4; Josie - 10; Babette - 14; Jessica - 14; Lyndsey - 12.
masa20: Nelly - 12; Vernice - 11; Magali - 6; Hershel - 9; Luigi - 7; Kristel - 7; Adalberto - 12.
masa21: Milda - 13.
masa22: Rosetta - 1; Marshall - 2; Milo - 14; Jayson - 3; Rikki - 12.
masa23: Ligia - 14; Felice - 1; Brigette - 16; Caitlin - 16.
masa24: Shin - 1.
masa25: Avery - 4.
masa26: Vicky - 3; Katie - 16; Aiko - 15; Vannesa - 7; Dion - 10.
masa27: Jamel - 8; Irwin - 1; Alonso - 4; Lyla - 17.
masa28: Pam - 1; Ricki - 2; Carmine - 1; Millie - 16.
masa29: Gia - 15; Lizeth - 4.
masa31: Melisa - 10; Kristen - 16.
masa32: Ramiro - 14.
masa33: Lanora - 17; Cyndi - 11; Christy - 12.
masa34: Nicholas - 9; Denver - 4.
masa35: Filomena - 5; Zina - 7.
masa37: Buena - 13; Liza - 6; Eboni - 4; Elena - 8; Gracie - 17; Ta - 10.
masa38: Eduardo - 1; Camellia - 8; Hunter - 18; Alexis - 16; Melynda - 12; Olin - 2.
masa39: Milan - 2; Margaretta - 10; Leland - 12; Gilbert - 15; Cecelia - 1.
masa41: Tina - 14; Keven - 14.
masa42: Alfonso - 6; Percy - 2.
masa43: Viva - 12; Reanna - 14; Arleen - 8.
masa44: Danuta - 9; Kalyn - 17; Amalia - 4; Belkis - 4; Wiley - 16.
masa45: Karry - 18; Echo - 17.
masa46: Nedra - 14; Hanh - 5.
masa47: Joaquina - 11; Ronald - 10.
masa48: Vincenzo - 11; Lashonda - 2; Misha - 4; Tomeka - 7.
masa49: Faviola - 9; Forest - 3; Jared - 7.
masa50: Sharleen - 13; Joanie - 10.
masa52: Giuseppe - 7; Gaylord - 1; Sharlene - 18; Juli - 2; Dessie - 7; Ted - 16; Emmitt - 6.
masa53: Merrill - 5; Fausto - 18; Clarinda - 11; Maritza - 10; Lino - 4.
masa54: Malinda - 16; Herman - 2; Salome - 7; Tamala - 1; Blake - 14.
masa55: Fernanda - 10; Jesus - 11.
masa56: Josue - 4; Nicki - 9.
masa57: Dwana - 6; Man - 8; Daine - 17.
masa58: Janyce - 11; Russel - 6; Modesto - 3.
masa59: Manual - 2.
masa60: Kiyoko - 5; Hettie - 18.
masa61: Zachery - 9; Versie - 16; Soraya - 10; Hong - 17.
masa62: Angel - 9.
masa63: Marva - 13.
masa64: Anibal - 15; Mervin - 17; Sharyl - 13; Corey - 11; Arturo - 17; Millard - 9.
masa65: Rocco - 1; Colin - 4; Samella - 13; Neva - 2; Ailene - 17.
Clasament masa24:
Shin 1
Jucatorul ROland nu exista la masa masa47!
Masa masa36 nu exista!
Masa masa24 nu exista!
Masa masa30 nu exista!
masa0: Collin - 1; Shemeka - 10; Vivien - 11; Howard - 7; Margaretta - 8; Leland - 10; Gilbert - 13; Camellia - 6; Hunter - 16; Alexis - 14; Livia - 1; Vernice - 9; Magali - 4; Hershel - 7; Elinor - 9.
masa1: Chi - 9; Tera - 13; Morris - 9; Joannie - 10; Geri - 11; Melynda - 10; Buena - 11; Liza - 4; Eboni - 2; Elena - 6; Gracie - 15; Ta - 8; Josue - 2; Nicki - 7; Dwana - 4; Gerard - 6; Emile - 12.
masa2: Man - 6; Daine - 15; Marva - 11; Anibal - 13; Mervin - 15; Sharyl - 11; Corey - 9; Arturo - 15; Millard - 7; Colin - 2; Samella - 11; Ailene - 15; Luigi - 5; Kristel - 5; Adalberto - 10; Nelly - 10; Milda - 11; Theodora - 10.
masa3: Milo - 12; Jayson - 1; Rikki - 10; Brigette - 14; Caitlin - 14; Ligia - 12; Avery - 2; Katie - 14; Aiko - 13; Vannesa - 5; Dion - 8; Vicky - 1; Alonso - 2; Lyla - 15; Jamel - 6; Millie - 14; Lizeth - 2; Darleen - 8.
masa4: Caroline - 2; Gia - 13; Arminda - 2.
masa5: Tonda - 6; Shizuko - 11; Rhoda - 15.
masa6: Lady - 15; Edward - 13; Margherita - 10.
masa7: Clifton - 2; Tyree - 11; Burl - 15.
masa8: Amina - 9; Riley - 2; Lynell - 5; Corliss - 8; Teisha - 15.
masa9: Eryn - 7; Gennie - 15; Ollie - 1; Carlee - 4; Mohammed - 11; Clement - 2.
masa10: Janett - 1; Berry - 10; Farah - 9; Miesha - 3; Johnetta - 8; Derrick - 8; Joie - 15.
masa11: Leif - 4; Lakiesha - 12; Kayleen - 9; Weldon - 9.
masa12: Kellie - 5; Kara - 14; Annalisa - 12.
masa13: Nicholle - 16; Leopoldo - 2; Linn - 10.
masa14: Delena - 16; Leta - 4.
masa15: Efren - 11; Reinaldo - 8; Charlie - 6; Nicolas - 11; Lizzie - 2; Samuel - 15.
masa16: Lois - 10; Luciano - 8; Christeen - 1.
masa17: Norene - 13; Edmundo - 5.
masa18: Genevive - 11; Tonita - 6.
masa19: Babette - 12; Jessica - 12; Lyndsey - 10; Mildred - 2; Josie - 8.
masa31: Melisa - 8; Kristen - 14.
masa32: Ramiro - 12.
masa33: Christy - 10; Lanora - 15; Cyndi - 9.
masa34: Nicholas - 7; Denver - 2.
masa35: Filomena - 3; Zina - 5.
masa41: Tina - 12; Keven - 12.
masa42: Alfonso - 4.
masa43: Arleen - 6; Viva - 10; Reanna - 12.
masa44: Amalia - 2; Belkis - 2; Wiley - 14; Danuta - 7; Kalyn - 15.
masa45: Karry - 16; Echo - 15.
masa46: Nedra - 12; Hanh - 3.
masa47: Joaquina - 9; Ronald - 8.
masa48: Misha - 2; Tomeka - 5; Vincenzo - 9.
masa49: Jared - 5; Faviola - 7; Forest - 1.
masa50: Sharleen - 11; Joanie - 8.
masa52: Dessie - 5; Ted - 14; Emmitt - 4; Giuseppe - 5; Sharlene - 16.
masa53: Clarinda - 9; Maritza - 8; Lino - 2; Merrill - 3; Fausto - 16.
masa54: Salome - 5; Blake - 12; Malinda - 14.
masa55: Fernanda - 8; Jesus - 9.
masa58: Modesto - 1; Janyce - 9; Russel - 4.
masa60: Kiyoko - 3; Hettie - 16.
masa61: Soraya - 8; Hong - 15; Zachery - 7; Versie - 14.
masa62: Angel - 7.
Masa masa20 nu exista!
Masa masa7 nu exista!
Clasament masa0:
Angel 16
Hunter 15
Burl 14
Alexis 13
Gilbert 12
Vivien 10
Tyree 10
Shemeka 9
Leland 9
Vernice 8
Elinor 8
Margaretta 7
Howard 6
Hershel 6
Camellia 5
Magali 3
Masa masa6 nu exista!
Masa masa5 nu exista!
Masa masa5 nu exista!
Clasament masa13:
Sharlene 15
Nicholle 15
Ted 13
Brigette 13
Linn 9
Giuseppe 4
Dessie 4
Emmitt 3
Leopoldo 1
Masa masa3 nu exista!
Masa masa4 nu exista!
Masa masa5 nu exista!
Masa masa6 nu exista!
Masa masa7 nu exista!
Masa masa8 nu exista!
Masa masa12 nu exista!
masa15: Reinaldo - 7; Charlie - 5; Nicolas - 10; Lizzie - 1; Samuel - 14; Efren - 10; Hunter - 15; Alexis - 13; Vernice - 8; Magali - 3; Hershel - 6; Elinor - 8; Angel - 16; Tyree - 10.
masa16: Luciano - 7; Lois - 9; Burl - 14; Tera - 12; Morris - 8; Joannie - 9; Geri - 10; Melynda - 9; Buena - 10; Liza - 3; Eboni - 1; Elena - 5; Gracie - 14; Ta - 7; Josue - 1; Nicki - 6; Dwana - 3.
masa17: Edmundo - 4; Norene - 12; Gerard - 5; Emile - 11; Soraya - 7; Chi - 8; Daine - 14; Marva - 10; Anibal - 12; Mervin - 14; Sharyl - 10; Corey - 8; Arturo - 14.
masa18: Tonita - 15; Genevive - 10; Millard - 6; Colin - 1; Samella - 10; Ailene - 14; Luigi - 4; Kristel - 4; Adalberto - 9; Nelly - 9; Milda - 10; Theodora - 9; Hong - 14; Man - 5; Gennie - 14; Carlee - 3; Mohammed - 10; Clement - 1; Eryn - 6; Caitlin - 13.
masa31: Kristen - 13; Melisa - 7; Ligia - 11; Avery - 1; Katie - 13; Aiko - 12; Vannesa - 4; Dion - 7; Alonso - 1; Berry - 9; Farah - 8; Miesha - 2; Johnetta - 7; Derrick - 7; Joie - 14; Lyla - 14; Jamel - 5; Millie - 13; Lizeth - 1; Darleen - 7.
masa32: Ramiro - 11; Zachery - 6; Versie - 13; Milo - 11; Lady - 14; Lakiesha - 11; Kayleen - 8; Weldon - 8; Leif - 3; Edward - 12; Jessica - 11; Lyndsey - 9; Mildred - 1; Josie - 7; Babette - 11; Riley - 1; Lynell - 4; Corliss - 7; Teisha - 14.
masa33: Lanora - 14; Cyndi - 8; Christy - 9; Amina - 8; Margherita - 9; Leopoldo - 1; Linn - 9; Nicholle - 15; Brigette - 13; Ted - 13; Emmitt - 3; Giuseppe - 4; Sharlene - 15; Dessie - 4; Kara - 13; Annalisa - 11; Kellie - 4; Tonda - 5; Shizuko - 10.
masa34: Denver - 1; Nicholas - 6; Leta - 3; Delena - 15; Rhoda - 14; Caroline - 1; Gia - 12; Arminda - 1; Kiyoko - 2; Hettie - 15; Clifton - 1; Rikki - 9; Shemeka - 9; Vivien - 10; Howard - 6; Margaretta - 7; Leland - 9; Gilbert - 12; Camellia - 5.
masa35: Zina - 4; Filomena - 2.
masa41: Keven - 11; Tina - 11.
masa42: Alfonso - 3.
masa43: Viva - 9; Reanna - 11; Arleen - 5.
masa44: Belkis - 1; Wiley - 13; Danuta - 6; Kalyn - 14; Amalia - 1.
masa45: Echo - 14; Karry - 15.
masa46: Hanh - 2; Nedra - 11.
masa47: Ronald - 17; Joaquina - 8.
masa48: Tomeka - 4; Vincenzo - 8; Misha - 1.
masa49: Faviola - 6; Jared - 4.
masa50: Joanie - 7; Sharleen - 10.
masa53: Maritza - 7; Lino - 1; Merrill - 2; Fausto - 15; Clarinda - 8.
masa54: Blake - 11; Malinda - 13; Salome - 4.
masa55: Jesus - 8; Fernanda - 7.
masa58: Janyce - 8; Russel - 3.
masa31: Kristen - 13; Melisa - 7; Ligia - 11; Avery - 1; Katie - 13; Aiko - 12; Vannesa - 4; Dion - 7; Alonso - 1; Berry - 9; Farah - 8; Miesha - 2; Johnetta - 7; Derrick - 7; Joie - 14; Lyla - 14; Jamel - 5; Millie - 13; Lizeth - 1; Darleen - 7.
masa32: Ramiro - 11; Zachery - 6; Versie - 13; Milo - 11; Lady - 14; Lakiesha - 11; Kayleen - 8; Weldon - 8; Leif - 3; Edward - 12; Jessica - 11; Lyndsey - 9; Mildred - 1; Josie - 7; Babette - 11; Riley - 1; Lynell - 4; Corliss - 7; Teisha - 14.
masa33: Lanora - 14; Cyndi - 8; Christy - 9; Amina - 8; Margherita - 9; Leopoldo - 1; Linn - 9; Nicholle - 15; Brigette - 13; Ted - 13; Emmitt - 3; Giuseppe - 4; Sharlene - 15; Dessie - 4; Kara - 13; Annalisa - 11; Kellie - 4; Tonda - 5; Shizuko - 10.
masa34: Denver - 1; Nicholas - 6; Leta - 3; Delena - 15; Rhoda - 14; Caroline - 1; Gia - 12; Arminda - 1; Kiyoko - 2; Hettie - 15; Clifton - 1; Rikki - 9; Shemeka - 9; Vivien - 10; Howard - 6; Margaretta - 7; Leland - 9; Gilbert - 12; Camellia - 5.
masa35: Zina - 4; Filomena - 2; Reinaldo - 7; Charlie - 5; Nicolas - 10; Lizzie - 1; Samuel - 14; Efren - 10; Hunter - 15; Alexis - 13; Vernice - 8; Magali - 3; Hershel - 6; Elinor - 8; Angel - 16; Tyree - 10; Luciano - 7; Lois - 9; Burl - 14; Tera - 12.
masa41: Keven - 11; Tina - 11; Morris - 8; Joannie - 9; Geri - 10; Melynda - 9; Buena - 10; Liza - 3; Eboni - 1; Elena - 5; Gracie - 14; Ta - 7; Josue - 1; Nicki - 6; Dwana - 3.
masa42: Alfonso - 3; Edmundo - 4; Norene - 12; Gerard - 5; Emile - 11; Soraya - 7; Chi - 8; Daine - 14; Marva - 10; Anibal - 12; Mervin - 14; Sharyl - 10; Corey - 8; Arturo - 14; Tonita - 15; Genevive - 10; Millard - 6; Colin - 1; Samella - 10.
masa43: Viva - 9; Reanna - 11; Arleen - 5; Ailene - 14; Luigi - 4; Kristel - 4; Adalberto - 9; Nelly - 9; Milda - 10; Theodora - 9; Hong - 14; Man - 5; Gennie - 14; Carlee - 3; Mohammed - 10; Clement - 1; Eryn - 6; Caitlin - 13.
masa44: Belkis - 1; Wiley - 13; Danuta - 6; Kalyn - 14; Amalia - 1.
masa45: Echo - 14; Karry - 15.
masa46: Hanh - 2; Nedra - 11.
masa47: Ronald - 17; Joaquina - 8.
masa48: Tomeka - 4; Vincenzo - 8; Misha - 1.
masa49: Faviola - 6; Jared - 4.
masa50: Joanie - 7; Sharleen - 10.
masa53: Maritza - 7; Lino - 1; Merrill - 2; Fausto - 15; Clarinda - 8.
masa54: Blake - 11; Malinda - 13; Salome - 4.
masa55: Jesus - 8; Fernanda - 7.
masa58: Janyce - 8; Russel - 3.
Masa masa19 nu exista!
Masa masa20 nu exista!
Masa masa21 nu exista!
masa31: Kristen - 13; Melisa - 7; Ligia - 11; Avery - 1; Katie - 13; Aiko - 12; Vannesa - 4; Dion - 7; Alonso - 1; Berry - 9; Farah - 8; Miesha - 2; Johnetta - 7; Derrick - 7; Joie - 14; Lyla - 14; Jamel - 5; Millie - 13; Lizeth - 1; Darleen - 7.
masa32: Ramiro - 11; Zachery - 6; Versie - 13; Milo - 11; Lady - 14; Lakiesha - 11; Kayleen - 8; Weldon - 8; Leif - 3; Edward - 12; Jessica - 11; Lyndsey - 9; Mildred - 1; Josie - 7; Babette - 11; Riley - 1; Lynell - 4; Corliss - 7; Teisha - 14.
masa33: Lanora - 14; Cyndi - 8; Christy - 9; Amina - 8; Margherita - 9; Leopoldo - 1; Linn - 9; Nicholle - 15; Brigette - 13; Ted - 13; Emmitt - 3; Giuseppe - 4; Sharlene - 15; Dessie - 4; Kara - 13; Annalisa - 11; Kellie - 4; Tonda - 5; Shizuko - 10.
masa34: Denver - 1; Nicholas - 6; Leta - 3; Delena - 15; Rhoda - 14; Caroline - 1; Gia - 12; Arminda - 1; Kiyoko - 2; Hettie - 15; Clifton - 1; Rikki - 9; Shemeka - 9; Vivien - 10; Howard - 6; Margaretta - 7; Leland - 9; Gilbert - 12; Camellia - 5.
masa35: Zina - 4; Filomena - 2; Reinaldo - 7; Charlie - 5; Nicolas - 10; Lizzie - 1; Samuel - 14; Efren - 10; Hunter - 15; Alexis - 13; Vernice - 8; Magali - 3; Hershel - 6; Elinor - 8; Angel - 16; Tyree - 10; Luciano - 7; Lois - 9; Burl - 14; Tera - 12.
masa41: Keven - 11; Tina - 11; Morris - 8; Joannie - 9; Geri - 10; Melynda - 9; Buena - 10; Liza - 3; Eboni - 1; Elena - 5; Gracie - 14; Ta - 7; Josue - 1; Nicki - 6; Dwana - 3.
masa42: Alfonso - 3; Edmundo - 4; Norene - 12; Gerard - 5; Emile - 11; Soraya - 7; Chi - 8; Daine - 14; Marva - 10; Anibal - 12; Mervin - 14; Sharyl - 10; Corey - 8; Arturo - 14; Tonita - 15; Genevive - 10; Millard - 6; Colin - 1; Samella - 10.
masa43: Viva - 9; Reanna - 11; Arleen - 5; Ailene - 14; Luigi - 4; Kristel - 4; Adalberto - 9; Nelly - 9; Milda - 10; Theodora - 9; Hong - 14; Man - 5; Gennie - 14; Carlee - 3; Mohammed - 10; Clement - 1; Eryn - 6; Caitlin - 13.
masa44: Belkis - 1; Wiley - 13; Danuta - 6; Kalyn - 14; Amalia - 1.
masa45: Echo - 14; Karry - 15.
masa46: Hanh - 2; Nedra - 11.
masa47: Ronald - 17; Joaquina - 8.
masa48: Tomeka - 4; Vincenzo - 8; Misha - 1.
masa49: Faviola - 6; Jared - 4.
masa50: Joanie - 7; Sharleen - 10.
masa53: Maritza - 7; Lino - 1; Merrill - 2; Fausto - 15; Clarinda - 8.
masa54: Blake - 11; Malinda - 13; Salome - 4.
masa55: Jesus - 8; Fernanda - 7.
masa58: Janyce - 8; Russel - 3.
Masa masa21 nu exista!
Masa masa20 nu exista!
Masa masa22 nu exista!
masa44: Belkis - 1; Wiley - 13; Danuta - 6; Kalyn - 14; Amalia - 1; Melisa - 7; Ligia - 11; Avery - 1; Katie - 13; Aiko - 12; Vannesa - 4; Dion - 7; Alonso - 1; Berry - 9; Farah - 8; Miesha - 2; Johnetta - 7; Derrick - 7; Joie - 14; Lyla - 14.
masa45: Echo - 14; Karry - 15; Jamel - 5; Millie - 13; Lizeth - 1; Darleen - 7; Ramiro - 11; Zachery - 6; Versie - 13; Milo - 11; Lady - 14; Lakiesha - 11; Kayleen - 8; Weldon - 8; Leif - 3; Edward - 12.
masa46: Hanh - 2; Nedra - 11; Jessica - 11; Lyndsey - 9; Mildred - 1; Josie - 7; Babette - 11; Riley - 1; Lynell - 4; Corliss - 7; Teisha - 14; Lanora - 14; Cyndi - 8; Christy - 9; Amina - 8; Margherita - 9; Leopoldo - 1; Linn - 9.
masa47: Ronald - 17; Joaquina - 8; Nicholle - 15; Brigette - 13; Ted - 13; Emmitt - 3; Giuseppe - 4; Sharlene - 15; Dessie - 4; Kara - 13; Annalisa - 11; Kellie - 4; Tonda - 5; Shizuko - 10; Denver - 1.
masa48: Tomeka - 4; Vincenzo - 8; Misha - 1; Nicholas - 6; Leta - 3; Delena - 15; Rhoda - 14; Caroline - 1; Gia - 12; Arminda - 1; Kiyoko - 2; Hettie - 15; Clifton - 1; Rikki - 9; Shemeka - 9; Vivien - 10; Howard - 6; Margaretta - 7; Leland - 9.
masa49: Faviola - 6; Jared - 4; Gilbert - 12; Camellia - 5; Zina - 4; Filomena - 2; Reinaldo - 7; Charlie - 5; Nicolas - 10; Lizzie - 1; Samuel - 14; Efren - 10; Hunter - 15; Alexis - 13.
masa50: Joanie - 7; Sharleen - 10; Vernice - 8; Magali - 3; Hershel - 6; Elinor - 8; Angel - 16; Tyree - 10; Luciano - 7; Lois - 9; Burl - 14; Tera - 12; Keven - 11; Tina - 11; Morris - 8; Joannie - 9.
masa53: Maritza - 7; Lino - 1; Merrill - 2; Fausto - 15; Clarinda - 8; Geri - 10; Melynda - 9; Buena - 10; Liza - 3; Eboni - 1; Elena - 5; Gracie - 14; Ta - 7; Josue - 1; Nicki - 6; Dwana - 3; Alfonso - 3; Edmundo - 4.
masa54: Blake - 11; Malinda - 13; Salome - 4; Norene - 12; Gerard - 5; Emile - 11; Soraya - 7; Chi - 8; Daine - 14; Marva - 10; Anibal - 12; Mervin - 14; Sharyl - 10; Corey - 8; Arturo - 14; Tonita - 15; Genevive - 10; Millard - 6; Colin - 1; Samella - 10.
masa55: Jesus - 8; Fernanda - 7; Viva - 9; Reanna - 11; Arleen - 5; Ailene - 14; Luigi - 4; Kristel - 4; Adalberto - 9; Nelly - 9; Milda - 10; Theodora - 9; Hong - 14; Man - 5; Gennie - 14.
masa58: Janyce - 8; Russel - 3; Carlee - 3; Mohammed - 10; Clement - 1; Eryn - 6; Caitlin - 13; Kristen - 13.
Nu exista suficiente locuri in sala!
masa44: Wiley - 2; Kalyn - 3; Katie - 2; Aiko - 1; Joie - 3; Lyla - 3.
masa45: Echo - 3; Karry - 4; Millie - 2; Versie - 2; Lady - 3; Edward - 1.
masa46: Teisha - 3; Lanora - 3.
masa47: Brigette - 2; Ted - 2; Sharlene - 4; Kara - 2; Ronald - 6; Nicholle - 4.
masa48: Rhoda - 3; Gia - 1; Hettie - 4; Delena - 4.
masa49: Samuel - 3; Hunter - 4; Alexis - 2; Gilbert - 1.
masa50: Angel - 5; Burl - 3; Tera - 1.
masa53: Fausto - 4; Gracie - 3.
masa54: Mervin - 3; Arturo - 3; Tonita - 4; Malinda - 2; Norene - 1; Daine - 3; Anibal - 1.
masa55: Ailene - 3; Hong - 3; Gennie - 3.
masa58: Caitlin - 2; Kristen - 2.
masa47: Ronald - 1.
Sala este inchisa!
