masa0: Millard - 29; Theodora - 41; Toya - 51; Howard - 11; Stasia - 9; Joannie - 15; King - 44; Maile - 33; Bradley - 4; Janett - 20; Val - 11; Johnny - 15; Vernice - 12.
masa1: Weldon - 9; Sammie - 17; Emanuel - 27; Gennie - 13; Merrill - 19; Madlyn - 3; Blake - 21; Nickole - 7; Devin - 4; Dimple - 32; Monica - 40; Latasha - 48; Jorge - 7; Kerry - 36; Collette - 47.
masa2: Avery - 51; Vicente - 17; Ramiro - 37; Aldo - 37; Joanie - 51; Matilda - 14; Devon - 24.
masa3: Keith - 22; Modesto - 46; Mac - 29; Paige - 18; Kelly - 25; Myles - 13; Lizeth - 4; Parker - 5; Ollie - 9; Gus - 3.
masa4: Rosa - 41; Tonda - 26.
masa5: Carrol - 21.
masa6: Gabriele - 21; Oneida - 24; Gertrudis - 19; Rhea - 14.
masa7: Jeni - 36; Elayne - 13; Jackie - 30; Warren - 19; Hung - 17; Sharyl - 40; Shelley - 16; Gwendolyn - 31; Adriana - 28; Alpha - 40.
masa8: Percy - 27; Charley - 39; Roxana - 35; Michel - 14.
masa9: Chi - 33; Tuyet - 14; Drusilla - 5; Efrain - 23; Daysi - 5; Vince - 10; Brigette - 38; Herb - 5; Randall - 49; Ashli - 28.
masa10: Serafina - 29; Katie - 42; Millie - 39; Ashley - 47; Camellia - 46; Sherlene - 25; Kandis - 47.
masa11: Efren - 12.
masa12: Corie - 51; Tarra - 12; Ebonie - 27; Reanna - 22; Gidget - 27; Walton - 18; Alexis - 43; Darren - 33; Sharla - 18.
masa13: Antwan - 42; Dean - 3; Arleen - 19; Corrin - 44; Flo - 30; Clifton - 6; Caryn - 26.
masa14: Horacio - 43; Abe - 29; Filiberto - 43; Candance - 41.
masa15: Farrah - 31; Chang - 51; Philip - 22; Cristal - 32; Kourtney - 50; Preston - 24; Ronald - 15.
masa17: Donnell - 47; Bertram - 16; Abram - 21; Coreen - 33; Nery - 42; Kiley - 40; Gerard - 24; Ignacio - 44.
masa18: Vannesa - 16; Fausto - 25; Bruce - 37; John - 51; Gregory - 14.
masa19: Buena - 25; Augustus - 50; Shin - 23; Callie - 41; Trudie - 26; Lindsay - 26; Marti - 16; Jewel - 27; Magali - 44.
masa20: Takako - 44; Thaddeus - 31; Ciera - 35; Sage - 12; Rhoda - 44; Maple - 19; Geri - 9; Zachery - 5.
masa21: Riley - 3; Christeen - 51; Chan - 22; Kellie - 41.
masa22: Pauline - 48; Delila - 21; Marin - 27; Jere - 23; Kip - 20.
masa23: Mario - 29; Sydney - 51; Luis - 45; Reita - 30; Reyes - 40; Genevive - 10; Wiley - 11; Teisha - 43; Chantay - 42; Karla - 10.
masa24: Zachary - 43; Claudio - 29; Rosaria - 37; Dessie - 41; Caroline - 20; Domenic - 21; Jon - 29; Agatha - 40; Kurtis - 29; Jani - 21.
masa25: Barney - 7; Ulysses - 35; Willy - 34; Dia - 50; Melvin - 34.
masa26: Seth - 5; Clement - 25; Leta - 12.
masa27: Otto - 44; Dorothy - 4; Pearlene - 40; Margery - 35; Granville - 20; Charmaine - 31; Leilani - 30; Man - 18; Kamilah - 12; Juliane - 18.
masa28: Hai - 3; Eduardo - 11; Venus - 31; Bobbi - 30; Inez - 3; Micaela - 43.
masa29: Ken - 26; Georgie - 4; Melodi - 23; Keven - 35; Lizzie - 43; Madelaine - 35; Alesia - 28; Thomas - 34; Arline - 23.
masa30: Emery - 13; Vicky - 35; Natacha - 20; Jordon - 38; Jason - 31; Danette - 7; Josue - 33; Echo - 16; Gretta - 40; Nathalie - 48.
masa31: Evelia - 20; Anne - 8; Shannon - 33; Mary - 11; Sherri - 36; Katelin - 17; Jeffry - 22; Joey - 42; Amina - 11.
masa32: Rita - 20; Randal - 6; Lashonda - 45; Rodolfo - 44; Lavona - 16; Arie - 33; Malia - 22; Lawanda - 47; Malka - 34.
masa33: Maryanne - 7; Joshua - 10.
masa34: Mirna - 38; Rosario - 42.
masa35: Loretta - 42; Gia - 46; Paulina - 45; Tomas - 18; Houston - 36; Hal - 12.
masa36: Jared - 4; Mechelle - 22.
masa37: Judy - 11; Nelly - 41; Merlene - 16; Aiko - 15; Nicki - 5; Dannie - 43; Hanh - 16; Johnathan - 27; Nedra - 27.
masa38: Homer - 6; Kraig - 27; Dione - 18; Sang - 47; Tomeka - 36; Ela - 23; Nadia - 27; Hosea - 18; Raisa - 49.
masa39: Ellsworth - 41; Arnulfo - 4; Alverta - 14; Elden - 19; Vicki - 18.
masa40: Corey - 15; Corliss - 26; Bobbie - 39; Matthew - 33.
masa41: Tamala - 19; Emile - 7; Milan - 38.
masa42: Wilhelmina - 32; Mikel - 12; Harriette - 49; Violet - 21; Alfonzo - 25; Thurman - 22; Jesus - 33; Tonita - 31; Mack - 8.
masa43: Helena - 17; Aimee - 36; Clare - 24; Jacklyn - 40.
masa44: Mika - 22; Christy - 51; Lourie - 33; Lawerence - 24; Garrett - 10; Jarrett - 23; Brigitte - 22.
masa45: Nydia - 26; Maris - 38.
masa46: Cyndi - 49; Karl - 40.
masa47: Russel - 7; Eneida - 43; Edda - 26; Coleman - 51; Annalisa - 45; Melynda - 35; Hiram - 29; Berry - 46; Shawn - 46; Myrtle - 46.
masa48: Hans - 37.
masa49: Twila - 30; Nicholle - 23; Alane - 28; Jung - 27; Kara - 4; Walker - 19; Hubert - 43.
Masa masa54 nu exista!
Clasament masa35:
Gia 46
Paulina 45
Loretta 42
Houston 36
Tomas 18
Hal 12
Masa masa59 nu exista!
Clasament masa38:
Raisa 49
Sang 47
Tomeka 36
Nadia 27
Kraig 27
Ela 23
Hosea 18
Dione 18
Homer 6
Clasament masa13:
Corrin 44
Antwan 42
Flo 30
Caryn 26
Arleen 19
Clifton 6
Dean 3
Clasament masa1:
Latasha 48
Collette 47
Monica 40
Kerry 36
Dimple 32
Venus 31
Bobbi 30
Emanuel 27
Blake 21
Merrill 19
Sammie 17
Gennie 13
Eduardo 11
Weldon 9
Nickole 7
Jorge 7
Devin 4
Madlyn 3
Hai 3
Masa masa51 nu exista!
masa0: Millard - 29; Theodora - 41; Toya - 51; Howard - 11; Stasia - 9; Joannie - 15; King - 44; Maile - 33; Bradley - 4; Janett - 20; Val - 11; Johnny - 15; Vernice - 12.
masa1: Weldon - 9; Sammie - 17; Emanuel - 27; Gennie - 13; Merrill - 19; Madlyn - 3; Blake - 21; Nickole - 7; Devin - 4; Dimple - 32; Monica - 40; Latasha - 48; Jorge - 7; Kerry - 36; Collette - 47; Hai - 3; Eduardo - 11; Venus - 31; Bobbi - 30.
masa2: Avery - 51; Vicente - 17; Ramiro - 37; Aldo - 37; Joanie - 51; Matilda - 14; Devon - 24; Inez - 3; Micaela - 43.
masa3: Keith - 22; Modesto - 46; Mac - 29; Paige - 18; Kelly - 25; Myles - 13; Lizeth - 4; Parker - 5; Ollie - 9; Gus - 3.
masa4: Rosa - 41; Tonda - 26.
masa5: Carrol - 21.
masa6: Gabriele - 21; Oneida - 24; Gertrudis - 19; Rhea - 14.
masa7: Jeni - 36; Elayne - 13; Jackie - 30; Warren - 19; Hung - 17; Sharyl - 40; Shelley - 16; Gwendolyn - 31; Adriana - 28; Alpha - 40.
masa8: Percy - 27; Charley - 39; Roxana - 35; Michel - 14.
masa9: Chi - 33; Tuyet - 14; Drusilla - 5; Efrain - 23; Daysi - 5; Vince - 10; Brigette - 38; Herb - 5; Randall - 49; Ashli - 28.
masa10: Serafina - 29; Katie - 42; Millie - 39; Ashley - 47; Camellia - 46; Sherlene - 25; Kandis - 47.
masa11: Efren - 12.
masa12: Tarra - 11; Ebonie - 26; Reanna - 21; Gidget - 26; Walton - 17; Alexis - 42; Darren - 32; Sharla - 17; Corie - 50.
masa13: Antwan - 42; Dean - 3; Arleen - 19; Corrin - 44; Flo - 30; Clifton - 6; Caryn - 26.
masa14: Abe - 28; Filiberto - 42; Candance - 40; Horacio - 42.
masa15: Farrah - 31; Chang - 51; Philip - 22; Cristal - 32; Kourtney - 50; Preston - 24; Ronald - 15.
masa17: Donnell - 47; Bertram - 16; Abram - 21; Coreen - 33; Nery - 42; Kiley - 40; Gerard - 24; Ignacio - 44.
masa18: Vannesa - 16; Fausto - 25; Bruce - 37; John - 51; Gregory - 14.
masa19: Buena - 25; Augustus - 50; Shin - 23; Callie - 41; Trudie - 26; Lindsay - 26; Marti - 16; Jewel - 27; Magali - 44.
masa20: Takako - 44; Thaddeus - 31; Ciera - 35; Sage - 12; Rhoda - 44; Maple - 19; Geri - 9; Zachery - 5.
masa21: Riley - 3; Christeen - 51; Chan - 22; Kellie - 41.
masa22: Pauline - 48; Delila - 21; Marin - 27; Jere - 23; Kip - 20.
masa23: Mario - 29; Sydney - 51; Luis - 45; Reita - 30; Reyes - 40; Genevive - 10; Wiley - 11; Teisha - 43; Chantay - 42; Karla - 10.
masa24: Zachary - 43; Claudio - 29; Rosaria - 37; Dessie - 41; Caroline - 20; Domenic - 21; Jon - 29; Agatha - 40; Kurtis - 29; Jani - 21.
masa25: Barney - 7; Ulysses - 35; Willy - 34; Dia - 50; Melvin - 34.
masa26: Seth - 5; Clement - 25; Leta - 12.
masa27: Otto - 44; Dorothy - 4; Pearlene - 40; Margery - 35; Granville - 20; Charmaine - 31; Leilani - 30; Man - 18; Kamilah - 12; Juliane - 18.
masa29: Ken - 26; Georgie - 4; Melodi - 23; Keven - 35; Lizzie - 43; Madelaine - 35; Alesia - 28; Thomas - 34; Arline - 23.
masa30: Emery - 13; Vicky - 35; Natacha - 20; Jordon - 38; Jason - 31; Danette - 7; Josue - 33; Echo - 16; Gretta - 40; Nathalie - 48.
masa31: Evelia - 20; Anne - 8; Shannon - 33; Mary - 11; Sherri - 36; Katelin - 17; Jeffry - 22; Joey - 42; Amina - 11.
masa32: Rita - 20; Randal - 6; Lashonda - 45; Rodolfo - 44; Lavona - 16; Arie - 33; Malia - 22; Lawanda - 47; Malka - 34.
masa33: Maryanne - 7; Joshua - 10.
masa34: Mirna - 38; Rosario - 42.
masa35: Loretta - 42; Gia - 46; Paulina - 45; Tomas - 18; Houston - 36; Hal - 12.
masa36: Jared - 4; Mechelle - 22.
masa37: Judy - 11; Nelly - 41; Merlene - 16; Aiko - 15; Nicki - 5; Dannie - 43; Hanh - 16; Johnathan - 27; Nedra - 27.
masa38: Homer - 6; Kraig - 27; Dione - 18; Sang - 47; Tomeka - 36; Ela - 23; Nadia - 27; Hosea - 18; Raisa - 49.
masa39: Ellsworth - 41; Arnulfo - 4; Alverta - 14; Elden - 19; Vicki - 18.
masa40: Corey - 15; Corliss - 26; Bobbie - 39; Matthew - 33.
masa41: Tamala - 19; Emile - 7; Milan - 38.
masa42: Wilhelmina - 32; Mikel - 12; Harriette - 49; Violet - 21; Alfonzo - 25; Thurman - 22; Jesus - 33; Tonita - 31; Mack - 8.
masa43: Helena - 17; Aimee - 36; Clare - 24; Jacklyn - 40.
masa44: Mika - 22; Christy - 51; Lourie - 33; Lawerence - 24; Garrett - 10; Jarrett - 23; Brigitte - 22.
masa45: Nydia - 26; Maris - 38.
masa46: Cyndi - 49; Karl - 40.
masa47: Russel - 7; Eneida - 43; Edda - 26; Coleman - 51; Annalisa - 45; Melynda - 35; Hiram - 29; Berry - 46; Shawn - 46; Myrtle - 46.
masa48: Hans - 37.
masa49: Twila - 30; Nicholle - 23; Alane - 28; Jung - 27; Kara - 4; Walker - 19; Hubert - 43.
Masa masa16 nu exista!
Clasament masa27:
Otto 44
Pearlene 40
Margery 35
Charmaine 31
Leilani 30
Granville 20
Man 18
Juliane 18
Kamilah 12
Dorothy 4
Masa masa58 nu exista!
Masa masa16 nu exista!
Masa masa57 nu exista!
Clasament masa43:
Jacklyn 40
Aimee 36
Clare 24
Helena 17
Masa masa52 nu exista!
masa0: Millard - 29; Theodora - 41; Toya - 51; Howard - 11; Stasia - 9; Joannie - 15; King - 44; Maile - 33; Bradley - 4; Janett - 20; Val - 11; Johnny - 15; Vernice - 12.
masa1: Weldon - 9; Sammie - 17; Emanuel - 27; Gennie - 13; Merrill - 19; Madlyn - 3; Blake - 21; Nickole - 7; Devin - 4; Dimple - 32; Monica - 40; Latasha - 48; Jorge - 7; Kerry - 36; Collette - 47; Hai - 3; Eduardo - 11; Venus - 31; Bobbi - 30.
masa2: Avery - 51; Vicente - 17; Ramiro - 37; Aldo - 37; Joanie - 51; Matilda - 14; Devon - 24; Inez - 3; Micaela - 43; Twila - 30.
masa3: Keith - 22; Modesto - 46; Mac - 29; Paige - 18; Kelly - 25; Myles - 13; Lizeth - 4; Parker - 5; Ollie - 9; Gus - 3; Nicholle - 23; Alane - 28; Jung - 27; Kara - 4; Walker - 19; Hubert - 43.
masa4: Rosa - 41; Tonda - 26.
masa5: Carrol - 21.
masa6: Gabriele - 21; Oneida - 24; Gertrudis - 19; Rhea - 14.
masa7: Jeni - 36; Elayne - 13; Jackie - 30; Warren - 19; Hung - 17; Sharyl - 40; Shelley - 16; Gwendolyn - 31; Adriana - 28; Alpha - 40.
masa8: Percy - 27; Charley - 39; Roxana - 35; Michel - 14.
masa9: Chi - 33; Tuyet - 14; Drusilla - 5; Efrain - 23; Daysi - 5; Vince - 10; Brigette - 38; Herb - 5; Randall - 49; Ashli - 28.
masa10: Serafina - 29; Katie - 42; Millie - 39; Ashley - 47; Camellia - 46; Sherlene - 25; Kandis - 47.
masa11: Efren - 12.
masa12: Tarra - 11; Ebonie - 26; Reanna - 21; Gidget - 26; Walton - 17; Alexis - 42; Darren - 32; Sharla - 17; Corie - 50.
masa13: Antwan - 42; Dean - 3; Arleen - 19; Corrin - 44; Flo - 30; Clifton - 6; Caryn - 26.
masa14: Abe - 28; Filiberto - 42; Candance - 40; Horacio - 42.
masa15: Farrah - 31; Chang - 51; Philip - 22; Cristal - 32; Kourtney - 50; Preston - 24; Ronald - 15.
masa17: Donnell - 47; Bertram - 16; Abram - 21; Coreen - 33; Nery - 42; Kiley - 40; Gerard - 24; Ignacio - 44.
masa18: Vannesa - 16; Fausto - 25; Bruce - 37; John - 51; Gregory - 14.
masa19: Buena - 25; Augustus - 50; Shin - 23; Callie - 41; Trudie - 26; Lindsay - 26; Marti - 16; Jewel - 27; Magali - 44.
masa20: Takako - 44; Thaddeus - 31; Ciera - 35; Sage - 12; Rhoda - 44; Maple - 19; Geri - 9; Zachery - 5.
masa21: Christeen - 50; Chan - 21; Kellie - 40; Riley - 2.
masa22: Pauline - 48; Delila - 21; Marin - 27; Jere - 23; Kip - 20.
masa23: Mario - 29; Sydney - 51; Luis - 45; Reita - 30; Reyes - 40; Genevive - 10; Wiley - 11; Teisha - 43; Chantay - 42; Karla - 10.
masa24: Zachary - 43; Claudio - 29; Rosaria - 37; Dessie - 41; Caroline - 20; Domenic - 21; Jon - 29; Agatha - 40; Kurtis - 29; Jani - 21.
masa25: Barney - 7; Ulysses - 35; Willy - 34; Dia - 50; Melvin - 34.
masa26: Seth - 5; Clement - 25; Leta - 12.
masa27: Otto - 44; Dorothy - 4; Pearlene - 40; Margery - 35; Granville - 20; Charmaine - 31; Leilani - 30; Man - 18; Kamilah - 12; Juliane - 18.
masa29: Ken - 26; Georgie - 4; Melodi - 23; Keven - 35; Lizzie - 43; Madelaine - 35; Alesia - 28; Thomas - 34; Arline - 23.
masa30: Emery - 13; Vicky - 35; Natacha - 20; Jordon - 38; Jason - 31; Danette - 7; Josue - 33; Echo - 16; Gretta - 40; Nathalie - 48.
masa31: Evelia - 20; Anne - 8; Shannon - 33; Mary - 11; Sherri - 36; Katelin - 17; Jeffry - 22; Joey - 42; Amina - 11.
masa32: Rita - 20; Randal - 6; Lashonda - 45; Rodolfo - 44; Lavona - 16; Arie - 33; Malia - 22; Lawanda - 47; Malka - 34.
masa33: Maryanne - 7; Joshua - 10.
masa34: Mirna - 38; Rosario - 42.
masa35: Loretta - 42; Gia - 46; Paulina - 45; Tomas - 18; Houston - 36; Hal - 12.
masa36: Jared - 4; Mechelle - 22.
masa37: Judy - 11; Nelly - 41; Merlene - 16; Aiko - 15; Nicki - 5; Dannie - 43; Hanh - 16; Johnathan - 27; Nedra - 27.
masa38: Homer - 6; Kraig - 27; Dione - 18; Sang - 47; Tomeka - 36; Ela - 23; Nadia - 27; Hosea - 18; Raisa - 49.
masa39: Ellsworth - 41; Arnulfo - 4; Alverta - 14; Elden - 19; Vicki - 18.
masa40: Corey - 15; Corliss - 26; Bobbie - 39; Matthew - 33.
masa41: Tamala - 19; Emile - 7; Milan - 38.
masa42: Wilhelmina - 32; Mikel - 12; Harriette - 49; Violet - 21; Alfonzo - 25; Thurman - 22; Jesus - 33; Tonita - 31; Mack - 8.
masa43: Helena - 17; Aimee - 36; Clare - 24; Jacklyn - 40.
masa44: Christy - 50; Lourie - 32; Lawerence - 23; Garrett - 9; Jarrett - 22; Brigitte - 21; Mika - 21.
masa45: Nydia - 26; Maris - 38.
masa46: Cyndi - 49; Karl - 40.
masa47: Russel - 7; Eneida - 43; Edda - 26; Coleman - 51; Annalisa - 45; Melynda - 35; Hiram - 29; Berry - 46; Shawn - 46; Myrtle - 46.
masa48: Hans - 37.
Masa masa51 nu exista!
Clasament masa0:
Toya 51
King 44
Theodora 41
Maile 33
Millard 29
Janett 20
Johnny 15
Joannie 15
Vernice 12
Val 11
Howard 11
Stasia 9
Bradley 4
Clasament masa36:
Mechelle 22
Jared 4
Masa masa58 nu exista!
masa0: Millard - 29; Theodora - 41; Toya - 51; Howard - 11; Stasia - 9; Joannie - 15; King - 44; Maile - 33; Bradley - 4; Janett - 20; Val - 11; Johnny - 15; Vernice - 12.
masa1: Weldon - 9; Sammie - 17; Emanuel - 27; Gennie - 13; Merrill - 19; Madlyn - 3; Blake - 21; Nickole - 7; Devin - 4; Dimple - 32; Monica - 40; Latasha - 48; Jorge - 7; Kerry - 36; Collette - 47; Hai - 3; Eduardo - 11; Venus - 31; Bobbi - 30.
masa2: Vicente - 16; Ramiro - 36; Aldo - 36; Joanie - 50; Matilda - 13; Devon - 23; Inez - 2; Micaela - 42; Twila - 29; Avery - 50.
masa3: Keith - 22; Modesto - 46; Mac - 29; Paige - 18; Kelly - 25; Myles - 13; Lizeth - 4; Parker - 5; Ollie - 9; Gus - 3; Nicholle - 23; Alane - 28; Jung - 27; Kara - 4; Walker - 19; Hubert - 43.
masa4: Rosa - 41; Tonda - 26; Cyndi - 49; Karl - 40.
masa5: Carrol - 21; Vannesa - 16; Fausto - 25; Bruce - 37; John - 51; Gregory - 14.
masa6: Gabriele - 21; Oneida - 24; Gertrudis - 19; Rhea - 14.
masa7: Jeni - 36; Elayne - 13; Jackie - 30; Warren - 19; Hung - 17; Sharyl - 40; Shelley - 16; Gwendolyn - 31; Adriana - 28; Alpha - 40.
masa8: Percy - 27; Charley - 39; Roxana - 35; Michel - 14.
masa9: Chi - 33; Tuyet - 14; Drusilla - 5; Efrain - 23; Daysi - 5; Vince - 10; Brigette - 38; Herb - 5; Randall - 49; Ashli - 28.
masa10: Serafina - 29; Katie - 42; Millie - 39; Ashley - 47; Camellia - 46; Sherlene - 25; Kandis - 47.
masa11: Efren - 12.
masa12: Tarra - 11; Ebonie - 26; Reanna - 21; Gidget - 26; Walton - 17; Alexis - 42; Darren - 32; Sharla - 17; Corie - 50.
masa13: Antwan - 42; Dean - 3; Arleen - 19; Corrin - 44; Flo - 30; Clifton - 6; Caryn - 26.
masa14: Abe - 28; Filiberto - 42; Candance - 40; Horacio - 42.
masa15: Farrah - 31; Chang - 51; Philip - 22; Cristal - 32; Kourtney - 50; Preston - 24; Ronald - 15.
masa17: Donnell - 47; Bertram - 16; Abram - 21; Coreen - 33; Nery - 42; Kiley - 40; Gerard - 24; Ignacio - 44.
masa19: Buena - 25; Augustus - 50; Shin - 23; Callie - 41; Trudie - 26; Lindsay - 26; Marti - 16; Jewel - 27; Magali - 44.
masa20: Thaddeus - 30; Ciera - 34; Sage - 11; Rhoda - 43; Maple - 18; Geri - 8; Zachery - 4; Takako - 43.
masa21: Chan - 20; Kellie - 39; Riley - 1; Christeen - 49.
masa22: Pauline - 48; Delila - 21; Marin - 27; Jere - 23; Kip - 20.
masa23: Mario - 29; Sydney - 51; Luis - 45; Reita - 30; Reyes - 40; Genevive - 10; Wiley - 11; Teisha - 43; Chantay - 42; Karla - 10.
masa24: Zachary - 43; Claudio - 29; Rosaria - 37; Dessie - 41; Caroline - 20; Domenic - 21; Jon - 29; Agatha - 40; Kurtis - 29; Jani - 21.
masa25: Barney - 7; Ulysses - 35; Willy - 34; Dia - 50; Melvin - 34.
masa26: Seth - 5; Clement - 25; Leta - 12.
masa27: Dorothy - 3; Pearlene - 39; Margery - 34; Granville - 19; Charmaine - 30; Leilani - 29; Man - 17; Kamilah - 11; Juliane - 17; Otto - 43.
masa29: Ken - 26; Georgie - 4; Melodi - 23; Keven - 35; Lizzie - 43; Madelaine - 35; Alesia - 28; Thomas - 34; Arline - 23.
masa30: Emery - 13; Vicky - 35; Natacha - 20; Jordon - 38; Jason - 31; Danette - 7; Josue - 33; Echo - 16; Gretta - 40; Nathalie - 48.
masa31: Evelia - 20; Anne - 8; Shannon - 33; Mary - 11; Sherri - 36; Katelin - 17; Jeffry - 22; Joey - 42; Amina - 11.
masa32: Rita - 20; Randal - 6; Lashonda - 45; Rodolfo - 44; Lavona - 16; Arie - 33; Malia - 22; Lawanda - 47; Malka - 34.
masa33: Maryanne - 7; Joshua - 10.
masa34: Mirna - 38; Rosario - 42.
masa35: Loretta - 42; Gia - 46; Paulina - 45; Tomas - 18; Houston - 36; Hal - 12.
masa36: Jared - 4; Mechelle - 22.
masa37: Judy - 11; Nelly - 41; Merlene - 16; Aiko - 15; Nicki - 5; Dannie - 43; Hanh - 16; Johnathan - 27; Nedra - 27.
masa38: Homer - 6; Kraig - 27; Dione - 18; Sang - 47; Tomeka - 36; Ela - 23; Nadia - 27; Hosea - 18; Raisa - 49.
masa39: Ellsworth - 41; Arnulfo - 4; Alverta - 14; Elden - 19; Vicki - 18.
masa40: Corey - 15; Corliss - 26; Bobbie - 39; Matthew - 33.
masa41: Tamala - 19; Emile - 7; Milan - 38.
masa42: Wilhelmina - 32; Mikel - 12; Harriette - 49; Violet - 21; Alfonzo - 25; Thurman - 22; Jesus - 33; Tonita - 31; Mack - 8.
masa43: Helena - 17; Aimee - 36; Clare - 24; Jacklyn - 40.
masa44: Christy - 50; Lourie - 32; Lawerence - 23; Garrett - 9; Jarrett - 22; Brigitte - 21; Mika - 21.
masa45: Nydia - 26; Maris - 38.
masa47: Russel - 7; Eneida - 43; Edda - 26; Coleman - 51; Annalisa - 45; Melynda - 35; Hiram - 29; Berry - 46; Shawn - 46; Myrtle - 46.
masa48: Hans - 37.
Masa masa54 nu exista!
Masa masa49 nu exista!
Clasament masa8:
Charley 39
Roxana 35
Percy 27
Michel 14
Clasament masa22:
Pauline 48
Marin 27
Jere 23
Delila 21
Kip 20
Masa masa46 nu exista!
Masa masa28 nu exista!
masa0: Millard - 29; Theodora - 41; Toya - 51; Howard - 11; Stasia - 9; Joannie - 15; King - 44; Maile - 33; Bradley - 4; Janett - 20; Val - 11; Johnny - 15; Vernice - 12.
masa1: Weldon - 9; Sammie - 17; Emanuel - 27; Gennie - 13; Merrill - 19; Madlyn - 3; Blake - 21; Nickole - 7; Devin - 4; Dimple - 32; Monica - 40; Latasha - 48; Jorge - 7; Kerry - 36; Collette - 47; Hai - 3; Eduardo - 11; Venus - 31; Bobbi - 30.
masa2: Vicente - 16; Ramiro - 36; Aldo - 36; Joanie - 50; Matilda - 13; Devon - 23; Inez - 2; Micaela - 42; Twila - 29; Avery - 50.
masa3: Keith - 22; Modesto - 46; Mac - 29; Paige - 18; Kelly - 25; Myles - 13; Lizeth - 4; Parker - 5; Ollie - 9; Gus - 3; Nicholle - 23; Alane - 28; Jung - 27; Kara - 4; Walker - 19; Hubert - 43.
masa4: Rosa - 41; Tonda - 26; Cyndi - 49; Karl - 40.
masa5: Carrol - 21; Vannesa - 16; Fausto - 25; Bruce - 37; John - 51; Gregory - 14; Christy - 50; Lourie - 32; Lawerence - 23; Garrett - 9.
masa6: Gabriele - 21; Oneida - 24; Gertrudis - 19; Rhea - 14; Jarrett - 22; Brigitte - 21; Mika - 21.
masa7: Jeni - 36; Elayne - 13; Jackie - 30; Warren - 19; Hung - 17; Sharyl - 40; Shelley - 16; Gwendolyn - 31; Adriana - 28; Alpha - 40.
masa8: Percy - 27; Charley - 39; Roxana - 35; Michel - 14.
masa9: Tuyet - 13; Drusilla - 4; Efrain - 22; Daysi - 4; Vince - 9; Brigette - 37; Herb - 4; Randall - 48; Ashli - 27; Chi - 32.
masa10: Serafina - 29; Katie - 42; Millie - 39; Ashley - 47; Camellia - 46; Sherlene - 25; Kandis - 47.
masa11: Efren - 12.
masa12: Tarra - 11; Ebonie - 26; Reanna - 21; Gidget - 26; Walton - 17; Alexis - 42; Darren - 32; Sharla - 17; Corie - 50.
masa13: Antwan - 42; Dean - 3; Arleen - 19; Corrin - 44; Flo - 30; Clifton - 6; Caryn - 26.
masa14: Abe - 28; Filiberto - 42; Candance - 40; Horacio - 42.
masa15: Farrah - 31; Chang - 51; Philip - 22; Cristal - 32; Kourtney - 50; Preston - 24; Ronald - 15.
masa17: Donnell - 47; Bertram - 16; Abram - 21; Coreen - 33; Nery - 42; Kiley - 40; Gerard - 24; Ignacio - 44.
masa19: Buena - 25; Augustus - 50; Shin - 23; Callie - 41; Trudie - 26; Lindsay - 26; Marti - 16; Jewel - 27; Magali - 44.
masa20: Thaddeus - 30; Ciera - 34; Sage - 11; Rhoda - 43; Maple - 18; Geri - 8; Zachery - 4; Takako - 43.
masa21: Chan - 20; Kellie - 39; Riley - 1; Christeen - 49.
masa22: Pauline - 48; Delila - 21; Marin - 27; Jere - 23; Kip - 20.
masa23: Mario - 29; Sydney - 51; Luis - 45; Reita - 30; Reyes - 40; Genevive - 10; Wiley - 11; Teisha - 43; Chantay - 42; Karla - 10.
masa24: Zachary - 43; Claudio - 29; Rosaria - 37; Dessie - 41; Caroline - 20; Domenic - 21; Jon - 29; Agatha - 40; Kurtis - 29; Jani - 21.
masa25: Barney - 7; Ulysses - 35; Willy - 34; Dia - 50; Melvin - 34.
masa26: Seth - 5; Clement - 25; Leta - 12.
masa27: Dorothy - 3; Pearlene - 39; Margery - 34; Granville - 19; Charmaine - 30; Leilani - 29; Man - 17; Kamilah - 11; Juliane - 17; Otto - 43.
masa29: Ken - 26; Georgie - 4; Melodi - 23; Keven - 35; Lizzie - 43; Madelaine - 35; Alesia - 28; Thomas - 34; Arline - 23.
masa30: Emery - 13; Vicky - 35; Natacha - 20; Jordon - 38; Jason - 31; Danette - 7; Josue - 33; Echo - 16; Gretta - 40; Nathalie - 48.
masa31: Evelia - 20; Anne - 8; Shannon - 33; Mary - 11; Sherri - 36; Katelin - 17; Jeffry - 22; Joey - 42; Amina - 11.
masa32: Rita - 20; Randal - 6; Lashonda - 45; Rodolfo - 44; Lavona - 16; Arie - 33; Malia - 22; Lawanda - 47; Malka - 34.
masa33: Maryanne - 7; Joshua - 10.
masa34: Mirna - 38; Rosario - 42.
masa35: Loretta - 42; Gia - 46; Paulina - 45; Tomas - 18; Houston - 36; Hal - 12.
masa36: Jared - 4; Mechelle - 22.
masa37: Judy - 11; Nelly - 41; Merlene - 16; Aiko - 15; Nicki - 5; Dannie - 43; Hanh - 16; Johnathan - 27; Nedra - 27.
masa38: Kraig - 26; Dione - 17; Sang - 46; Tomeka - 35; Ela - 22; Nadia - 26; Hosea - 17; Raisa - 48; Homer - 5.
masa39: Ellsworth - 41; Arnulfo - 4; Alverta - 14; Elden - 19; Vicki - 18.
masa40: Corey - 15; Corliss - 26; Bobbie - 39; Matthew - 33.
masa41: Tamala - 19; Emile - 7; Milan - 38.
masa42: Wilhelmina - 32; Mikel - 12; Harriette - 49; Violet - 21; Alfonzo - 25; Thurman - 22; Jesus - 33; Tonita - 31; Mack - 8.
masa43: Helena - 17; Aimee - 36; Clare - 24; Jacklyn - 40.
masa45: Nydia - 26; Maris - 38.
masa47: Russel - 7; Eneida - 43; Edda - 26; Coleman - 51; Annalisa - 45; Melynda - 35; Hiram - 29; Berry - 46; Shawn - 46; Myrtle - 46.
masa48: Hans - 36.
Masa masa54 nu exista!
Masa masa61 nu exista!
Masa masa54 nu exista!
Clasament masa20:
Takako 43
Rhoda 43
Ciera 34
Thaddeus 30
Maple 18
Sage 11
Geri 8
Zachery 4
Masa masa56 nu exista!
Masa masa59 nu exista!
masa0: Millard - 29; Theodora - 41; Toya - 51; Howard - 11; Stasia - 9; Joannie - 15; King - 44; Maile - 33; Bradley - 4; Janett - 20; Val - 11; Johnny - 15; Vernice - 12.
masa1: Weldon - 9; Sammie - 17; Emanuel - 27; Gennie - 13; Merrill - 19; Madlyn - 3; Blake - 21; Nickole - 7; Devin - 4; Dimple - 32; Monica - 40; Latasha - 48; Jorge - 7; Kerry - 36; Collette - 47; Hai - 3; Eduardo - 11; Venus - 31; Bobbi - 30.
masa2: Vicente - 16; Ramiro - 36; Aldo - 36; Joanie - 50; Matilda - 13; Devon - 23; Inez - 2; Micaela - 42; Twila - 29; Avery - 50.
masa3: Keith - 22; Modesto - 46; Mac - 29; Paige - 18; Kelly - 25; Myles - 13; Lizeth - 4; Parker - 5; Ollie - 9; Gus - 3; Nicholle - 23; Alane - 28; Jung - 27; Kara - 4; Walker - 19; Hubert - 43.
masa4: Rosa - 41; Tonda - 26; Cyndi - 49; Karl - 40.
masa5: Carrol - 21; Vannesa - 16; Fausto - 25; Bruce - 37; John - 51; Gregory - 14; Christy - 50; Lourie - 32; Lawerence - 23; Garrett - 9.
masa6: Gabriele - 21; Oneida - 24; Gertrudis - 19; Rhea - 14; Jarrett - 22; Brigitte - 21; Mika - 21; Donnell - 47; Bertram - 16; Abram - 21.
masa7: Jeni - 36; Elayne - 13; Jackie - 30; Warren - 19; Hung - 17; Sharyl - 40; Shelley - 16; Gwendolyn - 31; Adriana - 28; Alpha - 40; Coreen - 33; Nery - 42; Kiley - 40; Gerard - 24; Ignacio - 44.
masa8: Percy - 27; Charley - 39; Roxana - 35; Michel - 14.
masa9: Tuyet - 13; Drusilla - 4; Efrain - 22; Daysi - 4; Vince - 9; Brigette - 37; Herb - 4; Randall - 48; Ashli - 27; Chi - 32.
masa10: Serafina - 29; Katie - 42; Millie - 39; Ashley - 47; Camellia - 46; Sherlene - 25; Kandis - 47.
masa11: Efren - 12.
masa12: Ebonie - 25; Reanna - 20; Gidget - 25; Walton - 16; Alexis - 41; Darren - 31; Sharla - 16; Corie - 49; Tarra - 10.
masa13: Antwan - 42; Dean - 3; Arleen - 19; Corrin - 44; Flo - 30; Clifton - 6; Caryn - 26.
masa14: Abe - 28; Filiberto - 42; Candance - 40; Horacio - 42.
masa15: Farrah - 31; Chang - 51; Philip - 22; Cristal - 32; Kourtney - 50; Preston - 24; Ronald - 15.
masa19: Buena - 25; Augustus - 50; Shin - 23; Callie - 41; Trudie - 26; Lindsay - 26; Marti - 16; Jewel - 27; Magali - 44.
masa20: Thaddeus - 30; Ciera - 34; Sage - 11; Rhoda - 43; Maple - 18; Geri - 8; Zachery - 4; Takako - 43.
masa21: Chan - 20; Kellie - 39; Riley - 1; Christeen - 49.
masa22: Pauline - 48; Delila - 21; Marin - 27; Jere - 23; Kip - 20.
masa23: Mario - 29; Sydney - 51; Luis - 45; Reita - 30; Reyes - 40; Genevive - 10; Wiley - 11; Teisha - 43; Chantay - 42; Karla - 10.
masa24: Zachary - 43; Claudio - 29; Rosaria - 37; Dessie - 41; Caroline - 20; Domenic - 21; Jon - 29; Agatha - 40; Kurtis - 29; Jani - 21.
masa25: Barney - 7; Ulysses - 35; Willy - 34; Dia - 50; Melvin - 34.
masa26: Seth - 5; Clement - 25; Leta - 12.
masa27: Dorothy - 3; Pearlene - 39; Margery - 34; Granville - 19; Charmaine - 30; Leilani - 29; Man - 17; Kamilah - 11; Juliane - 17; Otto - 43.
masa29: Ken - 26; Georgie - 4; Melodi - 23; Keven - 35; Lizzie - 43; Madelaine - 35; Alesia - 28; Thomas - 34; Arline - 23.
masa30: Emery - 13; Vicky - 35; Natacha - 20; Jordon - 38; Jason - 31; Danette - 7; Josue - 33; Echo - 16; Gretta - 40; Nathalie - 48.
masa31: Evelia - 20; Anne - 8; Shannon - 33; Mary - 11; Sherri - 36; Katelin - 17; Jeffry - 22; Joey - 42; Amina - 11.
masa32: Randal - 5; Lashonda - 44; Rodolfo - 43; Lavona - 15; Arie - 32; Malia - 21; Lawanda - 46; Malka - 33; Rita - 19.
masa33: Maryanne - 7; Joshua - 10.
masa34: Mirna - 38; Rosario - 42.
masa35: Loretta - 42; Gia - 46; Paulina - 45; Tomas - 18; Houston - 36; Hal - 12.
masa36: Jared - 4; Mechelle - 22.
masa37: Judy - 11; Nelly - 41; Merlene - 16; Aiko - 15; Nicki - 5; Dannie - 43; Hanh - 16; Johnathan - 27; Nedra - 27.
masa38: Kraig - 26; Dione - 17; Sang - 46; Tomeka - 35; Ela - 22; Nadia - 26; Hosea - 17; Raisa - 48; Homer - 5.
masa39: Ellsworth - 41; Arnulfo - 4; Alverta - 14; Elden - 19; Vicki - 18.
masa40: Corey - 15; Corliss - 26; Bobbie - 39; Matthew - 33.
masa41: Tamala - 19; Emile - 7; Milan - 38.
masa42: Wilhelmina - 32; Mikel - 12; Harriette - 49; Violet - 21; Alfonzo - 25; Thurman - 22; Jesus - 33; Tonita - 31; Mack - 8.
masa43: Helena - 17; Aimee - 36; Clare - 24; Jacklyn - 40.
masa45: Nydia - 26; Maris - 38.
masa47: Russel - 7; Eneida - 43; Edda - 26; Coleman - 51; Annalisa - 45; Melynda - 35; Hiram - 29; Berry - 46; Shawn - 46; Myrtle - 46.
masa48: Hans - 36.
