masa0: Tamala - 35; Emery - 10; Bill - 7; Joi - 47.
masa1: Flo - 9; Rufus - 21; Nery - 37; Donte - 19.
masa2: Edmundo - 46; Trinity - 51; Lucien - 23; Vicky - 7; Modesto - 8; Meghan - 34; Nicholle - 48.
masa3: Violet - 21; Bertram - 34; Preston - 47; Judy - 24; Parker - 17.
masa4: Kiley - 45; Sherly - 33; Mariann - 29; Mai - 40.
masa0: Tamala - 35; Emery - 10; Bill - 7; Joi - 47.
masa1: Flo - 9; Rufus - 21; Nery - 37; Donte - 19.
masa2: Edmundo - 46; Trinity - 56; Lucien - 23; Vicky - 7; Modesto - 8; Meghan - 34; Nicholle - 48.
masa3: Violet - 21; Bertram - 34; Preston - 47; Judy - 24; Parker - 17.
masa4: Kiley - 45; Sherly - 33; Mariann - 29; Mai - 40.
masa0: Tamala - 35; Emery - 10; Bill - 7; Joi - 47.
masa1: Flo - 9; Rufus - 21; Nery - 37; Donte - 19.
masa2: Edmundo - 46; Trinity - 56; Lucien - 23; Vicky - 7; Modesto - 8; Meghan - 34; Nicholle - 48.
masa3: Violet - 21; Bertram - 34; Preston - 49; Judy - 24; Parker - 17.
masa4: Kiley - 45; Sherly - 33; Mariann - 29; Mai - 40.
masa0: Tamala - 35; Emery - 19; Bill - 7; Joi - 47.
masa1: Flo - 9; Rufus - 21; Nery - 37; Donte - 19.
masa2: Edmundo - 46; Trinity - 56; Lucien - 23; Vicky - 7; Modesto - 8; Meghan - 34; Nicholle - 48.
masa3: Violet - 21; Bertram - 34; Preston - 49; Judy - 24; Parker - 17.
masa4: Kiley - 45; Sherly - 33; Mariann - 29; Mai - 40.
