masa0: Delena - 8; Fernanda - 38; Angel - 48; Devon - 24; Filiberto - 43; Troy - 3; Jackie - 9; Brett - 47; Kamilah - 20.
masa1: Millard - 13; Evelia - 31; Lawrence - 5; Dallas - 24; Reita - 24; Emmaline - 38; Stuart - 48; Meghan - 4.
masa2: Lanora - 14; Les - 19; Jacklyn - 41; Reinaldo - 12; Echo - 39; Santo - 33; Lakesha - 42; Lakiesha - 40; Kemberly - 29.
masa3: Tarra - 13; Cythia - 18; Buster - 16; Ramiro - 18; Cammie - 5; Sandra - 11.
masa4: Callie - 13; Edmund - 8; Elizebeth - 46; Randall - 21.
masa5: Leslie - 6; Jere - 3; Tamar - 46; Asa - 12; Granville - 5; Josiah - 3; Man - 49; Jeanett - 30; Andy - 32.
masa6: Melynda - 9; Rita - 28; Cuc - 26; Cristal - 12; Hai - 22; Antwan - 18.
masa7: Kaylene - 15; Pat - 46; Harold - 43; Merna - 39; Genevive - 40; Cecile - 44; Carmina - 13; Sammie - 9.
masa8: Farrah - 3; Derrick - 51; Gracie - 31; Russel - 8; Penni - 33; Carrol - 44; Nicol - 18; Misha - 42; Danial - 17.
masa9: Howard - 35; Burt - 8; Natacha - 51; Flo - 13; Elane - 49.
Clasament masa0:
Angel 48
Brett 47
Filiberto 43
Fernanda 38
Devon 24
Kamilah 20
Jackie 9
Delena 8
Troy 3
Clasament masa5:
Man 49
Tamar 46
Andy 32
Jeanett 30
Asa 12
Leslie 6
Granville 5
Josiah 3
Jere 3
Clasament masa8:
Derrick 51
Carrol 44
Misha 42
Penni 33
Gracie 31
Nicol 18
Danial 17
Russel 8
Farrah 3
