0
-93000
Invalid expression
Invalid expression
2527584
-140
Invalid expression
Invalid expression
Invalid expression
Invalid expression
1
-736
Invalid expression
-7680
Invalid expression
Invalid expression
40
Invalid expression
Invalid expression
Invalid expression
Invalid expression
Invalid expression
-53
0
-6
Invalid expression
0
Invalid expression
-81
Invalid expression
-4
Invalid expression
Invalid expression
0
Invalid expression
0
Invalid expression
Invalid expression
0
Invalid expression
-645
Invalid expression
-570
Invalid expression
