A_yellow: 2
B_yellow:
C_yellow:
A_yellow: 2
B_yellow:
C_yellow:
A_yellow: 2
B_yellow:
C_yellow:
A_yellow: 5 3 2
B_yellow:
C_yellow:
A_green: 4 3 1
B_green:
C_green:
A_red: 2 1
B_red:
C_red:
A_red: 2 1
B_red:
C_red:
A_yellow: 5 4 3 2 1
B_yellow:
C_yellow:
A_orange: 7 6 5 4 3 2 1
B_orange:
C_orange:
A_blue: 6 5 4 3 2 1
B_blue:
C_blue:
A_blue: 6 5 4 3 2 1
B_blue:
C_blue:
A_blue: 6 5 4 3 2 1
B_blue:
C_blue:
A_orange: 7 6 5 4 3 2 1
B_orange:
C_orange:
A_orange: 7 6 5 4 3 2 1
B_orange:
C_orange:
A_blue: 6 5 4 3 2 1
B_blue:
C_blue:
A_blue: 6 5 4 3 2 1
B_blue:
C_blue:
